
> figure-collector-frontend@1.1.0 test
> react-scripts test --coverage --watchAll=false --verbose --detectOpenHandles --no-coverage --passWithNoTests

  console.error
    Warning: React.jsx: type is invalid -- expected a string (for built-in components) or a class/function (for composite components) but got: undefined. You likely forgot to export your component from the file it's defined in, or you might have mixed up default and named imports.
    
    Check your code at AddFigure.tsx:60.
        at AddFigure (/home/rgoldberg/projects/figure-collector-services/figure-collector-frontend/src/pages/AddFigure.tsx:85:31)
        at Router (/home/rgoldberg/projects/figure-collector-services/figure-collector-frontend/node_modules/react-router/lib/components.tsx:421:13)
        at MemoryRouter (/home/rgoldberg/projects/figure-collector-services/figure-collector-frontend/node_modules/react-router/lib/components.tsx:225:3)
        at div
        at ChakraProvider (/home/rgoldberg/projects/figure-collector-services/figure-collector-frontend/src/setupTests.ts:441:24)
        at div
        at MockQueryClientProvider (/home/rgoldberg/projects/figure-collector-services/figure-collector-frontend/src/test-utils.tsx:11:36)
        at AllProviders (/home/rgoldberg/projects/figure-collector-services/figure-collector-frontend/src/test-utils.tsx:40:25)
        at wrapper

      58 |       <Breadcrumb spacing="8px" separator={<ChevronRightIcon color="gray.500" />} mb={5}>
      59 |         <BreadcrumbItem>
    > 60 |           <BreadcrumbLink as={RouterLink} to="/">Dashboard</BreadcrumbLink>
         |           ^
      61 |         </BreadcrumbItem>
      62 |         <BreadcrumbItem>
      63 |           <BreadcrumbLink as={RouterLink} to="/figures">Figures</BreadcrumbLink>

      at printWarning (node_modules/react/cjs/react-jsx-dev-runtime.development.js:87:30)
      at error (node_modules/react/cjs/react-jsx-dev-runtime.development.js:61:7)
      at jsxWithValidation (node_modules/react/cjs/react-jsx-dev-runtime.development.js:1245:7)
      at AddFigure (src/pages/AddFigure.tsx:60:11)
      at renderWithHooks (node_modules/react-dom/cjs/react-dom.development.js:15486:18)
      at mountIndeterminateComponent (node_modules/react-dom/cjs/react-dom.development.js:20103:13)
      at beginWork (node_modules/react-dom/cjs/react-dom.development.js:21626:16)
      at beginWork$1 (node_modules/react-dom/cjs/react-dom.development.js:27465:14)
      at performUnitOfWork (node_modules/react-dom/cjs/react-dom.development.js:26599:12)
      at workLoopSync (node_modules/react-dom/cjs/react-dom.development.js:26505:5)
      at renderRootSync (node_modules/react-dom/cjs/react-dom.development.js:26473:7)
      at performConcurrentWorkOnRoot (node_modules/react-dom/cjs/react-dom.development.js:25777:74)
      at flushActQueue (node_modules/react/cjs/react.development.js:2667:24)
      at act (node_modules/react/cjs/react.development.js:2582:11)
      at node_modules/@testing-library/react/dist/act-compat.js:47:25
      at renderRoot (node_modules/@testing-library/react/dist/pure.js:190:26)
      at render (node_modules/@testing-library/react/dist/pure.js:292:10)
      at customRender (src/test-utils.tsx:79:12)
      at Object.<anonymous> (src/__tests__/integration/figure-operations.integration.test.tsx:46:11)

  console.error
    Warning: React.jsx: type is invalid -- expected a string (for built-in components) or a class/function (for composite components) but got: undefined. You likely forgot to export your component from the file it's defined in, or you might have mixed up default and named imports.
    
    Check your code at AddFigure.tsx:59.
        at AddFigure (/home/rgoldberg/projects/figure-collector-services/figure-collector-frontend/src/pages/AddFigure.tsx:85:31)
        at Router (/home/rgoldberg/projects/figure-collector-services/figure-collector-frontend/node_modules/react-router/lib/components.tsx:421:13)
        at MemoryRouter (/home/rgoldberg/projects/figure-collector-services/figure-collector-frontend/node_modules/react-router/lib/components.tsx:225:3)
        at div
        at ChakraProvider (/home/rgoldberg/projects/figure-collector-services/figure-collector-frontend/src/setupTests.ts:441:24)
        at div
        at MockQueryClientProvider (/home/rgoldberg/projects/figure-collector-services/figure-collector-frontend/src/test-utils.tsx:11:36)
        at AllProviders (/home/rgoldberg/projects/figure-collector-services/figure-collector-frontend/src/test-utils.tsx:40:25)
        at wrapper

      57 |     <Box>
      58 |       <Breadcrumb spacing="8px" separator={<ChevronRightIcon color="gray.500" />} mb={5}>
    > 59 |         <BreadcrumbItem>
         |         ^
      60 |           <BreadcrumbLink as={RouterLink} to="/">Dashboard</BreadcrumbLink>
      61 |         </BreadcrumbItem>
      62 |         <BreadcrumbItem>

      at printWarning (node_modules/react/cjs/react-jsx-dev-runtime.development.js:87:30)
      at error (node_modules/react/cjs/react-jsx-dev-runtime.development.js:61:7)
      at jsxWithValidation (node_modules/react/cjs/react-jsx-dev-runtime.development.js:1245:7)
      at AddFigure (src/pages/AddFigure.tsx:59:9)
      at renderWithHooks (node_modules/react-dom/cjs/react-dom.development.js:15486:18)
      at mountIndeterminateComponent (node_modules/react-dom/cjs/react-dom.development.js:20103:13)
      at beginWork (node_modules/react-dom/cjs/react-dom.development.js:21626:16)
      at beginWork$1 (node_modules/react-dom/cjs/react-dom.development.js:27465:14)
      at performUnitOfWork (node_modules/react-dom/cjs/react-dom.development.js:26599:12)
      at workLoopSync (node_modules/react-dom/cjs/react-dom.development.js:26505:5)
      at renderRootSync (node_modules/react-dom/cjs/react-dom.development.js:26473:7)
      at performConcurrentWorkOnRoot (node_modules/react-dom/cjs/react-dom.development.js:25777:74)
      at flushActQueue (node_modules/react/cjs/react.development.js:2667:24)
      at act (node_modules/react/cjs/react.development.js:2582:11)
      at node_modules/@testing-library/react/dist/act-compat.js:47:25
      at renderRoot (node_modules/@testing-library/react/dist/pure.js:190:26)
      at render (node_modules/@testing-library/react/dist/pure.js:292:10)
      at customRender (src/test-utils.tsx:79:12)
      at Object.<anonymous> (src/__tests__/integration/figure-operations.integration.test.tsx:46:11)

  console.error
    Warning: React.jsx: type is invalid -- expected a string (for built-in components) or a class/function (for composite components) but got: undefined. You likely forgot to export your component from the file it's defined in, or you might have mixed up default and named imports.
    
    Check your code at AddFigure.tsx:63.
        at AddFigure (/home/rgoldberg/projects/figure-collector-services/figure-collector-frontend/src/pages/AddFigure.tsx:85:31)
        at Router (/home/rgoldberg/projects/figure-collector-services/figure-collector-frontend/node_modules/react-router/lib/components.tsx:421:13)
        at MemoryRouter (/home/rgoldberg/projects/figure-collector-services/figure-collector-frontend/node_modules/react-router/lib/components.tsx:225:3)
        at div
        at ChakraProvider (/home/rgoldberg/projects/figure-collector-services/figure-collector-frontend/src/setupTests.ts:441:24)
        at div
        at MockQueryClientProvider (/home/rgoldberg/projects/figure-collector-services/figure-collector-frontend/src/test-utils.tsx:11:36)
        at AllProviders (/home/rgoldberg/projects/figure-collector-services/figure-collector-frontend/src/test-utils.tsx:40:25)
        at wrapper

      61 |         </BreadcrumbItem>
      62 |         <BreadcrumbItem>
    > 63 |           <BreadcrumbLink as={RouterLink} to="/figures">Figures</BreadcrumbLink>
         |           ^
      64 |         </BreadcrumbItem>
      65 |         <BreadcrumbItem isCurrentPage>
      66 |           <BreadcrumbLink>Add New Figure</BreadcrumbLink>

      at printWarning (node_modules/react/cjs/react-jsx-dev-runtime.development.js:87:30)
      at error (node_modules/react/cjs/react-jsx-dev-runtime.development.js:61:7)
      at jsxWithValidation (node_modules/react/cjs/react-jsx-dev-runtime.development.js:1245:7)
      at AddFigure (src/pages/AddFigure.tsx:63:11)
      at renderWithHooks (node_modules/react-dom/cjs/react-dom.development.js:15486:18)
      at mountIndeterminateComponent (node_modules/react-dom/cjs/react-dom.development.js:20103:13)
      at beginWork (node_modules/react-dom/cjs/react-dom.development.js:21626:16)
      at beginWork$1 (node_modules/react-dom/cjs/react-dom.development.js:27465:14)
      at performUnitOfWork (node_modules/react-dom/cjs/react-dom.development.js:26599:12)
      at workLoopSync (node_modules/react-dom/cjs/react-dom.development.js:26505:5)
      at renderRootSync (node_modules/react-dom/cjs/react-dom.development.js:26473:7)
      at performConcurrentWorkOnRoot (node_modules/react-dom/cjs/react-dom.development.js:25777:74)
      at flushActQueue (node_modules/react/cjs/react.development.js:2667:24)
      at act (node_modules/react/cjs/react.development.js:2582:11)
      at node_modules/@testing-library/react/dist/act-compat.js:47:25
      at renderRoot (node_modules/@testing-library/react/dist/pure.js:190:26)
      at render (node_modules/@testing-library/react/dist/pure.js:292:10)
      at customRender (src/test-utils.tsx:79:12)
      at Object.<anonymous> (src/__tests__/integration/figure-operations.integration.test.tsx:46:11)

  console.error
    Warning: React.jsx: type is invalid -- expected a string (for built-in components) or a class/function (for composite components) but got: undefined. You likely forgot to export your component from the file it's defined in, or you might have mixed up default and named imports.
    
    Check your code at AddFigure.tsx:62.
        at AddFigure (/home/rgoldberg/projects/figure-collector-services/figure-collector-frontend/src/pages/AddFigure.tsx:85:31)
        at Router (/home/rgoldberg/projects/figure-collector-services/figure-collector-frontend/node_modules/react-router/lib/components.tsx:421:13)
        at MemoryRouter (/home/rgoldberg/projects/figure-collector-services/figure-collector-frontend/node_modules/react-router/lib/components.tsx:225:3)
        at div
        at ChakraProvider (/home/rgoldberg/projects/figure-collector-services/figure-collector-frontend/src/setupTests.ts:441:24)
        at div
        at MockQueryClientProvider (/home/rgoldberg/projects/figure-collector-services/figure-collector-frontend/src/test-utils.tsx:11:36)
        at AllProviders (/home/rgoldberg/projects/figure-collector-services/figure-collector-frontend/src/test-utils.tsx:40:25)
        at wrapper

      60 |           <BreadcrumbLink as={RouterLink} to="/">Dashboard</BreadcrumbLink>
      61 |         </BreadcrumbItem>
    > 62 |         <BreadcrumbItem>
         |         ^
      63 |           <BreadcrumbLink as={RouterLink} to="/figures">Figures</BreadcrumbLink>
      64 |         </BreadcrumbItem>
      65 |         <BreadcrumbItem isCurrentPage>

      at printWarning (node_modules/react/cjs/react-jsx-dev-runtime.development.js:87:30)
      at error (node_modules/react/cjs/react-jsx-dev-runtime.development.js:61:7)
      at jsxWithValidation (node_modules/react/cjs/react-jsx-dev-runtime.development.js:1245:7)
      at AddFigure (src/pages/AddFigure.tsx:62:9)
      at renderWithHooks (node_modules/react-dom/cjs/react-dom.development.js:15486:18)
      at mountIndeterminateComponent (node_modules/react-dom/cjs/react-dom.development.js:20103:13)
      at beginWork (node_modules/react-dom/cjs/react-dom.development.js:21626:16)
      at beginWork$1 (node_modules/react-dom/cjs/react-dom.development.js:27465:14)
      at performUnitOfWork (node_modules/react-dom/cjs/react-dom.development.js:26599:12)
      at workLoopSync (node_modules/react-dom/cjs/react-dom.development.js:26505:5)
      at renderRootSync (node_modules/react-dom/cjs/react-dom.development.js:26473:7)
      at performConcurrentWorkOnRoot (node_modules/react-dom/cjs/react-dom.development.js:25777:74)
      at flushActQueue (node_modules/react/cjs/react.development.js:2667:24)
      at act (node_modules/react/cjs/react.development.js:2582:11)
      at node_modules/@testing-library/react/dist/act-compat.js:47:25
      at renderRoot (node_modules/@testing-library/react/dist/pure.js:190:26)
      at render (node_modules/@testing-library/react/dist/pure.js:292:10)
      at customRender (src/test-utils.tsx:79:12)
      at Object.<anonymous> (src/__tests__/integration/figure-operations.integration.test.tsx:46:11)

  console.error
    Warning: React.jsx: type is invalid -- expected a string (for built-in components) or a class/function (for composite components) but got: undefined. You likely forgot to export your component from the file it's defined in, or you might have mixed up default and named imports.
    
    Check your code at AddFigure.tsx:66.
        at AddFigure (/home/rgoldberg/projects/figure-collector-services/figure-collector-frontend/src/pages/AddFigure.tsx:85:31)
        at Router (/home/rgoldberg/projects/figure-collector-services/figure-collector-frontend/node_modules/react-router/lib/components.tsx:421:13)
        at MemoryRouter (/home/rgoldberg/projects/figure-collector-services/figure-collector-frontend/node_modules/react-router/lib/components.tsx:225:3)
        at div
        at ChakraProvider (/home/rgoldberg/projects/figure-collector-services/figure-collector-frontend/src/setupTests.ts:441:24)
        at div
        at MockQueryClientProvider (/home/rgoldberg/projects/figure-collector-services/figure-collector-frontend/src/test-utils.tsx:11:36)
        at AllProviders (/home/rgoldberg/projects/figure-collector-services/figure-collector-frontend/src/test-utils.tsx:40:25)
        at wrapper

      64 |         </BreadcrumbItem>
      65 |         <BreadcrumbItem isCurrentPage>
    > 66 |           <BreadcrumbLink>Add New Figure</BreadcrumbLink>
         |           ^
      67 |         </BreadcrumbItem>
      68 |       </Breadcrumb>
      69 |       

      at printWarning (node_modules/react/cjs/react-jsx-dev-runtime.development.js:87:30)
      at error (node_modules/react/cjs/react-jsx-dev-runtime.development.js:61:7)
      at jsxWithValidation (node_modules/react/cjs/react-jsx-dev-runtime.development.js:1245:7)
      at AddFigure (src/pages/AddFigure.tsx:66:11)
      at renderWithHooks (node_modules/react-dom/cjs/react-dom.development.js:15486:18)
      at mountIndeterminateComponent (node_modules/react-dom/cjs/react-dom.development.js:20103:13)
      at beginWork (node_modules/react-dom/cjs/react-dom.development.js:21626:16)
      at beginWork$1 (node_modules/react-dom/cjs/react-dom.development.js:27465:14)
      at performUnitOfWork (node_modules/react-dom/cjs/react-dom.development.js:26599:12)
      at workLoopSync (node_modules/react-dom/cjs/react-dom.development.js:26505:5)
      at renderRootSync (node_modules/react-dom/cjs/react-dom.development.js:26473:7)
      at performConcurrentWorkOnRoot (node_modules/react-dom/cjs/react-dom.development.js:25777:74)
      at flushActQueue (node_modules/react/cjs/react.development.js:2667:24)
      at act (node_modules/react/cjs/react.development.js:2582:11)
      at node_modules/@testing-library/react/dist/act-compat.js:47:25
      at renderRoot (node_modules/@testing-library/react/dist/pure.js:190:26)
      at render (node_modules/@testing-library/react/dist/pure.js:292:10)
      at customRender (src/test-utils.tsx:79:12)
      at Object.<anonymous> (src/__tests__/integration/figure-operations.integration.test.tsx:46:11)

  console.error
    Warning: React.jsx: type is invalid -- expected a string (for built-in components) or a class/function (for composite components) but got: undefined. You likely forgot to export your component from the file it's defined in, or you might have mixed up default and named imports.
    
    Check your code at AddFigure.tsx:65.
        at AddFigure (/home/rgoldberg/projects/figure-collector-services/figure-collector-frontend/src/pages/AddFigure.tsx:85:31)
        at Router (/home/rgoldberg/projects/figure-collector-services/figure-collector-frontend/node_modules/react-router/lib/components.tsx:421:13)
        at MemoryRouter (/home/rgoldberg/projects/figure-collector-services/figure-collector-frontend/node_modules/react-router/lib/components.tsx:225:3)
        at div
        at ChakraProvider (/home/rgoldberg/projects/figure-collector-services/figure-collector-frontend/src/setupTests.ts:441:24)
        at div
        at MockQueryClientProvider (/home/rgoldberg/projects/figure-collector-services/figure-collector-frontend/src/test-utils.tsx:11:36)
        at AllProviders (/home/rgoldberg/projects/figure-collector-services/figure-collector-frontend/src/test-utils.tsx:40:25)
        at wrapper

      63 |           <BreadcrumbLink as={RouterLink} to="/figures">Figures</BreadcrumbLink>
      64 |         </BreadcrumbItem>
    > 65 |         <BreadcrumbItem isCurrentPage>
         |         ^
      66 |           <BreadcrumbLink>Add New Figure</BreadcrumbLink>
      67 |         </BreadcrumbItem>
      68 |       </Breadcrumb>

      at printWarning (node_modules/react/cjs/react-jsx-dev-runtime.development.js:87:30)
      at error (node_modules/react/cjs/react-jsx-dev-runtime.development.js:61:7)
      at jsxWithValidation (node_modules/react/cjs/react-jsx-dev-runtime.development.js:1245:7)
      at AddFigure (src/pages/AddFigure.tsx:65:9)
      at renderWithHooks (node_modules/react-dom/cjs/react-dom.development.js:15486:18)
      at mountIndeterminateComponent (node_modules/react-dom/cjs/react-dom.development.js:20103:13)
      at beginWork (node_modules/react-dom/cjs/react-dom.development.js:21626:16)
      at beginWork$1 (node_modules/react-dom/cjs/react-dom.development.js:27465:14)
      at performUnitOfWork (node_modules/react-dom/cjs/react-dom.development.js:26599:12)
      at workLoopSync (node_modules/react-dom/cjs/react-dom.development.js:26505:5)
      at renderRootSync (node_modules/react-dom/cjs/react-dom.development.js:26473:7)
      at performConcurrentWorkOnRoot (node_modules/react-dom/cjs/react-dom.development.js:25777:74)
      at flushActQueue (node_modules/react/cjs/react.development.js:2667:24)
      at act (node_modules/react/cjs/react.development.js:2582:11)
      at node_modules/@testing-library/react/dist/act-compat.js:47:25
      at renderRoot (node_modules/@testing-library/react/dist/pure.js:190:26)
      at render (node_modules/@testing-library/react/dist/pure.js:292:10)
      at customRender (src/test-utils.tsx:79:12)
      at Object.<anonymous> (src/__tests__/integration/figure-operations.integration.test.tsx:46:11)

  console.error
    Warning: React.jsx: type is invalid -- expected a string (for built-in components) or a class/function (for composite components) but got: undefined. You likely forgot to export your component from the file it's defined in, or you might have mixed up default and named imports.
    
    Check your code at AddFigure.tsx:58.
        at AddFigure (/home/rgoldberg/projects/figure-collector-services/figure-collector-frontend/src/pages/AddFigure.tsx:85:31)
        at Router (/home/rgoldberg/projects/figure-collector-services/figure-collector-frontend/node_modules/react-router/lib/components.tsx:421:13)
        at MemoryRouter (/home/rgoldberg/projects/figure-collector-services/figure-collector-frontend/node_modules/react-router/lib/components.tsx:225:3)
        at div
        at ChakraProvider (/home/rgoldberg/projects/figure-collector-services/figure-collector-frontend/src/setupTests.ts:441:24)
        at div
        at MockQueryClientProvider (/home/rgoldberg/projects/figure-collector-services/figure-collector-frontend/src/test-utils.tsx:11:36)
        at AllProviders (/home/rgoldberg/projects/figure-collector-services/figure-collector-frontend/src/test-utils.tsx:40:25)
        at wrapper

      56 |   return (
      57 |     <Box>
    > 58 |       <Breadcrumb spacing="8px" separator={<ChevronRightIcon color="gray.500" />} mb={5}>
         |       ^
      59 |         <BreadcrumbItem>
      60 |           <BreadcrumbLink as={RouterLink} to="/">Dashboard</BreadcrumbLink>
      61 |         </BreadcrumbItem>

      at printWarning (node_modules/react/cjs/react-jsx-dev-runtime.development.js:87:30)
      at error (node_modules/react/cjs/react-jsx-dev-runtime.development.js:61:7)
      at jsxWithValidation (node_modules/react/cjs/react-jsx-dev-runtime.development.js:1245:7)
      at AddFigure (src/pages/AddFigure.tsx:58:7)
      at renderWithHooks (node_modules/react-dom/cjs/react-dom.development.js:15486:18)
      at mountIndeterminateComponent (node_modules/react-dom/cjs/react-dom.development.js:20103:13)
      at beginWork (node_modules/react-dom/cjs/react-dom.development.js:21626:16)
      at beginWork$1 (node_modules/react-dom/cjs/react-dom.development.js:27465:14)
      at performUnitOfWork (node_modules/react-dom/cjs/react-dom.development.js:26599:12)
      at workLoopSync (node_modules/react-dom/cjs/react-dom.development.js:26505:5)
      at renderRootSync (node_modules/react-dom/cjs/react-dom.development.js:26473:7)
      at performConcurrentWorkOnRoot (node_modules/react-dom/cjs/react-dom.development.js:25777:74)
      at flushActQueue (node_modules/react/cjs/react.development.js:2667:24)
      at act (node_modules/react/cjs/react.development.js:2582:11)
      at node_modules/@testing-library/react/dist/act-compat.js:47:25
      at renderRoot (node_modules/@testing-library/react/dist/pure.js:190:26)
      at render (node_modules/@testing-library/react/dist/pure.js:292:10)
      at customRender (src/test-utils.tsx:79:12)
      at Object.<anonymous> (src/__tests__/integration/figure-operations.integration.test.tsx:46:11)

  console.error
    Warning: React.jsx: type is invalid -- expected a string (for built-in components) or a class/function (for composite components) but got: undefined. You likely forgot to export your component from the file it's defined in, or you might have mixed up default and named imports.
    
    Check your code at AddFigure.tsx:73.
        at AddFigure (/home/rgoldberg/projects/figure-collector-services/figure-collector-frontend/src/pages/AddFigure.tsx:85:31)
        at Router (/home/rgoldberg/projects/figure-collector-services/figure-collector-frontend/node_modules/react-router/lib/components.tsx:421:13)
        at MemoryRouter (/home/rgoldberg/projects/figure-collector-services/figure-collector-frontend/node_modules/react-router/lib/components.tsx:225:3)
        at div
        at ChakraProvider (/home/rgoldberg/projects/figure-collector-services/figure-collector-frontend/src/setupTests.ts:441:24)
        at div
        at MockQueryClientProvider (/home/rgoldberg/projects/figure-collector-services/figure-collector-frontend/src/test-utils.tsx:11:36)
        at AllProviders (/home/rgoldberg/projects/figure-collector-services/figure-collector-frontend/src/test-utils.tsx:40:25)
        at wrapper

      71 |         <Heading size="lg">Add New Figure</Heading>
      72 |         <Button
    > 73 |           leftIcon={<FaArrowLeft />}
         |                     ^
      74 |           as={RouterLink}
      75 |           to="/figures"
      76 |           variant="outline"

      at printWarning (node_modules/react/cjs/react-jsx-dev-runtime.development.js:87:30)
      at error (node_modules/react/cjs/react-jsx-dev-runtime.development.js:61:7)
      at jsxWithValidation (node_modules/react/cjs/react-jsx-dev-runtime.development.js:1245:7)
      at AddFigure (src/pages/AddFigure.tsx:73:21)
      at renderWithHooks (node_modules/react-dom/cjs/react-dom.development.js:15486:18)
      at mountIndeterminateComponent (node_modules/react-dom/cjs/react-dom.development.js:20103:13)
      at beginWork (node_modules/react-dom/cjs/react-dom.development.js:21626:16)
      at beginWork$1 (node_modules/react-dom/cjs/react-dom.development.js:27465:14)
      at performUnitOfWork (node_modules/react-dom/cjs/react-dom.development.js:26599:12)
      at workLoopSync (node_modules/react-dom/cjs/react-dom.development.js:26505:5)
      at renderRootSync (node_modules/react-dom/cjs/react-dom.development.js:26473:7)
      at performConcurrentWorkOnRoot (node_modules/react-dom/cjs/react-dom.development.js:25777:74)
      at flushActQueue (node_modules/react/cjs/react.development.js:2667:24)
      at act (node_modules/react/cjs/react.development.js:2582:11)
      at node_modules/@testing-library/react/dist/act-compat.js:47:25
      at renderRoot (node_modules/@testing-library/react/dist/pure.js:190:26)
      at render (node_modules/@testing-library/react/dist/pure.js:292:10)
      at customRender (src/test-utils.tsx:79:12)
      at Object.<anonymous> (src/__tests__/integration/figure-operations.integration.test.tsx:46:11)

  console.error
    Warning: React.jsx: type is invalid -- expected a string (for built-in components) or a class/function (for composite components) but got: undefined. You likely forgot to export your component from the file it's defined in, or you might have mixed up default and named imports.
    
    Check your code at AddFigure.tsx:60.
        at AddFigure (/home/rgoldberg/projects/figure-collector-services/figure-collector-frontend/src/pages/AddFigure.tsx:85:31)
        at Router (/home/rgoldberg/projects/figure-collector-services/figure-collector-frontend/node_modules/react-router/lib/components.tsx:421:13)
        at MemoryRouter (/home/rgoldberg/projects/figure-collector-services/figure-collector-frontend/node_modules/react-router/lib/components.tsx:225:3)
        at div
        at ChakraProvider (/home/rgoldberg/projects/figure-collector-services/figure-collector-frontend/src/setupTests.ts:441:24)
        at div
        at MockQueryClientProvider (/home/rgoldberg/projects/figure-collector-services/figure-collector-frontend/src/test-utils.tsx:11:36)
        at AllProviders (/home/rgoldberg/projects/figure-collector-services/figure-collector-frontend/src/test-utils.tsx:40:25)
        at wrapper

      58 |       <Breadcrumb spacing="8px" separator={<ChevronRightIcon color="gray.500" />} mb={5}>
      59 |         <BreadcrumbItem>
    > 60 |           <BreadcrumbLink as={RouterLink} to="/">Dashboard</BreadcrumbLink>
         |           ^
      61 |         </BreadcrumbItem>
      62 |         <BreadcrumbItem>
      63 |           <BreadcrumbLink as={RouterLink} to="/figures">Figures</BreadcrumbLink>

      at printWarning (node_modules/react/cjs/react-jsx-dev-runtime.development.js:87:30)
      at error (node_modules/react/cjs/react-jsx-dev-runtime.development.js:61:7)
      at jsxWithValidation (node_modules/react/cjs/react-jsx-dev-runtime.development.js:1245:7)
      at AddFigure (src/pages/AddFigure.tsx:60:11)
      at renderWithHooks (node_modules/react-dom/cjs/react-dom.development.js:15486:18)
      at mountIndeterminateComponent (node_modules/react-dom/cjs/react-dom.development.js:20103:13)
      at beginWork (node_modules/react-dom/cjs/react-dom.development.js:21626:16)
      at HTMLUnknownElement.callCallback (node_modules/react-dom/cjs/react-dom.development.js:4164:14)
      at Object.invokeGuardedCallbackDev (node_modules/react-dom/cjs/react-dom.development.js:4213:16)
      at invokeGuardedCallback (node_modules/react-dom/cjs/react-dom.development.js:4277:31)
      at beginWork$1 (node_modules/react-dom/cjs/react-dom.development.js:27490:7)
      at performUnitOfWork (node_modules/react-dom/cjs/react-dom.development.js:26599:12)
      at workLoopSync (node_modules/react-dom/cjs/react-dom.development.js:26505:5)
      at renderRootSync (node_modules/react-dom/cjs/react-dom.development.js:26473:7)
      at performConcurrentWorkOnRoot (node_modules/react-dom/cjs/react-dom.development.js:25777:74)
      at flushActQueue (node_modules/react/cjs/react.development.js:2667:24)
      at act (node_modules/react/cjs/react.development.js:2582:11)
      at node_modules/@testing-library/react/dist/act-compat.js:47:25
      at renderRoot (node_modules/@testing-library/react/dist/pure.js:190:26)
      at render (node_modules/@testing-library/react/dist/pure.js:292:10)
      at customRender (src/test-utils.tsx:79:12)
      at Object.<anonymous> (src/__tests__/integration/figure-operations.integration.test.tsx:46:11)

  console.error
    Warning: React.jsx: type is invalid -- expected a string (for built-in components) or a class/function (for composite components) but got: undefined. You likely forgot to export your component from the file it's defined in, or you might have mixed up default and named imports.
    
    Check your code at AddFigure.tsx:59.
        at AddFigure (/home/rgoldberg/projects/figure-collector-services/figure-collector-frontend/src/pages/AddFigure.tsx:85:31)
        at Router (/home/rgoldberg/projects/figure-collector-services/figure-collector-frontend/node_modules/react-router/lib/components.tsx:421:13)
        at MemoryRouter (/home/rgoldberg/projects/figure-collector-services/figure-collector-frontend/node_modules/react-router/lib/components.tsx:225:3)
        at div
        at ChakraProvider (/home/rgoldberg/projects/figure-collector-services/figure-collector-frontend/src/setupTests.ts:441:24)
        at div
        at MockQueryClientProvider (/home/rgoldberg/projects/figure-collector-services/figure-collector-frontend/src/test-utils.tsx:11:36)
        at AllProviders (/home/rgoldberg/projects/figure-collector-services/figure-collector-frontend/src/test-utils.tsx:40:25)
        at wrapper

      57 |     <Box>
      58 |       <Breadcrumb spacing="8px" separator={<ChevronRightIcon color="gray.500" />} mb={5}>
    > 59 |         <BreadcrumbItem>
         |         ^
      60 |           <BreadcrumbLink as={RouterLink} to="/">Dashboard</BreadcrumbLink>
      61 |         </BreadcrumbItem>
      62 |         <BreadcrumbItem>

      at printWarning (node_modules/react/cjs/react-jsx-dev-runtime.development.js:87:30)
      at error (node_modules/react/cjs/react-jsx-dev-runtime.development.js:61:7)
      at jsxWithValidation (node_modules/react/cjs/react-jsx-dev-runtime.development.js:1245:7)
      at AddFigure (src/pages/AddFigure.tsx:59:9)
      at renderWithHooks (node_modules/react-dom/cjs/react-dom.development.js:15486:18)
      at mountIndeterminateComponent (node_modules/react-dom/cjs/react-dom.development.js:20103:13)
      at beginWork (node_modules/react-dom/cjs/react-dom.development.js:21626:16)
      at HTMLUnknownElement.callCallback (node_modules/react-dom/cjs/react-dom.development.js:4164:14)
      at Object.invokeGuardedCallbackDev (node_modules/react-dom/cjs/react-dom.development.js:4213:16)
      at invokeGuardedCallback (node_modules/react-dom/cjs/react-dom.development.js:4277:31)
      at beginWork$1 (node_modules/react-dom/cjs/react-dom.development.js:27490:7)
      at performUnitOfWork (node_modules/react-dom/cjs/react-dom.development.js:26599:12)
      at workLoopSync (node_modules/react-dom/cjs/react-dom.development.js:26505:5)
      at renderRootSync (node_modules/react-dom/cjs/react-dom.development.js:26473:7)
      at performConcurrentWorkOnRoot (node_modules/react-dom/cjs/react-dom.development.js:25777:74)
      at flushActQueue (node_modules/react/cjs/react.development.js:2667:24)
      at act (node_modules/react/cjs/react.development.js:2582:11)
      at node_modules/@testing-library/react/dist/act-compat.js:47:25
      at renderRoot (node_modules/@testing-library/react/dist/pure.js:190:26)
      at render (node_modules/@testing-library/react/dist/pure.js:292:10)
      at customRender (src/test-utils.tsx:79:12)
      at Object.<anonymous> (src/__tests__/integration/figure-operations.integration.test.tsx:46:11)

  console.error
    Warning: React.jsx: type is invalid -- expected a string (for built-in components) or a class/function (for composite components) but got: undefined. You likely forgot to export your component from the file it's defined in, or you might have mixed up default and named imports.
    
    Check your code at AddFigure.tsx:63.
        at AddFigure (/home/rgoldberg/projects/figure-collector-services/figure-collector-frontend/src/pages/AddFigure.tsx:85:31)
        at Router (/home/rgoldberg/projects/figure-collector-services/figure-collector-frontend/node_modules/react-router/lib/components.tsx:421:13)
        at MemoryRouter (/home/rgoldberg/projects/figure-collector-services/figure-collector-frontend/node_modules/react-router/lib/components.tsx:225:3)
        at div
        at ChakraProvider (/home/rgoldberg/projects/figure-collector-services/figure-collector-frontend/src/setupTests.ts:441:24)
        at div
        at MockQueryClientProvider (/home/rgoldberg/projects/figure-collector-services/figure-collector-frontend/src/test-utils.tsx:11:36)
        at AllProviders (/home/rgoldberg/projects/figure-collector-services/figure-collector-frontend/src/test-utils.tsx:40:25)
        at wrapper

      61 |         </BreadcrumbItem>
      62 |         <BreadcrumbItem>
    > 63 |           <BreadcrumbLink as={RouterLink} to="/figures">Figures</BreadcrumbLink>
         |           ^
      64 |         </BreadcrumbItem>
      65 |         <BreadcrumbItem isCurrentPage>
      66 |           <BreadcrumbLink>Add New Figure</BreadcrumbLink>

      at printWarning (node_modules/react/cjs/react-jsx-dev-runtime.development.js:87:30)
      at error (node_modules/react/cjs/react-jsx-dev-runtime.development.js:61:7)
      at jsxWithValidation (node_modules/react/cjs/react-jsx-dev-runtime.development.js:1245:7)
      at AddFigure (src/pages/AddFigure.tsx:63:11)
      at renderWithHooks (node_modules/react-dom/cjs/react-dom.development.js:15486:18)
      at mountIndeterminateComponent (node_modules/react-dom/cjs/react-dom.development.js:20103:13)
      at beginWork (node_modules/react-dom/cjs/react-dom.development.js:21626:16)
      at HTMLUnknownElement.callCallback (node_modules/react-dom/cjs/react-dom.development.js:4164:14)
      at Object.invokeGuardedCallbackDev (node_modules/react-dom/cjs/react-dom.development.js:4213:16)
      at invokeGuardedCallback (node_modules/react-dom/cjs/react-dom.development.js:4277:31)
      at beginWork$1 (node_modules/react-dom/cjs/react-dom.development.js:27490:7)
      at performUnitOfWork (node_modules/react-dom/cjs/react-dom.development.js:26599:12)
      at workLoopSync (node_modules/react-dom/cjs/react-dom.development.js:26505:5)
      at renderRootSync (node_modules/react-dom/cjs/react-dom.development.js:26473:7)
      at performConcurrentWorkOnRoot (node_modules/react-dom/cjs/react-dom.development.js:25777:74)
      at flushActQueue (node_modules/react/cjs/react.development.js:2667:24)
      at act (node_modules/react/cjs/react.development.js:2582:11)
      at node_modules/@testing-library/react/dist/act-compat.js:47:25
      at renderRoot (node_modules/@testing-library/react/dist/pure.js:190:26)
      at render (node_modules/@testing-library/react/dist/pure.js:292:10)
      at customRender (src/test-utils.tsx:79:12)
      at Object.<anonymous> (src/__tests__/integration/figure-operations.integration.test.tsx:46:11)

  console.error
    Warning: React.jsx: type is invalid -- expected a string (for built-in components) or a class/function (for composite components) but got: undefined. You likely forgot to export your component from the file it's defined in, or you might have mixed up default and named imports.
    
    Check your code at AddFigure.tsx:62.
        at AddFigure (/home/rgoldberg/projects/figure-collector-services/figure-collector-frontend/src/pages/AddFigure.tsx:85:31)
        at Router (/home/rgoldberg/projects/figure-collector-services/figure-collector-frontend/node_modules/react-router/lib/components.tsx:421:13)
        at MemoryRouter (/home/rgoldberg/projects/figure-collector-services/figure-collector-frontend/node_modules/react-router/lib/components.tsx:225:3)
        at div
        at ChakraProvider (/home/rgoldberg/projects/figure-collector-services/figure-collector-frontend/src/setupTests.ts:441:24)
        at div
        at MockQueryClientProvider (/home/rgoldberg/projects/figure-collector-services/figure-collector-frontend/src/test-utils.tsx:11:36)
        at AllProviders (/home/rgoldberg/projects/figure-collector-services/figure-collector-frontend/src/test-utils.tsx:40:25)
        at wrapper

      60 |           <BreadcrumbLink as={RouterLink} to="/">Dashboard</BreadcrumbLink>
      61 |         </BreadcrumbItem>
    > 62 |         <BreadcrumbItem>
         |         ^
      63 |           <BreadcrumbLink as={RouterLink} to="/figures">Figures</BreadcrumbLink>
      64 |         </BreadcrumbItem>
      65 |         <BreadcrumbItem isCurrentPage>

      at printWarning (node_modules/react/cjs/react-jsx-dev-runtime.development.js:87:30)
      at error (node_modules/react/cjs/react-jsx-dev-runtime.development.js:61:7)
      at jsxWithValidation (node_modules/react/cjs/react-jsx-dev-runtime.development.js:1245:7)
      at AddFigure (src/pages/AddFigure.tsx:62:9)
      at renderWithHooks (node_modules/react-dom/cjs/react-dom.development.js:15486:18)
      at mountIndeterminateComponent (node_modules/react-dom/cjs/react-dom.development.js:20103:13)
      at beginWork (node_modules/react-dom/cjs/react-dom.development.js:21626:16)
      at HTMLUnknownElement.callCallback (node_modules/react-dom/cjs/react-dom.development.js:4164:14)
      at Object.invokeGuardedCallbackDev (node_modules/react-dom/cjs/react-dom.development.js:4213:16)
      at invokeGuardedCallback (node_modules/react-dom/cjs/react-dom.development.js:4277:31)
      at beginWork$1 (node_modules/react-dom/cjs/react-dom.development.js:27490:7)
      at performUnitOfWork (node_modules/react-dom/cjs/react-dom.development.js:26599:12)
      at workLoopSync (node_modules/react-dom/cjs/react-dom.development.js:26505:5)
      at renderRootSync (node_modules/react-dom/cjs/react-dom.development.js:26473:7)
      at performConcurrentWorkOnRoot (node_modules/react-dom/cjs/react-dom.development.js:25777:74)
      at flushActQueue (node_modules/react/cjs/react.development.js:2667:24)
      at act (node_modules/react/cjs/react.development.js:2582:11)
      at node_modules/@testing-library/react/dist/act-compat.js:47:25
      at renderRoot (node_modules/@testing-library/react/dist/pure.js:190:26)
      at render (node_modules/@testing-library/react/dist/pure.js:292:10)
      at customRender (src/test-utils.tsx:79:12)
      at Object.<anonymous> (src/__tests__/integration/figure-operations.integration.test.tsx:46:11)

  console.error
    Warning: React.jsx: type is invalid -- expected a string (for built-in components) or a class/function (for composite components) but got: undefined. You likely forgot to export your component from the file it's defined in, or you might have mixed up default and named imports.
    
    Check your code at AddFigure.tsx:66.
        at AddFigure (/home/rgoldberg/projects/figure-collector-services/figure-collector-frontend/src/pages/AddFigure.tsx:85:31)
        at Router (/home/rgoldberg/projects/figure-collector-services/figure-collector-frontend/node_modules/react-router/lib/components.tsx:421:13)
        at MemoryRouter (/home/rgoldberg/projects/figure-collector-services/figure-collector-frontend/node_modules/react-router/lib/components.tsx:225:3)
        at div
        at ChakraProvider (/home/rgoldberg/projects/figure-collector-services/figure-collector-frontend/src/setupTests.ts:441:24)
        at div
        at MockQueryClientProvider (/home/rgoldberg/projects/figure-collector-services/figure-collector-frontend/src/test-utils.tsx:11:36)
        at AllProviders (/home/rgoldberg/projects/figure-collector-services/figure-collector-frontend/src/test-utils.tsx:40:25)
        at wrapper

      64 |         </BreadcrumbItem>
      65 |         <BreadcrumbItem isCurrentPage>
    > 66 |           <BreadcrumbLink>Add New Figure</BreadcrumbLink>
         |           ^
      67 |         </BreadcrumbItem>
      68 |       </Breadcrumb>
      69 |       

      at printWarning (node_modules/react/cjs/react-jsx-dev-runtime.development.js:87:30)
      at error (node_modules/react/cjs/react-jsx-dev-runtime.development.js:61:7)
      at jsxWithValidation (node_modules/react/cjs/react-jsx-dev-runtime.development.js:1245:7)
      at AddFigure (src/pages/AddFigure.tsx:66:11)
      at renderWithHooks (node_modules/react-dom/cjs/react-dom.development.js:15486:18)
      at mountIndeterminateComponent (node_modules/react-dom/cjs/react-dom.development.js:20103:13)
      at beginWork (node_modules/react-dom/cjs/react-dom.development.js:21626:16)
      at HTMLUnknownElement.callCallback (node_modules/react-dom/cjs/react-dom.development.js:4164:14)
      at Object.invokeGuardedCallbackDev (node_modules/react-dom/cjs/react-dom.development.js:4213:16)
      at invokeGuardedCallback (node_modules/react-dom/cjs/react-dom.development.js:4277:31)
      at beginWork$1 (node_modules/react-dom/cjs/react-dom.development.js:27490:7)
      at performUnitOfWork (node_modules/react-dom/cjs/react-dom.development.js:26599:12)
      at workLoopSync (node_modules/react-dom/cjs/react-dom.development.js:26505:5)
      at renderRootSync (node_modules/react-dom/cjs/react-dom.development.js:26473:7)
      at performConcurrentWorkOnRoot (node_modules/react-dom/cjs/react-dom.development.js:25777:74)
      at flushActQueue (node_modules/react/cjs/react.development.js:2667:24)
      at act (node_modules/react/cjs/react.development.js:2582:11)
      at node_modules/@testing-library/react/dist/act-compat.js:47:25
      at renderRoot (node_modules/@testing-library/react/dist/pure.js:190:26)
      at render (node_modules/@testing-library/react/dist/pure.js:292:10)
      at customRender (src/test-utils.tsx:79:12)
      at Object.<anonymous> (src/__tests__/integration/figure-operations.integration.test.tsx:46:11)

  console.error
    Warning: React.jsx: type is invalid -- expected a string (for built-in components) or a class/function (for composite components) but got: undefined. You likely forgot to export your component from the file it's defined in, or you might have mixed up default and named imports.
    
    Check your code at AddFigure.tsx:65.
        at AddFigure (/home/rgoldberg/projects/figure-collector-services/figure-collector-frontend/src/pages/AddFigure.tsx:85:31)
        at Router (/home/rgoldberg/projects/figure-collector-services/figure-collector-frontend/node_modules/react-router/lib/components.tsx:421:13)
        at MemoryRouter (/home/rgoldberg/projects/figure-collector-services/figure-collector-frontend/node_modules/react-router/lib/components.tsx:225:3)
        at div
        at ChakraProvider (/home/rgoldberg/projects/figure-collector-services/figure-collector-frontend/src/setupTests.ts:441:24)
        at div
        at MockQueryClientProvider (/home/rgoldberg/projects/figure-collector-services/figure-collector-frontend/src/test-utils.tsx:11:36)
        at AllProviders (/home/rgoldberg/projects/figure-collector-services/figure-collector-frontend/src/test-utils.tsx:40:25)
        at wrapper

      63 |           <BreadcrumbLink as={RouterLink} to="/figures">Figures</BreadcrumbLink>
      64 |         </BreadcrumbItem>
    > 65 |         <BreadcrumbItem isCurrentPage>
         |         ^
      66 |           <BreadcrumbLink>Add New Figure</BreadcrumbLink>
      67 |         </BreadcrumbItem>
      68 |       </Breadcrumb>

      at printWarning (node_modules/react/cjs/react-jsx-dev-runtime.development.js:87:30)
      at error (node_modules/react/cjs/react-jsx-dev-runtime.development.js:61:7)
      at jsxWithValidation (node_modules/react/cjs/react-jsx-dev-runtime.development.js:1245:7)
      at AddFigure (src/pages/AddFigure.tsx:65:9)
      at renderWithHooks (node_modules/react-dom/cjs/react-dom.development.js:15486:18)
      at mountIndeterminateComponent (node_modules/react-dom/cjs/react-dom.development.js:20103:13)
      at beginWork (node_modules/react-dom/cjs/react-dom.development.js:21626:16)
      at HTMLUnknownElement.callCallback (node_modules/react-dom/cjs/react-dom.development.js:4164:14)
      at Object.invokeGuardedCallbackDev (node_modules/react-dom/cjs/react-dom.development.js:4213:16)
      at invokeGuardedCallback (node_modules/react-dom/cjs/react-dom.development.js:4277:31)
      at beginWork$1 (node_modules/react-dom/cjs/react-dom.development.js:27490:7)
      at performUnitOfWork (node_modules/react-dom/cjs/react-dom.development.js:26599:12)
      at workLoopSync (node_modules/react-dom/cjs/react-dom.development.js:26505:5)
      at renderRootSync (node_modules/react-dom/cjs/react-dom.development.js:26473:7)
      at performConcurrentWorkOnRoot (node_modules/react-dom/cjs/react-dom.development.js:25777:74)
      at flushActQueue (node_modules/react/cjs/react.development.js:2667:24)
      at act (node_modules/react/cjs/react.development.js:2582:11)
      at node_modules/@testing-library/react/dist/act-compat.js:47:25
      at renderRoot (node_modules/@testing-library/react/dist/pure.js:190:26)
      at render (node_modules/@testing-library/react/dist/pure.js:292:10)
      at customRender (src/test-utils.tsx:79:12)
      at Object.<anonymous> (src/__tests__/integration/figure-operations.integration.test.tsx:46:11)

  console.error
    Warning: React.jsx: type is invalid -- expected a string (for built-in components) or a class/function (for composite components) but got: undefined. You likely forgot to export your component from the file it's defined in, or you might have mixed up default and named imports.
    
    Check your code at AddFigure.tsx:58.
        at AddFigure (/home/rgoldberg/projects/figure-collector-services/figure-collector-frontend/src/pages/AddFigure.tsx:85:31)
        at Router (/home/rgoldberg/projects/figure-collector-services/figure-collector-frontend/node_modules/react-router/lib/components.tsx:421:13)
        at MemoryRouter (/home/rgoldberg/projects/figure-collector-services/figure-collector-frontend/node_modules/react-router/lib/components.tsx:225:3)
        at div
        at ChakraProvider (/home/rgoldberg/projects/figure-collector-services/figure-collector-frontend/src/setupTests.ts:441:24)
        at div
        at MockQueryClientProvider (/home/rgoldberg/projects/figure-collector-services/figure-collector-frontend/src/test-utils.tsx:11:36)
        at AllProviders (/home/rgoldberg/projects/figure-collector-services/figure-collector-frontend/src/test-utils.tsx:40:25)
        at wrapper

      56 |   return (
      57 |     <Box>
    > 58 |       <Breadcrumb spacing="8px" separator={<ChevronRightIcon color="gray.500" />} mb={5}>
         |       ^
      59 |         <BreadcrumbItem>
      60 |           <BreadcrumbLink as={RouterLink} to="/">Dashboard</BreadcrumbLink>
      61 |         </BreadcrumbItem>

      at printWarning (node_modules/react/cjs/react-jsx-dev-runtime.development.js:87:30)
      at error (node_modules/react/cjs/react-jsx-dev-runtime.development.js:61:7)
      at jsxWithValidation (node_modules/react/cjs/react-jsx-dev-runtime.development.js:1245:7)
      at AddFigure (src/pages/AddFigure.tsx:58:7)
      at renderWithHooks (node_modules/react-dom/cjs/react-dom.development.js:15486:18)
      at mountIndeterminateComponent (node_modules/react-dom/cjs/react-dom.development.js:20103:13)
      at beginWork (node_modules/react-dom/cjs/react-dom.development.js:21626:16)
      at HTMLUnknownElement.callCallback (node_modules/react-dom/cjs/react-dom.development.js:4164:14)
      at Object.invokeGuardedCallbackDev (node_modules/react-dom/cjs/react-dom.development.js:4213:16)
      at invokeGuardedCallback (node_modules/react-dom/cjs/react-dom.development.js:4277:31)
      at beginWork$1 (node_modules/react-dom/cjs/react-dom.development.js:27490:7)
      at performUnitOfWork (node_modules/react-dom/cjs/react-dom.development.js:26599:12)
      at workLoopSync (node_modules/react-dom/cjs/react-dom.development.js:26505:5)
      at renderRootSync (node_modules/react-dom/cjs/react-dom.development.js:26473:7)
      at performConcurrentWorkOnRoot (node_modules/react-dom/cjs/react-dom.development.js:25777:74)
      at flushActQueue (node_modules/react/cjs/react.development.js:2667:24)
      at act (node_modules/react/cjs/react.development.js:2582:11)
      at node_modules/@testing-library/react/dist/act-compat.js:47:25
      at renderRoot (node_modules/@testing-library/react/dist/pure.js:190:26)
      at render (node_modules/@testing-library/react/dist/pure.js:292:10)
      at customRender (src/test-utils.tsx:79:12)
      at Object.<anonymous> (src/__tests__/integration/figure-operations.integration.test.tsx:46:11)

  console.error
    Warning: React.jsx: type is invalid -- expected a string (for built-in components) or a class/function (for composite components) but got: undefined. You likely forgot to export your component from the file it's defined in, or you might have mixed up default and named imports.
    
    Check your code at AddFigure.tsx:73.
        at AddFigure (/home/rgoldberg/projects/figure-collector-services/figure-collector-frontend/src/pages/AddFigure.tsx:85:31)
        at Router (/home/rgoldberg/projects/figure-collector-services/figure-collector-frontend/node_modules/react-router/lib/components.tsx:421:13)
        at MemoryRouter (/home/rgoldberg/projects/figure-collector-services/figure-collector-frontend/node_modules/react-router/lib/components.tsx:225:3)
        at div
        at ChakraProvider (/home/rgoldberg/projects/figure-collector-services/figure-collector-frontend/src/setupTests.ts:441:24)
        at div
        at MockQueryClientProvider (/home/rgoldberg/projects/figure-collector-services/figure-collector-frontend/src/test-utils.tsx:11:36)
        at AllProviders (/home/rgoldberg/projects/figure-collector-services/figure-collector-frontend/src/test-utils.tsx:40:25)
        at wrapper

      71 |         <Heading size="lg">Add New Figure</Heading>
      72 |         <Button
    > 73 |           leftIcon={<FaArrowLeft />}
         |                     ^
      74 |           as={RouterLink}
      75 |           to="/figures"
      76 |           variant="outline"

      at printWarning (node_modules/react/cjs/react-jsx-dev-runtime.development.js:87:30)
      at error (node_modules/react/cjs/react-jsx-dev-runtime.development.js:61:7)
      at jsxWithValidation (node_modules/react/cjs/react-jsx-dev-runtime.development.js:1245:7)
      at AddFigure (src/pages/AddFigure.tsx:73:21)
      at renderWithHooks (node_modules/react-dom/cjs/react-dom.development.js:15486:18)
      at mountIndeterminateComponent (node_modules/react-dom/cjs/react-dom.development.js:20103:13)
      at beginWork (node_modules/react-dom/cjs/react-dom.development.js:21626:16)
      at HTMLUnknownElement.callCallback (node_modules/react-dom/cjs/react-dom.development.js:4164:14)
      at Object.invokeGuardedCallbackDev (node_modules/react-dom/cjs/react-dom.development.js:4213:16)
      at invokeGuardedCallback (node_modules/react-dom/cjs/react-dom.development.js:4277:31)
      at beginWork$1 (node_modules/react-dom/cjs/react-dom.development.js:27490:7)
      at performUnitOfWork (node_modules/react-dom/cjs/react-dom.development.js:26599:12)
      at workLoopSync (node_modules/react-dom/cjs/react-dom.development.js:26505:5)
      at renderRootSync (node_modules/react-dom/cjs/react-dom.development.js:26473:7)
      at performConcurrentWorkOnRoot (node_modules/react-dom/cjs/react-dom.development.js:25777:74)
      at flushActQueue (node_modules/react/cjs/react.development.js:2667:24)
      at act (node_modules/react/cjs/react.development.js:2582:11)
      at node_modules/@testing-library/react/dist/act-compat.js:47:25
      at renderRoot (node_modules/@testing-library/react/dist/pure.js:190:26)
      at render (node_modules/@testing-library/react/dist/pure.js:292:10)
      at customRender (src/test-utils.tsx:79:12)
      at Object.<anonymous> (src/__tests__/integration/figure-operations.integration.test.tsx:46:11)

  console.error
    Error: Uncaught [TypeError: Cannot read properties of undefined (reading 'isLoading')]
        at reportException (/home/rgoldberg/projects/figure-collector-services/figure-collector-frontend/node_modules/jest-cli/node_modules/jsdom/lib/jsdom/living/helpers/runtime-script-errors.js:66:24)
        at innerInvokeEventListeners (/home/rgoldberg/projects/figure-collector-services/figure-collector-frontend/node_modules/jest-cli/node_modules/jsdom/lib/jsdom/living/events/EventTarget-impl.js:341:9)
        at invokeEventListeners (/home/rgoldberg/projects/figure-collector-services/figure-collector-frontend/node_modules/jest-cli/node_modules/jsdom/lib/jsdom/living/events/EventTarget-impl.js:274:3)
        at HTMLUnknownElementImpl._dispatch (/home/rgoldberg/projects/figure-collector-services/figure-collector-frontend/node_modules/jest-cli/node_modules/jsdom/lib/jsdom/living/events/EventTarget-impl.js:221:9)
        at HTMLUnknownElementImpl.dispatchEvent (/home/rgoldberg/projects/figure-collector-services/figure-collector-frontend/node_modules/jest-cli/node_modules/jsdom/lib/jsdom/living/events/EventTarget-impl.js:94:17)
        at HTMLUnknownElement.dispatchEvent (/home/rgoldberg/projects/figure-collector-services/figure-collector-frontend/node_modules/jest-cli/node_modules/jsdom/lib/jsdom/living/generated/EventTarget.js:231:34)
        at Object.invokeGuardedCallbackDev (/home/rgoldberg/projects/figure-collector-services/figure-collector-frontend/node_modules/react-dom/cjs/react-dom.development.js:4213:16)
        at invokeGuardedCallback (/home/rgoldberg/projects/figure-collector-services/figure-collector-frontend/node_modules/react-dom/cjs/react-dom.development.js:4277:31)
        at beginWork$1 (/home/rgoldberg/projects/figure-collector-services/figure-collector-frontend/node_modules/react-dom/cjs/react-dom.development.js:27490:7)
        at performUnitOfWork (/home/rgoldberg/projects/figure-collector-services/figure-collector-frontend/node_modules/react-dom/cjs/react-dom.development.js:26599:12)
        at workLoopSync (/home/rgoldberg/projects/figure-collector-services/figure-collector-frontend/node_modules/react-dom/cjs/react-dom.development.js:26505:5)
        at renderRootSync (/home/rgoldberg/projects/figure-collector-services/figure-collector-frontend/node_modules/react-dom/cjs/react-dom.development.js:26473:7)
        at performConcurrentWorkOnRoot (/home/rgoldberg/projects/figure-collector-services/figure-collector-frontend/node_modules/react-dom/cjs/react-dom.development.js:25777:74)
        at flushActQueue (/home/rgoldberg/projects/figure-collector-services/figure-collector-frontend/node_modules/react/cjs/react.development.js:2667:24)
        at act (/home/rgoldberg/projects/figure-collector-services/figure-collector-frontend/node_modules/react/cjs/react.development.js:2582:11)
        at /home/rgoldberg/projects/figure-collector-services/figure-collector-frontend/node_modules/@testing-library/react/dist/act-compat.js:47:25
        at renderRoot (/home/rgoldberg/projects/figure-collector-services/figure-collector-frontend/node_modules/@testing-library/react/dist/pure.js:190:26)
        at render (/home/rgoldberg/projects/figure-collector-services/figure-collector-frontend/node_modules/@testing-library/react/dist/pure.js:292:10)
        at customRender (/home/rgoldberg/projects/figure-collector-services/figure-collector-frontend/src/test-utils.tsx:79:12)
        at Object.<anonymous> (/home/rgoldberg/projects/figure-collector-services/figure-collector-frontend/src/__tests__/integration/figure-operations.integration.test.tsx:46:11)
        at Promise.then.completed (/home/rgoldberg/projects/figure-collector-services/figure-collector-frontend/node_modules/@jest/core/node_modules/jest-circus/build/utils.js:391:28)
        at new Promise (<anonymous>)
        at callAsyncCircusFn (/home/rgoldberg/projects/figure-collector-services/figure-collector-frontend/node_modules/@jest/core/node_modules/jest-circus/build/utils.js:316:10)
        at _callCircusTest (/home/rgoldberg/projects/figure-collector-services/figure-collector-frontend/node_modules/@jest/core/node_modules/jest-circus/build/run.js:218:40)
        at processTicksAndRejections (node:internal/process/task_queues:105:5)
        at _runTest (/home/rgoldberg/projects/figure-collector-services/figure-collector-frontend/node_modules/@jest/core/node_modules/jest-circus/build/run.js:155:3)
        at _runTestsForDescribeBlock (/home/rgoldberg/projects/figure-collector-services/figure-collector-frontend/node_modules/@jest/core/node_modules/jest-circus/build/run.js:66:9)
        at _runTestsForDescribeBlock (/home/rgoldberg/projects/figure-collector-services/figure-collector-frontend/node_modules/@jest/core/node_modules/jest-circus/build/run.js:60:9)
        at run (/home/rgoldberg/projects/figure-collector-services/figure-collector-frontend/node_modules/@jest/core/node_modules/jest-circus/build/run.js:25:3)
        at runAndTransformResultsToJestFormat (/home/rgoldberg/projects/figure-collector-services/figure-collector-frontend/node_modules/@jest/core/node_modules/jest-circus/build/legacy-code-todo-rewrite/jestAdapterInit.js:170:21)
        at jestAdapter (/home/rgoldberg/projects/figure-collector-services/figure-collector-frontend/node_modules/@jest/core/node_modules/jest-circus/build/legacy-code-todo-rewrite/jestAdapter.js:82:19)
        at runTestInternal (/home/rgoldberg/projects/figure-collector-services/figure-collector-frontend/node_modules/jest-runner/build/runTest.js:389:16)
        at runTest (/home/rgoldberg/projects/figure-collector-services/figure-collector-frontend/node_modules/jest-runner/build/runTest.js:475:34) TypeError: Cannot read properties of undefined (reading 'isLoading')
        at AddFigure (/home/rgoldberg/projects/figure-collector-services/figure-collector-frontend/src/pages/AddFigure.tsx:85:31)
        at renderWithHooks (/home/rgoldberg/projects/figure-collector-services/figure-collector-frontend/node_modules/react-dom/cjs/react-dom.development.js:15486:18)
        at mountIndeterminateComponent (/home/rgoldberg/projects/figure-collector-services/figure-collector-frontend/node_modules/react-dom/cjs/react-dom.development.js:20103:13)
        at beginWork (/home/rgoldberg/projects/figure-collector-services/figure-collector-frontend/node_modules/react-dom/cjs/react-dom.development.js:21626:16)
        at HTMLUnknownElement.callCallback (/home/rgoldberg/projects/figure-collector-services/figure-collector-frontend/node_modules/react-dom/cjs/react-dom.development.js:4164:14)
        at HTMLUnknownElement.callTheUserObjectsOperation (/home/rgoldberg/projects/figure-collector-services/figure-collector-frontend/node_modules/jest-cli/node_modules/jsdom/lib/jsdom/living/generated/EventListener.js:26:30)
        at innerInvokeEventListeners (/home/rgoldberg/projects/figure-collector-services/figure-collector-frontend/node_modules/jest-cli/node_modules/jsdom/lib/jsdom/living/events/EventTarget-impl.js:338:25)
        at invokeEventListeners (/home/rgoldberg/projects/figure-collector-services/figure-collector-frontend/node_modules/jest-cli/node_modules/jsdom/lib/jsdom/living/events/EventTarget-impl.js:274:3)
        at HTMLUnknownElementImpl._dispatch (/home/rgoldberg/projects/figure-collector-services/figure-collector-frontend/node_modules/jest-cli/node_modules/jsdom/lib/jsdom/living/events/EventTarget-impl.js:221:9)
        at HTMLUnknownElementImpl.dispatchEvent (/home/rgoldberg/projects/figure-collector-services/figure-collector-frontend/node_modules/jest-cli/node_modules/jsdom/lib/jsdom/living/events/EventTarget-impl.js:94:17)
        at HTMLUnknownElement.dispatchEvent (/home/rgoldberg/projects/figure-collector-services/figure-collector-frontend/node_modules/jest-cli/node_modules/jsdom/lib/jsdom/living/generated/EventTarget.js:231:34)
        at Object.invokeGuardedCallbackDev (/home/rgoldberg/projects/figure-collector-services/figure-collector-frontend/node_modules/react-dom/cjs/react-dom.development.js:4213:16)
        at invokeGuardedCallback (/home/rgoldberg/projects/figure-collector-services/figure-collector-frontend/node_modules/react-dom/cjs/react-dom.development.js:4277:31)
        at beginWork$1 (/home/rgoldberg/projects/figure-collector-services/figure-collector-frontend/node_modules/react-dom/cjs/react-dom.development.js:27490:7)
        at performUnitOfWork (/home/rgoldberg/projects/figure-collector-services/figure-collector-frontend/node_modules/react-dom/cjs/react-dom.development.js:26599:12)
        at workLoopSync (/home/rgoldberg/projects/figure-collector-services/figure-collector-frontend/node_modules/react-dom/cjs/react-dom.development.js:26505:5)
        at renderRootSync (/home/rgoldberg/projects/figure-collector-services/figure-collector-frontend/node_modules/react-dom/cjs/react-dom.development.js:26473:7)
        at performConcurrentWorkOnRoot (/home/rgoldberg/projects/figure-collector-services/figure-collector-frontend/node_modules/react-dom/cjs/react-dom.development.js:25777:74)
        at flushActQueue (/home/rgoldberg/projects/figure-collector-services/figure-collector-frontend/node_modules/react/cjs/react.development.js:2667:24)
        at act (/home/rgoldberg/projects/figure-collector-services/figure-collector-frontend/node_modules/react/cjs/react.development.js:2582:11)
        at /home/rgoldberg/projects/figure-collector-services/figure-collector-frontend/node_modules/@testing-library/react/dist/act-compat.js:47:25
        at renderRoot (/home/rgoldberg/projects/figure-collector-services/figure-collector-frontend/node_modules/@testing-library/react/dist/pure.js:190:26)
        at render (/home/rgoldberg/projects/figure-collector-services/figure-collector-frontend/node_modules/@testing-library/react/dist/pure.js:292:10)
        at customRender (/home/rgoldberg/projects/figure-collector-services/figure-collector-frontend/src/test-utils.tsx:79:12)
        at Object.<anonymous> (/home/rgoldberg/projects/figure-collector-services/figure-collector-frontend/src/__tests__/integration/figure-operations.integration.test.tsx:46:11)
        at Promise.then.completed (/home/rgoldberg/projects/figure-collector-services/figure-collector-frontend/node_modules/@jest/core/node_modules/jest-circus/build/utils.js:391:28)
        at new Promise (<anonymous>)
        at callAsyncCircusFn (/home/rgoldberg/projects/figure-collector-services/figure-collector-frontend/node_modules/@jest/core/node_modules/jest-circus/build/utils.js:316:10)
        at _callCircusTest (/home/rgoldberg/projects/figure-collector-services/figure-collector-frontend/node_modules/@jest/core/node_modules/jest-circus/build/run.js:218:40)
        at processTicksAndRejections (node:internal/process/task_queues:105:5)
        at _runTest (/home/rgoldberg/projects/figure-collector-services/figure-collector-frontend/node_modules/@jest/core/node_modules/jest-circus/build/run.js:155:3)
        at _runTestsForDescribeBlock (/home/rgoldberg/projects/figure-collector-services/figure-collector-frontend/node_modules/@jest/core/node_modules/jest-circus/build/run.js:66:9)
        at _runTestsForDescribeBlock (/home/rgoldberg/projects/figure-collector-services/figure-collector-frontend/node_modules/@jest/core/node_modules/jest-circus/build/run.js:60:9)
        at run (/home/rgoldberg/projects/figure-collector-services/figure-collector-frontend/node_modules/@jest/core/node_modules/jest-circus/build/run.js:25:3)
        at runAndTransformResultsToJestFormat (/home/rgoldberg/projects/figure-collector-services/figure-collector-frontend/node_modules/@jest/core/node_modules/jest-circus/build/legacy-code-todo-rewrite/jestAdapterInit.js:170:21)
        at jestAdapter (/home/rgoldberg/projects/figure-collector-services/figure-collector-frontend/node_modules/@jest/core/node_modules/jest-circus/build/legacy-code-todo-rewrite/jestAdapter.js:82:19)
        at runTestInternal (/home/rgoldberg/projects/figure-collector-services/figure-collector-frontend/node_modules/jest-runner/build/runTest.js:389:16)
        at runTest (/home/rgoldberg/projects/figure-collector-services/figure-collector-frontend/node_modules/jest-runner/build/runTest.js:475:34)

      77 |     initialRoutes?: string[] 
      78 |   }
    > 79 | ) => render(ui, { 
         |            ^
      80 |   wrapper: (props) => (
      81 |     <AllProviders 
      82 |       initialRoutes={options?.initialRoutes} 

      at VirtualConsole.<anonymous> (node_modules/jest-cli/node_modules/jsdom/lib/jsdom/virtual-console.js:29:45)
      at Object.invokeGuardedCallbackDev (node_modules/react-dom/cjs/react-dom.development.js:4213:16)
      at invokeGuardedCallback (node_modules/react-dom/cjs/react-dom.development.js:4277:31)
      at beginWork$1 (node_modules/react-dom/cjs/react-dom.development.js:27490:7)
      at performUnitOfWork (node_modules/react-dom/cjs/react-dom.development.js:26599:12)
      at workLoopSync (node_modules/react-dom/cjs/react-dom.development.js:26505:5)
      at renderRootSync (node_modules/react-dom/cjs/react-dom.development.js:26473:7)
      at performConcurrentWorkOnRoot (node_modules/react-dom/cjs/react-dom.development.js:25777:74)
      at flushActQueue (node_modules/react/cjs/react.development.js:2667:24)
      at act (node_modules/react/cjs/react.development.js:2582:11)
      at node_modules/@testing-library/react/dist/act-compat.js:47:25
      at renderRoot (node_modules/@testing-library/react/dist/pure.js:190:26)
      at render (node_modules/@testing-library/react/dist/pure.js:292:10)
      at customRender (src/test-utils.tsx:79:12)
      at Object.<anonymous> (src/__tests__/integration/figure-operations.integration.test.tsx:46:11)

  console.error
    Warning: React.jsx: type is invalid -- expected a string (for built-in components) or a class/function (for composite components) but got: undefined. You likely forgot to export your component from the file it's defined in, or you might have mixed up default and named imports.
    
    Check your code at AddFigure.tsx:60.
        at AddFigure (/home/rgoldberg/projects/figure-collector-services/figure-collector-frontend/src/pages/AddFigure.tsx:85:31)
        at Router (/home/rgoldberg/projects/figure-collector-services/figure-collector-frontend/node_modules/react-router/lib/components.tsx:421:13)
        at MemoryRouter (/home/rgoldberg/projects/figure-collector-services/figure-collector-frontend/node_modules/react-router/lib/components.tsx:225:3)
        at div
        at ChakraProvider (/home/rgoldberg/projects/figure-collector-services/figure-collector-frontend/src/setupTests.ts:441:24)
        at div
        at MockQueryClientProvider (/home/rgoldberg/projects/figure-collector-services/figure-collector-frontend/src/test-utils.tsx:11:36)
        at AllProviders (/home/rgoldberg/projects/figure-collector-services/figure-collector-frontend/src/test-utils.tsx:40:25)
        at wrapper

      58 |       <Breadcrumb spacing="8px" separator={<ChevronRightIcon color="gray.500" />} mb={5}>
      59 |         <BreadcrumbItem>
    > 60 |           <BreadcrumbLink as={RouterLink} to="/">Dashboard</BreadcrumbLink>
         |           ^
      61 |         </BreadcrumbItem>
      62 |         <BreadcrumbItem>
      63 |           <BreadcrumbLink as={RouterLink} to="/figures">Figures</BreadcrumbLink>

      at printWarning (node_modules/react/cjs/react-jsx-dev-runtime.development.js:87:30)
      at error (node_modules/react/cjs/react-jsx-dev-runtime.development.js:61:7)
      at jsxWithValidation (node_modules/react/cjs/react-jsx-dev-runtime.development.js:1245:7)
      at AddFigure (src/pages/AddFigure.tsx:60:11)
      at renderWithHooks (node_modules/react-dom/cjs/react-dom.development.js:15486:18)
      at mountIndeterminateComponent (node_modules/react-dom/cjs/react-dom.development.js:20103:13)
      at beginWork (node_modules/react-dom/cjs/react-dom.development.js:21626:16)
      at beginWork$1 (node_modules/react-dom/cjs/react-dom.development.js:27465:14)
      at performUnitOfWork (node_modules/react-dom/cjs/react-dom.development.js:26599:12)
      at workLoopSync (node_modules/react-dom/cjs/react-dom.development.js:26505:5)
      at renderRootSync (node_modules/react-dom/cjs/react-dom.development.js:26473:7)
      at recoverFromConcurrentError (node_modules/react-dom/cjs/react-dom.development.js:25889:20)
      at performConcurrentWorkOnRoot (node_modules/react-dom/cjs/react-dom.development.js:25789:22)
      at flushActQueue (node_modules/react/cjs/react.development.js:2667:24)
      at act (node_modules/react/cjs/react.development.js:2582:11)
      at node_modules/@testing-library/react/dist/act-compat.js:47:25
      at renderRoot (node_modules/@testing-library/react/dist/pure.js:190:26)
      at render (node_modules/@testing-library/react/dist/pure.js:292:10)
      at customRender (src/test-utils.tsx:79:12)
      at Object.<anonymous> (src/__tests__/integration/figure-operations.integration.test.tsx:46:11)

  console.error
    Warning: React.jsx: type is invalid -- expected a string (for built-in components) or a class/function (for composite components) but got: undefined. You likely forgot to export your component from the file it's defined in, or you might have mixed up default and named imports.
    
    Check your code at AddFigure.tsx:59.
        at AddFigure (/home/rgoldberg/projects/figure-collector-services/figure-collector-frontend/src/pages/AddFigure.tsx:85:31)
        at Router (/home/rgoldberg/projects/figure-collector-services/figure-collector-frontend/node_modules/react-router/lib/components.tsx:421:13)
        at MemoryRouter (/home/rgoldberg/projects/figure-collector-services/figure-collector-frontend/node_modules/react-router/lib/components.tsx:225:3)
        at div
        at ChakraProvider (/home/rgoldberg/projects/figure-collector-services/figure-collector-frontend/src/setupTests.ts:441:24)
        at div
        at MockQueryClientProvider (/home/rgoldberg/projects/figure-collector-services/figure-collector-frontend/src/test-utils.tsx:11:36)
        at AllProviders (/home/rgoldberg/projects/figure-collector-services/figure-collector-frontend/src/test-utils.tsx:40:25)
        at wrapper

      57 |     <Box>
      58 |       <Breadcrumb spacing="8px" separator={<ChevronRightIcon color="gray.500" />} mb={5}>
    > 59 |         <BreadcrumbItem>
         |         ^
      60 |           <BreadcrumbLink as={RouterLink} to="/">Dashboard</BreadcrumbLink>
      61 |         </BreadcrumbItem>
      62 |         <BreadcrumbItem>

      at printWarning (node_modules/react/cjs/react-jsx-dev-runtime.development.js:87:30)
      at error (node_modules/react/cjs/react-jsx-dev-runtime.development.js:61:7)
      at jsxWithValidation (node_modules/react/cjs/react-jsx-dev-runtime.development.js:1245:7)
      at AddFigure (src/pages/AddFigure.tsx:59:9)
      at renderWithHooks (node_modules/react-dom/cjs/react-dom.development.js:15486:18)
      at mountIndeterminateComponent (node_modules/react-dom/cjs/react-dom.development.js:20103:13)
      at beginWork (node_modules/react-dom/cjs/react-dom.development.js:21626:16)
      at beginWork$1 (node_modules/react-dom/cjs/react-dom.development.js:27465:14)
      at performUnitOfWork (node_modules/react-dom/cjs/react-dom.development.js:26599:12)
      at workLoopSync (node_modules/react-dom/cjs/react-dom.development.js:26505:5)
      at renderRootSync (node_modules/react-dom/cjs/react-dom.development.js:26473:7)
      at recoverFromConcurrentError (node_modules/react-dom/cjs/react-dom.development.js:25889:20)
      at performConcurrentWorkOnRoot (node_modules/react-dom/cjs/react-dom.development.js:25789:22)
      at flushActQueue (node_modules/react/cjs/react.development.js:2667:24)
      at act (node_modules/react/cjs/react.development.js:2582:11)
      at node_modules/@testing-library/react/dist/act-compat.js:47:25
      at renderRoot (node_modules/@testing-library/react/dist/pure.js:190:26)
      at render (node_modules/@testing-library/react/dist/pure.js:292:10)
      at customRender (src/test-utils.tsx:79:12)
      at Object.<anonymous> (src/__tests__/integration/figure-operations.integration.test.tsx:46:11)

  console.error
    Warning: React.jsx: type is invalid -- expected a string (for built-in components) or a class/function (for composite components) but got: undefined. You likely forgot to export your component from the file it's defined in, or you might have mixed up default and named imports.
    
    Check your code at AddFigure.tsx:63.
        at AddFigure (/home/rgoldberg/projects/figure-collector-services/figure-collector-frontend/src/pages/AddFigure.tsx:85:31)
        at Router (/home/rgoldberg/projects/figure-collector-services/figure-collector-frontend/node_modules/react-router/lib/components.tsx:421:13)
        at MemoryRouter (/home/rgoldberg/projects/figure-collector-services/figure-collector-frontend/node_modules/react-router/lib/components.tsx:225:3)
        at div
        at ChakraProvider (/home/rgoldberg/projects/figure-collector-services/figure-collector-frontend/src/setupTests.ts:441:24)
        at div
        at MockQueryClientProvider (/home/rgoldberg/projects/figure-collector-services/figure-collector-frontend/src/test-utils.tsx:11:36)
        at AllProviders (/home/rgoldberg/projects/figure-collector-services/figure-collector-frontend/src/test-utils.tsx:40:25)
        at wrapper

      61 |         </BreadcrumbItem>
      62 |         <BreadcrumbItem>
    > 63 |           <BreadcrumbLink as={RouterLink} to="/figures">Figures</BreadcrumbLink>
         |           ^
      64 |         </BreadcrumbItem>
      65 |         <BreadcrumbItem isCurrentPage>
      66 |           <BreadcrumbLink>Add New Figure</BreadcrumbLink>

      at printWarning (node_modules/react/cjs/react-jsx-dev-runtime.development.js:87:30)
      at error (node_modules/react/cjs/react-jsx-dev-runtime.development.js:61:7)
      at jsxWithValidation (node_modules/react/cjs/react-jsx-dev-runtime.development.js:1245:7)
      at AddFigure (src/pages/AddFigure.tsx:63:11)
      at renderWithHooks (node_modules/react-dom/cjs/react-dom.development.js:15486:18)
      at mountIndeterminateComponent (node_modules/react-dom/cjs/react-dom.development.js:20103:13)
      at beginWork (node_modules/react-dom/cjs/react-dom.development.js:21626:16)
      at beginWork$1 (node_modules/react-dom/cjs/react-dom.development.js:27465:14)
      at performUnitOfWork (node_modules/react-dom/cjs/react-dom.development.js:26599:12)
      at workLoopSync (node_modules/react-dom/cjs/react-dom.development.js:26505:5)
      at renderRootSync (node_modules/react-dom/cjs/react-dom.development.js:26473:7)
      at recoverFromConcurrentError (node_modules/react-dom/cjs/react-dom.development.js:25889:20)
      at performConcurrentWorkOnRoot (node_modules/react-dom/cjs/react-dom.development.js:25789:22)
      at flushActQueue (node_modules/react/cjs/react.development.js:2667:24)
      at act (node_modules/react/cjs/react.development.js:2582:11)
      at node_modules/@testing-library/react/dist/act-compat.js:47:25
      at renderRoot (node_modules/@testing-library/react/dist/pure.js:190:26)
      at render (node_modules/@testing-library/react/dist/pure.js:292:10)
      at customRender (src/test-utils.tsx:79:12)
      at Object.<anonymous> (src/__tests__/integration/figure-operations.integration.test.tsx:46:11)

  console.error
    Warning: React.jsx: type is invalid -- expected a string (for built-in components) or a class/function (for composite components) but got: undefined. You likely forgot to export your component from the file it's defined in, or you might have mixed up default and named imports.
    
    Check your code at AddFigure.tsx:62.
        at AddFigure (/home/rgoldberg/projects/figure-collector-services/figure-collector-frontend/src/pages/AddFigure.tsx:85:31)
        at Router (/home/rgoldberg/projects/figure-collector-services/figure-collector-frontend/node_modules/react-router/lib/components.tsx:421:13)
        at MemoryRouter (/home/rgoldberg/projects/figure-collector-services/figure-collector-frontend/node_modules/react-router/lib/components.tsx:225:3)
        at div
        at ChakraProvider (/home/rgoldberg/projects/figure-collector-services/figure-collector-frontend/src/setupTests.ts:441:24)
        at div
        at MockQueryClientProvider (/home/rgoldberg/projects/figure-collector-services/figure-collector-frontend/src/test-utils.tsx:11:36)
        at AllProviders (/home/rgoldberg/projects/figure-collector-services/figure-collector-frontend/src/test-utils.tsx:40:25)
        at wrapper

      60 |           <BreadcrumbLink as={RouterLink} to="/">Dashboard</BreadcrumbLink>
      61 |         </BreadcrumbItem>
    > 62 |         <BreadcrumbItem>
         |         ^
      63 |           <BreadcrumbLink as={RouterLink} to="/figures">Figures</BreadcrumbLink>
      64 |         </BreadcrumbItem>
      65 |         <BreadcrumbItem isCurrentPage>

      at printWarning (node_modules/react/cjs/react-jsx-dev-runtime.development.js:87:30)
      at error (node_modules/react/cjs/react-jsx-dev-runtime.development.js:61:7)
      at jsxWithValidation (node_modules/react/cjs/react-jsx-dev-runtime.development.js:1245:7)
      at AddFigure (src/pages/AddFigure.tsx:62:9)
      at renderWithHooks (node_modules/react-dom/cjs/react-dom.development.js:15486:18)
      at mountIndeterminateComponent (node_modules/react-dom/cjs/react-dom.development.js:20103:13)
      at beginWork (node_modules/react-dom/cjs/react-dom.development.js:21626:16)
      at beginWork$1 (node_modules/react-dom/cjs/react-dom.development.js:27465:14)
      at performUnitOfWork (node_modules/react-dom/cjs/react-dom.development.js:26599:12)
      at workLoopSync (node_modules/react-dom/cjs/react-dom.development.js:26505:5)
      at renderRootSync (node_modules/react-dom/cjs/react-dom.development.js:26473:7)
      at recoverFromConcurrentError (node_modules/react-dom/cjs/react-dom.development.js:25889:20)
      at performConcurrentWorkOnRoot (node_modules/react-dom/cjs/react-dom.development.js:25789:22)
      at flushActQueue (node_modules/react/cjs/react.development.js:2667:24)
      at act (node_modules/react/cjs/react.development.js:2582:11)
      at node_modules/@testing-library/react/dist/act-compat.js:47:25
      at renderRoot (node_modules/@testing-library/react/dist/pure.js:190:26)
      at render (node_modules/@testing-library/react/dist/pure.js:292:10)
      at customRender (src/test-utils.tsx:79:12)
      at Object.<anonymous> (src/__tests__/integration/figure-operations.integration.test.tsx:46:11)

  console.error
    Warning: React.jsx: type is invalid -- expected a string (for built-in components) or a class/function (for composite components) but got: undefined. You likely forgot to export your component from the file it's defined in, or you might have mixed up default and named imports.
    
    Check your code at AddFigure.tsx:66.
        at AddFigure (/home/rgoldberg/projects/figure-collector-services/figure-collector-frontend/src/pages/AddFigure.tsx:85:31)
        at Router (/home/rgoldberg/projects/figure-collector-services/figure-collector-frontend/node_modules/react-router/lib/components.tsx:421:13)
        at MemoryRouter (/home/rgoldberg/projects/figure-collector-services/figure-collector-frontend/node_modules/react-router/lib/components.tsx:225:3)
        at div
        at ChakraProvider (/home/rgoldberg/projects/figure-collector-services/figure-collector-frontend/src/setupTests.ts:441:24)
        at div
        at MockQueryClientProvider (/home/rgoldberg/projects/figure-collector-services/figure-collector-frontend/src/test-utils.tsx:11:36)
        at AllProviders (/home/rgoldberg/projects/figure-collector-services/figure-collector-frontend/src/test-utils.tsx:40:25)
        at wrapper

      64 |         </BreadcrumbItem>
      65 |         <BreadcrumbItem isCurrentPage>
    > 66 |           <BreadcrumbLink>Add New Figure</BreadcrumbLink>
         |           ^
      67 |         </BreadcrumbItem>
      68 |       </Breadcrumb>
      69 |       

      at printWarning (node_modules/react/cjs/react-jsx-dev-runtime.development.js:87:30)
      at error (node_modules/react/cjs/react-jsx-dev-runtime.development.js:61:7)
      at jsxWithValidation (node_modules/react/cjs/react-jsx-dev-runtime.development.js:1245:7)
      at AddFigure (src/pages/AddFigure.tsx:66:11)
      at renderWithHooks (node_modules/react-dom/cjs/react-dom.development.js:15486:18)
      at mountIndeterminateComponent (node_modules/react-dom/cjs/react-dom.development.js:20103:13)
      at beginWork (node_modules/react-dom/cjs/react-dom.development.js:21626:16)
      at beginWork$1 (node_modules/react-dom/cjs/react-dom.development.js:27465:14)
      at performUnitOfWork (node_modules/react-dom/cjs/react-dom.development.js:26599:12)
      at workLoopSync (node_modules/react-dom/cjs/react-dom.development.js:26505:5)
      at renderRootSync (node_modules/react-dom/cjs/react-dom.development.js:26473:7)
      at recoverFromConcurrentError (node_modules/react-dom/cjs/react-dom.development.js:25889:20)
      at performConcurrentWorkOnRoot (node_modules/react-dom/cjs/react-dom.development.js:25789:22)
      at flushActQueue (node_modules/react/cjs/react.development.js:2667:24)
      at act (node_modules/react/cjs/react.development.js:2582:11)
      at node_modules/@testing-library/react/dist/act-compat.js:47:25
      at renderRoot (node_modules/@testing-library/react/dist/pure.js:190:26)
      at render (node_modules/@testing-library/react/dist/pure.js:292:10)
      at customRender (src/test-utils.tsx:79:12)
      at Object.<anonymous> (src/__tests__/integration/figure-operations.integration.test.tsx:46:11)

  console.error
    Warning: React.jsx: type is invalid -- expected a string (for built-in components) or a class/function (for composite components) but got: undefined. You likely forgot to export your component from the file it's defined in, or you might have mixed up default and named imports.
    
    Check your code at AddFigure.tsx:65.
        at AddFigure (/home/rgoldberg/projects/figure-collector-services/figure-collector-frontend/src/pages/AddFigure.tsx:85:31)
        at Router (/home/rgoldberg/projects/figure-collector-services/figure-collector-frontend/node_modules/react-router/lib/components.tsx:421:13)
        at MemoryRouter (/home/rgoldberg/projects/figure-collector-services/figure-collector-frontend/node_modules/react-router/lib/components.tsx:225:3)
        at div
        at ChakraProvider (/home/rgoldberg/projects/figure-collector-services/figure-collector-frontend/src/setupTests.ts:441:24)
        at div
        at MockQueryClientProvider (/home/rgoldberg/projects/figure-collector-services/figure-collector-frontend/src/test-utils.tsx:11:36)
        at AllProviders (/home/rgoldberg/projects/figure-collector-services/figure-collector-frontend/src/test-utils.tsx:40:25)
        at wrapper

      63 |           <BreadcrumbLink as={RouterLink} to="/figures">Figures</BreadcrumbLink>
      64 |         </BreadcrumbItem>
    > 65 |         <BreadcrumbItem isCurrentPage>
         |         ^
      66 |           <BreadcrumbLink>Add New Figure</BreadcrumbLink>
      67 |         </BreadcrumbItem>
      68 |       </Breadcrumb>

      at printWarning (node_modules/react/cjs/react-jsx-dev-runtime.development.js:87:30)
      at error (node_modules/react/cjs/react-jsx-dev-runtime.development.js:61:7)
      at jsxWithValidation (node_modules/react/cjs/react-jsx-dev-runtime.development.js:1245:7)
      at AddFigure (src/pages/AddFigure.tsx:65:9)
      at renderWithHooks (node_modules/react-dom/cjs/react-dom.development.js:15486:18)
      at mountIndeterminateComponent (node_modules/react-dom/cjs/react-dom.development.js:20103:13)
      at beginWork (node_modules/react-dom/cjs/react-dom.development.js:21626:16)
      at beginWork$1 (node_modules/react-dom/cjs/react-dom.development.js:27465:14)
      at performUnitOfWork (node_modules/react-dom/cjs/react-dom.development.js:26599:12)
      at workLoopSync (node_modules/react-dom/cjs/react-dom.development.js:26505:5)
      at renderRootSync (node_modules/react-dom/cjs/react-dom.development.js:26473:7)
      at recoverFromConcurrentError (node_modules/react-dom/cjs/react-dom.development.js:25889:20)
      at performConcurrentWorkOnRoot (node_modules/react-dom/cjs/react-dom.development.js:25789:22)
      at flushActQueue (node_modules/react/cjs/react.development.js:2667:24)
      at act (node_modules/react/cjs/react.development.js:2582:11)
      at node_modules/@testing-library/react/dist/act-compat.js:47:25
      at renderRoot (node_modules/@testing-library/react/dist/pure.js:190:26)
      at render (node_modules/@testing-library/react/dist/pure.js:292:10)
      at customRender (src/test-utils.tsx:79:12)
      at Object.<anonymous> (src/__tests__/integration/figure-operations.integration.test.tsx:46:11)

  console.error
    Warning: React.jsx: type is invalid -- expected a string (for built-in components) or a class/function (for composite components) but got: undefined. You likely forgot to export your component from the file it's defined in, or you might have mixed up default and named imports.
    
    Check your code at AddFigure.tsx:58.
        at AddFigure (/home/rgoldberg/projects/figure-collector-services/figure-collector-frontend/src/pages/AddFigure.tsx:85:31)
        at Router (/home/rgoldberg/projects/figure-collector-services/figure-collector-frontend/node_modules/react-router/lib/components.tsx:421:13)
        at MemoryRouter (/home/rgoldberg/projects/figure-collector-services/figure-collector-frontend/node_modules/react-router/lib/components.tsx:225:3)
        at div
        at ChakraProvider (/home/rgoldberg/projects/figure-collector-services/figure-collector-frontend/src/setupTests.ts:441:24)
        at div
        at MockQueryClientProvider (/home/rgoldberg/projects/figure-collector-services/figure-collector-frontend/src/test-utils.tsx:11:36)
        at AllProviders (/home/rgoldberg/projects/figure-collector-services/figure-collector-frontend/src/test-utils.tsx:40:25)
        at wrapper

      56 |   return (
      57 |     <Box>
    > 58 |       <Breadcrumb spacing="8px" separator={<ChevronRightIcon color="gray.500" />} mb={5}>
         |       ^
      59 |         <BreadcrumbItem>
      60 |           <BreadcrumbLink as={RouterLink} to="/">Dashboard</BreadcrumbLink>
      61 |         </BreadcrumbItem>

      at printWarning (node_modules/react/cjs/react-jsx-dev-runtime.development.js:87:30)
      at error (node_modules/react/cjs/react-jsx-dev-runtime.development.js:61:7)
      at jsxWithValidation (node_modules/react/cjs/react-jsx-dev-runtime.development.js:1245:7)
      at AddFigure (src/pages/AddFigure.tsx:58:7)
      at renderWithHooks (node_modules/react-dom/cjs/react-dom.development.js:15486:18)
      at mountIndeterminateComponent (node_modules/react-dom/cjs/react-dom.development.js:20103:13)
      at beginWork (node_modules/react-dom/cjs/react-dom.development.js:21626:16)
      at beginWork$1 (node_modules/react-dom/cjs/react-dom.development.js:27465:14)
      at performUnitOfWork (node_modules/react-dom/cjs/react-dom.development.js:26599:12)
      at workLoopSync (node_modules/react-dom/cjs/react-dom.development.js:26505:5)
      at renderRootSync (node_modules/react-dom/cjs/react-dom.development.js:26473:7)
      at recoverFromConcurrentError (node_modules/react-dom/cjs/react-dom.development.js:25889:20)
      at performConcurrentWorkOnRoot (node_modules/react-dom/cjs/react-dom.development.js:25789:22)
      at flushActQueue (node_modules/react/cjs/react.development.js:2667:24)
      at act (node_modules/react/cjs/react.development.js:2582:11)
      at node_modules/@testing-library/react/dist/act-compat.js:47:25
      at renderRoot (node_modules/@testing-library/react/dist/pure.js:190:26)
      at render (node_modules/@testing-library/react/dist/pure.js:292:10)
      at customRender (src/test-utils.tsx:79:12)
      at Object.<anonymous> (src/__tests__/integration/figure-operations.integration.test.tsx:46:11)

  console.error
    Warning: React.jsx: type is invalid -- expected a string (for built-in components) or a class/function (for composite components) but got: undefined. You likely forgot to export your component from the file it's defined in, or you might have mixed up default and named imports.
    
    Check your code at AddFigure.tsx:73.
        at AddFigure (/home/rgoldberg/projects/figure-collector-services/figure-collector-frontend/src/pages/AddFigure.tsx:85:31)
        at Router (/home/rgoldberg/projects/figure-collector-services/figure-collector-frontend/node_modules/react-router/lib/components.tsx:421:13)
        at MemoryRouter (/home/rgoldberg/projects/figure-collector-services/figure-collector-frontend/node_modules/react-router/lib/components.tsx:225:3)
        at div
        at ChakraProvider (/home/rgoldberg/projects/figure-collector-services/figure-collector-frontend/src/setupTests.ts:441:24)
        at div
        at MockQueryClientProvider (/home/rgoldberg/projects/figure-collector-services/figure-collector-frontend/src/test-utils.tsx:11:36)
        at AllProviders (/home/rgoldberg/projects/figure-collector-services/figure-collector-frontend/src/test-utils.tsx:40:25)
        at wrapper

      71 |         <Heading size="lg">Add New Figure</Heading>
      72 |         <Button
    > 73 |           leftIcon={<FaArrowLeft />}
         |                     ^
      74 |           as={RouterLink}
      75 |           to="/figures"
      76 |           variant="outline"

      at printWarning (node_modules/react/cjs/react-jsx-dev-runtime.development.js:87:30)
      at error (node_modules/react/cjs/react-jsx-dev-runtime.development.js:61:7)
      at jsxWithValidation (node_modules/react/cjs/react-jsx-dev-runtime.development.js:1245:7)
      at AddFigure (src/pages/AddFigure.tsx:73:21)
      at renderWithHooks (node_modules/react-dom/cjs/react-dom.development.js:15486:18)
      at mountIndeterminateComponent (node_modules/react-dom/cjs/react-dom.development.js:20103:13)
      at beginWork (node_modules/react-dom/cjs/react-dom.development.js:21626:16)
      at beginWork$1 (node_modules/react-dom/cjs/react-dom.development.js:27465:14)
      at performUnitOfWork (node_modules/react-dom/cjs/react-dom.development.js:26599:12)
      at workLoopSync (node_modules/react-dom/cjs/react-dom.development.js:26505:5)
      at renderRootSync (node_modules/react-dom/cjs/react-dom.development.js:26473:7)
      at recoverFromConcurrentError (node_modules/react-dom/cjs/react-dom.development.js:25889:20)
      at performConcurrentWorkOnRoot (node_modules/react-dom/cjs/react-dom.development.js:25789:22)
      at flushActQueue (node_modules/react/cjs/react.development.js:2667:24)
      at act (node_modules/react/cjs/react.development.js:2582:11)
      at node_modules/@testing-library/react/dist/act-compat.js:47:25
      at renderRoot (node_modules/@testing-library/react/dist/pure.js:190:26)
      at render (node_modules/@testing-library/react/dist/pure.js:292:10)
      at customRender (src/test-utils.tsx:79:12)
      at Object.<anonymous> (src/__tests__/integration/figure-operations.integration.test.tsx:46:11)

  console.error
    Warning: React.jsx: type is invalid -- expected a string (for built-in components) or a class/function (for composite components) but got: undefined. You likely forgot to export your component from the file it's defined in, or you might have mixed up default and named imports.
    
    Check your code at AddFigure.tsx:60.
        at AddFigure (/home/rgoldberg/projects/figure-collector-services/figure-collector-frontend/src/pages/AddFigure.tsx:85:31)
        at Router (/home/rgoldberg/projects/figure-collector-services/figure-collector-frontend/node_modules/react-router/lib/components.tsx:421:13)
        at MemoryRouter (/home/rgoldberg/projects/figure-collector-services/figure-collector-frontend/node_modules/react-router/lib/components.tsx:225:3)
        at div
        at ChakraProvider (/home/rgoldberg/projects/figure-collector-services/figure-collector-frontend/src/setupTests.ts:441:24)
        at div
        at MockQueryClientProvider (/home/rgoldberg/projects/figure-collector-services/figure-collector-frontend/src/test-utils.tsx:11:36)
        at AllProviders (/home/rgoldberg/projects/figure-collector-services/figure-collector-frontend/src/test-utils.tsx:40:25)
        at wrapper

      58 |       <Breadcrumb spacing="8px" separator={<ChevronRightIcon color="gray.500" />} mb={5}>
      59 |         <BreadcrumbItem>
    > 60 |           <BreadcrumbLink as={RouterLink} to="/">Dashboard</BreadcrumbLink>
         |           ^
      61 |         </BreadcrumbItem>
      62 |         <BreadcrumbItem>
      63 |           <BreadcrumbLink as={RouterLink} to="/figures">Figures</BreadcrumbLink>

      at printWarning (node_modules/react/cjs/react-jsx-dev-runtime.development.js:87:30)
      at error (node_modules/react/cjs/react-jsx-dev-runtime.development.js:61:7)
      at jsxWithValidation (node_modules/react/cjs/react-jsx-dev-runtime.development.js:1245:7)
      at AddFigure (src/pages/AddFigure.tsx:60:11)
      at renderWithHooks (node_modules/react-dom/cjs/react-dom.development.js:15486:18)
      at mountIndeterminateComponent (node_modules/react-dom/cjs/react-dom.development.js:20103:13)
      at beginWork (node_modules/react-dom/cjs/react-dom.development.js:21626:16)
      at HTMLUnknownElement.callCallback (node_modules/react-dom/cjs/react-dom.development.js:4164:14)
      at Object.invokeGuardedCallbackDev (node_modules/react-dom/cjs/react-dom.development.js:4213:16)
      at invokeGuardedCallback (node_modules/react-dom/cjs/react-dom.development.js:4277:31)
      at beginWork$1 (node_modules/react-dom/cjs/react-dom.development.js:27490:7)
      at performUnitOfWork (node_modules/react-dom/cjs/react-dom.development.js:26599:12)
      at workLoopSync (node_modules/react-dom/cjs/react-dom.development.js:26505:5)
      at renderRootSync (node_modules/react-dom/cjs/react-dom.development.js:26473:7)
      at recoverFromConcurrentError (node_modules/react-dom/cjs/react-dom.development.js:25889:20)
      at performConcurrentWorkOnRoot (node_modules/react-dom/cjs/react-dom.development.js:25789:22)
      at flushActQueue (node_modules/react/cjs/react.development.js:2667:24)
      at act (node_modules/react/cjs/react.development.js:2582:11)
      at node_modules/@testing-library/react/dist/act-compat.js:47:25
      at renderRoot (node_modules/@testing-library/react/dist/pure.js:190:26)
      at render (node_modules/@testing-library/react/dist/pure.js:292:10)
      at customRender (src/test-utils.tsx:79:12)
      at Object.<anonymous> (src/__tests__/integration/figure-operations.integration.test.tsx:46:11)

  console.error
    Warning: React.jsx: type is invalid -- expected a string (for built-in components) or a class/function (for composite components) but got: undefined. You likely forgot to export your component from the file it's defined in, or you might have mixed up default and named imports.
    
    Check your code at AddFigure.tsx:59.
        at AddFigure (/home/rgoldberg/projects/figure-collector-services/figure-collector-frontend/src/pages/AddFigure.tsx:85:31)
        at Router (/home/rgoldberg/projects/figure-collector-services/figure-collector-frontend/node_modules/react-router/lib/components.tsx:421:13)
        at MemoryRouter (/home/rgoldberg/projects/figure-collector-services/figure-collector-frontend/node_modules/react-router/lib/components.tsx:225:3)
        at div
        at ChakraProvider (/home/rgoldberg/projects/figure-collector-services/figure-collector-frontend/src/setupTests.ts:441:24)
        at div
        at MockQueryClientProvider (/home/rgoldberg/projects/figure-collector-services/figure-collector-frontend/src/test-utils.tsx:11:36)
        at AllProviders (/home/rgoldberg/projects/figure-collector-services/figure-collector-frontend/src/test-utils.tsx:40:25)
        at wrapper

      57 |     <Box>
      58 |       <Breadcrumb spacing="8px" separator={<ChevronRightIcon color="gray.500" />} mb={5}>
    > 59 |         <BreadcrumbItem>
         |         ^
      60 |           <BreadcrumbLink as={RouterLink} to="/">Dashboard</BreadcrumbLink>
      61 |         </BreadcrumbItem>
      62 |         <BreadcrumbItem>

      at printWarning (node_modules/react/cjs/react-jsx-dev-runtime.development.js:87:30)
      at error (node_modules/react/cjs/react-jsx-dev-runtime.development.js:61:7)
      at jsxWithValidation (node_modules/react/cjs/react-jsx-dev-runtime.development.js:1245:7)
      at AddFigure (src/pages/AddFigure.tsx:59:9)
      at renderWithHooks (node_modules/react-dom/cjs/react-dom.development.js:15486:18)
      at mountIndeterminateComponent (node_modules/react-dom/cjs/react-dom.development.js:20103:13)
      at beginWork (node_modules/react-dom/cjs/react-dom.development.js:21626:16)
      at HTMLUnknownElement.callCallback (node_modules/react-dom/cjs/react-dom.development.js:4164:14)
      at Object.invokeGuardedCallbackDev (node_modules/react-dom/cjs/react-dom.development.js:4213:16)
      at invokeGuardedCallback (node_modules/react-dom/cjs/react-dom.development.js:4277:31)
      at beginWork$1 (node_modules/react-dom/cjs/react-dom.development.js:27490:7)
      at performUnitOfWork (node_modules/react-dom/cjs/react-dom.development.js:26599:12)
      at workLoopSync (node_modules/react-dom/cjs/react-dom.development.js:26505:5)
      at renderRootSync (node_modules/react-dom/cjs/react-dom.development.js:26473:7)
      at recoverFromConcurrentError (node_modules/react-dom/cjs/react-dom.development.js:25889:20)
      at performConcurrentWorkOnRoot (node_modules/react-dom/cjs/react-dom.development.js:25789:22)
      at flushActQueue (node_modules/react/cjs/react.development.js:2667:24)
      at act (node_modules/react/cjs/react.development.js:2582:11)
      at node_modules/@testing-library/react/dist/act-compat.js:47:25
      at renderRoot (node_modules/@testing-library/react/dist/pure.js:190:26)
      at render (node_modules/@testing-library/react/dist/pure.js:292:10)
      at customRender (src/test-utils.tsx:79:12)
      at Object.<anonymous> (src/__tests__/integration/figure-operations.integration.test.tsx:46:11)

  console.error
    Warning: React.jsx: type is invalid -- expected a string (for built-in components) or a class/function (for composite components) but got: undefined. You likely forgot to export your component from the file it's defined in, or you might have mixed up default and named imports.
    
    Check your code at AddFigure.tsx:63.
        at AddFigure (/home/rgoldberg/projects/figure-collector-services/figure-collector-frontend/src/pages/AddFigure.tsx:85:31)
        at Router (/home/rgoldberg/projects/figure-collector-services/figure-collector-frontend/node_modules/react-router/lib/components.tsx:421:13)
        at MemoryRouter (/home/rgoldberg/projects/figure-collector-services/figure-collector-frontend/node_modules/react-router/lib/components.tsx:225:3)
        at div
        at ChakraProvider (/home/rgoldberg/projects/figure-collector-services/figure-collector-frontend/src/setupTests.ts:441:24)
        at div
        at MockQueryClientProvider (/home/rgoldberg/projects/figure-collector-services/figure-collector-frontend/src/test-utils.tsx:11:36)
        at AllProviders (/home/rgoldberg/projects/figure-collector-services/figure-collector-frontend/src/test-utils.tsx:40:25)
        at wrapper

      61 |         </BreadcrumbItem>
      62 |         <BreadcrumbItem>
    > 63 |           <BreadcrumbLink as={RouterLink} to="/figures">Figures</BreadcrumbLink>
         |           ^
      64 |         </BreadcrumbItem>
      65 |         <BreadcrumbItem isCurrentPage>
      66 |           <BreadcrumbLink>Add New Figure</BreadcrumbLink>

      at printWarning (node_modules/react/cjs/react-jsx-dev-runtime.development.js:87:30)
      at error (node_modules/react/cjs/react-jsx-dev-runtime.development.js:61:7)
      at jsxWithValidation (node_modules/react/cjs/react-jsx-dev-runtime.development.js:1245:7)
      at AddFigure (src/pages/AddFigure.tsx:63:11)
      at renderWithHooks (node_modules/react-dom/cjs/react-dom.development.js:15486:18)
      at mountIndeterminateComponent (node_modules/react-dom/cjs/react-dom.development.js:20103:13)
      at beginWork (node_modules/react-dom/cjs/react-dom.development.js:21626:16)
      at HTMLUnknownElement.callCallback (node_modules/react-dom/cjs/react-dom.development.js:4164:14)
      at Object.invokeGuardedCallbackDev (node_modules/react-dom/cjs/react-dom.development.js:4213:16)
      at invokeGuardedCallback (node_modules/react-dom/cjs/react-dom.development.js:4277:31)
      at beginWork$1 (node_modules/react-dom/cjs/react-dom.development.js:27490:7)
      at performUnitOfWork (node_modules/react-dom/cjs/react-dom.development.js:26599:12)
      at workLoopSync (node_modules/react-dom/cjs/react-dom.development.js:26505:5)
      at renderRootSync (node_modules/react-dom/cjs/react-dom.development.js:26473:7)
      at recoverFromConcurrentError (node_modules/react-dom/cjs/react-dom.development.js:25889:20)
      at performConcurrentWorkOnRoot (node_modules/react-dom/cjs/react-dom.development.js:25789:22)
      at flushActQueue (node_modules/react/cjs/react.development.js:2667:24)
      at act (node_modules/react/cjs/react.development.js:2582:11)
      at node_modules/@testing-library/react/dist/act-compat.js:47:25
      at renderRoot (node_modules/@testing-library/react/dist/pure.js:190:26)
      at render (node_modules/@testing-library/react/dist/pure.js:292:10)
      at customRender (src/test-utils.tsx:79:12)
      at Object.<anonymous> (src/__tests__/integration/figure-operations.integration.test.tsx:46:11)

  console.error
    Warning: React.jsx: type is invalid -- expected a string (for built-in components) or a class/function (for composite components) but got: undefined. You likely forgot to export your component from the file it's defined in, or you might have mixed up default and named imports.
    
    Check your code at AddFigure.tsx:62.
        at AddFigure (/home/rgoldberg/projects/figure-collector-services/figure-collector-frontend/src/pages/AddFigure.tsx:85:31)
        at Router (/home/rgoldberg/projects/figure-collector-services/figure-collector-frontend/node_modules/react-router/lib/components.tsx:421:13)
        at MemoryRouter (/home/rgoldberg/projects/figure-collector-services/figure-collector-frontend/node_modules/react-router/lib/components.tsx:225:3)
        at div
        at ChakraProvider (/home/rgoldberg/projects/figure-collector-services/figure-collector-frontend/src/setupTests.ts:441:24)
        at div
        at MockQueryClientProvider (/home/rgoldberg/projects/figure-collector-services/figure-collector-frontend/src/test-utils.tsx:11:36)
        at AllProviders (/home/rgoldberg/projects/figure-collector-services/figure-collector-frontend/src/test-utils.tsx:40:25)
        at wrapper

      60 |           <BreadcrumbLink as={RouterLink} to="/">Dashboard</BreadcrumbLink>
      61 |         </BreadcrumbItem>
    > 62 |         <BreadcrumbItem>
         |         ^
      63 |           <BreadcrumbLink as={RouterLink} to="/figures">Figures</BreadcrumbLink>
      64 |         </BreadcrumbItem>
      65 |         <BreadcrumbItem isCurrentPage>

      at printWarning (node_modules/react/cjs/react-jsx-dev-runtime.development.js:87:30)
      at error (node_modules/react/cjs/react-jsx-dev-runtime.development.js:61:7)
      at jsxWithValidation (node_modules/react/cjs/react-jsx-dev-runtime.development.js:1245:7)
      at AddFigure (src/pages/AddFigure.tsx:62:9)
      at renderWithHooks (node_modules/react-dom/cjs/react-dom.development.js:15486:18)
      at mountIndeterminateComponent (node_modules/react-dom/cjs/react-dom.development.js:20103:13)
      at beginWork (node_modules/react-dom/cjs/react-dom.development.js:21626:16)
      at HTMLUnknownElement.callCallback (node_modules/react-dom/cjs/react-dom.development.js:4164:14)
      at Object.invokeGuardedCallbackDev (node_modules/react-dom/cjs/react-dom.development.js:4213:16)
      at invokeGuardedCallback (node_modules/react-dom/cjs/react-dom.development.js:4277:31)
      at beginWork$1 (node_modules/react-dom/cjs/react-dom.development.js:27490:7)
      at performUnitOfWork (node_modules/react-dom/cjs/react-dom.development.js:26599:12)
      at workLoopSync (node_modules/react-dom/cjs/react-dom.development.js:26505:5)
      at renderRootSync (node_modules/react-dom/cjs/react-dom.development.js:26473:7)
      at recoverFromConcurrentError (node_modules/react-dom/cjs/react-dom.development.js:25889:20)
      at performConcurrentWorkOnRoot (node_modules/react-dom/cjs/react-dom.development.js:25789:22)
      at flushActQueue (node_modules/react/cjs/react.development.js:2667:24)
      at act (node_modules/react/cjs/react.development.js:2582:11)
      at node_modules/@testing-library/react/dist/act-compat.js:47:25
      at renderRoot (node_modules/@testing-library/react/dist/pure.js:190:26)
      at render (node_modules/@testing-library/react/dist/pure.js:292:10)
      at customRender (src/test-utils.tsx:79:12)
      at Object.<anonymous> (src/__tests__/integration/figure-operations.integration.test.tsx:46:11)

  console.error
    Warning: React.jsx: type is invalid -- expected a string (for built-in components) or a class/function (for composite components) but got: undefined. You likely forgot to export your component from the file it's defined in, or you might have mixed up default and named imports.
    
    Check your code at AddFigure.tsx:66.
        at AddFigure (/home/rgoldberg/projects/figure-collector-services/figure-collector-frontend/src/pages/AddFigure.tsx:85:31)
        at Router (/home/rgoldberg/projects/figure-collector-services/figure-collector-frontend/node_modules/react-router/lib/components.tsx:421:13)
        at MemoryRouter (/home/rgoldberg/projects/figure-collector-services/figure-collector-frontend/node_modules/react-router/lib/components.tsx:225:3)
        at div
        at ChakraProvider (/home/rgoldberg/projects/figure-collector-services/figure-collector-frontend/src/setupTests.ts:441:24)
        at div
        at MockQueryClientProvider (/home/rgoldberg/projects/figure-collector-services/figure-collector-frontend/src/test-utils.tsx:11:36)
        at AllProviders (/home/rgoldberg/projects/figure-collector-services/figure-collector-frontend/src/test-utils.tsx:40:25)
        at wrapper

      64 |         </BreadcrumbItem>
      65 |         <BreadcrumbItem isCurrentPage>
    > 66 |           <BreadcrumbLink>Add New Figure</BreadcrumbLink>
         |           ^
      67 |         </BreadcrumbItem>
      68 |       </Breadcrumb>
      69 |       

      at printWarning (node_modules/react/cjs/react-jsx-dev-runtime.development.js:87:30)
      at error (node_modules/react/cjs/react-jsx-dev-runtime.development.js:61:7)
      at jsxWithValidation (node_modules/react/cjs/react-jsx-dev-runtime.development.js:1245:7)
      at AddFigure (src/pages/AddFigure.tsx:66:11)
      at renderWithHooks (node_modules/react-dom/cjs/react-dom.development.js:15486:18)
      at mountIndeterminateComponent (node_modules/react-dom/cjs/react-dom.development.js:20103:13)
      at beginWork (node_modules/react-dom/cjs/react-dom.development.js:21626:16)
      at HTMLUnknownElement.callCallback (node_modules/react-dom/cjs/react-dom.development.js:4164:14)
      at Object.invokeGuardedCallbackDev (node_modules/react-dom/cjs/react-dom.development.js:4213:16)
      at invokeGuardedCallback (node_modules/react-dom/cjs/react-dom.development.js:4277:31)
      at beginWork$1 (node_modules/react-dom/cjs/react-dom.development.js:27490:7)
      at performUnitOfWork (node_modules/react-dom/cjs/react-dom.development.js:26599:12)
      at workLoopSync (node_modules/react-dom/cjs/react-dom.development.js:26505:5)
      at renderRootSync (node_modules/react-dom/cjs/react-dom.development.js:26473:7)
      at recoverFromConcurrentError (node_modules/react-dom/cjs/react-dom.development.js:25889:20)
      at performConcurrentWorkOnRoot (node_modules/react-dom/cjs/react-dom.development.js:25789:22)
      at flushActQueue (node_modules/react/cjs/react.development.js:2667:24)
      at act (node_modules/react/cjs/react.development.js:2582:11)
      at node_modules/@testing-library/react/dist/act-compat.js:47:25
      at renderRoot (node_modules/@testing-library/react/dist/pure.js:190:26)
      at render (node_modules/@testing-library/react/dist/pure.js:292:10)
      at customRender (src/test-utils.tsx:79:12)
      at Object.<anonymous> (src/__tests__/integration/figure-operations.integration.test.tsx:46:11)

  console.error
    Warning: React.jsx: type is invalid -- expected a string (for built-in components) or a class/function (for composite components) but got: undefined. You likely forgot to export your component from the file it's defined in, or you might have mixed up default and named imports.
    
    Check your code at AddFigure.tsx:65.
        at AddFigure (/home/rgoldberg/projects/figure-collector-services/figure-collector-frontend/src/pages/AddFigure.tsx:85:31)
        at Router (/home/rgoldberg/projects/figure-collector-services/figure-collector-frontend/node_modules/react-router/lib/components.tsx:421:13)
        at MemoryRouter (/home/rgoldberg/projects/figure-collector-services/figure-collector-frontend/node_modules/react-router/lib/components.tsx:225:3)
        at div
        at ChakraProvider (/home/rgoldberg/projects/figure-collector-services/figure-collector-frontend/src/setupTests.ts:441:24)
        at div
        at MockQueryClientProvider (/home/rgoldberg/projects/figure-collector-services/figure-collector-frontend/src/test-utils.tsx:11:36)
        at AllProviders (/home/rgoldberg/projects/figure-collector-services/figure-collector-frontend/src/test-utils.tsx:40:25)
        at wrapper

      63 |           <BreadcrumbLink as={RouterLink} to="/figures">Figures</BreadcrumbLink>
      64 |         </BreadcrumbItem>
    > 65 |         <BreadcrumbItem isCurrentPage>
         |         ^
      66 |           <BreadcrumbLink>Add New Figure</BreadcrumbLink>
      67 |         </BreadcrumbItem>
      68 |       </Breadcrumb>

      at printWarning (node_modules/react/cjs/react-jsx-dev-runtime.development.js:87:30)
      at error (node_modules/react/cjs/react-jsx-dev-runtime.development.js:61:7)
      at jsxWithValidation (node_modules/react/cjs/react-jsx-dev-runtime.development.js:1245:7)
      at AddFigure (src/pages/AddFigure.tsx:65:9)
      at renderWithHooks (node_modules/react-dom/cjs/react-dom.development.js:15486:18)
      at mountIndeterminateComponent (node_modules/react-dom/cjs/react-dom.development.js:20103:13)
      at beginWork (node_modules/react-dom/cjs/react-dom.development.js:21626:16)
      at HTMLUnknownElement.callCallback (node_modules/react-dom/cjs/react-dom.development.js:4164:14)
      at Object.invokeGuardedCallbackDev (node_modules/react-dom/cjs/react-dom.development.js:4213:16)
      at invokeGuardedCallback (node_modules/react-dom/cjs/react-dom.development.js:4277:31)
      at beginWork$1 (node_modules/react-dom/cjs/react-dom.development.js:27490:7)
      at performUnitOfWork (node_modules/react-dom/cjs/react-dom.development.js:26599:12)
      at workLoopSync (node_modules/react-dom/cjs/react-dom.development.js:26505:5)
      at renderRootSync (node_modules/react-dom/cjs/react-dom.development.js:26473:7)
      at recoverFromConcurrentError (node_modules/react-dom/cjs/react-dom.development.js:25889:20)
      at performConcurrentWorkOnRoot (node_modules/react-dom/cjs/react-dom.development.js:25789:22)
      at flushActQueue (node_modules/react/cjs/react.development.js:2667:24)
      at act (node_modules/react/cjs/react.development.js:2582:11)
      at node_modules/@testing-library/react/dist/act-compat.js:47:25
      at renderRoot (node_modules/@testing-library/react/dist/pure.js:190:26)
      at render (node_modules/@testing-library/react/dist/pure.js:292:10)
      at customRender (src/test-utils.tsx:79:12)
      at Object.<anonymous> (src/__tests__/integration/figure-operations.integration.test.tsx:46:11)

  console.error
    Warning: React.jsx: type is invalid -- expected a string (for built-in components) or a class/function (for composite components) but got: undefined. You likely forgot to export your component from the file it's defined in, or you might have mixed up default and named imports.
    
    Check your code at AddFigure.tsx:58.
        at AddFigure (/home/rgoldberg/projects/figure-collector-services/figure-collector-frontend/src/pages/AddFigure.tsx:85:31)
        at Router (/home/rgoldberg/projects/figure-collector-services/figure-collector-frontend/node_modules/react-router/lib/components.tsx:421:13)
        at MemoryRouter (/home/rgoldberg/projects/figure-collector-services/figure-collector-frontend/node_modules/react-router/lib/components.tsx:225:3)
        at div
        at ChakraProvider (/home/rgoldberg/projects/figure-collector-services/figure-collector-frontend/src/setupTests.ts:441:24)
        at div
        at MockQueryClientProvider (/home/rgoldberg/projects/figure-collector-services/figure-collector-frontend/src/test-utils.tsx:11:36)
        at AllProviders (/home/rgoldberg/projects/figure-collector-services/figure-collector-frontend/src/test-utils.tsx:40:25)
        at wrapper

      56 |   return (
      57 |     <Box>
    > 58 |       <Breadcrumb spacing="8px" separator={<ChevronRightIcon color="gray.500" />} mb={5}>
         |       ^
      59 |         <BreadcrumbItem>
      60 |           <BreadcrumbLink as={RouterLink} to="/">Dashboard</BreadcrumbLink>
      61 |         </BreadcrumbItem>

      at printWarning (node_modules/react/cjs/react-jsx-dev-runtime.development.js:87:30)
      at error (node_modules/react/cjs/react-jsx-dev-runtime.development.js:61:7)
      at jsxWithValidation (node_modules/react/cjs/react-jsx-dev-runtime.development.js:1245:7)
      at AddFigure (src/pages/AddFigure.tsx:58:7)
      at renderWithHooks (node_modules/react-dom/cjs/react-dom.development.js:15486:18)
      at mountIndeterminateComponent (node_modules/react-dom/cjs/react-dom.development.js:20103:13)
      at beginWork (node_modules/react-dom/cjs/react-dom.development.js:21626:16)
      at HTMLUnknownElement.callCallback (node_modules/react-dom/cjs/react-dom.development.js:4164:14)
      at Object.invokeGuardedCallbackDev (node_modules/react-dom/cjs/react-dom.development.js:4213:16)
      at invokeGuardedCallback (node_modules/react-dom/cjs/react-dom.development.js:4277:31)
      at beginWork$1 (node_modules/react-dom/cjs/react-dom.development.js:27490:7)
      at performUnitOfWork (node_modules/react-dom/cjs/react-dom.development.js:26599:12)
      at workLoopSync (node_modules/react-dom/cjs/react-dom.development.js:26505:5)
      at renderRootSync (node_modules/react-dom/cjs/react-dom.development.js:26473:7)
      at recoverFromConcurrentError (node_modules/react-dom/cjs/react-dom.development.js:25889:20)
      at performConcurrentWorkOnRoot (node_modules/react-dom/cjs/react-dom.development.js:25789:22)
      at flushActQueue (node_modules/react/cjs/react.development.js:2667:24)
      at act (node_modules/react/cjs/react.development.js:2582:11)
      at node_modules/@testing-library/react/dist/act-compat.js:47:25
      at renderRoot (node_modules/@testing-library/react/dist/pure.js:190:26)
      at render (node_modules/@testing-library/react/dist/pure.js:292:10)
      at customRender (src/test-utils.tsx:79:12)
      at Object.<anonymous> (src/__tests__/integration/figure-operations.integration.test.tsx:46:11)

  console.error
    Warning: React.jsx: type is invalid -- expected a string (for built-in components) or a class/function (for composite components) but got: undefined. You likely forgot to export your component from the file it's defined in, or you might have mixed up default and named imports.
    
    Check your code at AddFigure.tsx:73.
        at AddFigure (/home/rgoldberg/projects/figure-collector-services/figure-collector-frontend/src/pages/AddFigure.tsx:85:31)
        at Router (/home/rgoldberg/projects/figure-collector-services/figure-collector-frontend/node_modules/react-router/lib/components.tsx:421:13)
        at MemoryRouter (/home/rgoldberg/projects/figure-collector-services/figure-collector-frontend/node_modules/react-router/lib/components.tsx:225:3)
        at div
        at ChakraProvider (/home/rgoldberg/projects/figure-collector-services/figure-collector-frontend/src/setupTests.ts:441:24)
        at div
        at MockQueryClientProvider (/home/rgoldberg/projects/figure-collector-services/figure-collector-frontend/src/test-utils.tsx:11:36)
        at AllProviders (/home/rgoldberg/projects/figure-collector-services/figure-collector-frontend/src/test-utils.tsx:40:25)
        at wrapper

      71 |         <Heading size="lg">Add New Figure</Heading>
      72 |         <Button
    > 73 |           leftIcon={<FaArrowLeft />}
         |                     ^
      74 |           as={RouterLink}
      75 |           to="/figures"
      76 |           variant="outline"

      at printWarning (node_modules/react/cjs/react-jsx-dev-runtime.development.js:87:30)
      at error (node_modules/react/cjs/react-jsx-dev-runtime.development.js:61:7)
      at jsxWithValidation (node_modules/react/cjs/react-jsx-dev-runtime.development.js:1245:7)
      at AddFigure (src/pages/AddFigure.tsx:73:21)
      at renderWithHooks (node_modules/react-dom/cjs/react-dom.development.js:15486:18)
      at mountIndeterminateComponent (node_modules/react-dom/cjs/react-dom.development.js:20103:13)
      at beginWork (node_modules/react-dom/cjs/react-dom.development.js:21626:16)
      at HTMLUnknownElement.callCallback (node_modules/react-dom/cjs/react-dom.development.js:4164:14)
      at Object.invokeGuardedCallbackDev (node_modules/react-dom/cjs/react-dom.development.js:4213:16)
      at invokeGuardedCallback (node_modules/react-dom/cjs/react-dom.development.js:4277:31)
      at beginWork$1 (node_modules/react-dom/cjs/react-dom.development.js:27490:7)
      at performUnitOfWork (node_modules/react-dom/cjs/react-dom.development.js:26599:12)
      at workLoopSync (node_modules/react-dom/cjs/react-dom.development.js:26505:5)
      at renderRootSync (node_modules/react-dom/cjs/react-dom.development.js:26473:7)
      at recoverFromConcurrentError (node_modules/react-dom/cjs/react-dom.development.js:25889:20)
      at performConcurrentWorkOnRoot (node_modules/react-dom/cjs/react-dom.development.js:25789:22)
      at flushActQueue (node_modules/react/cjs/react.development.js:2667:24)
      at act (node_modules/react/cjs/react.development.js:2582:11)
      at node_modules/@testing-library/react/dist/act-compat.js:47:25
      at renderRoot (node_modules/@testing-library/react/dist/pure.js:190:26)
      at render (node_modules/@testing-library/react/dist/pure.js:292:10)
      at customRender (src/test-utils.tsx:79:12)
      at Object.<anonymous> (src/__tests__/integration/figure-operations.integration.test.tsx:46:11)

  console.error
    Error: Uncaught [TypeError: Cannot read properties of undefined (reading 'isLoading')]
        at reportException (/home/rgoldberg/projects/figure-collector-services/figure-collector-frontend/node_modules/jest-cli/node_modules/jsdom/lib/jsdom/living/helpers/runtime-script-errors.js:66:24)
        at innerInvokeEventListeners (/home/rgoldberg/projects/figure-collector-services/figure-collector-frontend/node_modules/jest-cli/node_modules/jsdom/lib/jsdom/living/events/EventTarget-impl.js:341:9)
        at invokeEventListeners (/home/rgoldberg/projects/figure-collector-services/figure-collector-frontend/node_modules/jest-cli/node_modules/jsdom/lib/jsdom/living/events/EventTarget-impl.js:274:3)
        at HTMLUnknownElementImpl._dispatch (/home/rgoldberg/projects/figure-collector-services/figure-collector-frontend/node_modules/jest-cli/node_modules/jsdom/lib/jsdom/living/events/EventTarget-impl.js:221:9)
        at HTMLUnknownElementImpl.dispatchEvent (/home/rgoldberg/projects/figure-collector-services/figure-collector-frontend/node_modules/jest-cli/node_modules/jsdom/lib/jsdom/living/events/EventTarget-impl.js:94:17)
        at HTMLUnknownElement.dispatchEvent (/home/rgoldberg/projects/figure-collector-services/figure-collector-frontend/node_modules/jest-cli/node_modules/jsdom/lib/jsdom/living/generated/EventTarget.js:231:34)
        at Object.invokeGuardedCallbackDev (/home/rgoldberg/projects/figure-collector-services/figure-collector-frontend/node_modules/react-dom/cjs/react-dom.development.js:4213:16)
        at invokeGuardedCallback (/home/rgoldberg/projects/figure-collector-services/figure-collector-frontend/node_modules/react-dom/cjs/react-dom.development.js:4277:31)
        at beginWork$1 (/home/rgoldberg/projects/figure-collector-services/figure-collector-frontend/node_modules/react-dom/cjs/react-dom.development.js:27490:7)
        at performUnitOfWork (/home/rgoldberg/projects/figure-collector-services/figure-collector-frontend/node_modules/react-dom/cjs/react-dom.development.js:26599:12)
        at workLoopSync (/home/rgoldberg/projects/figure-collector-services/figure-collector-frontend/node_modules/react-dom/cjs/react-dom.development.js:26505:5)
        at renderRootSync (/home/rgoldberg/projects/figure-collector-services/figure-collector-frontend/node_modules/react-dom/cjs/react-dom.development.js:26473:7)
        at recoverFromConcurrentError (/home/rgoldberg/projects/figure-collector-services/figure-collector-frontend/node_modules/react-dom/cjs/react-dom.development.js:25889:20)
        at performConcurrentWorkOnRoot (/home/rgoldberg/projects/figure-collector-services/figure-collector-frontend/node_modules/react-dom/cjs/react-dom.development.js:25789:22)
        at flushActQueue (/home/rgoldberg/projects/figure-collector-services/figure-collector-frontend/node_modules/react/cjs/react.development.js:2667:24)
        at act (/home/rgoldberg/projects/figure-collector-services/figure-collector-frontend/node_modules/react/cjs/react.development.js:2582:11)
        at /home/rgoldberg/projects/figure-collector-services/figure-collector-frontend/node_modules/@testing-library/react/dist/act-compat.js:47:25
        at renderRoot (/home/rgoldberg/projects/figure-collector-services/figure-collector-frontend/node_modules/@testing-library/react/dist/pure.js:190:26)
        at render (/home/rgoldberg/projects/figure-collector-services/figure-collector-frontend/node_modules/@testing-library/react/dist/pure.js:292:10)
        at customRender (/home/rgoldberg/projects/figure-collector-services/figure-collector-frontend/src/test-utils.tsx:79:12)
        at Object.<anonymous> (/home/rgoldberg/projects/figure-collector-services/figure-collector-frontend/src/__tests__/integration/figure-operations.integration.test.tsx:46:11)
        at Promise.then.completed (/home/rgoldberg/projects/figure-collector-services/figure-collector-frontend/node_modules/@jest/core/node_modules/jest-circus/build/utils.js:391:28)
        at new Promise (<anonymous>)
        at callAsyncCircusFn (/home/rgoldberg/projects/figure-collector-services/figure-collector-frontend/node_modules/@jest/core/node_modules/jest-circus/build/utils.js:316:10)
        at _callCircusTest (/home/rgoldberg/projects/figure-collector-services/figure-collector-frontend/node_modules/@jest/core/node_modules/jest-circus/build/run.js:218:40)
        at processTicksAndRejections (node:internal/process/task_queues:105:5)
        at _runTest (/home/rgoldberg/projects/figure-collector-services/figure-collector-frontend/node_modules/@jest/core/node_modules/jest-circus/build/run.js:155:3)
        at _runTestsForDescribeBlock (/home/rgoldberg/projects/figure-collector-services/figure-collector-frontend/node_modules/@jest/core/node_modules/jest-circus/build/run.js:66:9)
        at _runTestsForDescribeBlock (/home/rgoldberg/projects/figure-collector-services/figure-collector-frontend/node_modules/@jest/core/node_modules/jest-circus/build/run.js:60:9)
        at run (/home/rgoldberg/projects/figure-collector-services/figure-collector-frontend/node_modules/@jest/core/node_modules/jest-circus/build/run.js:25:3)
        at runAndTransformResultsToJestFormat (/home/rgoldberg/projects/figure-collector-services/figure-collector-frontend/node_modules/@jest/core/node_modules/jest-circus/build/legacy-code-todo-rewrite/jestAdapterInit.js:170:21)
        at jestAdapter (/home/rgoldberg/projects/figure-collector-services/figure-collector-frontend/node_modules/@jest/core/node_modules/jest-circus/build/legacy-code-todo-rewrite/jestAdapter.js:82:19)
        at runTestInternal (/home/rgoldberg/projects/figure-collector-services/figure-collector-frontend/node_modules/jest-runner/build/runTest.js:389:16)
        at runTest (/home/rgoldberg/projects/figure-collector-services/figure-collector-frontend/node_modules/jest-runner/build/runTest.js:475:34) TypeError: Cannot read properties of undefined (reading 'isLoading')
        at AddFigure (/home/rgoldberg/projects/figure-collector-services/figure-collector-frontend/src/pages/AddFigure.tsx:85:31)
        at renderWithHooks (/home/rgoldberg/projects/figure-collector-services/figure-collector-frontend/node_modules/react-dom/cjs/react-dom.development.js:15486:18)
        at mountIndeterminateComponent (/home/rgoldberg/projects/figure-collector-services/figure-collector-frontend/node_modules/react-dom/cjs/react-dom.development.js:20103:13)
        at beginWork (/home/rgoldberg/projects/figure-collector-services/figure-collector-frontend/node_modules/react-dom/cjs/react-dom.development.js:21626:16)
        at HTMLUnknownElement.callCallback (/home/rgoldberg/projects/figure-collector-services/figure-collector-frontend/node_modules/react-dom/cjs/react-dom.development.js:4164:14)
        at HTMLUnknownElement.callTheUserObjectsOperation (/home/rgoldberg/projects/figure-collector-services/figure-collector-frontend/node_modules/jest-cli/node_modules/jsdom/lib/jsdom/living/generated/EventListener.js:26:30)
        at innerInvokeEventListeners (/home/rgoldberg/projects/figure-collector-services/figure-collector-frontend/node_modules/jest-cli/node_modules/jsdom/lib/jsdom/living/events/EventTarget-impl.js:338:25)
        at invokeEventListeners (/home/rgoldberg/projects/figure-collector-services/figure-collector-frontend/node_modules/jest-cli/node_modules/jsdom/lib/jsdom/living/events/EventTarget-impl.js:274:3)
        at HTMLUnknownElementImpl._dispatch (/home/rgoldberg/projects/figure-collector-services/figure-collector-frontend/node_modules/jest-cli/node_modules/jsdom/lib/jsdom/living/events/EventTarget-impl.js:221:9)
        at HTMLUnknownElementImpl.dispatchEvent (/home/rgoldberg/projects/figure-collector-services/figure-collector-frontend/node_modules/jest-cli/node_modules/jsdom/lib/jsdom/living/events/EventTarget-impl.js:94:17)
        at HTMLUnknownElement.dispatchEvent (/home/rgoldberg/projects/figure-collector-services/figure-collector-frontend/node_modules/jest-cli/node_modules/jsdom/lib/jsdom/living/generated/EventTarget.js:231:34)
        at Object.invokeGuardedCallbackDev (/home/rgoldberg/projects/figure-collector-services/figure-collector-frontend/node_modules/react-dom/cjs/react-dom.development.js:4213:16)
        at invokeGuardedCallback (/home/rgoldberg/projects/figure-collector-services/figure-collector-frontend/node_modules/react-dom/cjs/react-dom.development.js:4277:31)
        at beginWork$1 (/home/rgoldberg/projects/figure-collector-services/figure-collector-frontend/node_modules/react-dom/cjs/react-dom.development.js:27490:7)
        at performUnitOfWork (/home/rgoldberg/projects/figure-collector-services/figure-collector-frontend/node_modules/react-dom/cjs/react-dom.development.js:26599:12)
        at workLoopSync (/home/rgoldberg/projects/figure-collector-services/figure-collector-frontend/node_modules/react-dom/cjs/react-dom.development.js:26505:5)
        at renderRootSync (/home/rgoldberg/projects/figure-collector-services/figure-collector-frontend/node_modules/react-dom/cjs/react-dom.development.js:26473:7)
        at recoverFromConcurrentError (/home/rgoldberg/projects/figure-collector-services/figure-collector-frontend/node_modules/react-dom/cjs/react-dom.development.js:25889:20)
        at performConcurrentWorkOnRoot (/home/rgoldberg/projects/figure-collector-services/figure-collector-frontend/node_modules/react-dom/cjs/react-dom.development.js:25789:22)
        at flushActQueue (/home/rgoldberg/projects/figure-collector-services/figure-collector-frontend/node_modules/react/cjs/react.development.js:2667:24)
        at act (/home/rgoldberg/projects/figure-collector-services/figure-collector-frontend/node_modules/react/cjs/react.development.js:2582:11)
        at /home/rgoldberg/projects/figure-collector-services/figure-collector-frontend/node_modules/@testing-library/react/dist/act-compat.js:47:25
        at renderRoot (/home/rgoldberg/projects/figure-collector-services/figure-collector-frontend/node_modules/@testing-library/react/dist/pure.js:190:26)
        at render (/home/rgoldberg/projects/figure-collector-services/figure-collector-frontend/node_modules/@testing-library/react/dist/pure.js:292:10)
        at customRender (/home/rgoldberg/projects/figure-collector-services/figure-collector-frontend/src/test-utils.tsx:79:12)
        at Object.<anonymous> (/home/rgoldberg/projects/figure-collector-services/figure-collector-frontend/src/__tests__/integration/figure-operations.integration.test.tsx:46:11)
        at Promise.then.completed (/home/rgoldberg/projects/figure-collector-services/figure-collector-frontend/node_modules/@jest/core/node_modules/jest-circus/build/utils.js:391:28)
        at new Promise (<anonymous>)
        at callAsyncCircusFn (/home/rgoldberg/projects/figure-collector-services/figure-collector-frontend/node_modules/@jest/core/node_modules/jest-circus/build/utils.js:316:10)
        at _callCircusTest (/home/rgoldberg/projects/figure-collector-services/figure-collector-frontend/node_modules/@jest/core/node_modules/jest-circus/build/run.js:218:40)
        at processTicksAndRejections (node:internal/process/task_queues:105:5)
        at _runTest (/home/rgoldberg/projects/figure-collector-services/figure-collector-frontend/node_modules/@jest/core/node_modules/jest-circus/build/run.js:155:3)
        at _runTestsForDescribeBlock (/home/rgoldberg/projects/figure-collector-services/figure-collector-frontend/node_modules/@jest/core/node_modules/jest-circus/build/run.js:66:9)
        at _runTestsForDescribeBlock (/home/rgoldberg/projects/figure-collector-services/figure-collector-frontend/node_modules/@jest/core/node_modules/jest-circus/build/run.js:60:9)
        at run (/home/rgoldberg/projects/figure-collector-services/figure-collector-frontend/node_modules/@jest/core/node_modules/jest-circus/build/run.js:25:3)
        at runAndTransformResultsToJestFormat (/home/rgoldberg/projects/figure-collector-services/figure-collector-frontend/node_modules/@jest/core/node_modules/jest-circus/build/legacy-code-todo-rewrite/jestAdapterInit.js:170:21)
        at jestAdapter (/home/rgoldberg/projects/figure-collector-services/figure-collector-frontend/node_modules/@jest/core/node_modules/jest-circus/build/legacy-code-todo-rewrite/jestAdapter.js:82:19)
        at runTestInternal (/home/rgoldberg/projects/figure-collector-services/figure-collector-frontend/node_modules/jest-runner/build/runTest.js:389:16)
        at runTest (/home/rgoldberg/projects/figure-collector-services/figure-collector-frontend/node_modules/jest-runner/build/runTest.js:475:34)

      77 |     initialRoutes?: string[] 
      78 |   }
    > 79 | ) => render(ui, { 
         |            ^
      80 |   wrapper: (props) => (
      81 |     <AllProviders 
      82 |       initialRoutes={options?.initialRoutes} 

      at VirtualConsole.<anonymous> (node_modules/jest-cli/node_modules/jsdom/lib/jsdom/virtual-console.js:29:45)
      at Object.invokeGuardedCallbackDev (node_modules/react-dom/cjs/react-dom.development.js:4213:16)
      at invokeGuardedCallback (node_modules/react-dom/cjs/react-dom.development.js:4277:31)
      at beginWork$1 (node_modules/react-dom/cjs/react-dom.development.js:27490:7)
      at performUnitOfWork (node_modules/react-dom/cjs/react-dom.development.js:26599:12)
      at workLoopSync (node_modules/react-dom/cjs/react-dom.development.js:26505:5)
      at renderRootSync (node_modules/react-dom/cjs/react-dom.development.js:26473:7)
      at recoverFromConcurrentError (node_modules/react-dom/cjs/react-dom.development.js:25889:20)
      at performConcurrentWorkOnRoot (node_modules/react-dom/cjs/react-dom.development.js:25789:22)
      at flushActQueue (node_modules/react/cjs/react.development.js:2667:24)
      at act (node_modules/react/cjs/react.development.js:2582:11)
      at node_modules/@testing-library/react/dist/act-compat.js:47:25
      at renderRoot (node_modules/@testing-library/react/dist/pure.js:190:26)
      at render (node_modules/@testing-library/react/dist/pure.js:292:10)
      at customRender (src/test-utils.tsx:79:12)
      at Object.<anonymous> (src/__tests__/integration/figure-operations.integration.test.tsx:46:11)

  console.error
    The above error occurred in the <AddFigure> component:
    
        at AddFigure (/home/rgoldberg/projects/figure-collector-services/figure-collector-frontend/src/pages/AddFigure.tsx:85:31)
        at Router (/home/rgoldberg/projects/figure-collector-services/figure-collector-frontend/node_modules/react-router/lib/components.tsx:421:13)
        at MemoryRouter (/home/rgoldberg/projects/figure-collector-services/figure-collector-frontend/node_modules/react-router/lib/components.tsx:225:3)
        at div
        at ChakraProvider (/home/rgoldberg/projects/figure-collector-services/figure-collector-frontend/src/setupTests.ts:441:24)
        at div
        at MockQueryClientProvider (/home/rgoldberg/projects/figure-collector-services/figure-collector-frontend/src/test-utils.tsx:11:36)
        at AllProviders (/home/rgoldberg/projects/figure-collector-services/figure-collector-frontend/src/test-utils.tsx:40:25)
        at wrapper
    
    Consider adding an error boundary to your tree to customize error handling behavior.
    Visit https://reactjs.org/link/error-boundaries to learn more about error boundaries.

      77 |     initialRoutes?: string[] 
      78 |   }
    > 79 | ) => render(ui, { 
         |            ^
      80 |   wrapper: (props) => (
      81 |     <AllProviders 
      82 |       initialRoutes={options?.initialRoutes} 

      at logCapturedError (node_modules/react-dom/cjs/react-dom.development.js:18704:23)
      at update.callback (node_modules/react-dom/cjs/react-dom.development.js:18737:5)
      at callCallback (node_modules/react-dom/cjs/react-dom.development.js:15036:12)
      at commitUpdateQueue (node_modules/react-dom/cjs/react-dom.development.js:15057:9)
      at commitLayoutEffectOnFiber (node_modules/react-dom/cjs/react-dom.development.js:23430:13)
      at commitLayoutMountEffects_complete (node_modules/react-dom/cjs/react-dom.development.js:24727:9)
      at commitLayoutEffects_begin (node_modules/react-dom/cjs/react-dom.development.js:24713:7)
      at commitLayoutEffects (node_modules/react-dom/cjs/react-dom.development.js:24651:3)
      at commitRootImpl (node_modules/react-dom/cjs/react-dom.development.js:26862:5)
      at commitRoot (node_modules/react-dom/cjs/react-dom.development.js:26721:5)
      at finishConcurrentRender (node_modules/react-dom/cjs/react-dom.development.js:25931:9)
      at performConcurrentWorkOnRoot (node_modules/react-dom/cjs/react-dom.development.js:25848:7)
      at flushActQueue (node_modules/react/cjs/react.development.js:2667:24)
      at act (node_modules/react/cjs/react.development.js:2582:11)
      at node_modules/@testing-library/react/dist/act-compat.js:47:25
      at renderRoot (node_modules/@testing-library/react/dist/pure.js:190:26)
      at render (node_modules/@testing-library/react/dist/pure.js:292:10)
      at customRender (src/test-utils.tsx:79:12)
      at Object.<anonymous> (src/__tests__/integration/figure-operations.integration.test.tsx:46:11)

  console.error
    Warning: React.jsx: type is invalid -- expected a string (for built-in components) or a class/function (for composite components) but got: undefined. You likely forgot to export your component from the file it's defined in, or you might have mixed up default and named imports.
    
    Check your code at AddFigure.tsx:60.
        at AddFigure (/home/rgoldberg/projects/figure-collector-services/figure-collector-frontend/src/pages/AddFigure.tsx:85:31)
        at Router (/home/rgoldberg/projects/figure-collector-services/figure-collector-frontend/node_modules/react-router/lib/components.tsx:421:13)
        at MemoryRouter (/home/rgoldberg/projects/figure-collector-services/figure-collector-frontend/node_modules/react-router/lib/components.tsx:225:3)
        at div
        at ChakraProvider (/home/rgoldberg/projects/figure-collector-services/figure-collector-frontend/src/setupTests.ts:441:24)
        at div
        at MockQueryClientProvider (/home/rgoldberg/projects/figure-collector-services/figure-collector-frontend/src/test-utils.tsx:11:36)
        at AllProviders (/home/rgoldberg/projects/figure-collector-services/figure-collector-frontend/src/test-utils.tsx:40:25)
        at wrapper

      58 |       <Breadcrumb spacing="8px" separator={<ChevronRightIcon color="gray.500" />} mb={5}>
      59 |         <BreadcrumbItem>
    > 60 |           <BreadcrumbLink as={RouterLink} to="/">Dashboard</BreadcrumbLink>
         |           ^
      61 |         </BreadcrumbItem>
      62 |         <BreadcrumbItem>
      63 |           <BreadcrumbLink as={RouterLink} to="/figures">Figures</BreadcrumbLink>

      at printWarning (node_modules/react/cjs/react-jsx-dev-runtime.development.js:87:30)
      at error (node_modules/react/cjs/react-jsx-dev-runtime.development.js:61:7)
      at jsxWithValidation (node_modules/react/cjs/react-jsx-dev-runtime.development.js:1245:7)
      at AddFigure (src/pages/AddFigure.tsx:60:11)
      at renderWithHooks (node_modules/react-dom/cjs/react-dom.development.js:15486:18)
      at mountIndeterminateComponent (node_modules/react-dom/cjs/react-dom.development.js:20103:13)
      at beginWork (node_modules/react-dom/cjs/react-dom.development.js:21626:16)
      at beginWork$1 (node_modules/react-dom/cjs/react-dom.development.js:27465:14)
      at performUnitOfWork (node_modules/react-dom/cjs/react-dom.development.js:26599:12)
      at workLoopSync (node_modules/react-dom/cjs/react-dom.development.js:26505:5)
      at renderRootSync (node_modules/react-dom/cjs/react-dom.development.js:26473:7)
      at performConcurrentWorkOnRoot (node_modules/react-dom/cjs/react-dom.development.js:25777:74)
      at flushActQueue (node_modules/react/cjs/react.development.js:2667:24)
      at act (node_modules/react/cjs/react.development.js:2582:11)
      at node_modules/@testing-library/react/dist/act-compat.js:47:25
      at renderRoot (node_modules/@testing-library/react/dist/pure.js:190:26)
      at render (node_modules/@testing-library/react/dist/pure.js:292:10)
      at customRender (src/test-utils.tsx:79:12)
      at Object.<anonymous> (src/__tests__/integration/figure-operations.integration.test.tsx:85:11)

  console.error
    Warning: React.jsx: type is invalid -- expected a string (for built-in components) or a class/function (for composite components) but got: undefined. You likely forgot to export your component from the file it's defined in, or you might have mixed up default and named imports.
    
    Check your code at AddFigure.tsx:59.
        at AddFigure (/home/rgoldberg/projects/figure-collector-services/figure-collector-frontend/src/pages/AddFigure.tsx:85:31)
        at Router (/home/rgoldberg/projects/figure-collector-services/figure-collector-frontend/node_modules/react-router/lib/components.tsx:421:13)
        at MemoryRouter (/home/rgoldberg/projects/figure-collector-services/figure-collector-frontend/node_modules/react-router/lib/components.tsx:225:3)
        at div
        at ChakraProvider (/home/rgoldberg/projects/figure-collector-services/figure-collector-frontend/src/setupTests.ts:441:24)
        at div
        at MockQueryClientProvider (/home/rgoldberg/projects/figure-collector-services/figure-collector-frontend/src/test-utils.tsx:11:36)
        at AllProviders (/home/rgoldberg/projects/figure-collector-services/figure-collector-frontend/src/test-utils.tsx:40:25)
        at wrapper

      57 |     <Box>
      58 |       <Breadcrumb spacing="8px" separator={<ChevronRightIcon color="gray.500" />} mb={5}>
    > 59 |         <BreadcrumbItem>
         |         ^
      60 |           <BreadcrumbLink as={RouterLink} to="/">Dashboard</BreadcrumbLink>
      61 |         </BreadcrumbItem>
      62 |         <BreadcrumbItem>

      at printWarning (node_modules/react/cjs/react-jsx-dev-runtime.development.js:87:30)
      at error (node_modules/react/cjs/react-jsx-dev-runtime.development.js:61:7)
      at jsxWithValidation (node_modules/react/cjs/react-jsx-dev-runtime.development.js:1245:7)
      at AddFigure (src/pages/AddFigure.tsx:59:9)
      at renderWithHooks (node_modules/react-dom/cjs/react-dom.development.js:15486:18)
      at mountIndeterminateComponent (node_modules/react-dom/cjs/react-dom.development.js:20103:13)
      at beginWork (node_modules/react-dom/cjs/react-dom.development.js:21626:16)
      at beginWork$1 (node_modules/react-dom/cjs/react-dom.development.js:27465:14)
      at performUnitOfWork (node_modules/react-dom/cjs/react-dom.development.js:26599:12)
      at workLoopSync (node_modules/react-dom/cjs/react-dom.development.js:26505:5)
      at renderRootSync (node_modules/react-dom/cjs/react-dom.development.js:26473:7)
      at performConcurrentWorkOnRoot (node_modules/react-dom/cjs/react-dom.development.js:25777:74)
      at flushActQueue (node_modules/react/cjs/react.development.js:2667:24)
      at act (node_modules/react/cjs/react.development.js:2582:11)
      at node_modules/@testing-library/react/dist/act-compat.js:47:25
      at renderRoot (node_modules/@testing-library/react/dist/pure.js:190:26)
      at render (node_modules/@testing-library/react/dist/pure.js:292:10)
      at customRender (src/test-utils.tsx:79:12)
      at Object.<anonymous> (src/__tests__/integration/figure-operations.integration.test.tsx:85:11)

  console.error
    Warning: React.jsx: type is invalid -- expected a string (for built-in components) or a class/function (for composite components) but got: undefined. You likely forgot to export your component from the file it's defined in, or you might have mixed up default and named imports.
    
    Check your code at AddFigure.tsx:63.
        at AddFigure (/home/rgoldberg/projects/figure-collector-services/figure-collector-frontend/src/pages/AddFigure.tsx:85:31)
        at Router (/home/rgoldberg/projects/figure-collector-services/figure-collector-frontend/node_modules/react-router/lib/components.tsx:421:13)
        at MemoryRouter (/home/rgoldberg/projects/figure-collector-services/figure-collector-frontend/node_modules/react-router/lib/components.tsx:225:3)
        at div
        at ChakraProvider (/home/rgoldberg/projects/figure-collector-services/figure-collector-frontend/src/setupTests.ts:441:24)
        at div
        at MockQueryClientProvider (/home/rgoldberg/projects/figure-collector-services/figure-collector-frontend/src/test-utils.tsx:11:36)
        at AllProviders (/home/rgoldberg/projects/figure-collector-services/figure-collector-frontend/src/test-utils.tsx:40:25)
        at wrapper

      61 |         </BreadcrumbItem>
      62 |         <BreadcrumbItem>
    > 63 |           <BreadcrumbLink as={RouterLink} to="/figures">Figures</BreadcrumbLink>
         |           ^
      64 |         </BreadcrumbItem>
      65 |         <BreadcrumbItem isCurrentPage>
      66 |           <BreadcrumbLink>Add New Figure</BreadcrumbLink>

      at printWarning (node_modules/react/cjs/react-jsx-dev-runtime.development.js:87:30)
      at error (node_modules/react/cjs/react-jsx-dev-runtime.development.js:61:7)
      at jsxWithValidation (node_modules/react/cjs/react-jsx-dev-runtime.development.js:1245:7)
      at AddFigure (src/pages/AddFigure.tsx:63:11)
      at renderWithHooks (node_modules/react-dom/cjs/react-dom.development.js:15486:18)
      at mountIndeterminateComponent (node_modules/react-dom/cjs/react-dom.development.js:20103:13)
      at beginWork (node_modules/react-dom/cjs/react-dom.development.js:21626:16)
      at beginWork$1 (node_modules/react-dom/cjs/react-dom.development.js:27465:14)
      at performUnitOfWork (node_modules/react-dom/cjs/react-dom.development.js:26599:12)
      at workLoopSync (node_modules/react-dom/cjs/react-dom.development.js:26505:5)
      at renderRootSync (node_modules/react-dom/cjs/react-dom.development.js:26473:7)
      at performConcurrentWorkOnRoot (node_modules/react-dom/cjs/react-dom.development.js:25777:74)
      at flushActQueue (node_modules/react/cjs/react.development.js:2667:24)
      at act (node_modules/react/cjs/react.development.js:2582:11)
      at node_modules/@testing-library/react/dist/act-compat.js:47:25
      at renderRoot (node_modules/@testing-library/react/dist/pure.js:190:26)
      at render (node_modules/@testing-library/react/dist/pure.js:292:10)
      at customRender (src/test-utils.tsx:79:12)
      at Object.<anonymous> (src/__tests__/integration/figure-operations.integration.test.tsx:85:11)

  console.error
    Warning: React.jsx: type is invalid -- expected a string (for built-in components) or a class/function (for composite components) but got: undefined. You likely forgot to export your component from the file it's defined in, or you might have mixed up default and named imports.
    
    Check your code at AddFigure.tsx:62.
        at AddFigure (/home/rgoldberg/projects/figure-collector-services/figure-collector-frontend/src/pages/AddFigure.tsx:85:31)
        at Router (/home/rgoldberg/projects/figure-collector-services/figure-collector-frontend/node_modules/react-router/lib/components.tsx:421:13)
        at MemoryRouter (/home/rgoldberg/projects/figure-collector-services/figure-collector-frontend/node_modules/react-router/lib/components.tsx:225:3)
        at div
        at ChakraProvider (/home/rgoldberg/projects/figure-collector-services/figure-collector-frontend/src/setupTests.ts:441:24)
        at div
        at MockQueryClientProvider (/home/rgoldberg/projects/figure-collector-services/figure-collector-frontend/src/test-utils.tsx:11:36)
        at AllProviders (/home/rgoldberg/projects/figure-collector-services/figure-collector-frontend/src/test-utils.tsx:40:25)
        at wrapper

      60 |           <BreadcrumbLink as={RouterLink} to="/">Dashboard</BreadcrumbLink>
      61 |         </BreadcrumbItem>
    > 62 |         <BreadcrumbItem>
         |         ^
      63 |           <BreadcrumbLink as={RouterLink} to="/figures">Figures</BreadcrumbLink>
      64 |         </BreadcrumbItem>
      65 |         <BreadcrumbItem isCurrentPage>

      at printWarning (node_modules/react/cjs/react-jsx-dev-runtime.development.js:87:30)
      at error (node_modules/react/cjs/react-jsx-dev-runtime.development.js:61:7)
      at jsxWithValidation (node_modules/react/cjs/react-jsx-dev-runtime.development.js:1245:7)
      at AddFigure (src/pages/AddFigure.tsx:62:9)
      at renderWithHooks (node_modules/react-dom/cjs/react-dom.development.js:15486:18)
      at mountIndeterminateComponent (node_modules/react-dom/cjs/react-dom.development.js:20103:13)
      at beginWork (node_modules/react-dom/cjs/react-dom.development.js:21626:16)
      at beginWork$1 (node_modules/react-dom/cjs/react-dom.development.js:27465:14)
      at performUnitOfWork (node_modules/react-dom/cjs/react-dom.development.js:26599:12)
      at workLoopSync (node_modules/react-dom/cjs/react-dom.development.js:26505:5)
      at renderRootSync (node_modules/react-dom/cjs/react-dom.development.js:26473:7)
      at performConcurrentWorkOnRoot (node_modules/react-dom/cjs/react-dom.development.js:25777:74)
      at flushActQueue (node_modules/react/cjs/react.development.js:2667:24)
      at act (node_modules/react/cjs/react.development.js:2582:11)
      at node_modules/@testing-library/react/dist/act-compat.js:47:25
      at renderRoot (node_modules/@testing-library/react/dist/pure.js:190:26)
      at render (node_modules/@testing-library/react/dist/pure.js:292:10)
      at customRender (src/test-utils.tsx:79:12)
      at Object.<anonymous> (src/__tests__/integration/figure-operations.integration.test.tsx:85:11)

  console.error
    Warning: React.jsx: type is invalid -- expected a string (for built-in components) or a class/function (for composite components) but got: undefined. You likely forgot to export your component from the file it's defined in, or you might have mixed up default and named imports.
    
    Check your code at AddFigure.tsx:66.
        at AddFigure (/home/rgoldberg/projects/figure-collector-services/figure-collector-frontend/src/pages/AddFigure.tsx:85:31)
        at Router (/home/rgoldberg/projects/figure-collector-services/figure-collector-frontend/node_modules/react-router/lib/components.tsx:421:13)
        at MemoryRouter (/home/rgoldberg/projects/figure-collector-services/figure-collector-frontend/node_modules/react-router/lib/components.tsx:225:3)
        at div
        at ChakraProvider (/home/rgoldberg/projects/figure-collector-services/figure-collector-frontend/src/setupTests.ts:441:24)
        at div
        at MockQueryClientProvider (/home/rgoldberg/projects/figure-collector-services/figure-collector-frontend/src/test-utils.tsx:11:36)
        at AllProviders (/home/rgoldberg/projects/figure-collector-services/figure-collector-frontend/src/test-utils.tsx:40:25)
        at wrapper

      64 |         </BreadcrumbItem>
      65 |         <BreadcrumbItem isCurrentPage>
    > 66 |           <BreadcrumbLink>Add New Figure</BreadcrumbLink>
         |           ^
      67 |         </BreadcrumbItem>
      68 |       </Breadcrumb>
      69 |       

      at printWarning (node_modules/react/cjs/react-jsx-dev-runtime.development.js:87:30)
      at error (node_modules/react/cjs/react-jsx-dev-runtime.development.js:61:7)
      at jsxWithValidation (node_modules/react/cjs/react-jsx-dev-runtime.development.js:1245:7)
      at AddFigure (src/pages/AddFigure.tsx:66:11)
      at renderWithHooks (node_modules/react-dom/cjs/react-dom.development.js:15486:18)
      at mountIndeterminateComponent (node_modules/react-dom/cjs/react-dom.development.js:20103:13)
      at beginWork (node_modules/react-dom/cjs/react-dom.development.js:21626:16)
      at beginWork$1 (node_modules/react-dom/cjs/react-dom.development.js:27465:14)
      at performUnitOfWork (node_modules/react-dom/cjs/react-dom.development.js:26599:12)
      at workLoopSync (node_modules/react-dom/cjs/react-dom.development.js:26505:5)
      at renderRootSync (node_modules/react-dom/cjs/react-dom.development.js:26473:7)
      at performConcurrentWorkOnRoot (node_modules/react-dom/cjs/react-dom.development.js:25777:74)
      at flushActQueue (node_modules/react/cjs/react.development.js:2667:24)
      at act (node_modules/react/cjs/react.development.js:2582:11)
      at node_modules/@testing-library/react/dist/act-compat.js:47:25
      at renderRoot (node_modules/@testing-library/react/dist/pure.js:190:26)
      at render (node_modules/@testing-library/react/dist/pure.js:292:10)
      at customRender (src/test-utils.tsx:79:12)
      at Object.<anonymous> (src/__tests__/integration/figure-operations.integration.test.tsx:85:11)

  console.error
    Warning: React.jsx: type is invalid -- expected a string (for built-in components) or a class/function (for composite components) but got: undefined. You likely forgot to export your component from the file it's defined in, or you might have mixed up default and named imports.
    
    Check your code at AddFigure.tsx:65.
        at AddFigure (/home/rgoldberg/projects/figure-collector-services/figure-collector-frontend/src/pages/AddFigure.tsx:85:31)
        at Router (/home/rgoldberg/projects/figure-collector-services/figure-collector-frontend/node_modules/react-router/lib/components.tsx:421:13)
        at MemoryRouter (/home/rgoldberg/projects/figure-collector-services/figure-collector-frontend/node_modules/react-router/lib/components.tsx:225:3)
        at div
        at ChakraProvider (/home/rgoldberg/projects/figure-collector-services/figure-collector-frontend/src/setupTests.ts:441:24)
        at div
        at MockQueryClientProvider (/home/rgoldberg/projects/figure-collector-services/figure-collector-frontend/src/test-utils.tsx:11:36)
        at AllProviders (/home/rgoldberg/projects/figure-collector-services/figure-collector-frontend/src/test-utils.tsx:40:25)
        at wrapper

      63 |           <BreadcrumbLink as={RouterLink} to="/figures">Figures</BreadcrumbLink>
      64 |         </BreadcrumbItem>
    > 65 |         <BreadcrumbItem isCurrentPage>
         |         ^
      66 |           <BreadcrumbLink>Add New Figure</BreadcrumbLink>
      67 |         </BreadcrumbItem>
      68 |       </Breadcrumb>

      at printWarning (node_modules/react/cjs/react-jsx-dev-runtime.development.js:87:30)
      at error (node_modules/react/cjs/react-jsx-dev-runtime.development.js:61:7)
      at jsxWithValidation (node_modules/react/cjs/react-jsx-dev-runtime.development.js:1245:7)
      at AddFigure (src/pages/AddFigure.tsx:65:9)
      at renderWithHooks (node_modules/react-dom/cjs/react-dom.development.js:15486:18)
      at mountIndeterminateComponent (node_modules/react-dom/cjs/react-dom.development.js:20103:13)
      at beginWork (node_modules/react-dom/cjs/react-dom.development.js:21626:16)
      at beginWork$1 (node_modules/react-dom/cjs/react-dom.development.js:27465:14)
      at performUnitOfWork (node_modules/react-dom/cjs/react-dom.development.js:26599:12)
      at workLoopSync (node_modules/react-dom/cjs/react-dom.development.js:26505:5)
      at renderRootSync (node_modules/react-dom/cjs/react-dom.development.js:26473:7)
      at performConcurrentWorkOnRoot (node_modules/react-dom/cjs/react-dom.development.js:25777:74)
      at flushActQueue (node_modules/react/cjs/react.development.js:2667:24)
      at act (node_modules/react/cjs/react.development.js:2582:11)
      at node_modules/@testing-library/react/dist/act-compat.js:47:25
      at renderRoot (node_modules/@testing-library/react/dist/pure.js:190:26)
      at render (node_modules/@testing-library/react/dist/pure.js:292:10)
      at customRender (src/test-utils.tsx:79:12)
      at Object.<anonymous> (src/__tests__/integration/figure-operations.integration.test.tsx:85:11)

  console.error
    Warning: React.jsx: type is invalid -- expected a string (for built-in components) or a class/function (for composite components) but got: undefined. You likely forgot to export your component from the file it's defined in, or you might have mixed up default and named imports.
    
    Check your code at AddFigure.tsx:58.
        at AddFigure (/home/rgoldberg/projects/figure-collector-services/figure-collector-frontend/src/pages/AddFigure.tsx:85:31)
        at Router (/home/rgoldberg/projects/figure-collector-services/figure-collector-frontend/node_modules/react-router/lib/components.tsx:421:13)
        at MemoryRouter (/home/rgoldberg/projects/figure-collector-services/figure-collector-frontend/node_modules/react-router/lib/components.tsx:225:3)
        at div
        at ChakraProvider (/home/rgoldberg/projects/figure-collector-services/figure-collector-frontend/src/setupTests.ts:441:24)
        at div
        at MockQueryClientProvider (/home/rgoldberg/projects/figure-collector-services/figure-collector-frontend/src/test-utils.tsx:11:36)
        at AllProviders (/home/rgoldberg/projects/figure-collector-services/figure-collector-frontend/src/test-utils.tsx:40:25)
        at wrapper

      56 |   return (
      57 |     <Box>
    > 58 |       <Breadcrumb spacing="8px" separator={<ChevronRightIcon color="gray.500" />} mb={5}>
         |       ^
      59 |         <BreadcrumbItem>
      60 |           <BreadcrumbLink as={RouterLink} to="/">Dashboard</BreadcrumbLink>
      61 |         </BreadcrumbItem>

      at printWarning (node_modules/react/cjs/react-jsx-dev-runtime.development.js:87:30)
      at error (node_modules/react/cjs/react-jsx-dev-runtime.development.js:61:7)
      at jsxWithValidation (node_modules/react/cjs/react-jsx-dev-runtime.development.js:1245:7)
      at AddFigure (src/pages/AddFigure.tsx:58:7)
      at renderWithHooks (node_modules/react-dom/cjs/react-dom.development.js:15486:18)
      at mountIndeterminateComponent (node_modules/react-dom/cjs/react-dom.development.js:20103:13)
      at beginWork (node_modules/react-dom/cjs/react-dom.development.js:21626:16)
      at beginWork$1 (node_modules/react-dom/cjs/react-dom.development.js:27465:14)
      at performUnitOfWork (node_modules/react-dom/cjs/react-dom.development.js:26599:12)
      at workLoopSync (node_modules/react-dom/cjs/react-dom.development.js:26505:5)
      at renderRootSync (node_modules/react-dom/cjs/react-dom.development.js:26473:7)
      at performConcurrentWorkOnRoot (node_modules/react-dom/cjs/react-dom.development.js:25777:74)
      at flushActQueue (node_modules/react/cjs/react.development.js:2667:24)
      at act (node_modules/react/cjs/react.development.js:2582:11)
      at node_modules/@testing-library/react/dist/act-compat.js:47:25
      at renderRoot (node_modules/@testing-library/react/dist/pure.js:190:26)
      at render (node_modules/@testing-library/react/dist/pure.js:292:10)
      at customRender (src/test-utils.tsx:79:12)
      at Object.<anonymous> (src/__tests__/integration/figure-operations.integration.test.tsx:85:11)

  console.error
    Warning: React.jsx: type is invalid -- expected a string (for built-in components) or a class/function (for composite components) but got: undefined. You likely forgot to export your component from the file it's defined in, or you might have mixed up default and named imports.
    
    Check your code at AddFigure.tsx:73.
        at AddFigure (/home/rgoldberg/projects/figure-collector-services/figure-collector-frontend/src/pages/AddFigure.tsx:85:31)
        at Router (/home/rgoldberg/projects/figure-collector-services/figure-collector-frontend/node_modules/react-router/lib/components.tsx:421:13)
        at MemoryRouter (/home/rgoldberg/projects/figure-collector-services/figure-collector-frontend/node_modules/react-router/lib/components.tsx:225:3)
        at div
        at ChakraProvider (/home/rgoldberg/projects/figure-collector-services/figure-collector-frontend/src/setupTests.ts:441:24)
        at div
        at MockQueryClientProvider (/home/rgoldberg/projects/figure-collector-services/figure-collector-frontend/src/test-utils.tsx:11:36)
        at AllProviders (/home/rgoldberg/projects/figure-collector-services/figure-collector-frontend/src/test-utils.tsx:40:25)
        at wrapper

      71 |         <Heading size="lg">Add New Figure</Heading>
      72 |         <Button
    > 73 |           leftIcon={<FaArrowLeft />}
         |                     ^
      74 |           as={RouterLink}
      75 |           to="/figures"
      76 |           variant="outline"

      at printWarning (node_modules/react/cjs/react-jsx-dev-runtime.development.js:87:30)
      at error (node_modules/react/cjs/react-jsx-dev-runtime.development.js:61:7)
      at jsxWithValidation (node_modules/react/cjs/react-jsx-dev-runtime.development.js:1245:7)
      at AddFigure (src/pages/AddFigure.tsx:73:21)
      at renderWithHooks (node_modules/react-dom/cjs/react-dom.development.js:15486:18)
      at mountIndeterminateComponent (node_modules/react-dom/cjs/react-dom.development.js:20103:13)
      at beginWork (node_modules/react-dom/cjs/react-dom.development.js:21626:16)
      at beginWork$1 (node_modules/react-dom/cjs/react-dom.development.js:27465:14)
      at performUnitOfWork (node_modules/react-dom/cjs/react-dom.development.js:26599:12)
      at workLoopSync (node_modules/react-dom/cjs/react-dom.development.js:26505:5)
      at renderRootSync (node_modules/react-dom/cjs/react-dom.development.js:26473:7)
      at performConcurrentWorkOnRoot (node_modules/react-dom/cjs/react-dom.development.js:25777:74)
      at flushActQueue (node_modules/react/cjs/react.development.js:2667:24)
      at act (node_modules/react/cjs/react.development.js:2582:11)
      at node_modules/@testing-library/react/dist/act-compat.js:47:25
      at renderRoot (node_modules/@testing-library/react/dist/pure.js:190:26)
      at render (node_modules/@testing-library/react/dist/pure.js:292:10)
      at customRender (src/test-utils.tsx:79:12)
      at Object.<anonymous> (src/__tests__/integration/figure-operations.integration.test.tsx:85:11)

  console.error
    Warning: React.jsx: type is invalid -- expected a string (for built-in components) or a class/function (for composite components) but got: undefined. You likely forgot to export your component from the file it's defined in, or you might have mixed up default and named imports.
    
    Check your code at AddFigure.tsx:60.
        at AddFigure (/home/rgoldberg/projects/figure-collector-services/figure-collector-frontend/src/pages/AddFigure.tsx:85:31)
        at Router (/home/rgoldberg/projects/figure-collector-services/figure-collector-frontend/node_modules/react-router/lib/components.tsx:421:13)
        at MemoryRouter (/home/rgoldberg/projects/figure-collector-services/figure-collector-frontend/node_modules/react-router/lib/components.tsx:225:3)
        at div
        at ChakraProvider (/home/rgoldberg/projects/figure-collector-services/figure-collector-frontend/src/setupTests.ts:441:24)
        at div
        at MockQueryClientProvider (/home/rgoldberg/projects/figure-collector-services/figure-collector-frontend/src/test-utils.tsx:11:36)
        at AllProviders (/home/rgoldberg/projects/figure-collector-services/figure-collector-frontend/src/test-utils.tsx:40:25)
        at wrapper

      58 |       <Breadcrumb spacing="8px" separator={<ChevronRightIcon color="gray.500" />} mb={5}>
      59 |         <BreadcrumbItem>
    > 60 |           <BreadcrumbLink as={RouterLink} to="/">Dashboard</BreadcrumbLink>
         |           ^
      61 |         </BreadcrumbItem>
      62 |         <BreadcrumbItem>
      63 |           <BreadcrumbLink as={RouterLink} to="/figures">Figures</BreadcrumbLink>

      at printWarning (node_modules/react/cjs/react-jsx-dev-runtime.development.js:87:30)
      at error (node_modules/react/cjs/react-jsx-dev-runtime.development.js:61:7)
      at jsxWithValidation (node_modules/react/cjs/react-jsx-dev-runtime.development.js:1245:7)
      at AddFigure (src/pages/AddFigure.tsx:60:11)
      at renderWithHooks (node_modules/react-dom/cjs/react-dom.development.js:15486:18)
      at mountIndeterminateComponent (node_modules/react-dom/cjs/react-dom.development.js:20103:13)
      at beginWork (node_modules/react-dom/cjs/react-dom.development.js:21626:16)
      at HTMLUnknownElement.callCallback (node_modules/react-dom/cjs/react-dom.development.js:4164:14)
      at Object.invokeGuardedCallbackDev (node_modules/react-dom/cjs/react-dom.development.js:4213:16)
      at invokeGuardedCallback (node_modules/react-dom/cjs/react-dom.development.js:4277:31)
      at beginWork$1 (node_modules/react-dom/cjs/react-dom.development.js:27490:7)
      at performUnitOfWork (node_modules/react-dom/cjs/react-dom.development.js:26599:12)
      at workLoopSync (node_modules/react-dom/cjs/react-dom.development.js:26505:5)
      at renderRootSync (node_modules/react-dom/cjs/react-dom.development.js:26473:7)
      at performConcurrentWorkOnRoot (node_modules/react-dom/cjs/react-dom.development.js:25777:74)
      at flushActQueue (node_modules/react/cjs/react.development.js:2667:24)
      at act (node_modules/react/cjs/react.development.js:2582:11)
      at node_modules/@testing-library/react/dist/act-compat.js:47:25
      at renderRoot (node_modules/@testing-library/react/dist/pure.js:190:26)
      at render (node_modules/@testing-library/react/dist/pure.js:292:10)
      at customRender (src/test-utils.tsx:79:12)
      at Object.<anonymous> (src/__tests__/integration/figure-operations.integration.test.tsx:85:11)

  console.error
    Warning: React.jsx: type is invalid -- expected a string (for built-in components) or a class/function (for composite components) but got: undefined. You likely forgot to export your component from the file it's defined in, or you might have mixed up default and named imports.
    
    Check your code at AddFigure.tsx:59.
        at AddFigure (/home/rgoldberg/projects/figure-collector-services/figure-collector-frontend/src/pages/AddFigure.tsx:85:31)
        at Router (/home/rgoldberg/projects/figure-collector-services/figure-collector-frontend/node_modules/react-router/lib/components.tsx:421:13)
        at MemoryRouter (/home/rgoldberg/projects/figure-collector-services/figure-collector-frontend/node_modules/react-router/lib/components.tsx:225:3)
        at div
        at ChakraProvider (/home/rgoldberg/projects/figure-collector-services/figure-collector-frontend/src/setupTests.ts:441:24)
        at div
        at MockQueryClientProvider (/home/rgoldberg/projects/figure-collector-services/figure-collector-frontend/src/test-utils.tsx:11:36)
        at AllProviders (/home/rgoldberg/projects/figure-collector-services/figure-collector-frontend/src/test-utils.tsx:40:25)
        at wrapper

      57 |     <Box>
      58 |       <Breadcrumb spacing="8px" separator={<ChevronRightIcon color="gray.500" />} mb={5}>
    > 59 |         <BreadcrumbItem>
         |         ^
      60 |           <BreadcrumbLink as={RouterLink} to="/">Dashboard</BreadcrumbLink>
      61 |         </BreadcrumbItem>
      62 |         <BreadcrumbItem>

      at printWarning (node_modules/react/cjs/react-jsx-dev-runtime.development.js:87:30)
      at error (node_modules/react/cjs/react-jsx-dev-runtime.development.js:61:7)
      at jsxWithValidation (node_modules/react/cjs/react-jsx-dev-runtime.development.js:1245:7)
      at AddFigure (src/pages/AddFigure.tsx:59:9)
      at renderWithHooks (node_modules/react-dom/cjs/react-dom.development.js:15486:18)
      at mountIndeterminateComponent (node_modules/react-dom/cjs/react-dom.development.js:20103:13)
      at beginWork (node_modules/react-dom/cjs/react-dom.development.js:21626:16)
      at HTMLUnknownElement.callCallback (node_modules/react-dom/cjs/react-dom.development.js:4164:14)
      at Object.invokeGuardedCallbackDev (node_modules/react-dom/cjs/react-dom.development.js:4213:16)
      at invokeGuardedCallback (node_modules/react-dom/cjs/react-dom.development.js:4277:31)
      at beginWork$1 (node_modules/react-dom/cjs/react-dom.development.js:27490:7)
      at performUnitOfWork (node_modules/react-dom/cjs/react-dom.development.js:26599:12)
      at workLoopSync (node_modules/react-dom/cjs/react-dom.development.js:26505:5)
      at renderRootSync (node_modules/react-dom/cjs/react-dom.development.js:26473:7)
      at performConcurrentWorkOnRoot (node_modules/react-dom/cjs/react-dom.development.js:25777:74)
      at flushActQueue (node_modules/react/cjs/react.development.js:2667:24)
      at act (node_modules/react/cjs/react.development.js:2582:11)
      at node_modules/@testing-library/react/dist/act-compat.js:47:25
      at renderRoot (node_modules/@testing-library/react/dist/pure.js:190:26)
      at render (node_modules/@testing-library/react/dist/pure.js:292:10)
      at customRender (src/test-utils.tsx:79:12)
      at Object.<anonymous> (src/__tests__/integration/figure-operations.integration.test.tsx:85:11)

  console.error
    Warning: React.jsx: type is invalid -- expected a string (for built-in components) or a class/function (for composite components) but got: undefined. You likely forgot to export your component from the file it's defined in, or you might have mixed up default and named imports.
    
    Check your code at AddFigure.tsx:63.
        at AddFigure (/home/rgoldberg/projects/figure-collector-services/figure-collector-frontend/src/pages/AddFigure.tsx:85:31)
        at Router (/home/rgoldberg/projects/figure-collector-services/figure-collector-frontend/node_modules/react-router/lib/components.tsx:421:13)
        at MemoryRouter (/home/rgoldberg/projects/figure-collector-services/figure-collector-frontend/node_modules/react-router/lib/components.tsx:225:3)
        at div
        at ChakraProvider (/home/rgoldberg/projects/figure-collector-services/figure-collector-frontend/src/setupTests.ts:441:24)
        at div
        at MockQueryClientProvider (/home/rgoldberg/projects/figure-collector-services/figure-collector-frontend/src/test-utils.tsx:11:36)
        at AllProviders (/home/rgoldberg/projects/figure-collector-services/figure-collector-frontend/src/test-utils.tsx:40:25)
        at wrapper

      61 |         </BreadcrumbItem>
      62 |         <BreadcrumbItem>
    > 63 |           <BreadcrumbLink as={RouterLink} to="/figures">Figures</BreadcrumbLink>
         |           ^
      64 |         </BreadcrumbItem>
      65 |         <BreadcrumbItem isCurrentPage>
      66 |           <BreadcrumbLink>Add New Figure</BreadcrumbLink>

      at printWarning (node_modules/react/cjs/react-jsx-dev-runtime.development.js:87:30)
      at error (node_modules/react/cjs/react-jsx-dev-runtime.development.js:61:7)
      at jsxWithValidation (node_modules/react/cjs/react-jsx-dev-runtime.development.js:1245:7)
      at AddFigure (src/pages/AddFigure.tsx:63:11)
      at renderWithHooks (node_modules/react-dom/cjs/react-dom.development.js:15486:18)
      at mountIndeterminateComponent (node_modules/react-dom/cjs/react-dom.development.js:20103:13)
      at beginWork (node_modules/react-dom/cjs/react-dom.development.js:21626:16)
      at HTMLUnknownElement.callCallback (node_modules/react-dom/cjs/react-dom.development.js:4164:14)
      at Object.invokeGuardedCallbackDev (node_modules/react-dom/cjs/react-dom.development.js:4213:16)
      at invokeGuardedCallback (node_modules/react-dom/cjs/react-dom.development.js:4277:31)
      at beginWork$1 (node_modules/react-dom/cjs/react-dom.development.js:27490:7)
      at performUnitOfWork (node_modules/react-dom/cjs/react-dom.development.js:26599:12)
      at workLoopSync (node_modules/react-dom/cjs/react-dom.development.js:26505:5)
      at renderRootSync (node_modules/react-dom/cjs/react-dom.development.js:26473:7)
      at performConcurrentWorkOnRoot (node_modules/react-dom/cjs/react-dom.development.js:25777:74)
      at flushActQueue (node_modules/react/cjs/react.development.js:2667:24)
      at act (node_modules/react/cjs/react.development.js:2582:11)
      at node_modules/@testing-library/react/dist/act-compat.js:47:25
      at renderRoot (node_modules/@testing-library/react/dist/pure.js:190:26)
      at render (node_modules/@testing-library/react/dist/pure.js:292:10)
      at customRender (src/test-utils.tsx:79:12)
      at Object.<anonymous> (src/__tests__/integration/figure-operations.integration.test.tsx:85:11)

  console.error
    Warning: React.jsx: type is invalid -- expected a string (for built-in components) or a class/function (for composite components) but got: undefined. You likely forgot to export your component from the file it's defined in, or you might have mixed up default and named imports.
    
    Check your code at AddFigure.tsx:62.
        at AddFigure (/home/rgoldberg/projects/figure-collector-services/figure-collector-frontend/src/pages/AddFigure.tsx:85:31)
        at Router (/home/rgoldberg/projects/figure-collector-services/figure-collector-frontend/node_modules/react-router/lib/components.tsx:421:13)
        at MemoryRouter (/home/rgoldberg/projects/figure-collector-services/figure-collector-frontend/node_modules/react-router/lib/components.tsx:225:3)
        at div
        at ChakraProvider (/home/rgoldberg/projects/figure-collector-services/figure-collector-frontend/src/setupTests.ts:441:24)
        at div
        at MockQueryClientProvider (/home/rgoldberg/projects/figure-collector-services/figure-collector-frontend/src/test-utils.tsx:11:36)
        at AllProviders (/home/rgoldberg/projects/figure-collector-services/figure-collector-frontend/src/test-utils.tsx:40:25)
        at wrapper

      60 |           <BreadcrumbLink as={RouterLink} to="/">Dashboard</BreadcrumbLink>
      61 |         </BreadcrumbItem>
    > 62 |         <BreadcrumbItem>
         |         ^
      63 |           <BreadcrumbLink as={RouterLink} to="/figures">Figures</BreadcrumbLink>
      64 |         </BreadcrumbItem>
      65 |         <BreadcrumbItem isCurrentPage>

      at printWarning (node_modules/react/cjs/react-jsx-dev-runtime.development.js:87:30)
      at error (node_modules/react/cjs/react-jsx-dev-runtime.development.js:61:7)
      at jsxWithValidation (node_modules/react/cjs/react-jsx-dev-runtime.development.js:1245:7)
      at AddFigure (src/pages/AddFigure.tsx:62:9)
      at renderWithHooks (node_modules/react-dom/cjs/react-dom.development.js:15486:18)
      at mountIndeterminateComponent (node_modules/react-dom/cjs/react-dom.development.js:20103:13)
      at beginWork (node_modules/react-dom/cjs/react-dom.development.js:21626:16)
      at HTMLUnknownElement.callCallback (node_modules/react-dom/cjs/react-dom.development.js:4164:14)
      at Object.invokeGuardedCallbackDev (node_modules/react-dom/cjs/react-dom.development.js:4213:16)
      at invokeGuardedCallback (node_modules/react-dom/cjs/react-dom.development.js:4277:31)
      at beginWork$1 (node_modules/react-dom/cjs/react-dom.development.js:27490:7)
      at performUnitOfWork (node_modules/react-dom/cjs/react-dom.development.js:26599:12)
      at workLoopSync (node_modules/react-dom/cjs/react-dom.development.js:26505:5)
      at renderRootSync (node_modules/react-dom/cjs/react-dom.development.js:26473:7)
      at performConcurrentWorkOnRoot (node_modules/react-dom/cjs/react-dom.development.js:25777:74)
      at flushActQueue (node_modules/react/cjs/react.development.js:2667:24)
      at act (node_modules/react/cjs/react.development.js:2582:11)
      at node_modules/@testing-library/react/dist/act-compat.js:47:25
      at renderRoot (node_modules/@testing-library/react/dist/pure.js:190:26)
      at render (node_modules/@testing-library/react/dist/pure.js:292:10)
      at customRender (src/test-utils.tsx:79:12)
      at Object.<anonymous> (src/__tests__/integration/figure-operations.integration.test.tsx:85:11)

  console.error
    Warning: React.jsx: type is invalid -- expected a string (for built-in components) or a class/function (for composite components) but got: undefined. You likely forgot to export your component from the file it's defined in, or you might have mixed up default and named imports.
    
    Check your code at AddFigure.tsx:66.
        at AddFigure (/home/rgoldberg/projects/figure-collector-services/figure-collector-frontend/src/pages/AddFigure.tsx:85:31)
        at Router (/home/rgoldberg/projects/figure-collector-services/figure-collector-frontend/node_modules/react-router/lib/components.tsx:421:13)
        at MemoryRouter (/home/rgoldberg/projects/figure-collector-services/figure-collector-frontend/node_modules/react-router/lib/components.tsx:225:3)
        at div
        at ChakraProvider (/home/rgoldberg/projects/figure-collector-services/figure-collector-frontend/src/setupTests.ts:441:24)
        at div
        at MockQueryClientProvider (/home/rgoldberg/projects/figure-collector-services/figure-collector-frontend/src/test-utils.tsx:11:36)
        at AllProviders (/home/rgoldberg/projects/figure-collector-services/figure-collector-frontend/src/test-utils.tsx:40:25)
        at wrapper

      64 |         </BreadcrumbItem>
      65 |         <BreadcrumbItem isCurrentPage>
    > 66 |           <BreadcrumbLink>Add New Figure</BreadcrumbLink>
         |           ^
      67 |         </BreadcrumbItem>
      68 |       </Breadcrumb>
      69 |       

      at printWarning (node_modules/react/cjs/react-jsx-dev-runtime.development.js:87:30)
      at error (node_modules/react/cjs/react-jsx-dev-runtime.development.js:61:7)
      at jsxWithValidation (node_modules/react/cjs/react-jsx-dev-runtime.development.js:1245:7)
      at AddFigure (src/pages/AddFigure.tsx:66:11)
      at renderWithHooks (node_modules/react-dom/cjs/react-dom.development.js:15486:18)
      at mountIndeterminateComponent (node_modules/react-dom/cjs/react-dom.development.js:20103:13)
      at beginWork (node_modules/react-dom/cjs/react-dom.development.js:21626:16)
      at HTMLUnknownElement.callCallback (node_modules/react-dom/cjs/react-dom.development.js:4164:14)
      at Object.invokeGuardedCallbackDev (node_modules/react-dom/cjs/react-dom.development.js:4213:16)
      at invokeGuardedCallback (node_modules/react-dom/cjs/react-dom.development.js:4277:31)
      at beginWork$1 (node_modules/react-dom/cjs/react-dom.development.js:27490:7)
      at performUnitOfWork (node_modules/react-dom/cjs/react-dom.development.js:26599:12)
      at workLoopSync (node_modules/react-dom/cjs/react-dom.development.js:26505:5)
      at renderRootSync (node_modules/react-dom/cjs/react-dom.development.js:26473:7)
      at performConcurrentWorkOnRoot (node_modules/react-dom/cjs/react-dom.development.js:25777:74)
      at flushActQueue (node_modules/react/cjs/react.development.js:2667:24)
      at act (node_modules/react/cjs/react.development.js:2582:11)
      at node_modules/@testing-library/react/dist/act-compat.js:47:25
      at renderRoot (node_modules/@testing-library/react/dist/pure.js:190:26)
      at render (node_modules/@testing-library/react/dist/pure.js:292:10)
      at customRender (src/test-utils.tsx:79:12)
      at Object.<anonymous> (src/__tests__/integration/figure-operations.integration.test.tsx:85:11)

  console.error
    Warning: React.jsx: type is invalid -- expected a string (for built-in components) or a class/function (for composite components) but got: undefined. You likely forgot to export your component from the file it's defined in, or you might have mixed up default and named imports.
    
    Check your code at AddFigure.tsx:65.
        at AddFigure (/home/rgoldberg/projects/figure-collector-services/figure-collector-frontend/src/pages/AddFigure.tsx:85:31)
        at Router (/home/rgoldberg/projects/figure-collector-services/figure-collector-frontend/node_modules/react-router/lib/components.tsx:421:13)
        at MemoryRouter (/home/rgoldberg/projects/figure-collector-services/figure-collector-frontend/node_modules/react-router/lib/components.tsx:225:3)
        at div
        at ChakraProvider (/home/rgoldberg/projects/figure-collector-services/figure-collector-frontend/src/setupTests.ts:441:24)
        at div
        at MockQueryClientProvider (/home/rgoldberg/projects/figure-collector-services/figure-collector-frontend/src/test-utils.tsx:11:36)
        at AllProviders (/home/rgoldberg/projects/figure-collector-services/figure-collector-frontend/src/test-utils.tsx:40:25)
        at wrapper

      63 |           <BreadcrumbLink as={RouterLink} to="/figures">Figures</BreadcrumbLink>
      64 |         </BreadcrumbItem>
    > 65 |         <BreadcrumbItem isCurrentPage>
         |         ^
      66 |           <BreadcrumbLink>Add New Figure</BreadcrumbLink>
      67 |         </BreadcrumbItem>
      68 |       </Breadcrumb>

      at printWarning (node_modules/react/cjs/react-jsx-dev-runtime.development.js:87:30)
      at error (node_modules/react/cjs/react-jsx-dev-runtime.development.js:61:7)
      at jsxWithValidation (node_modules/react/cjs/react-jsx-dev-runtime.development.js:1245:7)
      at AddFigure (src/pages/AddFigure.tsx:65:9)
      at renderWithHooks (node_modules/react-dom/cjs/react-dom.development.js:15486:18)
      at mountIndeterminateComponent (node_modules/react-dom/cjs/react-dom.development.js:20103:13)
      at beginWork (node_modules/react-dom/cjs/react-dom.development.js:21626:16)
      at HTMLUnknownElement.callCallback (node_modules/react-dom/cjs/react-dom.development.js:4164:14)
      at Object.invokeGuardedCallbackDev (node_modules/react-dom/cjs/react-dom.development.js:4213:16)
      at invokeGuardedCallback (node_modules/react-dom/cjs/react-dom.development.js:4277:31)
      at beginWork$1 (node_modules/react-dom/cjs/react-dom.development.js:27490:7)
      at performUnitOfWork (node_modules/react-dom/cjs/react-dom.development.js:26599:12)
      at workLoopSync (node_modules/react-dom/cjs/react-dom.development.js:26505:5)
      at renderRootSync (node_modules/react-dom/cjs/react-dom.development.js:26473:7)
      at performConcurrentWorkOnRoot (node_modules/react-dom/cjs/react-dom.development.js:25777:74)
      at flushActQueue (node_modules/react/cjs/react.development.js:2667:24)
      at act (node_modules/react/cjs/react.development.js:2582:11)
      at node_modules/@testing-library/react/dist/act-compat.js:47:25
      at renderRoot (node_modules/@testing-library/react/dist/pure.js:190:26)
      at render (node_modules/@testing-library/react/dist/pure.js:292:10)
      at customRender (src/test-utils.tsx:79:12)
      at Object.<anonymous> (src/__tests__/integration/figure-operations.integration.test.tsx:85:11)

  console.error
    Warning: React.jsx: type is invalid -- expected a string (for built-in components) or a class/function (for composite components) but got: undefined. You likely forgot to export your component from the file it's defined in, or you might have mixed up default and named imports.
    
    Check your code at AddFigure.tsx:58.
        at AddFigure (/home/rgoldberg/projects/figure-collector-services/figure-collector-frontend/src/pages/AddFigure.tsx:85:31)
        at Router (/home/rgoldberg/projects/figure-collector-services/figure-collector-frontend/node_modules/react-router/lib/components.tsx:421:13)
        at MemoryRouter (/home/rgoldberg/projects/figure-collector-services/figure-collector-frontend/node_modules/react-router/lib/components.tsx:225:3)
        at div
        at ChakraProvider (/home/rgoldberg/projects/figure-collector-services/figure-collector-frontend/src/setupTests.ts:441:24)
        at div
        at MockQueryClientProvider (/home/rgoldberg/projects/figure-collector-services/figure-collector-frontend/src/test-utils.tsx:11:36)
        at AllProviders (/home/rgoldberg/projects/figure-collector-services/figure-collector-frontend/src/test-utils.tsx:40:25)
        at wrapper

      56 |   return (
      57 |     <Box>
    > 58 |       <Breadcrumb spacing="8px" separator={<ChevronRightIcon color="gray.500" />} mb={5}>
         |       ^
      59 |         <BreadcrumbItem>
      60 |           <BreadcrumbLink as={RouterLink} to="/">Dashboard</BreadcrumbLink>
      61 |         </BreadcrumbItem>

      at printWarning (node_modules/react/cjs/react-jsx-dev-runtime.development.js:87:30)
      at error (node_modules/react/cjs/react-jsx-dev-runtime.development.js:61:7)
      at jsxWithValidation (node_modules/react/cjs/react-jsx-dev-runtime.development.js:1245:7)
      at AddFigure (src/pages/AddFigure.tsx:58:7)
      at renderWithHooks (node_modules/react-dom/cjs/react-dom.development.js:15486:18)
      at mountIndeterminateComponent (node_modules/react-dom/cjs/react-dom.development.js:20103:13)
      at beginWork (node_modules/react-dom/cjs/react-dom.development.js:21626:16)
      at HTMLUnknownElement.callCallback (node_modules/react-dom/cjs/react-dom.development.js:4164:14)
      at Object.invokeGuardedCallbackDev (node_modules/react-dom/cjs/react-dom.development.js:4213:16)
      at invokeGuardedCallback (node_modules/react-dom/cjs/react-dom.development.js:4277:31)
      at beginWork$1 (node_modules/react-dom/cjs/react-dom.development.js:27490:7)
      at performUnitOfWork (node_modules/react-dom/cjs/react-dom.development.js:26599:12)
      at workLoopSync (node_modules/react-dom/cjs/react-dom.development.js:26505:5)
      at renderRootSync (node_modules/react-dom/cjs/react-dom.development.js:26473:7)
      at performConcurrentWorkOnRoot (node_modules/react-dom/cjs/react-dom.development.js:25777:74)
      at flushActQueue (node_modules/react/cjs/react.development.js:2667:24)
      at act (node_modules/react/cjs/react.development.js:2582:11)
      at node_modules/@testing-library/react/dist/act-compat.js:47:25
      at renderRoot (node_modules/@testing-library/react/dist/pure.js:190:26)
      at render (node_modules/@testing-library/react/dist/pure.js:292:10)
      at customRender (src/test-utils.tsx:79:12)
      at Object.<anonymous> (src/__tests__/integration/figure-operations.integration.test.tsx:85:11)

  console.error
    Warning: React.jsx: type is invalid -- expected a string (for built-in components) or a class/function (for composite components) but got: undefined. You likely forgot to export your component from the file it's defined in, or you might have mixed up default and named imports.
    
    Check your code at AddFigure.tsx:73.
        at AddFigure (/home/rgoldberg/projects/figure-collector-services/figure-collector-frontend/src/pages/AddFigure.tsx:85:31)
        at Router (/home/rgoldberg/projects/figure-collector-services/figure-collector-frontend/node_modules/react-router/lib/components.tsx:421:13)
        at MemoryRouter (/home/rgoldberg/projects/figure-collector-services/figure-collector-frontend/node_modules/react-router/lib/components.tsx:225:3)
        at div
        at ChakraProvider (/home/rgoldberg/projects/figure-collector-services/figure-collector-frontend/src/setupTests.ts:441:24)
        at div
        at MockQueryClientProvider (/home/rgoldberg/projects/figure-collector-services/figure-collector-frontend/src/test-utils.tsx:11:36)
        at AllProviders (/home/rgoldberg/projects/figure-collector-services/figure-collector-frontend/src/test-utils.tsx:40:25)
        at wrapper

      71 |         <Heading size="lg">Add New Figure</Heading>
      72 |         <Button
    > 73 |           leftIcon={<FaArrowLeft />}
         |                     ^
      74 |           as={RouterLink}
      75 |           to="/figures"
      76 |           variant="outline"

      at printWarning (node_modules/react/cjs/react-jsx-dev-runtime.development.js:87:30)
      at error (node_modules/react/cjs/react-jsx-dev-runtime.development.js:61:7)
      at jsxWithValidation (node_modules/react/cjs/react-jsx-dev-runtime.development.js:1245:7)
      at AddFigure (src/pages/AddFigure.tsx:73:21)
      at renderWithHooks (node_modules/react-dom/cjs/react-dom.development.js:15486:18)
      at mountIndeterminateComponent (node_modules/react-dom/cjs/react-dom.development.js:20103:13)
      at beginWork (node_modules/react-dom/cjs/react-dom.development.js:21626:16)
      at HTMLUnknownElement.callCallback (node_modules/react-dom/cjs/react-dom.development.js:4164:14)
      at Object.invokeGuardedCallbackDev (node_modules/react-dom/cjs/react-dom.development.js:4213:16)
      at invokeGuardedCallback (node_modules/react-dom/cjs/react-dom.development.js:4277:31)
      at beginWork$1 (node_modules/react-dom/cjs/react-dom.development.js:27490:7)
      at performUnitOfWork (node_modules/react-dom/cjs/react-dom.development.js:26599:12)
      at workLoopSync (node_modules/react-dom/cjs/react-dom.development.js:26505:5)
      at renderRootSync (node_modules/react-dom/cjs/react-dom.development.js:26473:7)
      at performConcurrentWorkOnRoot (node_modules/react-dom/cjs/react-dom.development.js:25777:74)
      at flushActQueue (node_modules/react/cjs/react.development.js:2667:24)
      at act (node_modules/react/cjs/react.development.js:2582:11)
      at node_modules/@testing-library/react/dist/act-compat.js:47:25
      at renderRoot (node_modules/@testing-library/react/dist/pure.js:190:26)
      at render (node_modules/@testing-library/react/dist/pure.js:292:10)
      at customRender (src/test-utils.tsx:79:12)
      at Object.<anonymous> (src/__tests__/integration/figure-operations.integration.test.tsx:85:11)

  console.error
    Error: Uncaught [TypeError: Cannot read properties of undefined (reading 'isLoading')]
        at reportException (/home/rgoldberg/projects/figure-collector-services/figure-collector-frontend/node_modules/jest-cli/node_modules/jsdom/lib/jsdom/living/helpers/runtime-script-errors.js:66:24)
        at innerInvokeEventListeners (/home/rgoldberg/projects/figure-collector-services/figure-collector-frontend/node_modules/jest-cli/node_modules/jsdom/lib/jsdom/living/events/EventTarget-impl.js:341:9)
        at invokeEventListeners (/home/rgoldberg/projects/figure-collector-services/figure-collector-frontend/node_modules/jest-cli/node_modules/jsdom/lib/jsdom/living/events/EventTarget-impl.js:274:3)
        at HTMLUnknownElementImpl._dispatch (/home/rgoldberg/projects/figure-collector-services/figure-collector-frontend/node_modules/jest-cli/node_modules/jsdom/lib/jsdom/living/events/EventTarget-impl.js:221:9)
        at HTMLUnknownElementImpl.dispatchEvent (/home/rgoldberg/projects/figure-collector-services/figure-collector-frontend/node_modules/jest-cli/node_modules/jsdom/lib/jsdom/living/events/EventTarget-impl.js:94:17)
        at HTMLUnknownElement.dispatchEvent (/home/rgoldberg/projects/figure-collector-services/figure-collector-frontend/node_modules/jest-cli/node_modules/jsdom/lib/jsdom/living/generated/EventTarget.js:231:34)
        at Object.invokeGuardedCallbackDev (/home/rgoldberg/projects/figure-collector-services/figure-collector-frontend/node_modules/react-dom/cjs/react-dom.development.js:4213:16)
        at invokeGuardedCallback (/home/rgoldberg/projects/figure-collector-services/figure-collector-frontend/node_modules/react-dom/cjs/react-dom.development.js:4277:31)
        at beginWork$1 (/home/rgoldberg/projects/figure-collector-services/figure-collector-frontend/node_modules/react-dom/cjs/react-dom.development.js:27490:7)
        at performUnitOfWork (/home/rgoldberg/projects/figure-collector-services/figure-collector-frontend/node_modules/react-dom/cjs/react-dom.development.js:26599:12)
        at workLoopSync (/home/rgoldberg/projects/figure-collector-services/figure-collector-frontend/node_modules/react-dom/cjs/react-dom.development.js:26505:5)
        at renderRootSync (/home/rgoldberg/projects/figure-collector-services/figure-collector-frontend/node_modules/react-dom/cjs/react-dom.development.js:26473:7)
        at performConcurrentWorkOnRoot (/home/rgoldberg/projects/figure-collector-services/figure-collector-frontend/node_modules/react-dom/cjs/react-dom.development.js:25777:74)
        at flushActQueue (/home/rgoldberg/projects/figure-collector-services/figure-collector-frontend/node_modules/react/cjs/react.development.js:2667:24)
        at act (/home/rgoldberg/projects/figure-collector-services/figure-collector-frontend/node_modules/react/cjs/react.development.js:2582:11)
        at /home/rgoldberg/projects/figure-collector-services/figure-collector-frontend/node_modules/@testing-library/react/dist/act-compat.js:47:25
        at renderRoot (/home/rgoldberg/projects/figure-collector-services/figure-collector-frontend/node_modules/@testing-library/react/dist/pure.js:190:26)
        at render (/home/rgoldberg/projects/figure-collector-services/figure-collector-frontend/node_modules/@testing-library/react/dist/pure.js:292:10)
        at customRender (/home/rgoldberg/projects/figure-collector-services/figure-collector-frontend/src/test-utils.tsx:79:12)
        at Object.<anonymous> (/home/rgoldberg/projects/figure-collector-services/figure-collector-frontend/src/__tests__/integration/figure-operations.integration.test.tsx:85:11)
        at Promise.then.completed (/home/rgoldberg/projects/figure-collector-services/figure-collector-frontend/node_modules/@jest/core/node_modules/jest-circus/build/utils.js:391:28)
        at new Promise (<anonymous>)
        at callAsyncCircusFn (/home/rgoldberg/projects/figure-collector-services/figure-collector-frontend/node_modules/@jest/core/node_modules/jest-circus/build/utils.js:316:10)
        at _callCircusTest (/home/rgoldberg/projects/figure-collector-services/figure-collector-frontend/node_modules/@jest/core/node_modules/jest-circus/build/run.js:218:40)
        at processTicksAndRejections (node:internal/process/task_queues:105:5)
        at _runTest (/home/rgoldberg/projects/figure-collector-services/figure-collector-frontend/node_modules/@jest/core/node_modules/jest-circus/build/run.js:155:3)
        at _runTestsForDescribeBlock (/home/rgoldberg/projects/figure-collector-services/figure-collector-frontend/node_modules/@jest/core/node_modules/jest-circus/build/run.js:66:9)
        at _runTestsForDescribeBlock (/home/rgoldberg/projects/figure-collector-services/figure-collector-frontend/node_modules/@jest/core/node_modules/jest-circus/build/run.js:60:9)
        at run (/home/rgoldberg/projects/figure-collector-services/figure-collector-frontend/node_modules/@jest/core/node_modules/jest-circus/build/run.js:25:3)
        at runAndTransformResultsToJestFormat (/home/rgoldberg/projects/figure-collector-services/figure-collector-frontend/node_modules/@jest/core/node_modules/jest-circus/build/legacy-code-todo-rewrite/jestAdapterInit.js:170:21)
        at jestAdapter (/home/rgoldberg/projects/figure-collector-services/figure-collector-frontend/node_modules/@jest/core/node_modules/jest-circus/build/legacy-code-todo-rewrite/jestAdapter.js:82:19)
        at runTestInternal (/home/rgoldberg/projects/figure-collector-services/figure-collector-frontend/node_modules/jest-runner/build/runTest.js:389:16)
        at runTest (/home/rgoldberg/projects/figure-collector-services/figure-collector-frontend/node_modules/jest-runner/build/runTest.js:475:34) TypeError: Cannot read properties of undefined (reading 'isLoading')
        at AddFigure (/home/rgoldberg/projects/figure-collector-services/figure-collector-frontend/src/pages/AddFigure.tsx:85:31)
        at renderWithHooks (/home/rgoldberg/projects/figure-collector-services/figure-collector-frontend/node_modules/react-dom/cjs/react-dom.development.js:15486:18)
        at mountIndeterminateComponent (/home/rgoldberg/projects/figure-collector-services/figure-collector-frontend/node_modules/react-dom/cjs/react-dom.development.js:20103:13)
        at beginWork (/home/rgoldberg/projects/figure-collector-services/figure-collector-frontend/node_modules/react-dom/cjs/react-dom.development.js:21626:16)
        at HTMLUnknownElement.callCallback (/home/rgoldberg/projects/figure-collector-services/figure-collector-frontend/node_modules/react-dom/cjs/react-dom.development.js:4164:14)
        at HTMLUnknownElement.callTheUserObjectsOperation (/home/rgoldberg/projects/figure-collector-services/figure-collector-frontend/node_modules/jest-cli/node_modules/jsdom/lib/jsdom/living/generated/EventListener.js:26:30)
        at innerInvokeEventListeners (/home/rgoldberg/projects/figure-collector-services/figure-collector-frontend/node_modules/jest-cli/node_modules/jsdom/lib/jsdom/living/events/EventTarget-impl.js:338:25)
        at invokeEventListeners (/home/rgoldberg/projects/figure-collector-services/figure-collector-frontend/node_modules/jest-cli/node_modules/jsdom/lib/jsdom/living/events/EventTarget-impl.js:274:3)
        at HTMLUnknownElementImpl._dispatch (/home/rgoldberg/projects/figure-collector-services/figure-collector-frontend/node_modules/jest-cli/node_modules/jsdom/lib/jsdom/living/events/EventTarget-impl.js:221:9)
        at HTMLUnknownElementImpl.dispatchEvent (/home/rgoldberg/projects/figure-collector-services/figure-collector-frontend/node_modules/jest-cli/node_modules/jsdom/lib/jsdom/living/events/EventTarget-impl.js:94:17)
        at HTMLUnknownElement.dispatchEvent (/home/rgoldberg/projects/figure-collector-services/figure-collector-frontend/node_modules/jest-cli/node_modules/jsdom/lib/jsdom/living/generated/EventTarget.js:231:34)
        at Object.invokeGuardedCallbackDev (/home/rgoldberg/projects/figure-collector-services/figure-collector-frontend/node_modules/react-dom/cjs/react-dom.development.js:4213:16)
        at invokeGuardedCallback (/home/rgoldberg/projects/figure-collector-services/figure-collector-frontend/node_modules/react-dom/cjs/react-dom.development.js:4277:31)
        at beginWork$1 (/home/rgoldberg/projects/figure-collector-services/figure-collector-frontend/node_modules/react-dom/cjs/react-dom.development.js:27490:7)
        at performUnitOfWork (/home/rgoldberg/projects/figure-collector-services/figure-collector-frontend/node_modules/react-dom/cjs/react-dom.development.js:26599:12)
        at workLoopSync (/home/rgoldberg/projects/figure-collector-services/figure-collector-frontend/node_modules/react-dom/cjs/react-dom.development.js:26505:5)
        at renderRootSync (/home/rgoldberg/projects/figure-collector-services/figure-collector-frontend/node_modules/react-dom/cjs/react-dom.development.js:26473:7)
        at performConcurrentWorkOnRoot (/home/rgoldberg/projects/figure-collector-services/figure-collector-frontend/node_modules/react-dom/cjs/react-dom.development.js:25777:74)
        at flushActQueue (/home/rgoldberg/projects/figure-collector-services/figure-collector-frontend/node_modules/react/cjs/react.development.js:2667:24)
        at act (/home/rgoldberg/projects/figure-collector-services/figure-collector-frontend/node_modules/react/cjs/react.development.js:2582:11)
        at /home/rgoldberg/projects/figure-collector-services/figure-collector-frontend/node_modules/@testing-library/react/dist/act-compat.js:47:25
        at renderRoot (/home/rgoldberg/projects/figure-collector-services/figure-collector-frontend/node_modules/@testing-library/react/dist/pure.js:190:26)
        at render (/home/rgoldberg/projects/figure-collector-services/figure-collector-frontend/node_modules/@testing-library/react/dist/pure.js:292:10)
        at customRender (/home/rgoldberg/projects/figure-collector-services/figure-collector-frontend/src/test-utils.tsx:79:12)
        at Object.<anonymous> (/home/rgoldberg/projects/figure-collector-services/figure-collector-frontend/src/__tests__/integration/figure-operations.integration.test.tsx:85:11)
        at Promise.then.completed (/home/rgoldberg/projects/figure-collector-services/figure-collector-frontend/node_modules/@jest/core/node_modules/jest-circus/build/utils.js:391:28)
        at new Promise (<anonymous>)
        at callAsyncCircusFn (/home/rgoldberg/projects/figure-collector-services/figure-collector-frontend/node_modules/@jest/core/node_modules/jest-circus/build/utils.js:316:10)
        at _callCircusTest (/home/rgoldberg/projects/figure-collector-services/figure-collector-frontend/node_modules/@jest/core/node_modules/jest-circus/build/run.js:218:40)
        at processTicksAndRejections (node:internal/process/task_queues:105:5)
        at _runTest (/home/rgoldberg/projects/figure-collector-services/figure-collector-frontend/node_modules/@jest/core/node_modules/jest-circus/build/run.js:155:3)
        at _runTestsForDescribeBlock (/home/rgoldberg/projects/figure-collector-services/figure-collector-frontend/node_modules/@jest/core/node_modules/jest-circus/build/run.js:66:9)
        at _runTestsForDescribeBlock (/home/rgoldberg/projects/figure-collector-services/figure-collector-frontend/node_modules/@jest/core/node_modules/jest-circus/build/run.js:60:9)
        at run (/home/rgoldberg/projects/figure-collector-services/figure-collector-frontend/node_modules/@jest/core/node_modules/jest-circus/build/run.js:25:3)
        at runAndTransformResultsToJestFormat (/home/rgoldberg/projects/figure-collector-services/figure-collector-frontend/node_modules/@jest/core/node_modules/jest-circus/build/legacy-code-todo-rewrite/jestAdapterInit.js:170:21)
        at jestAdapter (/home/rgoldberg/projects/figure-collector-services/figure-collector-frontend/node_modules/@jest/core/node_modules/jest-circus/build/legacy-code-todo-rewrite/jestAdapter.js:82:19)
        at runTestInternal (/home/rgoldberg/projects/figure-collector-services/figure-collector-frontend/node_modules/jest-runner/build/runTest.js:389:16)
        at runTest (/home/rgoldberg/projects/figure-collector-services/figure-collector-frontend/node_modules/jest-runner/build/runTest.js:475:34)

      77 |     initialRoutes?: string[] 
      78 |   }
    > 79 | ) => render(ui, { 
         |            ^
      80 |   wrapper: (props) => (
      81 |     <AllProviders 
      82 |       initialRoutes={options?.initialRoutes} 

      at VirtualConsole.<anonymous> (node_modules/jest-cli/node_modules/jsdom/lib/jsdom/virtual-console.js:29:45)
      at Object.invokeGuardedCallbackDev (node_modules/react-dom/cjs/react-dom.development.js:4213:16)
      at invokeGuardedCallback (node_modules/react-dom/cjs/react-dom.development.js:4277:31)
      at beginWork$1 (node_modules/react-dom/cjs/react-dom.development.js:27490:7)
      at performUnitOfWork (node_modules/react-dom/cjs/react-dom.development.js:26599:12)
      at workLoopSync (node_modules/react-dom/cjs/react-dom.development.js:26505:5)
      at renderRootSync (node_modules/react-dom/cjs/react-dom.development.js:26473:7)
      at performConcurrentWorkOnRoot (node_modules/react-dom/cjs/react-dom.development.js:25777:74)
      at flushActQueue (node_modules/react/cjs/react.development.js:2667:24)
      at act (node_modules/react/cjs/react.development.js:2582:11)
      at node_modules/@testing-library/react/dist/act-compat.js:47:25
      at renderRoot (node_modules/@testing-library/react/dist/pure.js:190:26)
      at render (node_modules/@testing-library/react/dist/pure.js:292:10)
      at customRender (src/test-utils.tsx:79:12)
      at Object.<anonymous> (src/__tests__/integration/figure-operations.integration.test.tsx:85:11)

  console.error
    Warning: React.jsx: type is invalid -- expected a string (for built-in components) or a class/function (for composite components) but got: undefined. You likely forgot to export your component from the file it's defined in, or you might have mixed up default and named imports.
    
    Check your code at AddFigure.tsx:60.
        at AddFigure (/home/rgoldberg/projects/figure-collector-services/figure-collector-frontend/src/pages/AddFigure.tsx:85:31)
        at Router (/home/rgoldberg/projects/figure-collector-services/figure-collector-frontend/node_modules/react-router/lib/components.tsx:421:13)
        at MemoryRouter (/home/rgoldberg/projects/figure-collector-services/figure-collector-frontend/node_modules/react-router/lib/components.tsx:225:3)
        at div
        at ChakraProvider (/home/rgoldberg/projects/figure-collector-services/figure-collector-frontend/src/setupTests.ts:441:24)
        at div
        at MockQueryClientProvider (/home/rgoldberg/projects/figure-collector-services/figure-collector-frontend/src/test-utils.tsx:11:36)
        at AllProviders (/home/rgoldberg/projects/figure-collector-services/figure-collector-frontend/src/test-utils.tsx:40:25)
        at wrapper

      58 |       <Breadcrumb spacing="8px" separator={<ChevronRightIcon color="gray.500" />} mb={5}>
      59 |         <BreadcrumbItem>
    > 60 |           <BreadcrumbLink as={RouterLink} to="/">Dashboard</BreadcrumbLink>
         |           ^
      61 |         </BreadcrumbItem>
      62 |         <BreadcrumbItem>
      63 |           <BreadcrumbLink as={RouterLink} to="/figures">Figures</BreadcrumbLink>

      at printWarning (node_modules/react/cjs/react-jsx-dev-runtime.development.js:87:30)
      at error (node_modules/react/cjs/react-jsx-dev-runtime.development.js:61:7)
      at jsxWithValidation (node_modules/react/cjs/react-jsx-dev-runtime.development.js:1245:7)
      at AddFigure (src/pages/AddFigure.tsx:60:11)
      at renderWithHooks (node_modules/react-dom/cjs/react-dom.development.js:15486:18)
      at mountIndeterminateComponent (node_modules/react-dom/cjs/react-dom.development.js:20103:13)
      at beginWork (node_modules/react-dom/cjs/react-dom.development.js:21626:16)
      at beginWork$1 (node_modules/react-dom/cjs/react-dom.development.js:27465:14)
      at performUnitOfWork (node_modules/react-dom/cjs/react-dom.development.js:26599:12)
      at workLoopSync (node_modules/react-dom/cjs/react-dom.development.js:26505:5)
      at renderRootSync (node_modules/react-dom/cjs/react-dom.development.js:26473:7)
      at recoverFromConcurrentError (node_modules/react-dom/cjs/react-dom.development.js:25889:20)
      at performConcurrentWorkOnRoot (node_modules/react-dom/cjs/react-dom.development.js:25789:22)
      at flushActQueue (node_modules/react/cjs/react.development.js:2667:24)
      at act (node_modules/react/cjs/react.development.js:2582:11)
      at node_modules/@testing-library/react/dist/act-compat.js:47:25
      at renderRoot (node_modules/@testing-library/react/dist/pure.js:190:26)
      at render (node_modules/@testing-library/react/dist/pure.js:292:10)
      at customRender (src/test-utils.tsx:79:12)
      at Object.<anonymous> (src/__tests__/integration/figure-operations.integration.test.tsx:85:11)

  console.error
    Warning: React.jsx: type is invalid -- expected a string (for built-in components) or a class/function (for composite components) but got: undefined. You likely forgot to export your component from the file it's defined in, or you might have mixed up default and named imports.
    
    Check your code at AddFigure.tsx:59.
        at AddFigure (/home/rgoldberg/projects/figure-collector-services/figure-collector-frontend/src/pages/AddFigure.tsx:85:31)
        at Router (/home/rgoldberg/projects/figure-collector-services/figure-collector-frontend/node_modules/react-router/lib/components.tsx:421:13)
        at MemoryRouter (/home/rgoldberg/projects/figure-collector-services/figure-collector-frontend/node_modules/react-router/lib/components.tsx:225:3)
        at div
        at ChakraProvider (/home/rgoldberg/projects/figure-collector-services/figure-collector-frontend/src/setupTests.ts:441:24)
        at div
        at MockQueryClientProvider (/home/rgoldberg/projects/figure-collector-services/figure-collector-frontend/src/test-utils.tsx:11:36)
        at AllProviders (/home/rgoldberg/projects/figure-collector-services/figure-collector-frontend/src/test-utils.tsx:40:25)
        at wrapper

      57 |     <Box>
      58 |       <Breadcrumb spacing="8px" separator={<ChevronRightIcon color="gray.500" />} mb={5}>
    > 59 |         <BreadcrumbItem>
         |         ^
      60 |           <BreadcrumbLink as={RouterLink} to="/">Dashboard</BreadcrumbLink>
      61 |         </BreadcrumbItem>
      62 |         <BreadcrumbItem>

      at printWarning (node_modules/react/cjs/react-jsx-dev-runtime.development.js:87:30)
      at error (node_modules/react/cjs/react-jsx-dev-runtime.development.js:61:7)
      at jsxWithValidation (node_modules/react/cjs/react-jsx-dev-runtime.development.js:1245:7)
      at AddFigure (src/pages/AddFigure.tsx:59:9)
      at renderWithHooks (node_modules/react-dom/cjs/react-dom.development.js:15486:18)
      at mountIndeterminateComponent (node_modules/react-dom/cjs/react-dom.development.js:20103:13)
      at beginWork (node_modules/react-dom/cjs/react-dom.development.js:21626:16)
      at beginWork$1 (node_modules/react-dom/cjs/react-dom.development.js:27465:14)
      at performUnitOfWork (node_modules/react-dom/cjs/react-dom.development.js:26599:12)
      at workLoopSync (node_modules/react-dom/cjs/react-dom.development.js:26505:5)
      at renderRootSync (node_modules/react-dom/cjs/react-dom.development.js:26473:7)
      at recoverFromConcurrentError (node_modules/react-dom/cjs/react-dom.development.js:25889:20)
      at performConcurrentWorkOnRoot (node_modules/react-dom/cjs/react-dom.development.js:25789:22)
      at flushActQueue (node_modules/react/cjs/react.development.js:2667:24)
      at act (node_modules/react/cjs/react.development.js:2582:11)
      at node_modules/@testing-library/react/dist/act-compat.js:47:25
      at renderRoot (node_modules/@testing-library/react/dist/pure.js:190:26)
      at render (node_modules/@testing-library/react/dist/pure.js:292:10)
      at customRender (src/test-utils.tsx:79:12)
      at Object.<anonymous> (src/__tests__/integration/figure-operations.integration.test.tsx:85:11)

  console.error
    Warning: React.jsx: type is invalid -- expected a string (for built-in components) or a class/function (for composite components) but got: undefined. You likely forgot to export your component from the file it's defined in, or you might have mixed up default and named imports.
    
    Check your code at AddFigure.tsx:63.
        at AddFigure (/home/rgoldberg/projects/figure-collector-services/figure-collector-frontend/src/pages/AddFigure.tsx:85:31)
        at Router (/home/rgoldberg/projects/figure-collector-services/figure-collector-frontend/node_modules/react-router/lib/components.tsx:421:13)
        at MemoryRouter (/home/rgoldberg/projects/figure-collector-services/figure-collector-frontend/node_modules/react-router/lib/components.tsx:225:3)
        at div
        at ChakraProvider (/home/rgoldberg/projects/figure-collector-services/figure-collector-frontend/src/setupTests.ts:441:24)
        at div
        at MockQueryClientProvider (/home/rgoldberg/projects/figure-collector-services/figure-collector-frontend/src/test-utils.tsx:11:36)
        at AllProviders (/home/rgoldberg/projects/figure-collector-services/figure-collector-frontend/src/test-utils.tsx:40:25)
        at wrapper

      61 |         </BreadcrumbItem>
      62 |         <BreadcrumbItem>
    > 63 |           <BreadcrumbLink as={RouterLink} to="/figures">Figures</BreadcrumbLink>
         |           ^
      64 |         </BreadcrumbItem>
      65 |         <BreadcrumbItem isCurrentPage>
      66 |           <BreadcrumbLink>Add New Figure</BreadcrumbLink>

      at printWarning (node_modules/react/cjs/react-jsx-dev-runtime.development.js:87:30)
      at error (node_modules/react/cjs/react-jsx-dev-runtime.development.js:61:7)
      at jsxWithValidation (node_modules/react/cjs/react-jsx-dev-runtime.development.js:1245:7)
      at AddFigure (src/pages/AddFigure.tsx:63:11)
      at renderWithHooks (node_modules/react-dom/cjs/react-dom.development.js:15486:18)
      at mountIndeterminateComponent (node_modules/react-dom/cjs/react-dom.development.js:20103:13)
      at beginWork (node_modules/react-dom/cjs/react-dom.development.js:21626:16)
      at beginWork$1 (node_modules/react-dom/cjs/react-dom.development.js:27465:14)
      at performUnitOfWork (node_modules/react-dom/cjs/react-dom.development.js:26599:12)
      at workLoopSync (node_modules/react-dom/cjs/react-dom.development.js:26505:5)
      at renderRootSync (node_modules/react-dom/cjs/react-dom.development.js:26473:7)
      at recoverFromConcurrentError (node_modules/react-dom/cjs/react-dom.development.js:25889:20)
      at performConcurrentWorkOnRoot (node_modules/react-dom/cjs/react-dom.development.js:25789:22)
      at flushActQueue (node_modules/react/cjs/react.development.js:2667:24)
      at act (node_modules/react/cjs/react.development.js:2582:11)
      at node_modules/@testing-library/react/dist/act-compat.js:47:25
      at renderRoot (node_modules/@testing-library/react/dist/pure.js:190:26)
      at render (node_modules/@testing-library/react/dist/pure.js:292:10)
      at customRender (src/test-utils.tsx:79:12)
      at Object.<anonymous> (src/__tests__/integration/figure-operations.integration.test.tsx:85:11)

  console.error
    Warning: React.jsx: type is invalid -- expected a string (for built-in components) or a class/function (for composite components) but got: undefined. You likely forgot to export your component from the file it's defined in, or you might have mixed up default and named imports.
    
    Check your code at AddFigure.tsx:62.
        at AddFigure (/home/rgoldberg/projects/figure-collector-services/figure-collector-frontend/src/pages/AddFigure.tsx:85:31)
        at Router (/home/rgoldberg/projects/figure-collector-services/figure-collector-frontend/node_modules/react-router/lib/components.tsx:421:13)
        at MemoryRouter (/home/rgoldberg/projects/figure-collector-services/figure-collector-frontend/node_modules/react-router/lib/components.tsx:225:3)
        at div
        at ChakraProvider (/home/rgoldberg/projects/figure-collector-services/figure-collector-frontend/src/setupTests.ts:441:24)
        at div
        at MockQueryClientProvider (/home/rgoldberg/projects/figure-collector-services/figure-collector-frontend/src/test-utils.tsx:11:36)
        at AllProviders (/home/rgoldberg/projects/figure-collector-services/figure-collector-frontend/src/test-utils.tsx:40:25)
        at wrapper

      60 |           <BreadcrumbLink as={RouterLink} to="/">Dashboard</BreadcrumbLink>
      61 |         </BreadcrumbItem>
    > 62 |         <BreadcrumbItem>
         |         ^
      63 |           <BreadcrumbLink as={RouterLink} to="/figures">Figures</BreadcrumbLink>
      64 |         </BreadcrumbItem>
      65 |         <BreadcrumbItem isCurrentPage>

      at printWarning (node_modules/react/cjs/react-jsx-dev-runtime.development.js:87:30)
      at error (node_modules/react/cjs/react-jsx-dev-runtime.development.js:61:7)
      at jsxWithValidation (node_modules/react/cjs/react-jsx-dev-runtime.development.js:1245:7)
      at AddFigure (src/pages/AddFigure.tsx:62:9)
      at renderWithHooks (node_modules/react-dom/cjs/react-dom.development.js:15486:18)
      at mountIndeterminateComponent (node_modules/react-dom/cjs/react-dom.development.js:20103:13)
      at beginWork (node_modules/react-dom/cjs/react-dom.development.js:21626:16)
      at beginWork$1 (node_modules/react-dom/cjs/react-dom.development.js:27465:14)
      at performUnitOfWork (node_modules/react-dom/cjs/react-dom.development.js:26599:12)
      at workLoopSync (node_modules/react-dom/cjs/react-dom.development.js:26505:5)
      at renderRootSync (node_modules/react-dom/cjs/react-dom.development.js:26473:7)
      at recoverFromConcurrentError (node_modules/react-dom/cjs/react-dom.development.js:25889:20)
      at performConcurrentWorkOnRoot (node_modules/react-dom/cjs/react-dom.development.js:25789:22)
      at flushActQueue (node_modules/react/cjs/react.development.js:2667:24)
      at act (node_modules/react/cjs/react.development.js:2582:11)
      at node_modules/@testing-library/react/dist/act-compat.js:47:25
      at renderRoot (node_modules/@testing-library/react/dist/pure.js:190:26)
      at render (node_modules/@testing-library/react/dist/pure.js:292:10)
      at customRender (src/test-utils.tsx:79:12)
      at Object.<anonymous> (src/__tests__/integration/figure-operations.integration.test.tsx:85:11)

  console.error
    Warning: React.jsx: type is invalid -- expected a string (for built-in components) or a class/function (for composite components) but got: undefined. You likely forgot to export your component from the file it's defined in, or you might have mixed up default and named imports.
    
    Check your code at AddFigure.tsx:66.
        at AddFigure (/home/rgoldberg/projects/figure-collector-services/figure-collector-frontend/src/pages/AddFigure.tsx:85:31)
        at Router (/home/rgoldberg/projects/figure-collector-services/figure-collector-frontend/node_modules/react-router/lib/components.tsx:421:13)
        at MemoryRouter (/home/rgoldberg/projects/figure-collector-services/figure-collector-frontend/node_modules/react-router/lib/components.tsx:225:3)
        at div
        at ChakraProvider (/home/rgoldberg/projects/figure-collector-services/figure-collector-frontend/src/setupTests.ts:441:24)
        at div
        at MockQueryClientProvider (/home/rgoldberg/projects/figure-collector-services/figure-collector-frontend/src/test-utils.tsx:11:36)
        at AllProviders (/home/rgoldberg/projects/figure-collector-services/figure-collector-frontend/src/test-utils.tsx:40:25)
        at wrapper

      64 |         </BreadcrumbItem>
      65 |         <BreadcrumbItem isCurrentPage>
    > 66 |           <BreadcrumbLink>Add New Figure</BreadcrumbLink>
         |           ^
      67 |         </BreadcrumbItem>
      68 |       </Breadcrumb>
      69 |       

      at printWarning (node_modules/react/cjs/react-jsx-dev-runtime.development.js:87:30)
      at error (node_modules/react/cjs/react-jsx-dev-runtime.development.js:61:7)
      at jsxWithValidation (node_modules/react/cjs/react-jsx-dev-runtime.development.js:1245:7)
      at AddFigure (src/pages/AddFigure.tsx:66:11)
      at renderWithHooks (node_modules/react-dom/cjs/react-dom.development.js:15486:18)
      at mountIndeterminateComponent (node_modules/react-dom/cjs/react-dom.development.js:20103:13)
      at beginWork (node_modules/react-dom/cjs/react-dom.development.js:21626:16)
      at beginWork$1 (node_modules/react-dom/cjs/react-dom.development.js:27465:14)
      at performUnitOfWork (node_modules/react-dom/cjs/react-dom.development.js:26599:12)
      at workLoopSync (node_modules/react-dom/cjs/react-dom.development.js:26505:5)
      at renderRootSync (node_modules/react-dom/cjs/react-dom.development.js:26473:7)
      at recoverFromConcurrentError (node_modules/react-dom/cjs/react-dom.development.js:25889:20)
      at performConcurrentWorkOnRoot (node_modules/react-dom/cjs/react-dom.development.js:25789:22)
      at flushActQueue (node_modules/react/cjs/react.development.js:2667:24)
      at act (node_modules/react/cjs/react.development.js:2582:11)
      at node_modules/@testing-library/react/dist/act-compat.js:47:25
      at renderRoot (node_modules/@testing-library/react/dist/pure.js:190:26)
      at render (node_modules/@testing-library/react/dist/pure.js:292:10)
      at customRender (src/test-utils.tsx:79:12)
      at Object.<anonymous> (src/__tests__/integration/figure-operations.integration.test.tsx:85:11)

  console.error
    Warning: React.jsx: type is invalid -- expected a string (for built-in components) or a class/function (for composite components) but got: undefined. You likely forgot to export your component from the file it's defined in, or you might have mixed up default and named imports.
    
    Check your code at AddFigure.tsx:65.
        at AddFigure (/home/rgoldberg/projects/figure-collector-services/figure-collector-frontend/src/pages/AddFigure.tsx:85:31)
        at Router (/home/rgoldberg/projects/figure-collector-services/figure-collector-frontend/node_modules/react-router/lib/components.tsx:421:13)
        at MemoryRouter (/home/rgoldberg/projects/figure-collector-services/figure-collector-frontend/node_modules/react-router/lib/components.tsx:225:3)
        at div
        at ChakraProvider (/home/rgoldberg/projects/figure-collector-services/figure-collector-frontend/src/setupTests.ts:441:24)
        at div
        at MockQueryClientProvider (/home/rgoldberg/projects/figure-collector-services/figure-collector-frontend/src/test-utils.tsx:11:36)
        at AllProviders (/home/rgoldberg/projects/figure-collector-services/figure-collector-frontend/src/test-utils.tsx:40:25)
        at wrapper

      63 |           <BreadcrumbLink as={RouterLink} to="/figures">Figures</BreadcrumbLink>
      64 |         </BreadcrumbItem>
    > 65 |         <BreadcrumbItem isCurrentPage>
         |         ^
      66 |           <BreadcrumbLink>Add New Figure</BreadcrumbLink>
      67 |         </BreadcrumbItem>
      68 |       </Breadcrumb>

      at printWarning (node_modules/react/cjs/react-jsx-dev-runtime.development.js:87:30)
      at error (node_modules/react/cjs/react-jsx-dev-runtime.development.js:61:7)
      at jsxWithValidation (node_modules/react/cjs/react-jsx-dev-runtime.development.js:1245:7)
      at AddFigure (src/pages/AddFigure.tsx:65:9)
      at renderWithHooks (node_modules/react-dom/cjs/react-dom.development.js:15486:18)
      at mountIndeterminateComponent (node_modules/react-dom/cjs/react-dom.development.js:20103:13)
      at beginWork (node_modules/react-dom/cjs/react-dom.development.js:21626:16)
      at beginWork$1 (node_modules/react-dom/cjs/react-dom.development.js:27465:14)
      at performUnitOfWork (node_modules/react-dom/cjs/react-dom.development.js:26599:12)
      at workLoopSync (node_modules/react-dom/cjs/react-dom.development.js:26505:5)
      at renderRootSync (node_modules/react-dom/cjs/react-dom.development.js:26473:7)
      at recoverFromConcurrentError (node_modules/react-dom/cjs/react-dom.development.js:25889:20)
      at performConcurrentWorkOnRoot (node_modules/react-dom/cjs/react-dom.development.js:25789:22)
      at flushActQueue (node_modules/react/cjs/react.development.js:2667:24)
      at act (node_modules/react/cjs/react.development.js:2582:11)
      at node_modules/@testing-library/react/dist/act-compat.js:47:25
      at renderRoot (node_modules/@testing-library/react/dist/pure.js:190:26)
      at render (node_modules/@testing-library/react/dist/pure.js:292:10)
      at customRender (src/test-utils.tsx:79:12)
      at Object.<anonymous> (src/__tests__/integration/figure-operations.integration.test.tsx:85:11)

  console.error
    Warning: React.jsx: type is invalid -- expected a string (for built-in components) or a class/function (for composite components) but got: undefined. You likely forgot to export your component from the file it's defined in, or you might have mixed up default and named imports.
    
    Check your code at AddFigure.tsx:58.
        at AddFigure (/home/rgoldberg/projects/figure-collector-services/figure-collector-frontend/src/pages/AddFigure.tsx:85:31)
        at Router (/home/rgoldberg/projects/figure-collector-services/figure-collector-frontend/node_modules/react-router/lib/components.tsx:421:13)
        at MemoryRouter (/home/rgoldberg/projects/figure-collector-services/figure-collector-frontend/node_modules/react-router/lib/components.tsx:225:3)
        at div
        at ChakraProvider (/home/rgoldberg/projects/figure-collector-services/figure-collector-frontend/src/setupTests.ts:441:24)
        at div
        at MockQueryClientProvider (/home/rgoldberg/projects/figure-collector-services/figure-collector-frontend/src/test-utils.tsx:11:36)
        at AllProviders (/home/rgoldberg/projects/figure-collector-services/figure-collector-frontend/src/test-utils.tsx:40:25)
        at wrapper

      56 |   return (
      57 |     <Box>
    > 58 |       <Breadcrumb spacing="8px" separator={<ChevronRightIcon color="gray.500" />} mb={5}>
         |       ^
      59 |         <BreadcrumbItem>
      60 |           <BreadcrumbLink as={RouterLink} to="/">Dashboard</BreadcrumbLink>
      61 |         </BreadcrumbItem>

      at printWarning (node_modules/react/cjs/react-jsx-dev-runtime.development.js:87:30)
      at error (node_modules/react/cjs/react-jsx-dev-runtime.development.js:61:7)
      at jsxWithValidation (node_modules/react/cjs/react-jsx-dev-runtime.development.js:1245:7)
      at AddFigure (src/pages/AddFigure.tsx:58:7)
      at renderWithHooks (node_modules/react-dom/cjs/react-dom.development.js:15486:18)
      at mountIndeterminateComponent (node_modules/react-dom/cjs/react-dom.development.js:20103:13)
      at beginWork (node_modules/react-dom/cjs/react-dom.development.js:21626:16)
      at beginWork$1 (node_modules/react-dom/cjs/react-dom.development.js:27465:14)
      at performUnitOfWork (node_modules/react-dom/cjs/react-dom.development.js:26599:12)
      at workLoopSync (node_modules/react-dom/cjs/react-dom.development.js:26505:5)
      at renderRootSync (node_modules/react-dom/cjs/react-dom.development.js:26473:7)
      at recoverFromConcurrentError (node_modules/react-dom/cjs/react-dom.development.js:25889:20)
      at performConcurrentWorkOnRoot (node_modules/react-dom/cjs/react-dom.development.js:25789:22)
      at flushActQueue (node_modules/react/cjs/react.development.js:2667:24)
      at act (node_modules/react/cjs/react.development.js:2582:11)
      at node_modules/@testing-library/react/dist/act-compat.js:47:25
      at renderRoot (node_modules/@testing-library/react/dist/pure.js:190:26)
      at render (node_modules/@testing-library/react/dist/pure.js:292:10)
      at customRender (src/test-utils.tsx:79:12)
      at Object.<anonymous> (src/__tests__/integration/figure-operations.integration.test.tsx:85:11)

  console.error
    Warning: React.jsx: type is invalid -- expected a string (for built-in components) or a class/function (for composite components) but got: undefined. You likely forgot to export your component from the file it's defined in, or you might have mixed up default and named imports.
    
    Check your code at AddFigure.tsx:73.
        at AddFigure (/home/rgoldberg/projects/figure-collector-services/figure-collector-frontend/src/pages/AddFigure.tsx:85:31)
        at Router (/home/rgoldberg/projects/figure-collector-services/figure-collector-frontend/node_modules/react-router/lib/components.tsx:421:13)
        at MemoryRouter (/home/rgoldberg/projects/figure-collector-services/figure-collector-frontend/node_modules/react-router/lib/components.tsx:225:3)
        at div
        at ChakraProvider (/home/rgoldberg/projects/figure-collector-services/figure-collector-frontend/src/setupTests.ts:441:24)
        at div
        at MockQueryClientProvider (/home/rgoldberg/projects/figure-collector-services/figure-collector-frontend/src/test-utils.tsx:11:36)
        at AllProviders (/home/rgoldberg/projects/figure-collector-services/figure-collector-frontend/src/test-utils.tsx:40:25)
        at wrapper

      71 |         <Heading size="lg">Add New Figure</Heading>
      72 |         <Button
    > 73 |           leftIcon={<FaArrowLeft />}
         |                     ^
      74 |           as={RouterLink}
      75 |           to="/figures"
      76 |           variant="outline"

      at printWarning (node_modules/react/cjs/react-jsx-dev-runtime.development.js:87:30)
      at error (node_modules/react/cjs/react-jsx-dev-runtime.development.js:61:7)
      at jsxWithValidation (node_modules/react/cjs/react-jsx-dev-runtime.development.js:1245:7)
      at AddFigure (src/pages/AddFigure.tsx:73:21)
      at renderWithHooks (node_modules/react-dom/cjs/react-dom.development.js:15486:18)
      at mountIndeterminateComponent (node_modules/react-dom/cjs/react-dom.development.js:20103:13)
      at beginWork (node_modules/react-dom/cjs/react-dom.development.js:21626:16)
      at beginWork$1 (node_modules/react-dom/cjs/react-dom.development.js:27465:14)
      at performUnitOfWork (node_modules/react-dom/cjs/react-dom.development.js:26599:12)
      at workLoopSync (node_modules/react-dom/cjs/react-dom.development.js:26505:5)
      at renderRootSync (node_modules/react-dom/cjs/react-dom.development.js:26473:7)
      at recoverFromConcurrentError (node_modules/react-dom/cjs/react-dom.development.js:25889:20)
      at performConcurrentWorkOnRoot (node_modules/react-dom/cjs/react-dom.development.js:25789:22)
      at flushActQueue (node_modules/react/cjs/react.development.js:2667:24)
      at act (node_modules/react/cjs/react.development.js:2582:11)
      at node_modules/@testing-library/react/dist/act-compat.js:47:25
      at renderRoot (node_modules/@testing-library/react/dist/pure.js:190:26)
      at render (node_modules/@testing-library/react/dist/pure.js:292:10)
      at customRender (src/test-utils.tsx:79:12)
      at Object.<anonymous> (src/__tests__/integration/figure-operations.integration.test.tsx:85:11)

  console.error
    Warning: React.jsx: type is invalid -- expected a string (for built-in components) or a class/function (for composite components) but got: undefined. You likely forgot to export your component from the file it's defined in, or you might have mixed up default and named imports.
    
    Check your code at AddFigure.tsx:60.
        at AddFigure (/home/rgoldberg/projects/figure-collector-services/figure-collector-frontend/src/pages/AddFigure.tsx:85:31)
        at Router (/home/rgoldberg/projects/figure-collector-services/figure-collector-frontend/node_modules/react-router/lib/components.tsx:421:13)
        at MemoryRouter (/home/rgoldberg/projects/figure-collector-services/figure-collector-frontend/node_modules/react-router/lib/components.tsx:225:3)
        at div
        at ChakraProvider (/home/rgoldberg/projects/figure-collector-services/figure-collector-frontend/src/setupTests.ts:441:24)
        at div
        at MockQueryClientProvider (/home/rgoldberg/projects/figure-collector-services/figure-collector-frontend/src/test-utils.tsx:11:36)
        at AllProviders (/home/rgoldberg/projects/figure-collector-services/figure-collector-frontend/src/test-utils.tsx:40:25)
        at wrapper

      58 |       <Breadcrumb spacing="8px" separator={<ChevronRightIcon color="gray.500" />} mb={5}>
      59 |         <BreadcrumbItem>
    > 60 |           <BreadcrumbLink as={RouterLink} to="/">Dashboard</BreadcrumbLink>
         |           ^
      61 |         </BreadcrumbItem>
      62 |         <BreadcrumbItem>
      63 |           <BreadcrumbLink as={RouterLink} to="/figures">Figures</BreadcrumbLink>

      at printWarning (node_modules/react/cjs/react-jsx-dev-runtime.development.js:87:30)
      at error (node_modules/react/cjs/react-jsx-dev-runtime.development.js:61:7)
      at jsxWithValidation (node_modules/react/cjs/react-jsx-dev-runtime.development.js:1245:7)
      at AddFigure (src/pages/AddFigure.tsx:60:11)
      at renderWithHooks (node_modules/react-dom/cjs/react-dom.development.js:15486:18)
      at mountIndeterminateComponent (node_modules/react-dom/cjs/react-dom.development.js:20103:13)
      at beginWork (node_modules/react-dom/cjs/react-dom.development.js:21626:16)
      at HTMLUnknownElement.callCallback (node_modules/react-dom/cjs/react-dom.development.js:4164:14)
      at Object.invokeGuardedCallbackDev (node_modules/react-dom/cjs/react-dom.development.js:4213:16)
      at invokeGuardedCallback (node_modules/react-dom/cjs/react-dom.development.js:4277:31)
      at beginWork$1 (node_modules/react-dom/cjs/react-dom.development.js:27490:7)
      at performUnitOfWork (node_modules/react-dom/cjs/react-dom.development.js:26599:12)
      at workLoopSync (node_modules/react-dom/cjs/react-dom.development.js:26505:5)
      at renderRootSync (node_modules/react-dom/cjs/react-dom.development.js:26473:7)
      at recoverFromConcurrentError (node_modules/react-dom/cjs/react-dom.development.js:25889:20)
      at performConcurrentWorkOnRoot (node_modules/react-dom/cjs/react-dom.development.js:25789:22)
      at flushActQueue (node_modules/react/cjs/react.development.js:2667:24)
      at act (node_modules/react/cjs/react.development.js:2582:11)
      at node_modules/@testing-library/react/dist/act-compat.js:47:25
      at renderRoot (node_modules/@testing-library/react/dist/pure.js:190:26)
      at render (node_modules/@testing-library/react/dist/pure.js:292:10)
      at customRender (src/test-utils.tsx:79:12)
      at Object.<anonymous> (src/__tests__/integration/figure-operations.integration.test.tsx:85:11)

  console.error
    Warning: React.jsx: type is invalid -- expected a string (for built-in components) or a class/function (for composite components) but got: undefined. You likely forgot to export your component from the file it's defined in, or you might have mixed up default and named imports.
    
    Check your code at AddFigure.tsx:59.
        at AddFigure (/home/rgoldberg/projects/figure-collector-services/figure-collector-frontend/src/pages/AddFigure.tsx:85:31)
        at Router (/home/rgoldberg/projects/figure-collector-services/figure-collector-frontend/node_modules/react-router/lib/components.tsx:421:13)
        at MemoryRouter (/home/rgoldberg/projects/figure-collector-services/figure-collector-frontend/node_modules/react-router/lib/components.tsx:225:3)
        at div
        at ChakraProvider (/home/rgoldberg/projects/figure-collector-services/figure-collector-frontend/src/setupTests.ts:441:24)
        at div
        at MockQueryClientProvider (/home/rgoldberg/projects/figure-collector-services/figure-collector-frontend/src/test-utils.tsx:11:36)
        at AllProviders (/home/rgoldberg/projects/figure-collector-services/figure-collector-frontend/src/test-utils.tsx:40:25)
        at wrapper

      57 |     <Box>
      58 |       <Breadcrumb spacing="8px" separator={<ChevronRightIcon color="gray.500" />} mb={5}>
    > 59 |         <BreadcrumbItem>
         |         ^
      60 |           <BreadcrumbLink as={RouterLink} to="/">Dashboard</BreadcrumbLink>
      61 |         </BreadcrumbItem>
      62 |         <BreadcrumbItem>

      at printWarning (node_modules/react/cjs/react-jsx-dev-runtime.development.js:87:30)
      at error (node_modules/react/cjs/react-jsx-dev-runtime.development.js:61:7)
      at jsxWithValidation (node_modules/react/cjs/react-jsx-dev-runtime.development.js:1245:7)
      at AddFigure (src/pages/AddFigure.tsx:59:9)
      at renderWithHooks (node_modules/react-dom/cjs/react-dom.development.js:15486:18)
      at mountIndeterminateComponent (node_modules/react-dom/cjs/react-dom.development.js:20103:13)
      at beginWork (node_modules/react-dom/cjs/react-dom.development.js:21626:16)
      at HTMLUnknownElement.callCallback (node_modules/react-dom/cjs/react-dom.development.js:4164:14)
      at Object.invokeGuardedCallbackDev (node_modules/react-dom/cjs/react-dom.development.js:4213:16)
      at invokeGuardedCallback (node_modules/react-dom/cjs/react-dom.development.js:4277:31)
      at beginWork$1 (node_modules/react-dom/cjs/react-dom.development.js:27490:7)
      at performUnitOfWork (node_modules/react-dom/cjs/react-dom.development.js:26599:12)
      at workLoopSync (node_modules/react-dom/cjs/react-dom.development.js:26505:5)
      at renderRootSync (node_modules/react-dom/cjs/react-dom.development.js:26473:7)
      at recoverFromConcurrentError (node_modules/react-dom/cjs/react-dom.development.js:25889:20)
      at performConcurrentWorkOnRoot (node_modules/react-dom/cjs/react-dom.development.js:25789:22)
      at flushActQueue (node_modules/react/cjs/react.development.js:2667:24)
      at act (node_modules/react/cjs/react.development.js:2582:11)
      at node_modules/@testing-library/react/dist/act-compat.js:47:25
      at renderRoot (node_modules/@testing-library/react/dist/pure.js:190:26)
      at render (node_modules/@testing-library/react/dist/pure.js:292:10)
      at customRender (src/test-utils.tsx:79:12)
      at Object.<anonymous> (src/__tests__/integration/figure-operations.integration.test.tsx:85:11)

  console.error
    Warning: React.jsx: type is invalid -- expected a string (for built-in components) or a class/function (for composite components) but got: undefined. You likely forgot to export your component from the file it's defined in, or you might have mixed up default and named imports.
    
    Check your code at AddFigure.tsx:63.
        at AddFigure (/home/rgoldberg/projects/figure-collector-services/figure-collector-frontend/src/pages/AddFigure.tsx:85:31)
        at Router (/home/rgoldberg/projects/figure-collector-services/figure-collector-frontend/node_modules/react-router/lib/components.tsx:421:13)
        at MemoryRouter (/home/rgoldberg/projects/figure-collector-services/figure-collector-frontend/node_modules/react-router/lib/components.tsx:225:3)
        at div
        at ChakraProvider (/home/rgoldberg/projects/figure-collector-services/figure-collector-frontend/src/setupTests.ts:441:24)
        at div
        at MockQueryClientProvider (/home/rgoldberg/projects/figure-collector-services/figure-collector-frontend/src/test-utils.tsx:11:36)
        at AllProviders (/home/rgoldberg/projects/figure-collector-services/figure-collector-frontend/src/test-utils.tsx:40:25)
        at wrapper

      61 |         </BreadcrumbItem>
      62 |         <BreadcrumbItem>
    > 63 |           <BreadcrumbLink as={RouterLink} to="/figures">Figures</BreadcrumbLink>
         |           ^
      64 |         </BreadcrumbItem>
      65 |         <BreadcrumbItem isCurrentPage>
      66 |           <BreadcrumbLink>Add New Figure</BreadcrumbLink>

      at printWarning (node_modules/react/cjs/react-jsx-dev-runtime.development.js:87:30)
      at error (node_modules/react/cjs/react-jsx-dev-runtime.development.js:61:7)
      at jsxWithValidation (node_modules/react/cjs/react-jsx-dev-runtime.development.js:1245:7)
      at AddFigure (src/pages/AddFigure.tsx:63:11)
      at renderWithHooks (node_modules/react-dom/cjs/react-dom.development.js:15486:18)
      at mountIndeterminateComponent (node_modules/react-dom/cjs/react-dom.development.js:20103:13)
      at beginWork (node_modules/react-dom/cjs/react-dom.development.js:21626:16)
      at HTMLUnknownElement.callCallback (node_modules/react-dom/cjs/react-dom.development.js:4164:14)
      at Object.invokeGuardedCallbackDev (node_modules/react-dom/cjs/react-dom.development.js:4213:16)
      at invokeGuardedCallback (node_modules/react-dom/cjs/react-dom.development.js:4277:31)
      at beginWork$1 (node_modules/react-dom/cjs/react-dom.development.js:27490:7)
      at performUnitOfWork (node_modules/react-dom/cjs/react-dom.development.js:26599:12)
      at workLoopSync (node_modules/react-dom/cjs/react-dom.development.js:26505:5)
      at renderRootSync (node_modules/react-dom/cjs/react-dom.development.js:26473:7)
      at recoverFromConcurrentError (node_modules/react-dom/cjs/react-dom.development.js:25889:20)
      at performConcurrentWorkOnRoot (node_modules/react-dom/cjs/react-dom.development.js:25789:22)
      at flushActQueue (node_modules/react/cjs/react.development.js:2667:24)
      at act (node_modules/react/cjs/react.development.js:2582:11)
      at node_modules/@testing-library/react/dist/act-compat.js:47:25
      at renderRoot (node_modules/@testing-library/react/dist/pure.js:190:26)
      at render (node_modules/@testing-library/react/dist/pure.js:292:10)
      at customRender (src/test-utils.tsx:79:12)
      at Object.<anonymous> (src/__tests__/integration/figure-operations.integration.test.tsx:85:11)

  console.error
    Warning: React.jsx: type is invalid -- expected a string (for built-in components) or a class/function (for composite components) but got: undefined. You likely forgot to export your component from the file it's defined in, or you might have mixed up default and named imports.
    
    Check your code at AddFigure.tsx:62.
        at AddFigure (/home/rgoldberg/projects/figure-collector-services/figure-collector-frontend/src/pages/AddFigure.tsx:85:31)
        at Router (/home/rgoldberg/projects/figure-collector-services/figure-collector-frontend/node_modules/react-router/lib/components.tsx:421:13)
        at MemoryRouter (/home/rgoldberg/projects/figure-collector-services/figure-collector-frontend/node_modules/react-router/lib/components.tsx:225:3)
        at div
        at ChakraProvider (/home/rgoldberg/projects/figure-collector-services/figure-collector-frontend/src/setupTests.ts:441:24)
        at div
        at MockQueryClientProvider (/home/rgoldberg/projects/figure-collector-services/figure-collector-frontend/src/test-utils.tsx:11:36)
        at AllProviders (/home/rgoldberg/projects/figure-collector-services/figure-collector-frontend/src/test-utils.tsx:40:25)
        at wrapper

      60 |           <BreadcrumbLink as={RouterLink} to="/">Dashboard</BreadcrumbLink>
      61 |         </BreadcrumbItem>
    > 62 |         <BreadcrumbItem>
         |         ^
      63 |           <BreadcrumbLink as={RouterLink} to="/figures">Figures</BreadcrumbLink>
      64 |         </BreadcrumbItem>
      65 |         <BreadcrumbItem isCurrentPage>

      at printWarning (node_modules/react/cjs/react-jsx-dev-runtime.development.js:87:30)
      at error (node_modules/react/cjs/react-jsx-dev-runtime.development.js:61:7)
      at jsxWithValidation (node_modules/react/cjs/react-jsx-dev-runtime.development.js:1245:7)
      at AddFigure (src/pages/AddFigure.tsx:62:9)
      at renderWithHooks (node_modules/react-dom/cjs/react-dom.development.js:15486:18)
      at mountIndeterminateComponent (node_modules/react-dom/cjs/react-dom.development.js:20103:13)
      at beginWork (node_modules/react-dom/cjs/react-dom.development.js:21626:16)
      at HTMLUnknownElement.callCallback (node_modules/react-dom/cjs/react-dom.development.js:4164:14)
      at Object.invokeGuardedCallbackDev (node_modules/react-dom/cjs/react-dom.development.js:4213:16)
      at invokeGuardedCallback (node_modules/react-dom/cjs/react-dom.development.js:4277:31)
      at beginWork$1 (node_modules/react-dom/cjs/react-dom.development.js:27490:7)
      at performUnitOfWork (node_modules/react-dom/cjs/react-dom.development.js:26599:12)
      at workLoopSync (node_modules/react-dom/cjs/react-dom.development.js:26505:5)
      at renderRootSync (node_modules/react-dom/cjs/react-dom.development.js:26473:7)
      at recoverFromConcurrentError (node_modules/react-dom/cjs/react-dom.development.js:25889:20)
      at performConcurrentWorkOnRoot (node_modules/react-dom/cjs/react-dom.development.js:25789:22)
      at flushActQueue (node_modules/react/cjs/react.development.js:2667:24)
      at act (node_modules/react/cjs/react.development.js:2582:11)
      at node_modules/@testing-library/react/dist/act-compat.js:47:25
      at renderRoot (node_modules/@testing-library/react/dist/pure.js:190:26)
      at render (node_modules/@testing-library/react/dist/pure.js:292:10)
      at customRender (src/test-utils.tsx:79:12)
      at Object.<anonymous> (src/__tests__/integration/figure-operations.integration.test.tsx:85:11)

  console.error
    Warning: React.jsx: type is invalid -- expected a string (for built-in components) or a class/function (for composite components) but got: undefined. You likely forgot to export your component from the file it's defined in, or you might have mixed up default and named imports.
    
    Check your code at AddFigure.tsx:66.
        at AddFigure (/home/rgoldberg/projects/figure-collector-services/figure-collector-frontend/src/pages/AddFigure.tsx:85:31)
        at Router (/home/rgoldberg/projects/figure-collector-services/figure-collector-frontend/node_modules/react-router/lib/components.tsx:421:13)
        at MemoryRouter (/home/rgoldberg/projects/figure-collector-services/figure-collector-frontend/node_modules/react-router/lib/components.tsx:225:3)
        at div
        at ChakraProvider (/home/rgoldberg/projects/figure-collector-services/figure-collector-frontend/src/setupTests.ts:441:24)
        at div
        at MockQueryClientProvider (/home/rgoldberg/projects/figure-collector-services/figure-collector-frontend/src/test-utils.tsx:11:36)
        at AllProviders (/home/rgoldberg/projects/figure-collector-services/figure-collector-frontend/src/test-utils.tsx:40:25)
        at wrapper

      64 |         </BreadcrumbItem>
      65 |         <BreadcrumbItem isCurrentPage>
    > 66 |           <BreadcrumbLink>Add New Figure</BreadcrumbLink>
         |           ^
      67 |         </BreadcrumbItem>
      68 |       </Breadcrumb>
      69 |       

      at printWarning (node_modules/react/cjs/react-jsx-dev-runtime.development.js:87:30)
      at error (node_modules/react/cjs/react-jsx-dev-runtime.development.js:61:7)
      at jsxWithValidation (node_modules/react/cjs/react-jsx-dev-runtime.development.js:1245:7)
      at AddFigure (src/pages/AddFigure.tsx:66:11)
      at renderWithHooks (node_modules/react-dom/cjs/react-dom.development.js:15486:18)
      at mountIndeterminateComponent (node_modules/react-dom/cjs/react-dom.development.js:20103:13)
      at beginWork (node_modules/react-dom/cjs/react-dom.development.js:21626:16)
      at HTMLUnknownElement.callCallback (node_modules/react-dom/cjs/react-dom.development.js:4164:14)
      at Object.invokeGuardedCallbackDev (node_modules/react-dom/cjs/react-dom.development.js:4213:16)
      at invokeGuardedCallback (node_modules/react-dom/cjs/react-dom.development.js:4277:31)
      at beginWork$1 (node_modules/react-dom/cjs/react-dom.development.js:27490:7)
      at performUnitOfWork (node_modules/react-dom/cjs/react-dom.development.js:26599:12)
      at workLoopSync (node_modules/react-dom/cjs/react-dom.development.js:26505:5)
      at renderRootSync (node_modules/react-dom/cjs/react-dom.development.js:26473:7)
      at recoverFromConcurrentError (node_modules/react-dom/cjs/react-dom.development.js:25889:20)
      at performConcurrentWorkOnRoot (node_modules/react-dom/cjs/react-dom.development.js:25789:22)
      at flushActQueue (node_modules/react/cjs/react.development.js:2667:24)
      at act (node_modules/react/cjs/react.development.js:2582:11)
      at node_modules/@testing-library/react/dist/act-compat.js:47:25
      at renderRoot (node_modules/@testing-library/react/dist/pure.js:190:26)
      at render (node_modules/@testing-library/react/dist/pure.js:292:10)
      at customRender (src/test-utils.tsx:79:12)
      at Object.<anonymous> (src/__tests__/integration/figure-operations.integration.test.tsx:85:11)

  console.error
    Warning: React.jsx: type is invalid -- expected a string (for built-in components) or a class/function (for composite components) but got: undefined. You likely forgot to export your component from the file it's defined in, or you might have mixed up default and named imports.
    
    Check your code at AddFigure.tsx:65.
        at AddFigure (/home/rgoldberg/projects/figure-collector-services/figure-collector-frontend/src/pages/AddFigure.tsx:85:31)
        at Router (/home/rgoldberg/projects/figure-collector-services/figure-collector-frontend/node_modules/react-router/lib/components.tsx:421:13)
        at MemoryRouter (/home/rgoldberg/projects/figure-collector-services/figure-collector-frontend/node_modules/react-router/lib/components.tsx:225:3)
        at div
        at ChakraProvider (/home/rgoldberg/projects/figure-collector-services/figure-collector-frontend/src/setupTests.ts:441:24)
        at div
        at MockQueryClientProvider (/home/rgoldberg/projects/figure-collector-services/figure-collector-frontend/src/test-utils.tsx:11:36)
        at AllProviders (/home/rgoldberg/projects/figure-collector-services/figure-collector-frontend/src/test-utils.tsx:40:25)
        at wrapper

      63 |           <BreadcrumbLink as={RouterLink} to="/figures">Figures</BreadcrumbLink>
      64 |         </BreadcrumbItem>
    > 65 |         <BreadcrumbItem isCurrentPage>
         |         ^
      66 |           <BreadcrumbLink>Add New Figure</BreadcrumbLink>
      67 |         </BreadcrumbItem>
      68 |       </Breadcrumb>

      at printWarning (node_modules/react/cjs/react-jsx-dev-runtime.development.js:87:30)
      at error (node_modules/react/cjs/react-jsx-dev-runtime.development.js:61:7)
      at jsxWithValidation (node_modules/react/cjs/react-jsx-dev-runtime.development.js:1245:7)
      at AddFigure (src/pages/AddFigure.tsx:65:9)
      at renderWithHooks (node_modules/react-dom/cjs/react-dom.development.js:15486:18)
      at mountIndeterminateComponent (node_modules/react-dom/cjs/react-dom.development.js:20103:13)
      at beginWork (node_modules/react-dom/cjs/react-dom.development.js:21626:16)
      at HTMLUnknownElement.callCallback (node_modules/react-dom/cjs/react-dom.development.js:4164:14)
      at Object.invokeGuardedCallbackDev (node_modules/react-dom/cjs/react-dom.development.js:4213:16)
      at invokeGuardedCallback (node_modules/react-dom/cjs/react-dom.development.js:4277:31)
      at beginWork$1 (node_modules/react-dom/cjs/react-dom.development.js:27490:7)
      at performUnitOfWork (node_modules/react-dom/cjs/react-dom.development.js:26599:12)
      at workLoopSync (node_modules/react-dom/cjs/react-dom.development.js:26505:5)
      at renderRootSync (node_modules/react-dom/cjs/react-dom.development.js:26473:7)
      at recoverFromConcurrentError (node_modules/react-dom/cjs/react-dom.development.js:25889:20)
      at performConcurrentWorkOnRoot (node_modules/react-dom/cjs/react-dom.development.js:25789:22)
      at flushActQueue (node_modules/react/cjs/react.development.js:2667:24)
      at act (node_modules/react/cjs/react.development.js:2582:11)
      at node_modules/@testing-library/react/dist/act-compat.js:47:25
      at renderRoot (node_modules/@testing-library/react/dist/pure.js:190:26)
      at render (node_modules/@testing-library/react/dist/pure.js:292:10)
      at customRender (src/test-utils.tsx:79:12)
      at Object.<anonymous> (src/__tests__/integration/figure-operations.integration.test.tsx:85:11)

  console.error
    Warning: React.jsx: type is invalid -- expected a string (for built-in components) or a class/function (for composite components) but got: undefined. You likely forgot to export your component from the file it's defined in, or you might have mixed up default and named imports.
    
    Check your code at AddFigure.tsx:58.
        at AddFigure (/home/rgoldberg/projects/figure-collector-services/figure-collector-frontend/src/pages/AddFigure.tsx:85:31)
        at Router (/home/rgoldberg/projects/figure-collector-services/figure-collector-frontend/node_modules/react-router/lib/components.tsx:421:13)
        at MemoryRouter (/home/rgoldberg/projects/figure-collector-services/figure-collector-frontend/node_modules/react-router/lib/components.tsx:225:3)
        at div
        at ChakraProvider (/home/rgoldberg/projects/figure-collector-services/figure-collector-frontend/src/setupTests.ts:441:24)
        at div
        at MockQueryClientProvider (/home/rgoldberg/projects/figure-collector-services/figure-collector-frontend/src/test-utils.tsx:11:36)
        at AllProviders (/home/rgoldberg/projects/figure-collector-services/figure-collector-frontend/src/test-utils.tsx:40:25)
        at wrapper

      56 |   return (
      57 |     <Box>
    > 58 |       <Breadcrumb spacing="8px" separator={<ChevronRightIcon color="gray.500" />} mb={5}>
         |       ^
      59 |         <BreadcrumbItem>
      60 |           <BreadcrumbLink as={RouterLink} to="/">Dashboard</BreadcrumbLink>
      61 |         </BreadcrumbItem>

      at printWarning (node_modules/react/cjs/react-jsx-dev-runtime.development.js:87:30)
      at error (node_modules/react/cjs/react-jsx-dev-runtime.development.js:61:7)
      at jsxWithValidation (node_modules/react/cjs/react-jsx-dev-runtime.development.js:1245:7)
      at AddFigure (src/pages/AddFigure.tsx:58:7)
      at renderWithHooks (node_modules/react-dom/cjs/react-dom.development.js:15486:18)
      at mountIndeterminateComponent (node_modules/react-dom/cjs/react-dom.development.js:20103:13)
      at beginWork (node_modules/react-dom/cjs/react-dom.development.js:21626:16)
      at HTMLUnknownElement.callCallback (node_modules/react-dom/cjs/react-dom.development.js:4164:14)
      at Object.invokeGuardedCallbackDev (node_modules/react-dom/cjs/react-dom.development.js:4213:16)
      at invokeGuardedCallback (node_modules/react-dom/cjs/react-dom.development.js:4277:31)
      at beginWork$1 (node_modules/react-dom/cjs/react-dom.development.js:27490:7)
      at performUnitOfWork (node_modules/react-dom/cjs/react-dom.development.js:26599:12)
      at workLoopSync (node_modules/react-dom/cjs/react-dom.development.js:26505:5)
      at renderRootSync (node_modules/react-dom/cjs/react-dom.development.js:26473:7)
      at recoverFromConcurrentError (node_modules/react-dom/cjs/react-dom.development.js:25889:20)
      at performConcurrentWorkOnRoot (node_modules/react-dom/cjs/react-dom.development.js:25789:22)
      at flushActQueue (node_modules/react/cjs/react.development.js:2667:24)
      at act (node_modules/react/cjs/react.development.js:2582:11)
      at node_modules/@testing-library/react/dist/act-compat.js:47:25
      at renderRoot (node_modules/@testing-library/react/dist/pure.js:190:26)
      at render (node_modules/@testing-library/react/dist/pure.js:292:10)
      at customRender (src/test-utils.tsx:79:12)
      at Object.<anonymous> (src/__tests__/integration/figure-operations.integration.test.tsx:85:11)

  console.error
    Warning: React.jsx: type is invalid -- expected a string (for built-in components) or a class/function (for composite components) but got: undefined. You likely forgot to export your component from the file it's defined in, or you might have mixed up default and named imports.
    
    Check your code at AddFigure.tsx:73.
        at AddFigure (/home/rgoldberg/projects/figure-collector-services/figure-collector-frontend/src/pages/AddFigure.tsx:85:31)
        at Router (/home/rgoldberg/projects/figure-collector-services/figure-collector-frontend/node_modules/react-router/lib/components.tsx:421:13)
        at MemoryRouter (/home/rgoldberg/projects/figure-collector-services/figure-collector-frontend/node_modules/react-router/lib/components.tsx:225:3)
        at div
        at ChakraProvider (/home/rgoldberg/projects/figure-collector-services/figure-collector-frontend/src/setupTests.ts:441:24)
        at div
        at MockQueryClientProvider (/home/rgoldberg/projects/figure-collector-services/figure-collector-frontend/src/test-utils.tsx:11:36)
        at AllProviders (/home/rgoldberg/projects/figure-collector-services/figure-collector-frontend/src/test-utils.tsx:40:25)
        at wrapper

      71 |         <Heading size="lg">Add New Figure</Heading>
      72 |         <Button
    > 73 |           leftIcon={<FaArrowLeft />}
         |                     ^
      74 |           as={RouterLink}
      75 |           to="/figures"
      76 |           variant="outline"

      at printWarning (node_modules/react/cjs/react-jsx-dev-runtime.development.js:87:30)
      at error (node_modules/react/cjs/react-jsx-dev-runtime.development.js:61:7)
      at jsxWithValidation (node_modules/react/cjs/react-jsx-dev-runtime.development.js:1245:7)
      at AddFigure (src/pages/AddFigure.tsx:73:21)
      at renderWithHooks (node_modules/react-dom/cjs/react-dom.development.js:15486:18)
      at mountIndeterminateComponent (node_modules/react-dom/cjs/react-dom.development.js:20103:13)
      at beginWork (node_modules/react-dom/cjs/react-dom.development.js:21626:16)
      at HTMLUnknownElement.callCallback (node_modules/react-dom/cjs/react-dom.development.js:4164:14)
      at Object.invokeGuardedCallbackDev (node_modules/react-dom/cjs/react-dom.development.js:4213:16)
      at invokeGuardedCallback (node_modules/react-dom/cjs/react-dom.development.js:4277:31)
      at beginWork$1 (node_modules/react-dom/cjs/react-dom.development.js:27490:7)
      at performUnitOfWork (node_modules/react-dom/cjs/react-dom.development.js:26599:12)
      at workLoopSync (node_modules/react-dom/cjs/react-dom.development.js:26505:5)
      at renderRootSync (node_modules/react-dom/cjs/react-dom.development.js:26473:7)
      at recoverFromConcurrentError (node_modules/react-dom/cjs/react-dom.development.js:25889:20)
      at performConcurrentWorkOnRoot (node_modules/react-dom/cjs/react-dom.development.js:25789:22)
      at flushActQueue (node_modules/react/cjs/react.development.js:2667:24)
      at act (node_modules/react/cjs/react.development.js:2582:11)
      at node_modules/@testing-library/react/dist/act-compat.js:47:25
      at renderRoot (node_modules/@testing-library/react/dist/pure.js:190:26)
      at render (node_modules/@testing-library/react/dist/pure.js:292:10)
      at customRender (src/test-utils.tsx:79:12)
      at Object.<anonymous> (src/__tests__/integration/figure-operations.integration.test.tsx:85:11)

  console.error
    Error: Uncaught [TypeError: Cannot read properties of undefined (reading 'isLoading')]
        at reportException (/home/rgoldberg/projects/figure-collector-services/figure-collector-frontend/node_modules/jest-cli/node_modules/jsdom/lib/jsdom/living/helpers/runtime-script-errors.js:66:24)
        at innerInvokeEventListeners (/home/rgoldberg/projects/figure-collector-services/figure-collector-frontend/node_modules/jest-cli/node_modules/jsdom/lib/jsdom/living/events/EventTarget-impl.js:341:9)
        at invokeEventListeners (/home/rgoldberg/projects/figure-collector-services/figure-collector-frontend/node_modules/jest-cli/node_modules/jsdom/lib/jsdom/living/events/EventTarget-impl.js:274:3)
        at HTMLUnknownElementImpl._dispatch (/home/rgoldberg/projects/figure-collector-services/figure-collector-frontend/node_modules/jest-cli/node_modules/jsdom/lib/jsdom/living/events/EventTarget-impl.js:221:9)
        at HTMLUnknownElementImpl.dispatchEvent (/home/rgoldberg/projects/figure-collector-services/figure-collector-frontend/node_modules/jest-cli/node_modules/jsdom/lib/jsdom/living/events/EventTarget-impl.js:94:17)
        at HTMLUnknownElement.dispatchEvent (/home/rgoldberg/projects/figure-collector-services/figure-collector-frontend/node_modules/jest-cli/node_modules/jsdom/lib/jsdom/living/generated/EventTarget.js:231:34)
        at Object.invokeGuardedCallbackDev (/home/rgoldberg/projects/figure-collector-services/figure-collector-frontend/node_modules/react-dom/cjs/react-dom.development.js:4213:16)
        at invokeGuardedCallback (/home/rgoldberg/projects/figure-collector-services/figure-collector-frontend/node_modules/react-dom/cjs/react-dom.development.js:4277:31)
        at beginWork$1 (/home/rgoldberg/projects/figure-collector-services/figure-collector-frontend/node_modules/react-dom/cjs/react-dom.development.js:27490:7)
        at performUnitOfWork (/home/rgoldberg/projects/figure-collector-services/figure-collector-frontend/node_modules/react-dom/cjs/react-dom.development.js:26599:12)
        at workLoopSync (/home/rgoldberg/projects/figure-collector-services/figure-collector-frontend/node_modules/react-dom/cjs/react-dom.development.js:26505:5)
        at renderRootSync (/home/rgoldberg/projects/figure-collector-services/figure-collector-frontend/node_modules/react-dom/cjs/react-dom.development.js:26473:7)
        at recoverFromConcurrentError (/home/rgoldberg/projects/figure-collector-services/figure-collector-frontend/node_modules/react-dom/cjs/react-dom.development.js:25889:20)
        at performConcurrentWorkOnRoot (/home/rgoldberg/projects/figure-collector-services/figure-collector-frontend/node_modules/react-dom/cjs/react-dom.development.js:25789:22)
        at flushActQueue (/home/rgoldberg/projects/figure-collector-services/figure-collector-frontend/node_modules/react/cjs/react.development.js:2667:24)
        at act (/home/rgoldberg/projects/figure-collector-services/figure-collector-frontend/node_modules/react/cjs/react.development.js:2582:11)
        at /home/rgoldberg/projects/figure-collector-services/figure-collector-frontend/node_modules/@testing-library/react/dist/act-compat.js:47:25
        at renderRoot (/home/rgoldberg/projects/figure-collector-services/figure-collector-frontend/node_modules/@testing-library/react/dist/pure.js:190:26)
        at render (/home/rgoldberg/projects/figure-collector-services/figure-collector-frontend/node_modules/@testing-library/react/dist/pure.js:292:10)
        at customRender (/home/rgoldberg/projects/figure-collector-services/figure-collector-frontend/src/test-utils.tsx:79:12)
        at Object.<anonymous> (/home/rgoldberg/projects/figure-collector-services/figure-collector-frontend/src/__tests__/integration/figure-operations.integration.test.tsx:85:11)
        at Promise.then.completed (/home/rgoldberg/projects/figure-collector-services/figure-collector-frontend/node_modules/@jest/core/node_modules/jest-circus/build/utils.js:391:28)
        at new Promise (<anonymous>)
        at callAsyncCircusFn (/home/rgoldberg/projects/figure-collector-services/figure-collector-frontend/node_modules/@jest/core/node_modules/jest-circus/build/utils.js:316:10)
        at _callCircusTest (/home/rgoldberg/projects/figure-collector-services/figure-collector-frontend/node_modules/@jest/core/node_modules/jest-circus/build/run.js:218:40)
        at processTicksAndRejections (node:internal/process/task_queues:105:5)
        at _runTest (/home/rgoldberg/projects/figure-collector-services/figure-collector-frontend/node_modules/@jest/core/node_modules/jest-circus/build/run.js:155:3)
        at _runTestsForDescribeBlock (/home/rgoldberg/projects/figure-collector-services/figure-collector-frontend/node_modules/@jest/core/node_modules/jest-circus/build/run.js:66:9)
        at _runTestsForDescribeBlock (/home/rgoldberg/projects/figure-collector-services/figure-collector-frontend/node_modules/@jest/core/node_modules/jest-circus/build/run.js:60:9)
        at run (/home/rgoldberg/projects/figure-collector-services/figure-collector-frontend/node_modules/@jest/core/node_modules/jest-circus/build/run.js:25:3)
        at runAndTransformResultsToJestFormat (/home/rgoldberg/projects/figure-collector-services/figure-collector-frontend/node_modules/@jest/core/node_modules/jest-circus/build/legacy-code-todo-rewrite/jestAdapterInit.js:170:21)
        at jestAdapter (/home/rgoldberg/projects/figure-collector-services/figure-collector-frontend/node_modules/@jest/core/node_modules/jest-circus/build/legacy-code-todo-rewrite/jestAdapter.js:82:19)
        at runTestInternal (/home/rgoldberg/projects/figure-collector-services/figure-collector-frontend/node_modules/jest-runner/build/runTest.js:389:16)
        at runTest (/home/rgoldberg/projects/figure-collector-services/figure-collector-frontend/node_modules/jest-runner/build/runTest.js:475:34) TypeError: Cannot read properties of undefined (reading 'isLoading')
        at AddFigure (/home/rgoldberg/projects/figure-collector-services/figure-collector-frontend/src/pages/AddFigure.tsx:85:31)
        at renderWithHooks (/home/rgoldberg/projects/figure-collector-services/figure-collector-frontend/node_modules/react-dom/cjs/react-dom.development.js:15486:18)
        at mountIndeterminateComponent (/home/rgoldberg/projects/figure-collector-services/figure-collector-frontend/node_modules/react-dom/cjs/react-dom.development.js:20103:13)
        at beginWork (/home/rgoldberg/projects/figure-collector-services/figure-collector-frontend/node_modules/react-dom/cjs/react-dom.development.js:21626:16)
        at HTMLUnknownElement.callCallback (/home/rgoldberg/projects/figure-collector-services/figure-collector-frontend/node_modules/react-dom/cjs/react-dom.development.js:4164:14)
        at HTMLUnknownElement.callTheUserObjectsOperation (/home/rgoldberg/projects/figure-collector-services/figure-collector-frontend/node_modules/jest-cli/node_modules/jsdom/lib/jsdom/living/generated/EventListener.js:26:30)
        at innerInvokeEventListeners (/home/rgoldberg/projects/figure-collector-services/figure-collector-frontend/node_modules/jest-cli/node_modules/jsdom/lib/jsdom/living/events/EventTarget-impl.js:338:25)
        at invokeEventListeners (/home/rgoldberg/projects/figure-collector-services/figure-collector-frontend/node_modules/jest-cli/node_modules/jsdom/lib/jsdom/living/events/EventTarget-impl.js:274:3)
        at HTMLUnknownElementImpl._dispatch (/home/rgoldberg/projects/figure-collector-services/figure-collector-frontend/node_modules/jest-cli/node_modules/jsdom/lib/jsdom/living/events/EventTarget-impl.js:221:9)
        at HTMLUnknownElementImpl.dispatchEvent (/home/rgoldberg/projects/figure-collector-services/figure-collector-frontend/node_modules/jest-cli/node_modules/jsdom/lib/jsdom/living/events/EventTarget-impl.js:94:17)
        at HTMLUnknownElement.dispatchEvent (/home/rgoldberg/projects/figure-collector-services/figure-collector-frontend/node_modules/jest-cli/node_modules/jsdom/lib/jsdom/living/generated/EventTarget.js:231:34)
        at Object.invokeGuardedCallbackDev (/home/rgoldberg/projects/figure-collector-services/figure-collector-frontend/node_modules/react-dom/cjs/react-dom.development.js:4213:16)
        at invokeGuardedCallback (/home/rgoldberg/projects/figure-collector-services/figure-collector-frontend/node_modules/react-dom/cjs/react-dom.development.js:4277:31)
        at beginWork$1 (/home/rgoldberg/projects/figure-collector-services/figure-collector-frontend/node_modules/react-dom/cjs/react-dom.development.js:27490:7)
        at performUnitOfWork (/home/rgoldberg/projects/figure-collector-services/figure-collector-frontend/node_modules/react-dom/cjs/react-dom.development.js:26599:12)
        at workLoopSync (/home/rgoldberg/projects/figure-collector-services/figure-collector-frontend/node_modules/react-dom/cjs/react-dom.development.js:26505:5)
        at renderRootSync (/home/rgoldberg/projects/figure-collector-services/figure-collector-frontend/node_modules/react-dom/cjs/react-dom.development.js:26473:7)
        at recoverFromConcurrentError (/home/rgoldberg/projects/figure-collector-services/figure-collector-frontend/node_modules/react-dom/cjs/react-dom.development.js:25889:20)
        at performConcurrentWorkOnRoot (/home/rgoldberg/projects/figure-collector-services/figure-collector-frontend/node_modules/react-dom/cjs/react-dom.development.js:25789:22)
        at flushActQueue (/home/rgoldberg/projects/figure-collector-services/figure-collector-frontend/node_modules/react/cjs/react.development.js:2667:24)
        at act (/home/rgoldberg/projects/figure-collector-services/figure-collector-frontend/node_modules/react/cjs/react.development.js:2582:11)
        at /home/rgoldberg/projects/figure-collector-services/figure-collector-frontend/node_modules/@testing-library/react/dist/act-compat.js:47:25
        at renderRoot (/home/rgoldberg/projects/figure-collector-services/figure-collector-frontend/node_modules/@testing-library/react/dist/pure.js:190:26)
        at render (/home/rgoldberg/projects/figure-collector-services/figure-collector-frontend/node_modules/@testing-library/react/dist/pure.js:292:10)
        at customRender (/home/rgoldberg/projects/figure-collector-services/figure-collector-frontend/src/test-utils.tsx:79:12)
        at Object.<anonymous> (/home/rgoldberg/projects/figure-collector-services/figure-collector-frontend/src/__tests__/integration/figure-operations.integration.test.tsx:85:11)
        at Promise.then.completed (/home/rgoldberg/projects/figure-collector-services/figure-collector-frontend/node_modules/@jest/core/node_modules/jest-circus/build/utils.js:391:28)
        at new Promise (<anonymous>)
        at callAsyncCircusFn (/home/rgoldberg/projects/figure-collector-services/figure-collector-frontend/node_modules/@jest/core/node_modules/jest-circus/build/utils.js:316:10)
        at _callCircusTest (/home/rgoldberg/projects/figure-collector-services/figure-collector-frontend/node_modules/@jest/core/node_modules/jest-circus/build/run.js:218:40)
        at processTicksAndRejections (node:internal/process/task_queues:105:5)
        at _runTest (/home/rgoldberg/projects/figure-collector-services/figure-collector-frontend/node_modules/@jest/core/node_modules/jest-circus/build/run.js:155:3)
        at _runTestsForDescribeBlock (/home/rgoldberg/projects/figure-collector-services/figure-collector-frontend/node_modules/@jest/core/node_modules/jest-circus/build/run.js:66:9)
        at _runTestsForDescribeBlock (/home/rgoldberg/projects/figure-collector-services/figure-collector-frontend/node_modules/@jest/core/node_modules/jest-circus/build/run.js:60:9)
        at run (/home/rgoldberg/projects/figure-collector-services/figure-collector-frontend/node_modules/@jest/core/node_modules/jest-circus/build/run.js:25:3)
        at runAndTransformResultsToJestFormat (/home/rgoldberg/projects/figure-collector-services/figure-collector-frontend/node_modules/@jest/core/node_modules/jest-circus/build/legacy-code-todo-rewrite/jestAdapterInit.js:170:21)
        at jestAdapter (/home/rgoldberg/projects/figure-collector-services/figure-collector-frontend/node_modules/@jest/core/node_modules/jest-circus/build/legacy-code-todo-rewrite/jestAdapter.js:82:19)
        at runTestInternal (/home/rgoldberg/projects/figure-collector-services/figure-collector-frontend/node_modules/jest-runner/build/runTest.js:389:16)
        at runTest (/home/rgoldberg/projects/figure-collector-services/figure-collector-frontend/node_modules/jest-runner/build/runTest.js:475:34)

      77 |     initialRoutes?: string[] 
      78 |   }
    > 79 | ) => render(ui, { 
         |            ^
      80 |   wrapper: (props) => (
      81 |     <AllProviders 
      82 |       initialRoutes={options?.initialRoutes} 

      at VirtualConsole.<anonymous> (node_modules/jest-cli/node_modules/jsdom/lib/jsdom/virtual-console.js:29:45)
      at Object.invokeGuardedCallbackDev (node_modules/react-dom/cjs/react-dom.development.js:4213:16)
      at invokeGuardedCallback (node_modules/react-dom/cjs/react-dom.development.js:4277:31)
      at beginWork$1 (node_modules/react-dom/cjs/react-dom.development.js:27490:7)
      at performUnitOfWork (node_modules/react-dom/cjs/react-dom.development.js:26599:12)
      at workLoopSync (node_modules/react-dom/cjs/react-dom.development.js:26505:5)
      at renderRootSync (node_modules/react-dom/cjs/react-dom.development.js:26473:7)
      at recoverFromConcurrentError (node_modules/react-dom/cjs/react-dom.development.js:25889:20)
      at performConcurrentWorkOnRoot (node_modules/react-dom/cjs/react-dom.development.js:25789:22)
      at flushActQueue (node_modules/react/cjs/react.development.js:2667:24)
      at act (node_modules/react/cjs/react.development.js:2582:11)
      at node_modules/@testing-library/react/dist/act-compat.js:47:25
      at renderRoot (node_modules/@testing-library/react/dist/pure.js:190:26)
      at render (node_modules/@testing-library/react/dist/pure.js:292:10)
      at customRender (src/test-utils.tsx:79:12)
      at Object.<anonymous> (src/__tests__/integration/figure-operations.integration.test.tsx:85:11)

  console.error
    The above error occurred in the <AddFigure> component:
    
        at AddFigure (/home/rgoldberg/projects/figure-collector-services/figure-collector-frontend/src/pages/AddFigure.tsx:85:31)
        at Router (/home/rgoldberg/projects/figure-collector-services/figure-collector-frontend/node_modules/react-router/lib/components.tsx:421:13)
        at MemoryRouter (/home/rgoldberg/projects/figure-collector-services/figure-collector-frontend/node_modules/react-router/lib/components.tsx:225:3)
        at div
        at ChakraProvider (/home/rgoldberg/projects/figure-collector-services/figure-collector-frontend/src/setupTests.ts:441:24)
        at div
        at MockQueryClientProvider (/home/rgoldberg/projects/figure-collector-services/figure-collector-frontend/src/test-utils.tsx:11:36)
        at AllProviders (/home/rgoldberg/projects/figure-collector-services/figure-collector-frontend/src/test-utils.tsx:40:25)
        at wrapper
    
    Consider adding an error boundary to your tree to customize error handling behavior.
    Visit https://reactjs.org/link/error-boundaries to learn more about error boundaries.

      77 |     initialRoutes?: string[] 
      78 |   }
    > 79 | ) => render(ui, { 
         |            ^
      80 |   wrapper: (props) => (
      81 |     <AllProviders 
      82 |       initialRoutes={options?.initialRoutes} 

      at logCapturedError (node_modules/react-dom/cjs/react-dom.development.js:18704:23)
      at update.callback (node_modules/react-dom/cjs/react-dom.development.js:18737:5)
      at callCallback (node_modules/react-dom/cjs/react-dom.development.js:15036:12)
      at commitUpdateQueue (node_modules/react-dom/cjs/react-dom.development.js:15057:9)
      at commitLayoutEffectOnFiber (node_modules/react-dom/cjs/react-dom.development.js:23430:13)
      at commitLayoutMountEffects_complete (node_modules/react-dom/cjs/react-dom.development.js:24727:9)
      at commitLayoutEffects_begin (node_modules/react-dom/cjs/react-dom.development.js:24713:7)
      at commitLayoutEffects (node_modules/react-dom/cjs/react-dom.development.js:24651:3)
      at commitRootImpl (node_modules/react-dom/cjs/react-dom.development.js:26862:5)
      at commitRoot (node_modules/react-dom/cjs/react-dom.development.js:26721:5)
      at finishConcurrentRender (node_modules/react-dom/cjs/react-dom.development.js:25931:9)
      at performConcurrentWorkOnRoot (node_modules/react-dom/cjs/react-dom.development.js:25848:7)
      at flushActQueue (node_modules/react/cjs/react.development.js:2667:24)
      at act (node_modules/react/cjs/react.development.js:2582:11)
      at node_modules/@testing-library/react/dist/act-compat.js:47:25
      at renderRoot (node_modules/@testing-library/react/dist/pure.js:190:26)
      at render (node_modules/@testing-library/react/dist/pure.js:292:10)
      at customRender (src/test-utils.tsx:79:12)
      at Object.<anonymous> (src/__tests__/integration/figure-operations.integration.test.tsx:85:11)

FAIL src/__tests__/integration/figure-operations.integration.test.tsx
  Figure Operations Integration
    ✕ creates a new figure through API integration (86 ms)
    ✕ handles figure creation errors (45 ms)

  ● Figure Operations Integration › creates a new figure through API integration

    TypeError: Cannot read properties of undefined (reading 'isLoading')

      83 |         <FigureForm
      84 |           onSubmit={handleSubmit}
    > 85 |           isLoading={mutation.isLoading}
         |                               ^
      86 |         />
      87 |       </Box>
      88 |     </Box>

      at AddFigure (src/pages/AddFigure.tsx:85:31)
      at renderWithHooks (node_modules/react-dom/cjs/react-dom.development.js:15486:18)
      at mountIndeterminateComponent (node_modules/react-dom/cjs/react-dom.development.js:20103:13)
      at beginWork (node_modules/react-dom/cjs/react-dom.development.js:21626:16)
      at beginWork$1 (node_modules/react-dom/cjs/react-dom.development.js:27465:14)
      at performUnitOfWork (node_modules/react-dom/cjs/react-dom.development.js:26599:12)
      at workLoopSync (node_modules/react-dom/cjs/react-dom.development.js:26505:5)
      at renderRootSync (node_modules/react-dom/cjs/react-dom.development.js:26473:7)
      at recoverFromConcurrentError (node_modules/react-dom/cjs/react-dom.development.js:25889:20)
      at performConcurrentWorkOnRoot (node_modules/react-dom/cjs/react-dom.development.js:25789:22)
      at flushActQueue (node_modules/react/cjs/react.development.js:2667:24)
      at act (node_modules/react/cjs/react.development.js:2582:11)
      at node_modules/@testing-library/react/dist/act-compat.js:47:25
      at renderRoot (node_modules/@testing-library/react/dist/pure.js:190:26)
      at render (node_modules/@testing-library/react/dist/pure.js:292:10)
      at customRender (src/test-utils.tsx:79:12)
      at Object.<anonymous> (src/__tests__/integration/figure-operations.integration.test.tsx:46:11)

  ● Figure Operations Integration › handles figure creation errors

    TypeError: Cannot read properties of undefined (reading 'isLoading')

      83 |         <FigureForm
      84 |           onSubmit={handleSubmit}
    > 85 |           isLoading={mutation.isLoading}
         |                               ^
      86 |         />
      87 |       </Box>
      88 |     </Box>

      at AddFigure (src/pages/AddFigure.tsx:85:31)
      at renderWithHooks (node_modules/react-dom/cjs/react-dom.development.js:15486:18)
      at mountIndeterminateComponent (node_modules/react-dom/cjs/react-dom.development.js:20103:13)
      at beginWork (node_modules/react-dom/cjs/react-dom.development.js:21626:16)
      at beginWork$1 (node_modules/react-dom/cjs/react-dom.development.js:27465:14)
      at performUnitOfWork (node_modules/react-dom/cjs/react-dom.development.js:26599:12)
      at workLoopSync (node_modules/react-dom/cjs/react-dom.development.js:26505:5)
      at renderRootSync (node_modules/react-dom/cjs/react-dom.development.js:26473:7)
      at recoverFromConcurrentError (node_modules/react-dom/cjs/react-dom.development.js:25889:20)
      at performConcurrentWorkOnRoot (node_modules/react-dom/cjs/react-dom.development.js:25789:22)
      at flushActQueue (node_modules/react/cjs/react.development.js:2667:24)
      at act (node_modules/react/cjs/react.development.js:2582:11)
      at node_modules/@testing-library/react/dist/act-compat.js:47:25
      at renderRoot (node_modules/@testing-library/react/dist/pure.js:190:26)
      at render (node_modules/@testing-library/react/dist/pure.js:292:10)
      at customRender (src/test-utils.tsx:79:12)
      at Object.<anonymous> (src/__tests__/integration/figure-operations.integration.test.tsx:85:11)

  console.warn
    ⚠️ React Router Future Flag Warning: React Router will begin wrapping state updates in `React.startTransition` in v7. You can use the `v7_startTransition` future flag to opt-in early. For more information, see https://reactrouter.com/v6/upgrading/future#v7_starttransition.

      77 |     initialRoutes?: string[] 
      78 |   }
    > 79 | ) => render(ui, { 
         |            ^
      80 |   wrapper: (props) => (
      81 |     <AllProviders 
      82 |       initialRoutes={options?.initialRoutes} 

      at warnOnce (node_modules/react-router/lib/deprecations.ts:9:13)
      at logDeprecation (node_modules/react-router/lib/deprecations.ts:14:3)
      at logV6DeprecationWarnings (node_modules/react-router/lib/deprecations.ts:26:5)
      at node_modules/react-router/lib/components.tsx:257:25
      at commitHookEffectListMount (node_modules/react-dom/cjs/react-dom.development.js:23189:26)
      at commitPassiveMountOnFiber (node_modules/react-dom/cjs/react-dom.development.js:24970:11)
      at commitPassiveMountEffects_complete (node_modules/react-dom/cjs/react-dom.development.js:24930:9)
      at commitPassiveMountEffects_begin (node_modules/react-dom/cjs/react-dom.development.js:24917:7)
      at commitPassiveMountEffects (node_modules/react-dom/cjs/react-dom.development.js:24905:3)
      at flushPassiveEffectsImpl (node_modules/react-dom/cjs/react-dom.development.js:27078:3)
      at flushPassiveEffects (node_modules/react-dom/cjs/react-dom.development.js:27023:14)
      at node_modules/react-dom/cjs/react-dom.development.js:26808:9
      at flushActQueue (node_modules/react/cjs/react.development.js:2667:24)
      at act (node_modules/react/cjs/react.development.js:2582:11)
      at node_modules/@testing-library/react/dist/act-compat.js:47:25
      at renderRoot (node_modules/@testing-library/react/dist/pure.js:190:26)
      at render (node_modules/@testing-library/react/dist/pure.js:292:10)
      at customRender (src/test-utils.tsx:79:12)
      at Object.<anonymous> (src/__tests__/integration/service-registration.integration.test.tsx:18:11)

  console.warn
    ⚠️ React Router Future Flag Warning: Relative route resolution within Splat routes is changing in v7. You can use the `v7_relativeSplatPath` future flag to opt-in early. For more information, see https://reactrouter.com/v6/upgrading/future#v7_relativesplatpath.

      77 |     initialRoutes?: string[] 
      78 |   }
    > 79 | ) => render(ui, { 
         |            ^
      80 |   wrapper: (props) => (
      81 |     <AllProviders 
      82 |       initialRoutes={options?.initialRoutes} 

      at warnOnce (node_modules/react-router/lib/deprecations.ts:9:13)
      at logDeprecation (node_modules/react-router/lib/deprecations.ts:14:3)
      at logV6DeprecationWarnings (node_modules/react-router/lib/deprecations.ts:37:5)
      at node_modules/react-router/lib/components.tsx:257:25
      at commitHookEffectListMount (node_modules/react-dom/cjs/react-dom.development.js:23189:26)
      at commitPassiveMountOnFiber (node_modules/react-dom/cjs/react-dom.development.js:24970:11)
      at commitPassiveMountEffects_complete (node_modules/react-dom/cjs/react-dom.development.js:24930:9)
      at commitPassiveMountEffects_begin (node_modules/react-dom/cjs/react-dom.development.js:24917:7)
      at commitPassiveMountEffects (node_modules/react-dom/cjs/react-dom.development.js:24905:3)
      at flushPassiveEffectsImpl (node_modules/react-dom/cjs/react-dom.development.js:27078:3)
      at flushPassiveEffects (node_modules/react-dom/cjs/react-dom.development.js:27023:14)
      at node_modules/react-dom/cjs/react-dom.development.js:26808:9
      at flushActQueue (node_modules/react/cjs/react.development.js:2667:24)
      at act (node_modules/react/cjs/react.development.js:2582:11)
      at node_modules/@testing-library/react/dist/act-compat.js:47:25
      at renderRoot (node_modules/@testing-library/react/dist/pure.js:190:26)
      at render (node_modules/@testing-library/react/dist/pure.js:292:10)
      at customRender (src/test-utils.tsx:79:12)
      at Object.<anonymous> (src/__tests__/integration/service-registration.integration.test.tsx:18:11)

  console.error
    Error: Uncaught [TypeError: Cannot destructure property 'register' of '(0 , _reactHookForm.useForm)(...)' as it is undefined.]
        at reportException (/home/rgoldberg/projects/figure-collector-services/figure-collector-frontend/node_modules/jest-cli/node_modules/jsdom/lib/jsdom/living/helpers/runtime-script-errors.js:66:24)
        at innerInvokeEventListeners (/home/rgoldberg/projects/figure-collector-services/figure-collector-frontend/node_modules/jest-cli/node_modules/jsdom/lib/jsdom/living/events/EventTarget-impl.js:341:9)
        at invokeEventListeners (/home/rgoldberg/projects/figure-collector-services/figure-collector-frontend/node_modules/jest-cli/node_modules/jsdom/lib/jsdom/living/events/EventTarget-impl.js:274:3)
        at HTMLUnknownElementImpl._dispatch (/home/rgoldberg/projects/figure-collector-services/figure-collector-frontend/node_modules/jest-cli/node_modules/jsdom/lib/jsdom/living/events/EventTarget-impl.js:221:9)
        at HTMLUnknownElementImpl.dispatchEvent (/home/rgoldberg/projects/figure-collector-services/figure-collector-frontend/node_modules/jest-cli/node_modules/jsdom/lib/jsdom/living/events/EventTarget-impl.js:94:17)
        at HTMLUnknownElement.dispatchEvent (/home/rgoldberg/projects/figure-collector-services/figure-collector-frontend/node_modules/jest-cli/node_modules/jsdom/lib/jsdom/living/generated/EventTarget.js:231:34)
        at Object.invokeGuardedCallbackDev (/home/rgoldberg/projects/figure-collector-services/figure-collector-frontend/node_modules/react-dom/cjs/react-dom.development.js:4213:16)
        at invokeGuardedCallback (/home/rgoldberg/projects/figure-collector-services/figure-collector-frontend/node_modules/react-dom/cjs/react-dom.development.js:4277:31)
        at beginWork$1 (/home/rgoldberg/projects/figure-collector-services/figure-collector-frontend/node_modules/react-dom/cjs/react-dom.development.js:27490:7)
        at performUnitOfWork (/home/rgoldberg/projects/figure-collector-services/figure-collector-frontend/node_modules/react-dom/cjs/react-dom.development.js:26599:12)
        at workLoopSync (/home/rgoldberg/projects/figure-collector-services/figure-collector-frontend/node_modules/react-dom/cjs/react-dom.development.js:26505:5)
        at renderRootSync (/home/rgoldberg/projects/figure-collector-services/figure-collector-frontend/node_modules/react-dom/cjs/react-dom.development.js:26473:7)
        at performConcurrentWorkOnRoot (/home/rgoldberg/projects/figure-collector-services/figure-collector-frontend/node_modules/react-dom/cjs/react-dom.development.js:25777:74)
        at flushActQueue (/home/rgoldberg/projects/figure-collector-services/figure-collector-frontend/node_modules/react/cjs/react.development.js:2667:24)
        at act (/home/rgoldberg/projects/figure-collector-services/figure-collector-frontend/node_modules/react/cjs/react.development.js:2582:11)
        at /home/rgoldberg/projects/figure-collector-services/figure-collector-frontend/node_modules/@testing-library/react/dist/act-compat.js:47:25
        at renderRoot (/home/rgoldberg/projects/figure-collector-services/figure-collector-frontend/node_modules/@testing-library/react/dist/pure.js:190:26)
        at render (/home/rgoldberg/projects/figure-collector-services/figure-collector-frontend/node_modules/@testing-library/react/dist/pure.js:292:10)
        at customRender (/home/rgoldberg/projects/figure-collector-services/figure-collector-frontend/src/test-utils.tsx:79:12)
        at Object.<anonymous> (/home/rgoldberg/projects/figure-collector-services/figure-collector-frontend/src/__tests__/integration/service-registration.integration.test.tsx:18:11)
        at Promise.then.completed (/home/rgoldberg/projects/figure-collector-services/figure-collector-frontend/node_modules/@jest/core/node_modules/jest-circus/build/utils.js:391:28)
        at new Promise (<anonymous>)
        at callAsyncCircusFn (/home/rgoldberg/projects/figure-collector-services/figure-collector-frontend/node_modules/@jest/core/node_modules/jest-circus/build/utils.js:316:10)
        at _callCircusTest (/home/rgoldberg/projects/figure-collector-services/figure-collector-frontend/node_modules/@jest/core/node_modules/jest-circus/build/run.js:218:40)
        at _runTest (/home/rgoldberg/projects/figure-collector-services/figure-collector-frontend/node_modules/@jest/core/node_modules/jest-circus/build/run.js:155:3)
        at _runTestsForDescribeBlock (/home/rgoldberg/projects/figure-collector-services/figure-collector-frontend/node_modules/@jest/core/node_modules/jest-circus/build/run.js:66:9)
        at _runTestsForDescribeBlock (/home/rgoldberg/projects/figure-collector-services/figure-collector-frontend/node_modules/@jest/core/node_modules/jest-circus/build/run.js:60:9)
        at run (/home/rgoldberg/projects/figure-collector-services/figure-collector-frontend/node_modules/@jest/core/node_modules/jest-circus/build/run.js:25:3)
        at runAndTransformResultsToJestFormat (/home/rgoldberg/projects/figure-collector-services/figure-collector-frontend/node_modules/@jest/core/node_modules/jest-circus/build/legacy-code-todo-rewrite/jestAdapterInit.js:170:21)
        at jestAdapter (/home/rgoldberg/projects/figure-collector-services/figure-collector-frontend/node_modules/@jest/core/node_modules/jest-circus/build/legacy-code-todo-rewrite/jestAdapter.js:82:19)
        at runTestInternal (/home/rgoldberg/projects/figure-collector-services/figure-collector-frontend/node_modules/jest-runner/build/runTest.js:389:16)
        at runTest (/home/rgoldberg/projects/figure-collector-services/figure-collector-frontend/node_modules/jest-runner/build/runTest.js:475:34) TypeError: Cannot destructure property 'register' of '(0 , _reactHookForm.useForm)(...)' as it is undefined.
        at Login (/home/rgoldberg/projects/figure-collector-services/figure-collector-frontend/src/pages/Login.tsx:37:5)
        at renderWithHooks (/home/rgoldberg/projects/figure-collector-services/figure-collector-frontend/node_modules/react-dom/cjs/react-dom.development.js:15486:18)
        at mountIndeterminateComponent (/home/rgoldberg/projects/figure-collector-services/figure-collector-frontend/node_modules/react-dom/cjs/react-dom.development.js:20103:13)
        at beginWork (/home/rgoldberg/projects/figure-collector-services/figure-collector-frontend/node_modules/react-dom/cjs/react-dom.development.js:21626:16)
        at HTMLUnknownElement.callCallback (/home/rgoldberg/projects/figure-collector-services/figure-collector-frontend/node_modules/react-dom/cjs/react-dom.development.js:4164:14)
        at HTMLUnknownElement.callTheUserObjectsOperation (/home/rgoldberg/projects/figure-collector-services/figure-collector-frontend/node_modules/jest-cli/node_modules/jsdom/lib/jsdom/living/generated/EventListener.js:26:30)
        at innerInvokeEventListeners (/home/rgoldberg/projects/figure-collector-services/figure-collector-frontend/node_modules/jest-cli/node_modules/jsdom/lib/jsdom/living/events/EventTarget-impl.js:338:25)
        at invokeEventListeners (/home/rgoldberg/projects/figure-collector-services/figure-collector-frontend/node_modules/jest-cli/node_modules/jsdom/lib/jsdom/living/events/EventTarget-impl.js:274:3)
        at HTMLUnknownElementImpl._dispatch (/home/rgoldberg/projects/figure-collector-services/figure-collector-frontend/node_modules/jest-cli/node_modules/jsdom/lib/jsdom/living/events/EventTarget-impl.js:221:9)
        at HTMLUnknownElementImpl.dispatchEvent (/home/rgoldberg/projects/figure-collector-services/figure-collector-frontend/node_modules/jest-cli/node_modules/jsdom/lib/jsdom/living/events/EventTarget-impl.js:94:17)
        at HTMLUnknownElement.dispatchEvent (/home/rgoldberg/projects/figure-collector-services/figure-collector-frontend/node_modules/jest-cli/node_modules/jsdom/lib/jsdom/living/generated/EventTarget.js:231:34)
        at Object.invokeGuardedCallbackDev (/home/rgoldberg/projects/figure-collector-services/figure-collector-frontend/node_modules/react-dom/cjs/react-dom.development.js:4213:16)
        at invokeGuardedCallback (/home/rgoldberg/projects/figure-collector-services/figure-collector-frontend/node_modules/react-dom/cjs/react-dom.development.js:4277:31)
        at beginWork$1 (/home/rgoldberg/projects/figure-collector-services/figure-collector-frontend/node_modules/react-dom/cjs/react-dom.development.js:27490:7)
        at performUnitOfWork (/home/rgoldberg/projects/figure-collector-services/figure-collector-frontend/node_modules/react-dom/cjs/react-dom.development.js:26599:12)
        at workLoopSync (/home/rgoldberg/projects/figure-collector-services/figure-collector-frontend/node_modules/react-dom/cjs/react-dom.development.js:26505:5)
        at renderRootSync (/home/rgoldberg/projects/figure-collector-services/figure-collector-frontend/node_modules/react-dom/cjs/react-dom.development.js:26473:7)
        at performConcurrentWorkOnRoot (/home/rgoldberg/projects/figure-collector-services/figure-collector-frontend/node_modules/react-dom/cjs/react-dom.development.js:25777:74)
        at flushActQueue (/home/rgoldberg/projects/figure-collector-services/figure-collector-frontend/node_modules/react/cjs/react.development.js:2667:24)
        at act (/home/rgoldberg/projects/figure-collector-services/figure-collector-frontend/node_modules/react/cjs/react.development.js:2582:11)
        at /home/rgoldberg/projects/figure-collector-services/figure-collector-frontend/node_modules/@testing-library/react/dist/act-compat.js:47:25
        at renderRoot (/home/rgoldberg/projects/figure-collector-services/figure-collector-frontend/node_modules/@testing-library/react/dist/pure.js:190:26)
        at render (/home/rgoldberg/projects/figure-collector-services/figure-collector-frontend/node_modules/@testing-library/react/dist/pure.js:292:10)
        at customRender (/home/rgoldberg/projects/figure-collector-services/figure-collector-frontend/src/test-utils.tsx:79:12)
        at Object.<anonymous> (/home/rgoldberg/projects/figure-collector-services/figure-collector-frontend/src/__tests__/integration/service-registration.integration.test.tsx:18:11)
        at Promise.then.completed (/home/rgoldberg/projects/figure-collector-services/figure-collector-frontend/node_modules/@jest/core/node_modules/jest-circus/build/utils.js:391:28)
        at new Promise (<anonymous>)
        at callAsyncCircusFn (/home/rgoldberg/projects/figure-collector-services/figure-collector-frontend/node_modules/@jest/core/node_modules/jest-circus/build/utils.js:316:10)
        at _callCircusTest (/home/rgoldberg/projects/figure-collector-services/figure-collector-frontend/node_modules/@jest/core/node_modules/jest-circus/build/run.js:218:40)
        at _runTest (/home/rgoldberg/projects/figure-collector-services/figure-collector-frontend/node_modules/@jest/core/node_modules/jest-circus/build/run.js:155:3)
        at _runTestsForDescribeBlock (/home/rgoldberg/projects/figure-collector-services/figure-collector-frontend/node_modules/@jest/core/node_modules/jest-circus/build/run.js:66:9)
        at _runTestsForDescribeBlock (/home/rgoldberg/projects/figure-collector-services/figure-collector-frontend/node_modules/@jest/core/node_modules/jest-circus/build/run.js:60:9)
        at run (/home/rgoldberg/projects/figure-collector-services/figure-collector-frontend/node_modules/@jest/core/node_modules/jest-circus/build/run.js:25:3)
        at runAndTransformResultsToJestFormat (/home/rgoldberg/projects/figure-collector-services/figure-collector-frontend/node_modules/@jest/core/node_modules/jest-circus/build/legacy-code-todo-rewrite/jestAdapterInit.js:170:21)
        at jestAdapter (/home/rgoldberg/projects/figure-collector-services/figure-collector-frontend/node_modules/@jest/core/node_modules/jest-circus/build/legacy-code-todo-rewrite/jestAdapter.js:82:19)
        at runTestInternal (/home/rgoldberg/projects/figure-collector-services/figure-collector-frontend/node_modules/jest-runner/build/runTest.js:389:16)
        at runTest (/home/rgoldberg/projects/figure-collector-services/figure-collector-frontend/node_modules/jest-runner/build/runTest.js:475:34)

      77 |     initialRoutes?: string[] 
      78 |   }
    > 79 | ) => render(ui, { 
         |            ^
      80 |   wrapper: (props) => (
      81 |     <AllProviders 
      82 |       initialRoutes={options?.initialRoutes} 

      at VirtualConsole.<anonymous> (node_modules/jest-cli/node_modules/jsdom/lib/jsdom/virtual-console.js:29:45)
      at Object.invokeGuardedCallbackDev (node_modules/react-dom/cjs/react-dom.development.js:4213:16)
      at invokeGuardedCallback (node_modules/react-dom/cjs/react-dom.development.js:4277:31)
      at beginWork$1 (node_modules/react-dom/cjs/react-dom.development.js:27490:7)
      at performUnitOfWork (node_modules/react-dom/cjs/react-dom.development.js:26599:12)
      at workLoopSync (node_modules/react-dom/cjs/react-dom.development.js:26505:5)
      at renderRootSync (node_modules/react-dom/cjs/react-dom.development.js:26473:7)
      at performConcurrentWorkOnRoot (node_modules/react-dom/cjs/react-dom.development.js:25777:74)
      at flushActQueue (node_modules/react/cjs/react.development.js:2667:24)
      at act (node_modules/react/cjs/react.development.js:2582:11)
      at node_modules/@testing-library/react/dist/act-compat.js:47:25
      at renderRoot (node_modules/@testing-library/react/dist/pure.js:190:26)
      at render (node_modules/@testing-library/react/dist/pure.js:292:10)
      at customRender (src/test-utils.tsx:79:12)
      at Object.<anonymous> (src/__tests__/integration/service-registration.integration.test.tsx:18:11)

  console.error
    Error: Uncaught [TypeError: Cannot destructure property 'register' of '(0 , _reactHookForm.useForm)(...)' as it is undefined.]
        at reportException (/home/rgoldberg/projects/figure-collector-services/figure-collector-frontend/node_modules/jest-cli/node_modules/jsdom/lib/jsdom/living/helpers/runtime-script-errors.js:66:24)
        at innerInvokeEventListeners (/home/rgoldberg/projects/figure-collector-services/figure-collector-frontend/node_modules/jest-cli/node_modules/jsdom/lib/jsdom/living/events/EventTarget-impl.js:341:9)
        at invokeEventListeners (/home/rgoldberg/projects/figure-collector-services/figure-collector-frontend/node_modules/jest-cli/node_modules/jsdom/lib/jsdom/living/events/EventTarget-impl.js:274:3)
        at HTMLUnknownElementImpl._dispatch (/home/rgoldberg/projects/figure-collector-services/figure-collector-frontend/node_modules/jest-cli/node_modules/jsdom/lib/jsdom/living/events/EventTarget-impl.js:221:9)
        at HTMLUnknownElementImpl.dispatchEvent (/home/rgoldberg/projects/figure-collector-services/figure-collector-frontend/node_modules/jest-cli/node_modules/jsdom/lib/jsdom/living/events/EventTarget-impl.js:94:17)
        at HTMLUnknownElement.dispatchEvent (/home/rgoldberg/projects/figure-collector-services/figure-collector-frontend/node_modules/jest-cli/node_modules/jsdom/lib/jsdom/living/generated/EventTarget.js:231:34)
        at Object.invokeGuardedCallbackDev (/home/rgoldberg/projects/figure-collector-services/figure-collector-frontend/node_modules/react-dom/cjs/react-dom.development.js:4213:16)
        at invokeGuardedCallback (/home/rgoldberg/projects/figure-collector-services/figure-collector-frontend/node_modules/react-dom/cjs/react-dom.development.js:4277:31)
        at beginWork$1 (/home/rgoldberg/projects/figure-collector-services/figure-collector-frontend/node_modules/react-dom/cjs/react-dom.development.js:27490:7)
        at performUnitOfWork (/home/rgoldberg/projects/figure-collector-services/figure-collector-frontend/node_modules/react-dom/cjs/react-dom.development.js:26599:12)
        at workLoopSync (/home/rgoldberg/projects/figure-collector-services/figure-collector-frontend/node_modules/react-dom/cjs/react-dom.development.js:26505:5)
        at renderRootSync (/home/rgoldberg/projects/figure-collector-services/figure-collector-frontend/node_modules/react-dom/cjs/react-dom.development.js:26473:7)
        at recoverFromConcurrentError (/home/rgoldberg/projects/figure-collector-services/figure-collector-frontend/node_modules/react-dom/cjs/react-dom.development.js:25889:20)
        at performConcurrentWorkOnRoot (/home/rgoldberg/projects/figure-collector-services/figure-collector-frontend/node_modules/react-dom/cjs/react-dom.development.js:25789:22)
        at flushActQueue (/home/rgoldberg/projects/figure-collector-services/figure-collector-frontend/node_modules/react/cjs/react.development.js:2667:24)
        at act (/home/rgoldberg/projects/figure-collector-services/figure-collector-frontend/node_modules/react/cjs/react.development.js:2582:11)
        at /home/rgoldberg/projects/figure-collector-services/figure-collector-frontend/node_modules/@testing-library/react/dist/act-compat.js:47:25
        at renderRoot (/home/rgoldberg/projects/figure-collector-services/figure-collector-frontend/node_modules/@testing-library/react/dist/pure.js:190:26)
        at render (/home/rgoldberg/projects/figure-collector-services/figure-collector-frontend/node_modules/@testing-library/react/dist/pure.js:292:10)
        at customRender (/home/rgoldberg/projects/figure-collector-services/figure-collector-frontend/src/test-utils.tsx:79:12)
        at Object.<anonymous> (/home/rgoldberg/projects/figure-collector-services/figure-collector-frontend/src/__tests__/integration/service-registration.integration.test.tsx:18:11)
        at Promise.then.completed (/home/rgoldberg/projects/figure-collector-services/figure-collector-frontend/node_modules/@jest/core/node_modules/jest-circus/build/utils.js:391:28)
        at new Promise (<anonymous>)
        at callAsyncCircusFn (/home/rgoldberg/projects/figure-collector-services/figure-collector-frontend/node_modules/@jest/core/node_modules/jest-circus/build/utils.js:316:10)
        at _callCircusTest (/home/rgoldberg/projects/figure-collector-services/figure-collector-frontend/node_modules/@jest/core/node_modules/jest-circus/build/run.js:218:40)
        at _runTest (/home/rgoldberg/projects/figure-collector-services/figure-collector-frontend/node_modules/@jest/core/node_modules/jest-circus/build/run.js:155:3)
        at _runTestsForDescribeBlock (/home/rgoldberg/projects/figure-collector-services/figure-collector-frontend/node_modules/@jest/core/node_modules/jest-circus/build/run.js:66:9)
        at _runTestsForDescribeBlock (/home/rgoldberg/projects/figure-collector-services/figure-collector-frontend/node_modules/@jest/core/node_modules/jest-circus/build/run.js:60:9)
        at run (/home/rgoldberg/projects/figure-collector-services/figure-collector-frontend/node_modules/@jest/core/node_modules/jest-circus/build/run.js:25:3)
        at runAndTransformResultsToJestFormat (/home/rgoldberg/projects/figure-collector-services/figure-collector-frontend/node_modules/@jest/core/node_modules/jest-circus/build/legacy-code-todo-rewrite/jestAdapterInit.js:170:21)
        at jestAdapter (/home/rgoldberg/projects/figure-collector-services/figure-collector-frontend/node_modules/@jest/core/node_modules/jest-circus/build/legacy-code-todo-rewrite/jestAdapter.js:82:19)
        at runTestInternal (/home/rgoldberg/projects/figure-collector-services/figure-collector-frontend/node_modules/jest-runner/build/runTest.js:389:16)
        at runTest (/home/rgoldberg/projects/figure-collector-services/figure-collector-frontend/node_modules/jest-runner/build/runTest.js:475:34) TypeError: Cannot destructure property 'register' of '(0 , _reactHookForm.useForm)(...)' as it is undefined.
        at Login (/home/rgoldberg/projects/figure-collector-services/figure-collector-frontend/src/pages/Login.tsx:37:5)
        at renderWithHooks (/home/rgoldberg/projects/figure-collector-services/figure-collector-frontend/node_modules/react-dom/cjs/react-dom.development.js:15486:18)
        at mountIndeterminateComponent (/home/rgoldberg/projects/figure-collector-services/figure-collector-frontend/node_modules/react-dom/cjs/react-dom.development.js:20103:13)
        at beginWork (/home/rgoldberg/projects/figure-collector-services/figure-collector-frontend/node_modules/react-dom/cjs/react-dom.development.js:21626:16)
        at HTMLUnknownElement.callCallback (/home/rgoldberg/projects/figure-collector-services/figure-collector-frontend/node_modules/react-dom/cjs/react-dom.development.js:4164:14)
        at HTMLUnknownElement.callTheUserObjectsOperation (/home/rgoldberg/projects/figure-collector-services/figure-collector-frontend/node_modules/jest-cli/node_modules/jsdom/lib/jsdom/living/generated/EventListener.js:26:30)
        at innerInvokeEventListeners (/home/rgoldberg/projects/figure-collector-services/figure-collector-frontend/node_modules/jest-cli/node_modules/jsdom/lib/jsdom/living/events/EventTarget-impl.js:338:25)
        at invokeEventListeners (/home/rgoldberg/projects/figure-collector-services/figure-collector-frontend/node_modules/jest-cli/node_modules/jsdom/lib/jsdom/living/events/EventTarget-impl.js:274:3)
        at HTMLUnknownElementImpl._dispatch (/home/rgoldberg/projects/figure-collector-services/figure-collector-frontend/node_modules/jest-cli/node_modules/jsdom/lib/jsdom/living/events/EventTarget-impl.js:221:9)
        at HTMLUnknownElementImpl.dispatchEvent (/home/rgoldberg/projects/figure-collector-services/figure-collector-frontend/node_modules/jest-cli/node_modules/jsdom/lib/jsdom/living/events/EventTarget-impl.js:94:17)
        at HTMLUnknownElement.dispatchEvent (/home/rgoldberg/projects/figure-collector-services/figure-collector-frontend/node_modules/jest-cli/node_modules/jsdom/lib/jsdom/living/generated/EventTarget.js:231:34)
        at Object.invokeGuardedCallbackDev (/home/rgoldberg/projects/figure-collector-services/figure-collector-frontend/node_modules/react-dom/cjs/react-dom.development.js:4213:16)
        at invokeGuardedCallback (/home/rgoldberg/projects/figure-collector-services/figure-collector-frontend/node_modules/react-dom/cjs/react-dom.development.js:4277:31)
        at beginWork$1 (/home/rgoldberg/projects/figure-collector-services/figure-collector-frontend/node_modules/react-dom/cjs/react-dom.development.js:27490:7)
        at performUnitOfWork (/home/rgoldberg/projects/figure-collector-services/figure-collector-frontend/node_modules/react-dom/cjs/react-dom.development.js:26599:12)
        at workLoopSync (/home/rgoldberg/projects/figure-collector-services/figure-collector-frontend/node_modules/react-dom/cjs/react-dom.development.js:26505:5)
        at renderRootSync (/home/rgoldberg/projects/figure-collector-services/figure-collector-frontend/node_modules/react-dom/cjs/react-dom.development.js:26473:7)
        at recoverFromConcurrentError (/home/rgoldberg/projects/figure-collector-services/figure-collector-frontend/node_modules/react-dom/cjs/react-dom.development.js:25889:20)
        at performConcurrentWorkOnRoot (/home/rgoldberg/projects/figure-collector-services/figure-collector-frontend/node_modules/react-dom/cjs/react-dom.development.js:25789:22)
        at flushActQueue (/home/rgoldberg/projects/figure-collector-services/figure-collector-frontend/node_modules/react/cjs/react.development.js:2667:24)
        at act (/home/rgoldberg/projects/figure-collector-services/figure-collector-frontend/node_modules/react/cjs/react.development.js:2582:11)
        at /home/rgoldberg/projects/figure-collector-services/figure-collector-frontend/node_modules/@testing-library/react/dist/act-compat.js:47:25
        at renderRoot (/home/rgoldberg/projects/figure-collector-services/figure-collector-frontend/node_modules/@testing-library/react/dist/pure.js:190:26)
        at render (/home/rgoldberg/projects/figure-collector-services/figure-collector-frontend/node_modules/@testing-library/react/dist/pure.js:292:10)
        at customRender (/home/rgoldberg/projects/figure-collector-services/figure-collector-frontend/src/test-utils.tsx:79:12)
        at Object.<anonymous> (/home/rgoldberg/projects/figure-collector-services/figure-collector-frontend/src/__tests__/integration/service-registration.integration.test.tsx:18:11)
        at Promise.then.completed (/home/rgoldberg/projects/figure-collector-services/figure-collector-frontend/node_modules/@jest/core/node_modules/jest-circus/build/utils.js:391:28)
        at new Promise (<anonymous>)
        at callAsyncCircusFn (/home/rgoldberg/projects/figure-collector-services/figure-collector-frontend/node_modules/@jest/core/node_modules/jest-circus/build/utils.js:316:10)
        at _callCircusTest (/home/rgoldberg/projects/figure-collector-services/figure-collector-frontend/node_modules/@jest/core/node_modules/jest-circus/build/run.js:218:40)
        at _runTest (/home/rgoldberg/projects/figure-collector-services/figure-collector-frontend/node_modules/@jest/core/node_modules/jest-circus/build/run.js:155:3)
        at _runTestsForDescribeBlock (/home/rgoldberg/projects/figure-collector-services/figure-collector-frontend/node_modules/@jest/core/node_modules/jest-circus/build/run.js:66:9)
        at _runTestsForDescribeBlock (/home/rgoldberg/projects/figure-collector-services/figure-collector-frontend/node_modules/@jest/core/node_modules/jest-circus/build/run.js:60:9)
        at run (/home/rgoldberg/projects/figure-collector-services/figure-collector-frontend/node_modules/@jest/core/node_modules/jest-circus/build/run.js:25:3)
        at runAndTransformResultsToJestFormat (/home/rgoldberg/projects/figure-collector-services/figure-collector-frontend/node_modules/@jest/core/node_modules/jest-circus/build/legacy-code-todo-rewrite/jestAdapterInit.js:170:21)
        at jestAdapter (/home/rgoldberg/projects/figure-collector-services/figure-collector-frontend/node_modules/@jest/core/node_modules/jest-circus/build/legacy-code-todo-rewrite/jestAdapter.js:82:19)
        at runTestInternal (/home/rgoldberg/projects/figure-collector-services/figure-collector-frontend/node_modules/jest-runner/build/runTest.js:389:16)
        at runTest (/home/rgoldberg/projects/figure-collector-services/figure-collector-frontend/node_modules/jest-runner/build/runTest.js:475:34)

      77 |     initialRoutes?: string[] 
      78 |   }
    > 79 | ) => render(ui, { 
         |            ^
      80 |   wrapper: (props) => (
      81 |     <AllProviders 
      82 |       initialRoutes={options?.initialRoutes} 

      at VirtualConsole.<anonymous> (node_modules/jest-cli/node_modules/jsdom/lib/jsdom/virtual-console.js:29:45)
      at Object.invokeGuardedCallbackDev (node_modules/react-dom/cjs/react-dom.development.js:4213:16)
      at invokeGuardedCallback (node_modules/react-dom/cjs/react-dom.development.js:4277:31)
      at beginWork$1 (node_modules/react-dom/cjs/react-dom.development.js:27490:7)
      at performUnitOfWork (node_modules/react-dom/cjs/react-dom.development.js:26599:12)
      at workLoopSync (node_modules/react-dom/cjs/react-dom.development.js:26505:5)
      at renderRootSync (node_modules/react-dom/cjs/react-dom.development.js:26473:7)
      at recoverFromConcurrentError (node_modules/react-dom/cjs/react-dom.development.js:25889:20)
      at performConcurrentWorkOnRoot (node_modules/react-dom/cjs/react-dom.development.js:25789:22)
      at flushActQueue (node_modules/react/cjs/react.development.js:2667:24)
      at act (node_modules/react/cjs/react.development.js:2582:11)
      at node_modules/@testing-library/react/dist/act-compat.js:47:25
      at renderRoot (node_modules/@testing-library/react/dist/pure.js:190:26)
      at render (node_modules/@testing-library/react/dist/pure.js:292:10)
      at customRender (src/test-utils.tsx:79:12)
      at Object.<anonymous> (src/__tests__/integration/service-registration.integration.test.tsx:18:11)

  console.error
    The above error occurred in the <Login> component:
    
        at Login (/home/rgoldberg/projects/figure-collector-services/figure-collector-frontend/src/pages/Login.tsx:31:49)
        at RenderedRoute (/home/rgoldberg/projects/figure-collector-services/figure-collector-frontend/node_modules/react-router/lib/hooks.tsx:658:26)
        at Routes (/home/rgoldberg/projects/figure-collector-services/figure-collector-frontend/node_modules/react-router/lib/components.tsx:512:3)
        at div
        at /home/rgoldberg/projects/figure-collector-services/figure-collector-frontend/src/setupTests.ts:442:34
        at App
        at Router (/home/rgoldberg/projects/figure-collector-services/figure-collector-frontend/node_modules/react-router/lib/components.tsx:421:13)
        at MemoryRouter (/home/rgoldberg/projects/figure-collector-services/figure-collector-frontend/node_modules/react-router/lib/components.tsx:225:3)
        at div
        at ChakraProvider (/home/rgoldberg/projects/figure-collector-services/figure-collector-frontend/src/setupTests.ts:441:24)
        at div
        at MockQueryClientProvider (/home/rgoldberg/projects/figure-collector-services/figure-collector-frontend/src/test-utils.tsx:11:36)
        at AllProviders (/home/rgoldberg/projects/figure-collector-services/figure-collector-frontend/src/test-utils.tsx:40:25)
        at wrapper
    
    Consider adding an error boundary to your tree to customize error handling behavior.
    Visit https://reactjs.org/link/error-boundaries to learn more about error boundaries.

      77 |     initialRoutes?: string[] 
      78 |   }
    > 79 | ) => render(ui, { 
         |            ^
      80 |   wrapper: (props) => (
      81 |     <AllProviders 
      82 |       initialRoutes={options?.initialRoutes} 

      at logCapturedError (node_modules/react-dom/cjs/react-dom.development.js:18704:23)
      at update.callback (node_modules/react-dom/cjs/react-dom.development.js:18737:5)
      at callCallback (node_modules/react-dom/cjs/react-dom.development.js:15036:12)
      at commitUpdateQueue (node_modules/react-dom/cjs/react-dom.development.js:15057:9)
      at commitLayoutEffectOnFiber (node_modules/react-dom/cjs/react-dom.development.js:23430:13)
      at commitLayoutMountEffects_complete (node_modules/react-dom/cjs/react-dom.development.js:24727:9)
      at commitLayoutEffects_begin (node_modules/react-dom/cjs/react-dom.development.js:24713:7)
      at commitLayoutEffects (node_modules/react-dom/cjs/react-dom.development.js:24651:3)
      at commitRootImpl (node_modules/react-dom/cjs/react-dom.development.js:26862:5)
      at commitRoot (node_modules/react-dom/cjs/react-dom.development.js:26721:5)
      at finishConcurrentRender (node_modules/react-dom/cjs/react-dom.development.js:25931:9)
      at performConcurrentWorkOnRoot (node_modules/react-dom/cjs/react-dom.development.js:25848:7)
      at flushActQueue (node_modules/react/cjs/react.development.js:2667:24)
      at act (node_modules/react/cjs/react.development.js:2582:11)
      at node_modules/@testing-library/react/dist/act-compat.js:47:25
      at renderRoot (node_modules/@testing-library/react/dist/pure.js:190:26)
      at render (node_modules/@testing-library/react/dist/pure.js:292:10)
      at customRender (src/test-utils.tsx:79:12)
      at Object.<anonymous> (src/__tests__/integration/service-registration.integration.test.tsx:18:11)

FAIL src/__tests__/integration/service-registration.integration.test.tsx
  Application Rendering
    ✕ renders main application layout (29 ms)

  ● Application Rendering › renders main application layout

    TypeError: Cannot destructure property 'register' of '(0 , _reactHookForm.useForm)(...)' as it is undefined.

      35 |   
      36 |   const {
    > 37 |     register,
         |     ^
      38 |     handleSubmit,
      39 |     formState: { errors },
      40 |   } = useForm<LoginFormData>({

      at Login (src/pages/Login.tsx:37:5)
      at renderWithHooks (node_modules/react-dom/cjs/react-dom.development.js:15486:18)
      at mountIndeterminateComponent (node_modules/react-dom/cjs/react-dom.development.js:20103:13)
      at beginWork (node_modules/react-dom/cjs/react-dom.development.js:21626:16)
      at beginWork$1 (node_modules/react-dom/cjs/react-dom.development.js:27465:14)
      at performUnitOfWork (node_modules/react-dom/cjs/react-dom.development.js:26599:12)
      at workLoopSync (node_modules/react-dom/cjs/react-dom.development.js:26505:5)
      at renderRootSync (node_modules/react-dom/cjs/react-dom.development.js:26473:7)
      at recoverFromConcurrentError (node_modules/react-dom/cjs/react-dom.development.js:25889:20)
      at performConcurrentWorkOnRoot (node_modules/react-dom/cjs/react-dom.development.js:25789:22)
      at flushActQueue (node_modules/react/cjs/react.development.js:2667:24)
      at act (node_modules/react/cjs/react.development.js:2582:11)
      at node_modules/@testing-library/react/dist/act-compat.js:47:25
      at renderRoot (node_modules/@testing-library/react/dist/pure.js:190:26)
      at render (node_modules/@testing-library/react/dist/pure.js:292:10)
      at customRender (src/test-utils.tsx:79:12)
      at Object.<anonymous> (src/__tests__/integration/service-registration.integration.test.tsx:18:11)

FAIL src/api/__tests__/index.enhanced.test.ts
  Enhanced API Integration Tests
    API Instance Configuration
      ✕ should create axios instance with correct base URL (2 ms)
      ✕ should use environment API URL when available (1 ms)
      ✕ should configure request interceptor
      ✕ should configure response interceptor
    Request Interceptor
      ✕ should add authorization header when user has token (1 ms)
      ✕ should not add authorization header when no user token (1 ms)
      ✕ should not add authorization header when user exists but no token (1 ms)
      ✕ should preserve existing headers (1 ms)
    Response Interceptor
      Success Handler
        ✕ should update token when new token is provided in response header
        ✕ should update token from authorization header
        ✕ should not update token when no user is logged in
        ✕ should return response unchanged when no new token (1 ms)
      Error Handler
        ✕ should handle 401 error and logout user (1 ms)
        ✕ should not handle non-401 errors
        ✕ should handle 401 error without response data
        ✕ should handle errors without response object (1 ms)
    Auth API Edge Cases
      loginUser
        ✕ should handle malformed response data (1 ms)
        ✕ should handle missing data field (1 ms)
        ✕ should handle network timeout (2 ms)
        ✕ should handle empty email and password
      registerUser
        ✕ should handle duplicate email error (2 ms)
        ✕ should handle validation errors (1 ms)
        ✕ should handle special characters in username (1 ms)
    Figures API Edge Cases
      getFigures
        ✕ should handle invalid page numbers (1 ms)
        ✕ should handle very large page numbers (1 ms)
        ✕ should handle server returning empty data array (1 ms)
        ✕ should handle server error (1 ms)
      createFigure
        ✕ should handle creating figure with minimal data (1 ms)
        ✕ should handle creating figure with all optional fields
        ✕ should handle validation errors on creation (1 ms)
        ✕ should handle duplicate figure error
      searchFigures
        ✕ should handle empty search query (1 ms)
        ✕ should handle search with only whitespace
        ✕ should handle search with unicode characters
        ✕ should handle search query with SQL injection attempt (1 ms)
        ✕ should handle very long search queries (1 ms)
      filterFigures
        ✕ should handle null and undefined filter values (1 ms)
        ✕ should handle empty object filter (1 ms)
        ✕ should handle filter with special characters (6 ms)
      updateFigure
        ✕ should handle partial updates (1 ms)
        ✕ should handle unauthorized update (2 ms)
        ✕ should handle figure not found on update (1 ms)
      deleteFigure
        ✕ should handle unauthorized deletion (1 ms)
        ✕ should handle figure not found on deletion (1 ms)
        ✓ should handle successful deletion with no response body (1 ms)
    Network and Error Handling
      ✕ should handle network connection errors (1 ms)
      ✕ should handle timeout errors (1 ms)
      ✕ should handle CORS errors
      ✕ should handle rate limiting (1 ms)
      ✕ should handle server maintenance mode (1 ms)
    Data Integrity
      ✕ should handle malformed JSON responses (1 ms)
      ✕ should handle responses with missing required fields
      ✕ should handle responses with incorrect data types
    Concurrent Requests
      ✕ should handle multiple simultaneous API calls (1 ms)
      ✕ should handle mixed success and failure in concurrent requests (1 ms)

  ● Enhanced API Integration Tests › API Instance Configuration › should create axios instance with correct base URL

    expect(jest.fn()).toHaveBeenCalledWith(...expected)

    Expected: {"baseURL": "/api", "headers": {"Content-Type": "application/json"}}

    Number of calls: 0

      69 |       require('../index');
      70 |       
    > 71 |       expect(mockedAxios.create).toHaveBeenCalledWith({
         |                                  ^
      72 |         baseURL: '/api',
      73 |         headers: {
      74 |           'Content-Type': 'application/json',

      at Object.<anonymous> (src/api/__tests__/index.enhanced.test.ts:71:34)

  ● Enhanced API Integration Tests › API Instance Configuration › should use environment API URL when available

    expect(jest.fn()).toHaveBeenCalledWith(...expected)

    Expected: {"baseURL": "https://api.example.com", "headers": {"Content-Type": "application/json"}}

    Number of calls: 0

      85 |       require('../index');
      86 |       
    > 87 |       expect(mockedAxios.create).toHaveBeenCalledWith({
         |                                  ^
      88 |         baseURL: 'https://api.example.com',
      89 |         headers: {
      90 |           'Content-Type': 'application/json',

      at Object.<anonymous> (src/api/__tests__/index.enhanced.test.ts:87:34)

  ● Enhanced API Integration Tests › API Instance Configuration › should configure request interceptor

    expect(jest.fn()).toHaveBeenCalled()

    Expected number of calls: >= 1
    Received number of calls:    0

       98 |       require('../index');
       99 |       
    > 100 |       expect(mockApiInstance.interceptors.request.use).toHaveBeenCalled();
          |                                                        ^
      101 |     });
      102 |
      103 |     it('should configure response interceptor', () => {

      at Object.<anonymous> (src/api/__tests__/index.enhanced.test.ts:100:56)

  ● Enhanced API Integration Tests › API Instance Configuration › should configure response interceptor

    expect(jest.fn()).toHaveBeenCalled()

    Expected number of calls: >= 1
    Received number of calls:    0

      104 |       require('../index');
      105 |       
    > 106 |       expect(mockApiInstance.interceptors.response.use).toHaveBeenCalled();
          |                                                         ^
      107 |     });
      108 |   });
      109 |

      at Object.<anonymous> (src/api/__tests__/index.enhanced.test.ts:106:57)

  ● Enhanced API Integration Tests › Request Interceptor › should add authorization header when user has token

    TypeError: Cannot read properties of undefined (reading '0')

      114 |       require('../index');
      115 |       // Get the request interceptor function
    > 116 |       requestInterceptor = mockApiInstance.interceptors.request.use.mock.calls[0][0];
          |                                                                                  ^
      117 |     });
      118 |
      119 |     it('should add authorization header when user has token', () => {

      at Object.<anonymous> (src/api/__tests__/index.enhanced.test.ts:116:82)

  ● Enhanced API Integration Tests › Request Interceptor › should not add authorization header when no user token

    TypeError: Cannot read properties of undefined (reading '0')

      114 |       require('../index');
      115 |       // Get the request interceptor function
    > 116 |       requestInterceptor = mockApiInstance.interceptors.request.use.mock.calls[0][0];
          |                                                                                  ^
      117 |     });
      118 |
      119 |     it('should add authorization header when user has token', () => {

      at Object.<anonymous> (src/api/__tests__/index.enhanced.test.ts:116:82)

  ● Enhanced API Integration Tests › Request Interceptor › should not add authorization header when user exists but no token

    TypeError: Cannot read properties of undefined (reading '0')

      114 |       require('../index');
      115 |       // Get the request interceptor function
    > 116 |       requestInterceptor = mockApiInstance.interceptors.request.use.mock.calls[0][0];
          |                                                                                  ^
      117 |     });
      118 |
      119 |     it('should add authorization header when user has token', () => {

      at Object.<anonymous> (src/api/__tests__/index.enhanced.test.ts:116:82)

  ● Enhanced API Integration Tests › Request Interceptor › should preserve existing headers

    TypeError: Cannot read properties of undefined (reading '0')

      114 |       require('../index');
      115 |       // Get the request interceptor function
    > 116 |       requestInterceptor = mockApiInstance.interceptors.request.use.mock.calls[0][0];
          |                                                                                  ^
      117 |     });
      118 |
      119 |     it('should add authorization header when user has token', () => {

      at Object.<anonymous> (src/api/__tests__/index.enhanced.test.ts:116:82)

  ● Enhanced API Integration Tests › Response Interceptor › Success Handler › should update token when new token is provided in response header

    TypeError: Cannot read properties of undefined (reading '0')

      163 |       // Get the response interceptor functions
      164 |       const interceptorCall = mockApiInstance.interceptors.response.use.mock.calls[0];
    > 165 |       responseInterceptorSuccess = interceptorCall[0];
          |                                                   ^
      166 |       responseInterceptorError = interceptorCall[1];
      167 |     });
      168 |

      at Object.<anonymous> (src/api/__tests__/index.enhanced.test.ts:165:51)

  ● Enhanced API Integration Tests › Response Interceptor › Success Handler › should update token from authorization header

    TypeError: Cannot read properties of undefined (reading '0')

      163 |       // Get the response interceptor functions
      164 |       const interceptorCall = mockApiInstance.interceptors.response.use.mock.calls[0];
    > 165 |       responseInterceptorSuccess = interceptorCall[0];
          |                                                   ^
      166 |       responseInterceptorError = interceptorCall[1];
      167 |     });
      168 |

      at Object.<anonymous> (src/api/__tests__/index.enhanced.test.ts:165:51)

  ● Enhanced API Integration Tests › Response Interceptor › Success Handler › should not update token when no user is logged in

    TypeError: Cannot read properties of undefined (reading '0')

      163 |       // Get the response interceptor functions
      164 |       const interceptorCall = mockApiInstance.interceptors.response.use.mock.calls[0];
    > 165 |       responseInterceptorSuccess = interceptorCall[0];
          |                                                   ^
      166 |       responseInterceptorError = interceptorCall[1];
      167 |     });
      168 |

      at Object.<anonymous> (src/api/__tests__/index.enhanced.test.ts:165:51)

  ● Enhanced API Integration Tests › Response Interceptor › Success Handler › should return response unchanged when no new token

    TypeError: Cannot read properties of undefined (reading '0')

      163 |       // Get the response interceptor functions
      164 |       const interceptorCall = mockApiInstance.interceptors.response.use.mock.calls[0];
    > 165 |       responseInterceptorSuccess = interceptorCall[0];
          |                                                   ^
      166 |       responseInterceptorError = interceptorCall[1];
      167 |     });
      168 |

      at Object.<anonymous> (src/api/__tests__/index.enhanced.test.ts:165:51)

  ● Enhanced API Integration Tests › Response Interceptor › Error Handler › should handle 401 error and logout user

    TypeError: Cannot read properties of undefined (reading '0')

      163 |       // Get the response interceptor functions
      164 |       const interceptorCall = mockApiInstance.interceptors.response.use.mock.calls[0];
    > 165 |       responseInterceptorSuccess = interceptorCall[0];
          |                                                   ^
      166 |       responseInterceptorError = interceptorCall[1];
      167 |     });
      168 |

      at Object.<anonymous> (src/api/__tests__/index.enhanced.test.ts:165:51)

  ● Enhanced API Integration Tests › Response Interceptor › Error Handler › should not handle non-401 errors

    TypeError: Cannot read properties of undefined (reading '0')

      163 |       // Get the response interceptor functions
      164 |       const interceptorCall = mockApiInstance.interceptors.response.use.mock.calls[0];
    > 165 |       responseInterceptorSuccess = interceptorCall[0];
          |                                                   ^
      166 |       responseInterceptorError = interceptorCall[1];
      167 |     });
      168 |

      at Object.<anonymous> (src/api/__tests__/index.enhanced.test.ts:165:51)

  ● Enhanced API Integration Tests › Response Interceptor › Error Handler › should handle 401 error without response data

    TypeError: Cannot read properties of undefined (reading '0')

      163 |       // Get the response interceptor functions
      164 |       const interceptorCall = mockApiInstance.interceptors.response.use.mock.calls[0];
    > 165 |       responseInterceptorSuccess = interceptorCall[0];
          |                                                   ^
      166 |       responseInterceptorError = interceptorCall[1];
      167 |     });
      168 |

      at Object.<anonymous> (src/api/__tests__/index.enhanced.test.ts:165:51)

  ● Enhanced API Integration Tests › Response Interceptor › Error Handler › should handle errors without response object

    TypeError: Cannot read properties of undefined (reading '0')

      163 |       // Get the response interceptor functions
      164 |       const interceptorCall = mockApiInstance.interceptors.response.use.mock.calls[0];
    > 165 |       responseInterceptorSuccess = interceptorCall[0];
          |                                                   ^
      166 |       responseInterceptorError = interceptorCall[1];
      167 |     });
      168 |

      at Object.<anonymous> (src/api/__tests__/index.enhanced.test.ts:165:51)

  ● Enhanced API Integration Tests › Auth API Edge Cases › loginUser › should handle malformed response data

    TypeError: Cannot read properties of undefined (reading 'data')

      58 | export const loginUser = async (email: string, password: string): Promise<User> => {
      59 |   const response = await api.post('/users/login', { email, password });
    > 60 |   return response.data.data;
         |                   ^
      61 | };
      62 |
      63 | export const registerUser = async (username: string, email: string, password: string): Promise<User> => {

      at loginUser (src/api/index.ts:60:19)
      at Object.<anonymous> (src/api/__tests__/index.enhanced.test.ts:301:24)

  ● Enhanced API Integration Tests › Auth API Edge Cases › loginUser › should handle missing data field

    TypeError: Cannot read properties of undefined (reading 'data')

      58 | export const loginUser = async (email: string, password: string): Promise<User> => {
      59 |   const response = await api.post('/users/login', { email, password });
    > 60 |   return response.data.data;
         |                   ^
      61 | };
      62 |
      63 | export const registerUser = async (username: string, email: string, password: string): Promise<User> => {

      at loginUser (src/api/index.ts:60:19)
      at Object.<anonymous> (src/api/__tests__/index.enhanced.test.ts:309:24)

  ● Enhanced API Integration Tests › Auth API Edge Cases › loginUser › should handle network timeout

    expect(received).rejects.toThrow(expected)

    Expected substring: "timeout"
    Received message:   "Cannot read properties of undefined (reading 'data')"

          58 | export const loginUser = async (email: string, password: string): Promise<User> => {
          59 |   const response = await api.post('/users/login', { email, password });
        > 60 |   return response.data.data;
             |                   ^
          61 | };
          62 |
          63 | export const registerUser = async (username: string, email: string, password: string): Promise<User> => {

      at loginUser (src/api/index.ts:60:19)
      at Object.<anonymous> (src/api/__tests__/index.enhanced.test.ts:319:9)
      at Object.toThrow (node_modules/expect/build/index.js:285:22)
      at Object.<anonymous> (src/api/__tests__/index.enhanced.test.ts:320:20)

  ● Enhanced API Integration Tests › Auth API Edge Cases › loginUser › should handle empty email and password

    TypeError: Cannot read properties of undefined (reading 'data')

      58 | export const loginUser = async (email: string, password: string): Promise<User> => {
      59 |   const response = await api.post('/users/login', { email, password });
    > 60 |   return response.data.data;
         |                   ^
      61 | };
      62 |
      63 | export const registerUser = async (username: string, email: string, password: string): Promise<User> => {

      at loginUser (src/api/index.ts:60:19)
      at Object.<anonymous> (src/api/__tests__/index.enhanced.test.ts:326:9)

  ● Enhanced API Integration Tests › Auth API Edge Cases › registerUser › should handle duplicate email error

    expect(received).rejects.toEqual(expected) // deep equality

    - Expected  - 8
    + Received  + 1

    - Object {
    -   "response": Object {
    -     "data": Object {
    -       "message": "Email already exists",
    -     },
    -     "status": 409,
    -   },
    - }
    + [TypeError: Cannot read properties of undefined (reading 'data')]

      344 |
      345 |         await expect(registerUser('testuser', 'existing@example.com', 'password'))
    > 346 |           .rejects.toEqual(duplicateError);
          |                    ^
      347 |       });
      348 |
      349 |       it('should handle validation errors', async () => {

      at Object.toEqual (node_modules/expect/build/index.js:285:22)
      at Object.<anonymous> (src/api/__tests__/index.enhanced.test.ts:346:20)

  ● Enhanced API Integration Tests › Auth API Edge Cases › registerUser › should handle validation errors

    expect(received).rejects.toEqual(expected) // deep equality

    - Expected  - 12
    + Received  +  1

    - Object {
    -   "response": Object {
    -     "data": Object {
    -       "errors": Array [
    -         "Password too short",
    -         "Invalid email",
    -       ],
    -       "message": "Validation failed",
    -     },
    -     "status": 400,
    -   },
    - }
    + [TypeError: Cannot read properties of undefined (reading 'data')]

      360 |
      361 |         await expect(registerUser('testuser', 'invalid-email', '123'))
    > 362 |           .rejects.toEqual(validationError);
          |                    ^
      363 |       });
      364 |
      365 |       it('should handle special characters in username', async () => {

      at Object.toEqual (node_modules/expect/build/index.js:285:22)
      at Object.<anonymous> (src/api/__tests__/index.enhanced.test.ts:362:20)

  ● Enhanced API Integration Tests › Auth API Edge Cases › registerUser › should handle special characters in username

    TypeError: Cannot read properties of undefined (reading 'data')

      63 | export const registerUser = async (username: string, email: string, password: string): Promise<User> => {
      64 |   const response = await api.post('/users/register', { username, email, password });
    > 65 |   return response.data.data;
         |                   ^
      66 | };
      67 |
      68 | export const getUserProfile = async (): Promise<User> => {

      at registerUser (src/api/index.ts:65:19)
      at Object.<anonymous> (src/api/__tests__/index.enhanced.test.ts:368:9)

  ● Enhanced API Integration Tests › Figures API Edge Cases › getFigures › should handle invalid page numbers

    TypeError: Cannot read properties of undefined (reading 'data')

      79 | export const getFigures = async (page = 1, limit = 10): Promise<PaginatedResponse<Figure>> => {
      80 |   const response = await api.get(`/figures?page=${page}&limit=${limit}`);
    > 81 |   return response.data;
         |                   ^
      82 | };
      83 |
      84 | export const getFigureById = async (id: string): Promise<Figure> => {

      at getFigures (src/api/index.ts:81:19)
      at Object.<anonymous> (src/api/__tests__/index.enhanced.test.ts:388:9)

  ● Enhanced API Integration Tests › Figures API Edge Cases › getFigures › should handle very large page numbers

    TypeError: Cannot read properties of undefined (reading 'data')

      79 | export const getFigures = async (page = 1, limit = 10): Promise<PaginatedResponse<Figure>> => {
      80 |   const response = await api.get(`/figures?page=${page}&limit=${limit}`);
    > 81 |   return response.data;
         |                   ^
      82 | };
      83 |
      84 | export const getFigureById = async (id: string): Promise<Figure> => {

      at getFigures (src/api/index.ts:81:19)
      at Object.<anonymous> (src/api/__tests__/index.enhanced.test.ts:396:9)

  ● Enhanced API Integration Tests › Figures API Edge Cases › getFigures › should handle server returning empty data array

    TypeError: Cannot read properties of undefined (reading 'data')

      79 | export const getFigures = async (page = 1, limit = 10): Promise<PaginatedResponse<Figure>> => {
      80 |   const response = await api.get(`/figures?page=${page}&limit=${limit}`);
    > 81 |   return response.data;
         |                   ^
      82 | };
      83 |
      84 | export const getFigureById = async (id: string): Promise<Figure> => {

      at getFigures (src/api/index.ts:81:19)
      at Object.<anonymous> (src/api/__tests__/index.enhanced.test.ts:410:24)

  ● Enhanced API Integration Tests › Figures API Edge Cases › getFigures › should handle server error

    expect(received).rejects.toEqual(expected) // deep equality

    - Expected  - 8
    + Received  + 1

    - Object {
    -   "response": Object {
    -     "data": Object {
    -       "message": "Internal server error",
    -     },
    -     "status": 500,
    -   },
    - }
    + [TypeError: Cannot read properties of undefined (reading 'data')]

      423 |         mockApiInstance.get.mockRejectedValueOnce(serverError);
      424 |
    > 425 |         await expect(getFigures()).rejects.toEqual(serverError);
          |                                            ^
      426 |       });
      427 |     });
      428 |

      at Object.toEqual (node_modules/expect/build/index.js:285:22)
      at Object.<anonymous> (src/api/__tests__/index.enhanced.test.ts:425:44)

  ● Enhanced API Integration Tests › Figures API Edge Cases › createFigure › should handle creating figure with minimal data

    TypeError: Cannot read properties of undefined (reading 'data')

      89 | export const createFigure = async (figureData: FigureFormData): Promise<Figure> => {
      90 |   const response = await api.post('/figures', figureData);
    > 91 |   return response.data.data;
         |                   ^
      92 | };
      93 |
      94 | export const updateFigure = async (id: string, figureData: FigureFormData): Promise<Figure> => {

      at createFigure (src/api/index.ts:91:19)
      at Object.<anonymous> (src/api/__tests__/index.enhanced.test.ts:450:24)

  ● Enhanced API Integration Tests › Figures API Edge Cases › createFigure › should handle creating figure with all optional fields

    TypeError: Cannot read properties of undefined (reading 'data')

      89 | export const createFigure = async (figureData: FigureFormData): Promise<Figure> => {
      90 |   const response = await api.post('/figures', figureData);
    > 91 |   return response.data.data;
         |                   ^
      92 | };
      93 |
      94 | export const updateFigure = async (id: string, figureData: FigureFormData): Promise<Figure> => {

      at createFigure (src/api/index.ts:91:19)
      at Object.<anonymous> (src/api/__tests__/index.enhanced.test.ts:471:24)

  ● Enhanced API Integration Tests › Figures API Edge Cases › createFigure › should handle validation errors on creation

    expect(received).rejects.toEqual(expected) // deep equality

    - Expected  - 12
    + Received  +  1

    - Object {
    -   "response": Object {
    -     "data": Object {
    -       "errors": Object {
    -         "manufacturer": "Manufacturer is required",
    -         "name": "Name is required",
    -       },
    -       "message": "Validation failed",
    -     },
    -     "status": 422,
    -   },
    - }
    + [TypeError: Cannot read properties of undefined (reading 'data')]

      491 |
      492 |         await expect(createFigure({} as FigureFormData))
    > 493 |           .rejects.toEqual(validationError);
          |                    ^
      494 |       });
      495 |
      496 |       it('should handle duplicate figure error', async () => {

      at Object.toEqual (node_modules/expect/build/index.js:285:22)
      at Object.<anonymous> (src/api/__tests__/index.enhanced.test.ts:493:20)

  ● Enhanced API Integration Tests › Figures API Edge Cases › createFigure › should handle duplicate figure error

    expect(received).rejects.toEqual(expected) // deep equality

    - Expected  - 8
    + Received  + 1

    - Object {
    -   "response": Object {
    -     "data": Object {
    -       "message": "Figure already exists",
    -     },
    -     "status": 409,
    -   },
    - }
    + [TypeError: Cannot read properties of undefined (reading 'data')]

      508 |           name: 'Duplicate',
      509 |           scale: '1/8',
    > 510 |         })).rejects.toEqual(duplicateError);
          |                     ^
      511 |       });
      512 |     });
      513 |

      at Object.toEqual (node_modules/expect/build/index.js:285:22)
      at Object.<anonymous> (src/api/__tests__/index.enhanced.test.ts:510:21)

  ● Enhanced API Integration Tests › Figures API Edge Cases › searchFigures › should handle empty search query

    TypeError: Cannot read properties of undefined (reading 'data')

      103 | export const searchFigures = async (query: string): Promise<SearchResult[]> => {
      104 |   const response = await api.get(`/figures/search?query=${encodeURIComponent(query)}`);
    > 105 |   return response.data.data;
          |                   ^
      106 | };
      107 |
      108 | export const filterFigures = async (

      at searchFigures (src/api/index.ts:105:19)
      at Object.<anonymous> (src/api/__tests__/index.enhanced.test.ts:518:24)

  ● Enhanced API Integration Tests › Figures API Edge Cases › searchFigures › should handle search with only whitespace

    TypeError: Cannot read properties of undefined (reading 'data')

      103 | export const searchFigures = async (query: string): Promise<SearchResult[]> => {
      104 |   const response = await api.get(`/figures/search?query=${encodeURIComponent(query)}`);
    > 105 |   return response.data.data;
          |                   ^
      106 | };
      107 |
      108 | export const filterFigures = async (

      at searchFigures (src/api/index.ts:105:19)
      at Object.<anonymous> (src/api/__tests__/index.enhanced.test.ts:527:9)

  ● Enhanced API Integration Tests › Figures API Edge Cases › searchFigures › should handle search with unicode characters

    TypeError: Cannot read properties of undefined (reading 'data')

      103 | export const searchFigures = async (query: string): Promise<SearchResult[]> => {
      104 |   const response = await api.get(`/figures/search?query=${encodeURIComponent(query)}`);
    > 105 |   return response.data.data;
          |                   ^
      106 | };
      107 |
      108 | export const filterFigures = async (

      at searchFigures (src/api/index.ts:105:19)
      at Object.<anonymous> (src/api/__tests__/index.enhanced.test.ts:535:9)

  ● Enhanced API Integration Tests › Figures API Edge Cases › searchFigures › should handle search query with SQL injection attempt

    TypeError: Cannot read properties of undefined (reading 'data')

      103 | export const searchFigures = async (query: string): Promise<SearchResult[]> => {
      104 |   const response = await api.get(`/figures/search?query=${encodeURIComponent(query)}`);
    > 105 |   return response.data.data;
          |                   ^
      106 | };
      107 |
      108 | export const filterFigures = async (

      at searchFigures (src/api/index.ts:105:19)
      at Object.<anonymous> (src/api/__tests__/index.enhanced.test.ts:544:9)

  ● Enhanced API Integration Tests › Figures API Edge Cases › searchFigures › should handle very long search queries

    TypeError: Cannot read properties of undefined (reading 'data')

      103 | export const searchFigures = async (query: string): Promise<SearchResult[]> => {
      104 |   const response = await api.get(`/figures/search?query=${encodeURIComponent(query)}`);
    > 105 |   return response.data.data;
          |                   ^
      106 | };
      107 |
      108 | export const filterFigures = async (

      at searchFigures (src/api/index.ts:105:19)
      at Object.<anonymous> (src/api/__tests__/index.enhanced.test.ts:555:9)

  ● Enhanced API Integration Tests › Figures API Edge Cases › filterFigures › should handle null and undefined filter values

    TypeError: Cannot read properties of undefined (reading 'data')

      122 |     
      123 |   const response = await api.get(`/figures/filter?${queryString}`);
    > 124 |   return response.data;
          |                   ^
      125 | };
      126 |
      127 | export const getFigureStats = async (): Promise<StatsData> => {

      at filterFigures (src/api/index.ts:124:19)
      at Object.<anonymous> (src/api/__tests__/index.enhanced.test.ts:575:9)

  ● Enhanced API Integration Tests › Figures API Edge Cases › filterFigures › should handle empty object filter

    TypeError: Cannot read properties of undefined (reading 'data')

      122 |     
      123 |   const response = await api.get(`/figures/filter?${queryString}`);
    > 124 |   return response.data;
          |                   ^
      125 | };
      126 |
      127 | export const getFigureStats = async (): Promise<StatsData> => {

      at filterFigures (src/api/index.ts:124:19)
      at Object.<anonymous> (src/api/__tests__/index.enhanced.test.ts:586:9)

  ● Enhanced API Integration Tests › Figures API Edge Cases › filterFigures › should handle filter with special characters

    TypeError: Cannot read properties of undefined (reading 'data')

      122 |     
      123 |   const response = await api.get(`/figures/filter?${queryString}`);
    > 124 |   return response.data;
          |                   ^
      125 | };
      126 |
      127 | export const getFigureStats = async (): Promise<StatsData> => {

      at filterFigures (src/api/index.ts:124:19)
      at Object.<anonymous> (src/api/__tests__/index.enhanced.test.ts:594:9)

  ● Enhanced API Integration Tests › Figures API Edge Cases › updateFigure › should handle partial updates

    TypeError: Cannot read properties of undefined (reading 'data')

      94 | export const updateFigure = async (id: string, figureData: FigureFormData): Promise<Figure> => {
      95 |   const response = await api.put(`/figures/${id}`, figureData);
    > 96 |   return response.data.data;
         |                   ^
      97 | };
      98 |
      99 | export const deleteFigure = async (id: string): Promise<void> => {

      at updateFigure (src/api/index.ts:96:19)
      at Object.<anonymous> (src/api/__tests__/index.enhanced.test.ts:617:24)

  ● Enhanced API Integration Tests › Figures API Edge Cases › updateFigure › should handle unauthorized update

    expect(received).rejects.toEqual(expected) // deep equality

    - Expected  - 8
    + Received  + 1

    - Object {
    -   "response": Object {
    -     "data": Object {
    -       "message": "Not authorized to update this figure",
    -     },
    -     "status": 403,
    -   },
    - }
    + [TypeError: Cannot read properties of undefined (reading 'data')]

      635 |
      636 |         await expect(updateFigure(mockFigure._id, { name: 'New Name' }))
    > 637 |           .rejects.toEqual(unauthorizedError);
          |                    ^
      638 |       });
      639 |
      640 |       it('should handle figure not found on update', async () => {

      at Object.toEqual (node_modules/expect/build/index.js:285:22)
      at Object.<anonymous> (src/api/__tests__/index.enhanced.test.ts:637:20)

  ● Enhanced API Integration Tests › Figures API Edge Cases › updateFigure › should handle figure not found on update

    expect(received).rejects.toEqual(expected) // deep equality

    - Expected  - 8
    + Received  + 1

    - Object {
    -   "response": Object {
    -     "data": Object {
    -       "message": "Figure not found",
    -     },
    -     "status": 404,
    -   },
    - }
    + [TypeError: Cannot read properties of undefined (reading 'data')]

      649 |
      650 |         await expect(updateFigure('non-existent-id', { name: 'New Name' }))
    > 651 |           .rejects.toEqual(notFoundError);
          |                    ^
      652 |       });
      653 |     });
      654 |

      at Object.toEqual (node_modules/expect/build/index.js:285:22)
      at Object.<anonymous> (src/api/__tests__/index.enhanced.test.ts:651:20)

  ● Enhanced API Integration Tests › Figures API Edge Cases › deleteFigure › should handle unauthorized deletion

    expect(received).rejects.toEqual()

    Received promise resolved instead of rejected
    Resolved to value: undefined

      664 |         mockApiInstance.delete.mockRejectedValueOnce(unauthorizedError);
      665 |
    > 666 |         await expect(deleteFigure(mockFigure._id))
          |               ^
      667 |           .rejects.toEqual(unauthorizedError);
      668 |       });
      669 |

      at expect (node_modules/expect/build/index.js:178:15)
      at Object.<anonymous> (src/api/__tests__/index.enhanced.test.ts:666:15)

  ● Enhanced API Integration Tests › Figures API Edge Cases › deleteFigure › should handle figure not found on deletion

    expect(received).rejects.toEqual()

    Received promise resolved instead of rejected
    Resolved to value: undefined

      678 |         mockApiInstance.delete.mockRejectedValueOnce(notFoundError);
      679 |
    > 680 |         await expect(deleteFigure('non-existent-id'))
          |               ^
      681 |           .rejects.toEqual(notFoundError);
      682 |       });
      683 |

      at expect (node_modules/expect/build/index.js:178:15)
      at Object.<anonymous> (src/api/__tests__/index.enhanced.test.ts:680:15)

  ● Enhanced API Integration Tests › Network and Error Handling › should handle network connection errors

    expect(received).rejects.toThrow(expected)

    Expected substring: "Network Error"
    Received message:   "Cannot read properties of undefined (reading 'data')"

          79 | export const getFigures = async (page = 1, limit = 10): Promise<PaginatedResponse<Figure>> => {
          80 |   const response = await api.get(`/figures?page=${page}&limit=${limit}`);
        > 81 |   return response.data;
             |                   ^
          82 | };
          83 |
          84 | export const getFigureById = async (id: string): Promise<Figure> => {

      at getFigures (src/api/index.ts:81:19)
      at Object.<anonymous> (src/api/__tests__/index.enhanced.test.ts:702:7)
      at Object.toThrow (node_modules/expect/build/index.js:285:22)
      at Object.<anonymous> (src/api/__tests__/index.enhanced.test.ts:702:42)

  ● Enhanced API Integration Tests › Network and Error Handling › should handle timeout errors

    expect(received).rejects.toThrow(expected)

    Expected substring: "Timeout"
    Received message:   "Cannot read properties of undefined (reading 'data')"

          79 | export const getFigures = async (page = 1, limit = 10): Promise<PaginatedResponse<Figure>> => {
          80 |   const response = await api.get(`/figures?page=${page}&limit=${limit}`);
        > 81 |   return response.data;
             |                   ^
          82 | };
          83 |
          84 | export const getFigureById = async (id: string): Promise<Figure> => {

      at getFigures (src/api/index.ts:81:19)
      at Object.<anonymous> (src/api/__tests__/index.enhanced.test.ts:710:7)
      at Object.toThrow (node_modules/expect/build/index.js:285:22)
      at Object.<anonymous> (src/api/__tests__/index.enhanced.test.ts:710:42)

  ● Enhanced API Integration Tests › Network and Error Handling › should handle CORS errors

    expect(received).rejects.toEqual(expected) // deep equality

    - Expected  - 6
    + Received  + 1

    - Object {
    -   "message": "CORS policy",
    -   "response": Object {
    -     "status": 0,
    -   },
    - }
    + [TypeError: Cannot read properties of undefined (reading 'data')]

      718 |       mockApiInstance.get.mockRejectedValueOnce(corsError);
      719 |
    > 720 |       await expect(getFigures()).rejects.toEqual(corsError);
          |                                          ^
      721 |     });
      722 |
      723 |     it('should handle rate limiting', async () => {

      at Object.toEqual (node_modules/expect/build/index.js:285:22)
      at Object.<anonymous> (src/api/__tests__/index.enhanced.test.ts:720:42)

  ● Enhanced API Integration Tests › Network and Error Handling › should handle rate limiting

    expect(received).rejects.toEqual(expected) // deep equality

    - Expected  - 8
    + Received  + 1

    - Object {
    -   "response": Object {
    -     "data": Object {
    -       "message": "Too many requests",
    -     },
    -     "status": 429,
    -   },
    - }
    + [TypeError: Cannot read properties of undefined (reading 'data')]

      730 |       mockApiInstance.get.mockRejectedValueOnce(rateLimitError);
      731 |
    > 732 |       await expect(getFigures()).rejects.toEqual(rateLimitError);
          |                                          ^
      733 |     });
      734 |
      735 |     it('should handle server maintenance mode', async () => {

      at Object.toEqual (node_modules/expect/build/index.js:285:22)
      at Object.<anonymous> (src/api/__tests__/index.enhanced.test.ts:732:42)

  ● Enhanced API Integration Tests › Network and Error Handling › should handle server maintenance mode

    expect(received).rejects.toEqual(expected) // deep equality

    - Expected  - 8
    + Received  + 1

    - Object {
    -   "response": Object {
    -     "data": Object {
    -       "message": "Service temporarily unavailable",
    -     },
    -     "status": 503,
    -   },
    - }
    + [TypeError: Cannot read properties of undefined (reading 'data')]

      742 |       mockApiInstance.get.mockRejectedValueOnce(maintenanceError);
      743 |
    > 744 |       await expect(getFigures()).rejects.toEqual(maintenanceError);
          |                                          ^
      745 |     });
      746 |   });
      747 |

      at Object.toEqual (node_modules/expect/build/index.js:285:22)
      at Object.<anonymous> (src/api/__tests__/index.enhanced.test.ts:744:42)

  ● Enhanced API Integration Tests › Data Integrity › should handle malformed JSON responses

    TypeError: Cannot read properties of undefined (reading 'data')

      79 | export const getFigures = async (page = 1, limit = 10): Promise<PaginatedResponse<Figure>> => {
      80 |   const response = await api.get(`/figures?page=${page}&limit=${limit}`);
    > 81 |   return response.data;
         |                   ^
      82 | };
      83 |
      84 | export const getFigureById = async (id: string): Promise<Figure> => {

      at getFigures (src/api/index.ts:81:19)
      at Object.<anonymous> (src/api/__tests__/index.enhanced.test.ts:759:22)

  ● Enhanced API Integration Tests › Data Integrity › should handle responses with missing required fields

    expect(received).resolves.toBeUndefined()

    Received promise rejected instead of resolved
    Rejected to value: [TypeError: Cannot read properties of undefined (reading 'data')]

      771 |       mockApiInstance.get.mockResolvedValueOnce(incompleteResponse);
      772 |
    > 773 |       await expect(getFigureById(mockFigure._id)).resolves.toBeUndefined();
          |             ^
      774 |     });
      775 |
      776 |     it('should handle responses with incorrect data types', async () => {

      at expect (node_modules/expect/build/index.js:178:15)
      at Object.<anonymous> (src/api/__tests__/index.enhanced.test.ts:773:13)

  ● Enhanced API Integration Tests › Data Integrity › should handle responses with incorrect data types

    TypeError: Cannot read properties of undefined (reading 'data')

      84 | export const getFigureById = async (id: string): Promise<Figure> => {
      85 |   const response = await api.get(`/figures/${id}`);
    > 86 |   return response.data.data;
         |                   ^
      87 | };
      88 |
      89 | export const createFigure = async (figureData: FigureFormData): Promise<Figure> => {

      at getFigureById (src/api/index.ts:86:19)
      at Object.<anonymous> (src/api/__tests__/index.enhanced.test.ts:784:22)

  ● Enhanced API Integration Tests › Concurrent Requests › should handle multiple simultaneous API calls

    TypeError: Cannot read properties of undefined (reading 'data')

      79 | export const getFigures = async (page = 1, limit = 10): Promise<PaginatedResponse<Figure>> => {
      80 |   const response = await api.get(`/figures?page=${page}&limit=${limit}`);
    > 81 |   return response.data;
         |                   ^
      82 | };
      83 |
      84 | export const getFigureById = async (id: string): Promise<Figure> => {

      at getFigures (src/api/index.ts:81:19)
          at async Promise.all (index 0)
      at Object.<anonymous> (src/api/__tests__/index.enhanced.test.ts:800:44)

  ● Enhanced API Integration Tests › Concurrent Requests › should handle mixed success and failure in concurrent requests

    expect(received).toBe(expected) // Object.is equality

    Expected: "fulfilled"
    Received: "rejected"

      817 |       ]);
      818 |
    > 819 |       expect(results[0].status).toBe('fulfilled');
          |                                 ^
      820 |       expect(results[1].status).toBe('rejected');
      821 |     });
      822 |   });

      at Object.<anonymous> (src/api/__tests__/index.enhanced.test.ts:819:33)

  console.error
    Error: Uncaught [TypeError: Cannot destructure property 'register' of '(0 , _reactHookForm.useForm)(...)' as it is undefined.]
        at reportException (/home/rgoldberg/projects/figure-collector-services/figure-collector-frontend/node_modules/jest-cli/node_modules/jsdom/lib/jsdom/living/helpers/runtime-script-errors.js:66:24)
        at innerInvokeEventListeners (/home/rgoldberg/projects/figure-collector-services/figure-collector-frontend/node_modules/jest-cli/node_modules/jsdom/lib/jsdom/living/events/EventTarget-impl.js:341:9)
        at invokeEventListeners (/home/rgoldberg/projects/figure-collector-services/figure-collector-frontend/node_modules/jest-cli/node_modules/jsdom/lib/jsdom/living/events/EventTarget-impl.js:274:3)
        at HTMLUnknownElementImpl._dispatch (/home/rgoldberg/projects/figure-collector-services/figure-collector-frontend/node_modules/jest-cli/node_modules/jsdom/lib/jsdom/living/events/EventTarget-impl.js:221:9)
        at HTMLUnknownElementImpl.dispatchEvent (/home/rgoldberg/projects/figure-collector-services/figure-collector-frontend/node_modules/jest-cli/node_modules/jsdom/lib/jsdom/living/events/EventTarget-impl.js:94:17)
        at HTMLUnknownElement.dispatchEvent (/home/rgoldberg/projects/figure-collector-services/figure-collector-frontend/node_modules/jest-cli/node_modules/jsdom/lib/jsdom/living/generated/EventTarget.js:231:34)
        at Object.invokeGuardedCallbackDev (/home/rgoldberg/projects/figure-collector-services/figure-collector-frontend/node_modules/react-dom/cjs/react-dom.development.js:4213:16)
        at invokeGuardedCallback (/home/rgoldberg/projects/figure-collector-services/figure-collector-frontend/node_modules/react-dom/cjs/react-dom.development.js:4277:31)
        at beginWork$1 (/home/rgoldberg/projects/figure-collector-services/figure-collector-frontend/node_modules/react-dom/cjs/react-dom.development.js:27490:7)
        at performUnitOfWork (/home/rgoldberg/projects/figure-collector-services/figure-collector-frontend/node_modules/react-dom/cjs/react-dom.development.js:26599:12)
        at workLoopSync (/home/rgoldberg/projects/figure-collector-services/figure-collector-frontend/node_modules/react-dom/cjs/react-dom.development.js:26505:5)
        at renderRootSync (/home/rgoldberg/projects/figure-collector-services/figure-collector-frontend/node_modules/react-dom/cjs/react-dom.development.js:26473:7)
        at performConcurrentWorkOnRoot (/home/rgoldberg/projects/figure-collector-services/figure-collector-frontend/node_modules/react-dom/cjs/react-dom.development.js:25777:74)
        at flushActQueue (/home/rgoldberg/projects/figure-collector-services/figure-collector-frontend/node_modules/react/cjs/react.development.js:2667:24)
        at act (/home/rgoldberg/projects/figure-collector-services/figure-collector-frontend/node_modules/react/cjs/react.development.js:2582:11)
        at /home/rgoldberg/projects/figure-collector-services/figure-collector-frontend/node_modules/@testing-library/react/dist/act-compat.js:47:25
        at renderRoot (/home/rgoldberg/projects/figure-collector-services/figure-collector-frontend/node_modules/@testing-library/react/dist/pure.js:190:26)
        at render (/home/rgoldberg/projects/figure-collector-services/figure-collector-frontend/node_modules/@testing-library/react/dist/pure.js:292:10)
        at customRender (/home/rgoldberg/projects/figure-collector-services/figure-collector-frontend/src/test-utils.tsx:79:12)
        at Object.<anonymous> (/home/rgoldberg/projects/figure-collector-services/figure-collector-frontend/src/__tests__/integration/authentication.integration.test.tsx:38:11)
        at Promise.then.completed (/home/rgoldberg/projects/figure-collector-services/figure-collector-frontend/node_modules/@jest/core/node_modules/jest-circus/build/utils.js:391:28)
        at new Promise (<anonymous>)
        at callAsyncCircusFn (/home/rgoldberg/projects/figure-collector-services/figure-collector-frontend/node_modules/@jest/core/node_modules/jest-circus/build/utils.js:316:10)
        at _callCircusTest (/home/rgoldberg/projects/figure-collector-services/figure-collector-frontend/node_modules/@jest/core/node_modules/jest-circus/build/run.js:218:40)
        at _runTest (/home/rgoldberg/projects/figure-collector-services/figure-collector-frontend/node_modules/@jest/core/node_modules/jest-circus/build/run.js:155:3)
        at _runTestsForDescribeBlock (/home/rgoldberg/projects/figure-collector-services/figure-collector-frontend/node_modules/@jest/core/node_modules/jest-circus/build/run.js:66:9)
        at _runTestsForDescribeBlock (/home/rgoldberg/projects/figure-collector-services/figure-collector-frontend/node_modules/@jest/core/node_modules/jest-circus/build/run.js:60:9)
        at run (/home/rgoldberg/projects/figure-collector-services/figure-collector-frontend/node_modules/@jest/core/node_modules/jest-circus/build/run.js:25:3)
        at runAndTransformResultsToJestFormat (/home/rgoldberg/projects/figure-collector-services/figure-collector-frontend/node_modules/@jest/core/node_modules/jest-circus/build/legacy-code-todo-rewrite/jestAdapterInit.js:170:21)
        at jestAdapter (/home/rgoldberg/projects/figure-collector-services/figure-collector-frontend/node_modules/@jest/core/node_modules/jest-circus/build/legacy-code-todo-rewrite/jestAdapter.js:82:19)
        at runTestInternal (/home/rgoldberg/projects/figure-collector-services/figure-collector-frontend/node_modules/jest-runner/build/runTest.js:389:16)
        at runTest (/home/rgoldberg/projects/figure-collector-services/figure-collector-frontend/node_modules/jest-runner/build/runTest.js:475:34) TypeError: Cannot destructure property 'register' of '(0 , _reactHookForm.useForm)(...)' as it is undefined.
        at Login (/home/rgoldberg/projects/figure-collector-services/figure-collector-frontend/src/pages/Login.tsx:37:5)
        at renderWithHooks (/home/rgoldberg/projects/figure-collector-services/figure-collector-frontend/node_modules/react-dom/cjs/react-dom.development.js:15486:18)
        at mountIndeterminateComponent (/home/rgoldberg/projects/figure-collector-services/figure-collector-frontend/node_modules/react-dom/cjs/react-dom.development.js:20103:13)
        at beginWork (/home/rgoldberg/projects/figure-collector-services/figure-collector-frontend/node_modules/react-dom/cjs/react-dom.development.js:21626:16)
        at HTMLUnknownElement.callCallback (/home/rgoldberg/projects/figure-collector-services/figure-collector-frontend/node_modules/react-dom/cjs/react-dom.development.js:4164:14)
        at HTMLUnknownElement.callTheUserObjectsOperation (/home/rgoldberg/projects/figure-collector-services/figure-collector-frontend/node_modules/jest-cli/node_modules/jsdom/lib/jsdom/living/generated/EventListener.js:26:30)
        at innerInvokeEventListeners (/home/rgoldberg/projects/figure-collector-services/figure-collector-frontend/node_modules/jest-cli/node_modules/jsdom/lib/jsdom/living/events/EventTarget-impl.js:338:25)
        at invokeEventListeners (/home/rgoldberg/projects/figure-collector-services/figure-collector-frontend/node_modules/jest-cli/node_modules/jsdom/lib/jsdom/living/events/EventTarget-impl.js:274:3)
        at HTMLUnknownElementImpl._dispatch (/home/rgoldberg/projects/figure-collector-services/figure-collector-frontend/node_modules/jest-cli/node_modules/jsdom/lib/jsdom/living/events/EventTarget-impl.js:221:9)
        at HTMLUnknownElementImpl.dispatchEvent (/home/rgoldberg/projects/figure-collector-services/figure-collector-frontend/node_modules/jest-cli/node_modules/jsdom/lib/jsdom/living/events/EventTarget-impl.js:94:17)
        at HTMLUnknownElement.dispatchEvent (/home/rgoldberg/projects/figure-collector-services/figure-collector-frontend/node_modules/jest-cli/node_modules/jsdom/lib/jsdom/living/generated/EventTarget.js:231:34)
        at Object.invokeGuardedCallbackDev (/home/rgoldberg/projects/figure-collector-services/figure-collector-frontend/node_modules/react-dom/cjs/react-dom.development.js:4213:16)
        at invokeGuardedCallback (/home/rgoldberg/projects/figure-collector-services/figure-collector-frontend/node_modules/react-dom/cjs/react-dom.development.js:4277:31)
        at beginWork$1 (/home/rgoldberg/projects/figure-collector-services/figure-collector-frontend/node_modules/react-dom/cjs/react-dom.development.js:27490:7)
        at performUnitOfWork (/home/rgoldberg/projects/figure-collector-services/figure-collector-frontend/node_modules/react-dom/cjs/react-dom.development.js:26599:12)
        at workLoopSync (/home/rgoldberg/projects/figure-collector-services/figure-collector-frontend/node_modules/react-dom/cjs/react-dom.development.js:26505:5)
        at renderRootSync (/home/rgoldberg/projects/figure-collector-services/figure-collector-frontend/node_modules/react-dom/cjs/react-dom.development.js:26473:7)
        at performConcurrentWorkOnRoot (/home/rgoldberg/projects/figure-collector-services/figure-collector-frontend/node_modules/react-dom/cjs/react-dom.development.js:25777:74)
        at flushActQueue (/home/rgoldberg/projects/figure-collector-services/figure-collector-frontend/node_modules/react/cjs/react.development.js:2667:24)
        at act (/home/rgoldberg/projects/figure-collector-services/figure-collector-frontend/node_modules/react/cjs/react.development.js:2582:11)
        at /home/rgoldberg/projects/figure-collector-services/figure-collector-frontend/node_modules/@testing-library/react/dist/act-compat.js:47:25
        at renderRoot (/home/rgoldberg/projects/figure-collector-services/figure-collector-frontend/node_modules/@testing-library/react/dist/pure.js:190:26)
        at render (/home/rgoldberg/projects/figure-collector-services/figure-collector-frontend/node_modules/@testing-library/react/dist/pure.js:292:10)
        at customRender (/home/rgoldberg/projects/figure-collector-services/figure-collector-frontend/src/test-utils.tsx:79:12)
        at Object.<anonymous> (/home/rgoldberg/projects/figure-collector-services/figure-collector-frontend/src/__tests__/integration/authentication.integration.test.tsx:38:11)
        at Promise.then.completed (/home/rgoldberg/projects/figure-collector-services/figure-collector-frontend/node_modules/@jest/core/node_modules/jest-circus/build/utils.js:391:28)
        at new Promise (<anonymous>)
        at callAsyncCircusFn (/home/rgoldberg/projects/figure-collector-services/figure-collector-frontend/node_modules/@jest/core/node_modules/jest-circus/build/utils.js:316:10)
        at _callCircusTest (/home/rgoldberg/projects/figure-collector-services/figure-collector-frontend/node_modules/@jest/core/node_modules/jest-circus/build/run.js:218:40)
        at _runTest (/home/rgoldberg/projects/figure-collector-services/figure-collector-frontend/node_modules/@jest/core/node_modules/jest-circus/build/run.js:155:3)
        at _runTestsForDescribeBlock (/home/rgoldberg/projects/figure-collector-services/figure-collector-frontend/node_modules/@jest/core/node_modules/jest-circus/build/run.js:66:9)
        at _runTestsForDescribeBlock (/home/rgoldberg/projects/figure-collector-services/figure-collector-frontend/node_modules/@jest/core/node_modules/jest-circus/build/run.js:60:9)
        at run (/home/rgoldberg/projects/figure-collector-services/figure-collector-frontend/node_modules/@jest/core/node_modules/jest-circus/build/run.js:25:3)
        at runAndTransformResultsToJestFormat (/home/rgoldberg/projects/figure-collector-services/figure-collector-frontend/node_modules/@jest/core/node_modules/jest-circus/build/legacy-code-todo-rewrite/jestAdapterInit.js:170:21)
        at jestAdapter (/home/rgoldberg/projects/figure-collector-services/figure-collector-frontend/node_modules/@jest/core/node_modules/jest-circus/build/legacy-code-todo-rewrite/jestAdapter.js:82:19)
        at runTestInternal (/home/rgoldberg/projects/figure-collector-services/figure-collector-frontend/node_modules/jest-runner/build/runTest.js:389:16)
        at runTest (/home/rgoldberg/projects/figure-collector-services/figure-collector-frontend/node_modules/jest-runner/build/runTest.js:475:34)

      77 |     initialRoutes?: string[] 
      78 |   }
    > 79 | ) => render(ui, { 
         |            ^
      80 |   wrapper: (props) => (
      81 |     <AllProviders 
      82 |       initialRoutes={options?.initialRoutes} 

      at VirtualConsole.<anonymous> (node_modules/jest-cli/node_modules/jsdom/lib/jsdom/virtual-console.js:29:45)
      at Object.invokeGuardedCallbackDev (node_modules/react-dom/cjs/react-dom.development.js:4213:16)
      at invokeGuardedCallback (node_modules/react-dom/cjs/react-dom.development.js:4277:31)
      at beginWork$1 (node_modules/react-dom/cjs/react-dom.development.js:27490:7)
      at performUnitOfWork (node_modules/react-dom/cjs/react-dom.development.js:26599:12)
      at workLoopSync (node_modules/react-dom/cjs/react-dom.development.js:26505:5)
      at renderRootSync (node_modules/react-dom/cjs/react-dom.development.js:26473:7)
      at performConcurrentWorkOnRoot (node_modules/react-dom/cjs/react-dom.development.js:25777:74)
      at flushActQueue (node_modules/react/cjs/react.development.js:2667:24)
      at act (node_modules/react/cjs/react.development.js:2582:11)
      at node_modules/@testing-library/react/dist/act-compat.js:47:25
      at renderRoot (node_modules/@testing-library/react/dist/pure.js:190:26)
      at render (node_modules/@testing-library/react/dist/pure.js:292:10)
      at customRender (src/test-utils.tsx:79:12)
      at Object.<anonymous> (src/__tests__/integration/authentication.integration.test.tsx:38:11)

  console.error
    Error: Uncaught [TypeError: Cannot destructure property 'register' of '(0 , _reactHookForm.useForm)(...)' as it is undefined.]
        at reportException (/home/rgoldberg/projects/figure-collector-services/figure-collector-frontend/node_modules/jest-cli/node_modules/jsdom/lib/jsdom/living/helpers/runtime-script-errors.js:66:24)
        at innerInvokeEventListeners (/home/rgoldberg/projects/figure-collector-services/figure-collector-frontend/node_modules/jest-cli/node_modules/jsdom/lib/jsdom/living/events/EventTarget-impl.js:341:9)
        at invokeEventListeners (/home/rgoldberg/projects/figure-collector-services/figure-collector-frontend/node_modules/jest-cli/node_modules/jsdom/lib/jsdom/living/events/EventTarget-impl.js:274:3)
        at HTMLUnknownElementImpl._dispatch (/home/rgoldberg/projects/figure-collector-services/figure-collector-frontend/node_modules/jest-cli/node_modules/jsdom/lib/jsdom/living/events/EventTarget-impl.js:221:9)
        at HTMLUnknownElementImpl.dispatchEvent (/home/rgoldberg/projects/figure-collector-services/figure-collector-frontend/node_modules/jest-cli/node_modules/jsdom/lib/jsdom/living/events/EventTarget-impl.js:94:17)
        at HTMLUnknownElement.dispatchEvent (/home/rgoldberg/projects/figure-collector-services/figure-collector-frontend/node_modules/jest-cli/node_modules/jsdom/lib/jsdom/living/generated/EventTarget.js:231:34)
        at Object.invokeGuardedCallbackDev (/home/rgoldberg/projects/figure-collector-services/figure-collector-frontend/node_modules/react-dom/cjs/react-dom.development.js:4213:16)
        at invokeGuardedCallback (/home/rgoldberg/projects/figure-collector-services/figure-collector-frontend/node_modules/react-dom/cjs/react-dom.development.js:4277:31)
        at beginWork$1 (/home/rgoldberg/projects/figure-collector-services/figure-collector-frontend/node_modules/react-dom/cjs/react-dom.development.js:27490:7)
        at performUnitOfWork (/home/rgoldberg/projects/figure-collector-services/figure-collector-frontend/node_modules/react-dom/cjs/react-dom.development.js:26599:12)
        at workLoopSync (/home/rgoldberg/projects/figure-collector-services/figure-collector-frontend/node_modules/react-dom/cjs/react-dom.development.js:26505:5)
        at renderRootSync (/home/rgoldberg/projects/figure-collector-services/figure-collector-frontend/node_modules/react-dom/cjs/react-dom.development.js:26473:7)
        at recoverFromConcurrentError (/home/rgoldberg/projects/figure-collector-services/figure-collector-frontend/node_modules/react-dom/cjs/react-dom.development.js:25889:20)
        at performConcurrentWorkOnRoot (/home/rgoldberg/projects/figure-collector-services/figure-collector-frontend/node_modules/react-dom/cjs/react-dom.development.js:25789:22)
        at flushActQueue (/home/rgoldberg/projects/figure-collector-services/figure-collector-frontend/node_modules/react/cjs/react.development.js:2667:24)
        at act (/home/rgoldberg/projects/figure-collector-services/figure-collector-frontend/node_modules/react/cjs/react.development.js:2582:11)
        at /home/rgoldberg/projects/figure-collector-services/figure-collector-frontend/node_modules/@testing-library/react/dist/act-compat.js:47:25
        at renderRoot (/home/rgoldberg/projects/figure-collector-services/figure-collector-frontend/node_modules/@testing-library/react/dist/pure.js:190:26)
        at render (/home/rgoldberg/projects/figure-collector-services/figure-collector-frontend/node_modules/@testing-library/react/dist/pure.js:292:10)
        at customRender (/home/rgoldberg/projects/figure-collector-services/figure-collector-frontend/src/test-utils.tsx:79:12)
        at Object.<anonymous> (/home/rgoldberg/projects/figure-collector-services/figure-collector-frontend/src/__tests__/integration/authentication.integration.test.tsx:38:11)
        at Promise.then.completed (/home/rgoldberg/projects/figure-collector-services/figure-collector-frontend/node_modules/@jest/core/node_modules/jest-circus/build/utils.js:391:28)
        at new Promise (<anonymous>)
        at callAsyncCircusFn (/home/rgoldberg/projects/figure-collector-services/figure-collector-frontend/node_modules/@jest/core/node_modules/jest-circus/build/utils.js:316:10)
        at _callCircusTest (/home/rgoldberg/projects/figure-collector-services/figure-collector-frontend/node_modules/@jest/core/node_modules/jest-circus/build/run.js:218:40)
        at _runTest (/home/rgoldberg/projects/figure-collector-services/figure-collector-frontend/node_modules/@jest/core/node_modules/jest-circus/build/run.js:155:3)
        at _runTestsForDescribeBlock (/home/rgoldberg/projects/figure-collector-services/figure-collector-frontend/node_modules/@jest/core/node_modules/jest-circus/build/run.js:66:9)
        at _runTestsForDescribeBlock (/home/rgoldberg/projects/figure-collector-services/figure-collector-frontend/node_modules/@jest/core/node_modules/jest-circus/build/run.js:60:9)
        at run (/home/rgoldberg/projects/figure-collector-services/figure-collector-frontend/node_modules/@jest/core/node_modules/jest-circus/build/run.js:25:3)
        at runAndTransformResultsToJestFormat (/home/rgoldberg/projects/figure-collector-services/figure-collector-frontend/node_modules/@jest/core/node_modules/jest-circus/build/legacy-code-todo-rewrite/jestAdapterInit.js:170:21)
        at jestAdapter (/home/rgoldberg/projects/figure-collector-services/figure-collector-frontend/node_modules/@jest/core/node_modules/jest-circus/build/legacy-code-todo-rewrite/jestAdapter.js:82:19)
        at runTestInternal (/home/rgoldberg/projects/figure-collector-services/figure-collector-frontend/node_modules/jest-runner/build/runTest.js:389:16)
        at runTest (/home/rgoldberg/projects/figure-collector-services/figure-collector-frontend/node_modules/jest-runner/build/runTest.js:475:34) TypeError: Cannot destructure property 'register' of '(0 , _reactHookForm.useForm)(...)' as it is undefined.
        at Login (/home/rgoldberg/projects/figure-collector-services/figure-collector-frontend/src/pages/Login.tsx:37:5)
        at renderWithHooks (/home/rgoldberg/projects/figure-collector-services/figure-collector-frontend/node_modules/react-dom/cjs/react-dom.development.js:15486:18)
        at mountIndeterminateComponent (/home/rgoldberg/projects/figure-collector-services/figure-collector-frontend/node_modules/react-dom/cjs/react-dom.development.js:20103:13)
        at beginWork (/home/rgoldberg/projects/figure-collector-services/figure-collector-frontend/node_modules/react-dom/cjs/react-dom.development.js:21626:16)
        at HTMLUnknownElement.callCallback (/home/rgoldberg/projects/figure-collector-services/figure-collector-frontend/node_modules/react-dom/cjs/react-dom.development.js:4164:14)
        at HTMLUnknownElement.callTheUserObjectsOperation (/home/rgoldberg/projects/figure-collector-services/figure-collector-frontend/node_modules/jest-cli/node_modules/jsdom/lib/jsdom/living/generated/EventListener.js:26:30)
        at innerInvokeEventListeners (/home/rgoldberg/projects/figure-collector-services/figure-collector-frontend/node_modules/jest-cli/node_modules/jsdom/lib/jsdom/living/events/EventTarget-impl.js:338:25)
        at invokeEventListeners (/home/rgoldberg/projects/figure-collector-services/figure-collector-frontend/node_modules/jest-cli/node_modules/jsdom/lib/jsdom/living/events/EventTarget-impl.js:274:3)
        at HTMLUnknownElementImpl._dispatch (/home/rgoldberg/projects/figure-collector-services/figure-collector-frontend/node_modules/jest-cli/node_modules/jsdom/lib/jsdom/living/events/EventTarget-impl.js:221:9)
        at HTMLUnknownElementImpl.dispatchEvent (/home/rgoldberg/projects/figure-collector-services/figure-collector-frontend/node_modules/jest-cli/node_modules/jsdom/lib/jsdom/living/events/EventTarget-impl.js:94:17)
        at HTMLUnknownElement.dispatchEvent (/home/rgoldberg/projects/figure-collector-services/figure-collector-frontend/node_modules/jest-cli/node_modules/jsdom/lib/jsdom/living/generated/EventTarget.js:231:34)
        at Object.invokeGuardedCallbackDev (/home/rgoldberg/projects/figure-collector-services/figure-collector-frontend/node_modules/react-dom/cjs/react-dom.development.js:4213:16)
        at invokeGuardedCallback (/home/rgoldberg/projects/figure-collector-services/figure-collector-frontend/node_modules/react-dom/cjs/react-dom.development.js:4277:31)
        at beginWork$1 (/home/rgoldberg/projects/figure-collector-services/figure-collector-frontend/node_modules/react-dom/cjs/react-dom.development.js:27490:7)
        at performUnitOfWork (/home/rgoldberg/projects/figure-collector-services/figure-collector-frontend/node_modules/react-dom/cjs/react-dom.development.js:26599:12)
        at workLoopSync (/home/rgoldberg/projects/figure-collector-services/figure-collector-frontend/node_modules/react-dom/cjs/react-dom.development.js:26505:5)
        at renderRootSync (/home/rgoldberg/projects/figure-collector-services/figure-collector-frontend/node_modules/react-dom/cjs/react-dom.development.js:26473:7)
        at recoverFromConcurrentError (/home/rgoldberg/projects/figure-collector-services/figure-collector-frontend/node_modules/react-dom/cjs/react-dom.development.js:25889:20)
        at performConcurrentWorkOnRoot (/home/rgoldberg/projects/figure-collector-services/figure-collector-frontend/node_modules/react-dom/cjs/react-dom.development.js:25789:22)
        at flushActQueue (/home/rgoldberg/projects/figure-collector-services/figure-collector-frontend/node_modules/react/cjs/react.development.js:2667:24)
        at act (/home/rgoldberg/projects/figure-collector-services/figure-collector-frontend/node_modules/react/cjs/react.development.js:2582:11)
        at /home/rgoldberg/projects/figure-collector-services/figure-collector-frontend/node_modules/@testing-library/react/dist/act-compat.js:47:25
        at renderRoot (/home/rgoldberg/projects/figure-collector-services/figure-collector-frontend/node_modules/@testing-library/react/dist/pure.js:190:26)
        at render (/home/rgoldberg/projects/figure-collector-services/figure-collector-frontend/node_modules/@testing-library/react/dist/pure.js:292:10)
        at customRender (/home/rgoldberg/projects/figure-collector-services/figure-collector-frontend/src/test-utils.tsx:79:12)
        at Object.<anonymous> (/home/rgoldberg/projects/figure-collector-services/figure-collector-frontend/src/__tests__/integration/authentication.integration.test.tsx:38:11)
        at Promise.then.completed (/home/rgoldberg/projects/figure-collector-services/figure-collector-frontend/node_modules/@jest/core/node_modules/jest-circus/build/utils.js:391:28)
        at new Promise (<anonymous>)
        at callAsyncCircusFn (/home/rgoldberg/projects/figure-collector-services/figure-collector-frontend/node_modules/@jest/core/node_modules/jest-circus/build/utils.js:316:10)
        at _callCircusTest (/home/rgoldberg/projects/figure-collector-services/figure-collector-frontend/node_modules/@jest/core/node_modules/jest-circus/build/run.js:218:40)
        at _runTest (/home/rgoldberg/projects/figure-collector-services/figure-collector-frontend/node_modules/@jest/core/node_modules/jest-circus/build/run.js:155:3)
        at _runTestsForDescribeBlock (/home/rgoldberg/projects/figure-collector-services/figure-collector-frontend/node_modules/@jest/core/node_modules/jest-circus/build/run.js:66:9)
        at _runTestsForDescribeBlock (/home/rgoldberg/projects/figure-collector-services/figure-collector-frontend/node_modules/@jest/core/node_modules/jest-circus/build/run.js:60:9)
        at run (/home/rgoldberg/projects/figure-collector-services/figure-collector-frontend/node_modules/@jest/core/node_modules/jest-circus/build/run.js:25:3)
        at runAndTransformResultsToJestFormat (/home/rgoldberg/projects/figure-collector-services/figure-collector-frontend/node_modules/@jest/core/node_modules/jest-circus/build/legacy-code-todo-rewrite/jestAdapterInit.js:170:21)
        at jestAdapter (/home/rgoldberg/projects/figure-collector-services/figure-collector-frontend/node_modules/@jest/core/node_modules/jest-circus/build/legacy-code-todo-rewrite/jestAdapter.js:82:19)
        at runTestInternal (/home/rgoldberg/projects/figure-collector-services/figure-collector-frontend/node_modules/jest-runner/build/runTest.js:389:16)
        at runTest (/home/rgoldberg/projects/figure-collector-services/figure-collector-frontend/node_modules/jest-runner/build/runTest.js:475:34)

      77 |     initialRoutes?: string[] 
      78 |   }
    > 79 | ) => render(ui, { 
         |            ^
      80 |   wrapper: (props) => (
      81 |     <AllProviders 
      82 |       initialRoutes={options?.initialRoutes} 

      at VirtualConsole.<anonymous> (node_modules/jest-cli/node_modules/jsdom/lib/jsdom/virtual-console.js:29:45)
      at Object.invokeGuardedCallbackDev (node_modules/react-dom/cjs/react-dom.development.js:4213:16)
      at invokeGuardedCallback (node_modules/react-dom/cjs/react-dom.development.js:4277:31)
      at beginWork$1 (node_modules/react-dom/cjs/react-dom.development.js:27490:7)
      at performUnitOfWork (node_modules/react-dom/cjs/react-dom.development.js:26599:12)
      at workLoopSync (node_modules/react-dom/cjs/react-dom.development.js:26505:5)
      at renderRootSync (node_modules/react-dom/cjs/react-dom.development.js:26473:7)
      at recoverFromConcurrentError (node_modules/react-dom/cjs/react-dom.development.js:25889:20)
      at performConcurrentWorkOnRoot (node_modules/react-dom/cjs/react-dom.development.js:25789:22)
      at flushActQueue (node_modules/react/cjs/react.development.js:2667:24)
      at act (node_modules/react/cjs/react.development.js:2582:11)
      at node_modules/@testing-library/react/dist/act-compat.js:47:25
      at renderRoot (node_modules/@testing-library/react/dist/pure.js:190:26)
      at render (node_modules/@testing-library/react/dist/pure.js:292:10)
      at customRender (src/test-utils.tsx:79:12)
      at Object.<anonymous> (src/__tests__/integration/authentication.integration.test.tsx:38:11)

  console.error
    The above error occurred in the <Login> component:
    
        at Login (/home/rgoldberg/projects/figure-collector-services/figure-collector-frontend/src/pages/Login.tsx:31:49)
        at Router (/home/rgoldberg/projects/figure-collector-services/figure-collector-frontend/node_modules/react-router/lib/components.tsx:421:13)
        at MemoryRouter (/home/rgoldberg/projects/figure-collector-services/figure-collector-frontend/node_modules/react-router/lib/components.tsx:225:3)
        at div
        at ChakraProvider (/home/rgoldberg/projects/figure-collector-services/figure-collector-frontend/src/setupTests.ts:441:24)
        at div
        at MockQueryClientProvider (/home/rgoldberg/projects/figure-collector-services/figure-collector-frontend/src/test-utils.tsx:11:36)
        at AllProviders (/home/rgoldberg/projects/figure-collector-services/figure-collector-frontend/src/test-utils.tsx:40:25)
        at wrapper
    
    Consider adding an error boundary to your tree to customize error handling behavior.
    Visit https://reactjs.org/link/error-boundaries to learn more about error boundaries.

      77 |     initialRoutes?: string[] 
      78 |   }
    > 79 | ) => render(ui, { 
         |            ^
      80 |   wrapper: (props) => (
      81 |     <AllProviders 
      82 |       initialRoutes={options?.initialRoutes} 

      at logCapturedError (node_modules/react-dom/cjs/react-dom.development.js:18704:23)
      at update.callback (node_modules/react-dom/cjs/react-dom.development.js:18737:5)
      at callCallback (node_modules/react-dom/cjs/react-dom.development.js:15036:12)
      at commitUpdateQueue (node_modules/react-dom/cjs/react-dom.development.js:15057:9)
      at commitLayoutEffectOnFiber (node_modules/react-dom/cjs/react-dom.development.js:23430:13)
      at commitLayoutMountEffects_complete (node_modules/react-dom/cjs/react-dom.development.js:24727:9)
      at commitLayoutEffects_begin (node_modules/react-dom/cjs/react-dom.development.js:24713:7)
      at commitLayoutEffects (node_modules/react-dom/cjs/react-dom.development.js:24651:3)
      at commitRootImpl (node_modules/react-dom/cjs/react-dom.development.js:26862:5)
      at commitRoot (node_modules/react-dom/cjs/react-dom.development.js:26721:5)
      at finishConcurrentRender (node_modules/react-dom/cjs/react-dom.development.js:25931:9)
      at performConcurrentWorkOnRoot (node_modules/react-dom/cjs/react-dom.development.js:25848:7)
      at flushActQueue (node_modules/react/cjs/react.development.js:2667:24)
      at act (node_modules/react/cjs/react.development.js:2582:11)
      at node_modules/@testing-library/react/dist/act-compat.js:47:25
      at renderRoot (node_modules/@testing-library/react/dist/pure.js:190:26)
      at render (node_modules/@testing-library/react/dist/pure.js:292:10)
      at customRender (src/test-utils.tsx:79:12)
      at Object.<anonymous> (src/__tests__/integration/authentication.integration.test.tsx:38:11)

  console.error
    Error: Uncaught [TypeError: Cannot destructure property 'register' of '(0 , _reactHookForm.useForm)(...)' as it is undefined.]
        at reportException (/home/rgoldberg/projects/figure-collector-services/figure-collector-frontend/node_modules/jest-cli/node_modules/jsdom/lib/jsdom/living/helpers/runtime-script-errors.js:66:24)
        at innerInvokeEventListeners (/home/rgoldberg/projects/figure-collector-services/figure-collector-frontend/node_modules/jest-cli/node_modules/jsdom/lib/jsdom/living/events/EventTarget-impl.js:341:9)
        at invokeEventListeners (/home/rgoldberg/projects/figure-collector-services/figure-collector-frontend/node_modules/jest-cli/node_modules/jsdom/lib/jsdom/living/events/EventTarget-impl.js:274:3)
        at HTMLUnknownElementImpl._dispatch (/home/rgoldberg/projects/figure-collector-services/figure-collector-frontend/node_modules/jest-cli/node_modules/jsdom/lib/jsdom/living/events/EventTarget-impl.js:221:9)
        at HTMLUnknownElementImpl.dispatchEvent (/home/rgoldberg/projects/figure-collector-services/figure-collector-frontend/node_modules/jest-cli/node_modules/jsdom/lib/jsdom/living/events/EventTarget-impl.js:94:17)
        at HTMLUnknownElement.dispatchEvent (/home/rgoldberg/projects/figure-collector-services/figure-collector-frontend/node_modules/jest-cli/node_modules/jsdom/lib/jsdom/living/generated/EventTarget.js:231:34)
        at Object.invokeGuardedCallbackDev (/home/rgoldberg/projects/figure-collector-services/figure-collector-frontend/node_modules/react-dom/cjs/react-dom.development.js:4213:16)
        at invokeGuardedCallback (/home/rgoldberg/projects/figure-collector-services/figure-collector-frontend/node_modules/react-dom/cjs/react-dom.development.js:4277:31)
        at beginWork$1 (/home/rgoldberg/projects/figure-collector-services/figure-collector-frontend/node_modules/react-dom/cjs/react-dom.development.js:27490:7)
        at performUnitOfWork (/home/rgoldberg/projects/figure-collector-services/figure-collector-frontend/node_modules/react-dom/cjs/react-dom.development.js:26599:12)
        at workLoopSync (/home/rgoldberg/projects/figure-collector-services/figure-collector-frontend/node_modules/react-dom/cjs/react-dom.development.js:26505:5)
        at renderRootSync (/home/rgoldberg/projects/figure-collector-services/figure-collector-frontend/node_modules/react-dom/cjs/react-dom.development.js:26473:7)
        at performConcurrentWorkOnRoot (/home/rgoldberg/projects/figure-collector-services/figure-collector-frontend/node_modules/react-dom/cjs/react-dom.development.js:25777:74)
        at flushActQueue (/home/rgoldberg/projects/figure-collector-services/figure-collector-frontend/node_modules/react/cjs/react.development.js:2667:24)
        at act (/home/rgoldberg/projects/figure-collector-services/figure-collector-frontend/node_modules/react/cjs/react.development.js:2582:11)
        at /home/rgoldberg/projects/figure-collector-services/figure-collector-frontend/node_modules/@testing-library/react/dist/act-compat.js:47:25
        at renderRoot (/home/rgoldberg/projects/figure-collector-services/figure-collector-frontend/node_modules/@testing-library/react/dist/pure.js:190:26)
        at render (/home/rgoldberg/projects/figure-collector-services/figure-collector-frontend/node_modules/@testing-library/react/dist/pure.js:292:10)
        at customRender (/home/rgoldberg/projects/figure-collector-services/figure-collector-frontend/src/test-utils.tsx:79:12)
        at Object.<anonymous> (/home/rgoldberg/projects/figure-collector-services/figure-collector-frontend/src/__tests__/integration/authentication.integration.test.tsx:71:11)
        at Promise.then.completed (/home/rgoldberg/projects/figure-collector-services/figure-collector-frontend/node_modules/@jest/core/node_modules/jest-circus/build/utils.js:391:28)
        at new Promise (<anonymous>)
        at callAsyncCircusFn (/home/rgoldberg/projects/figure-collector-services/figure-collector-frontend/node_modules/@jest/core/node_modules/jest-circus/build/utils.js:316:10)
        at _callCircusTest (/home/rgoldberg/projects/figure-collector-services/figure-collector-frontend/node_modules/@jest/core/node_modules/jest-circus/build/run.js:218:40)
        at _runTest (/home/rgoldberg/projects/figure-collector-services/figure-collector-frontend/node_modules/@jest/core/node_modules/jest-circus/build/run.js:155:3)
        at _runTestsForDescribeBlock (/home/rgoldberg/projects/figure-collector-services/figure-collector-frontend/node_modules/@jest/core/node_modules/jest-circus/build/run.js:66:9)
        at _runTestsForDescribeBlock (/home/rgoldberg/projects/figure-collector-services/figure-collector-frontend/node_modules/@jest/core/node_modules/jest-circus/build/run.js:60:9)
        at run (/home/rgoldberg/projects/figure-collector-services/figure-collector-frontend/node_modules/@jest/core/node_modules/jest-circus/build/run.js:25:3)
        at runAndTransformResultsToJestFormat (/home/rgoldberg/projects/figure-collector-services/figure-collector-frontend/node_modules/@jest/core/node_modules/jest-circus/build/legacy-code-todo-rewrite/jestAdapterInit.js:170:21)
        at jestAdapter (/home/rgoldberg/projects/figure-collector-services/figure-collector-frontend/node_modules/@jest/core/node_modules/jest-circus/build/legacy-code-todo-rewrite/jestAdapter.js:82:19)
        at runTestInternal (/home/rgoldberg/projects/figure-collector-services/figure-collector-frontend/node_modules/jest-runner/build/runTest.js:389:16)
        at runTest (/home/rgoldberg/projects/figure-collector-services/figure-collector-frontend/node_modules/jest-runner/build/runTest.js:475:34) TypeError: Cannot destructure property 'register' of '(0 , _reactHookForm.useForm)(...)' as it is undefined.
        at Login (/home/rgoldberg/projects/figure-collector-services/figure-collector-frontend/src/pages/Login.tsx:37:5)
        at renderWithHooks (/home/rgoldberg/projects/figure-collector-services/figure-collector-frontend/node_modules/react-dom/cjs/react-dom.development.js:15486:18)
        at mountIndeterminateComponent (/home/rgoldberg/projects/figure-collector-services/figure-collector-frontend/node_modules/react-dom/cjs/react-dom.development.js:20103:13)
        at beginWork (/home/rgoldberg/projects/figure-collector-services/figure-collector-frontend/node_modules/react-dom/cjs/react-dom.development.js:21626:16)
        at HTMLUnknownElement.callCallback (/home/rgoldberg/projects/figure-collector-services/figure-collector-frontend/node_modules/react-dom/cjs/react-dom.development.js:4164:14)
        at HTMLUnknownElement.callTheUserObjectsOperation (/home/rgoldberg/projects/figure-collector-services/figure-collector-frontend/node_modules/jest-cli/node_modules/jsdom/lib/jsdom/living/generated/EventListener.js:26:30)
        at innerInvokeEventListeners (/home/rgoldberg/projects/figure-collector-services/figure-collector-frontend/node_modules/jest-cli/node_modules/jsdom/lib/jsdom/living/events/EventTarget-impl.js:338:25)
        at invokeEventListeners (/home/rgoldberg/projects/figure-collector-services/figure-collector-frontend/node_modules/jest-cli/node_modules/jsdom/lib/jsdom/living/events/EventTarget-impl.js:274:3)
        at HTMLUnknownElementImpl._dispatch (/home/rgoldberg/projects/figure-collector-services/figure-collector-frontend/node_modules/jest-cli/node_modules/jsdom/lib/jsdom/living/events/EventTarget-impl.js:221:9)
        at HTMLUnknownElementImpl.dispatchEvent (/home/rgoldberg/projects/figure-collector-services/figure-collector-frontend/node_modules/jest-cli/node_modules/jsdom/lib/jsdom/living/events/EventTarget-impl.js:94:17)
        at HTMLUnknownElement.dispatchEvent (/home/rgoldberg/projects/figure-collector-services/figure-collector-frontend/node_modules/jest-cli/node_modules/jsdom/lib/jsdom/living/generated/EventTarget.js:231:34)
        at Object.invokeGuardedCallbackDev (/home/rgoldberg/projects/figure-collector-services/figure-collector-frontend/node_modules/react-dom/cjs/react-dom.development.js:4213:16)
        at invokeGuardedCallback (/home/rgoldberg/projects/figure-collector-services/figure-collector-frontend/node_modules/react-dom/cjs/react-dom.development.js:4277:31)
        at beginWork$1 (/home/rgoldberg/projects/figure-collector-services/figure-collector-frontend/node_modules/react-dom/cjs/react-dom.development.js:27490:7)
        at performUnitOfWork (/home/rgoldberg/projects/figure-collector-services/figure-collector-frontend/node_modules/react-dom/cjs/react-dom.development.js:26599:12)
        at workLoopSync (/home/rgoldberg/projects/figure-collector-services/figure-collector-frontend/node_modules/react-dom/cjs/react-dom.development.js:26505:5)
        at renderRootSync (/home/rgoldberg/projects/figure-collector-services/figure-collector-frontend/node_modules/react-dom/cjs/react-dom.development.js:26473:7)
        at performConcurrentWorkOnRoot (/home/rgoldberg/projects/figure-collector-services/figure-collector-frontend/node_modules/react-dom/cjs/react-dom.development.js:25777:74)
        at flushActQueue (/home/rgoldberg/projects/figure-collector-services/figure-collector-frontend/node_modules/react/cjs/react.development.js:2667:24)
        at act (/home/rgoldberg/projects/figure-collector-services/figure-collector-frontend/node_modules/react/cjs/react.development.js:2582:11)
        at /home/rgoldberg/projects/figure-collector-services/figure-collector-frontend/node_modules/@testing-library/react/dist/act-compat.js:47:25
        at renderRoot (/home/rgoldberg/projects/figure-collector-services/figure-collector-frontend/node_modules/@testing-library/react/dist/pure.js:190:26)
        at render (/home/rgoldberg/projects/figure-collector-services/figure-collector-frontend/node_modules/@testing-library/react/dist/pure.js:292:10)
        at customRender (/home/rgoldberg/projects/figure-collector-services/figure-collector-frontend/src/test-utils.tsx:79:12)
        at Object.<anonymous> (/home/rgoldberg/projects/figure-collector-services/figure-collector-frontend/src/__tests__/integration/authentication.integration.test.tsx:71:11)
        at Promise.then.completed (/home/rgoldberg/projects/figure-collector-services/figure-collector-frontend/node_modules/@jest/core/node_modules/jest-circus/build/utils.js:391:28)
        at new Promise (<anonymous>)
        at callAsyncCircusFn (/home/rgoldberg/projects/figure-collector-services/figure-collector-frontend/node_modules/@jest/core/node_modules/jest-circus/build/utils.js:316:10)
        at _callCircusTest (/home/rgoldberg/projects/figure-collector-services/figure-collector-frontend/node_modules/@jest/core/node_modules/jest-circus/build/run.js:218:40)
        at _runTest (/home/rgoldberg/projects/figure-collector-services/figure-collector-frontend/node_modules/@jest/core/node_modules/jest-circus/build/run.js:155:3)
        at _runTestsForDescribeBlock (/home/rgoldberg/projects/figure-collector-services/figure-collector-frontend/node_modules/@jest/core/node_modules/jest-circus/build/run.js:66:9)
        at _runTestsForDescribeBlock (/home/rgoldberg/projects/figure-collector-services/figure-collector-frontend/node_modules/@jest/core/node_modules/jest-circus/build/run.js:60:9)
        at run (/home/rgoldberg/projects/figure-collector-services/figure-collector-frontend/node_modules/@jest/core/node_modules/jest-circus/build/run.js:25:3)
        at runAndTransformResultsToJestFormat (/home/rgoldberg/projects/figure-collector-services/figure-collector-frontend/node_modules/@jest/core/node_modules/jest-circus/build/legacy-code-todo-rewrite/jestAdapterInit.js:170:21)
        at jestAdapter (/home/rgoldberg/projects/figure-collector-services/figure-collector-frontend/node_modules/@jest/core/node_modules/jest-circus/build/legacy-code-todo-rewrite/jestAdapter.js:82:19)
        at runTestInternal (/home/rgoldberg/projects/figure-collector-services/figure-collector-frontend/node_modules/jest-runner/build/runTest.js:389:16)
        at runTest (/home/rgoldberg/projects/figure-collector-services/figure-collector-frontend/node_modules/jest-runner/build/runTest.js:475:34)

      77 |     initialRoutes?: string[] 
      78 |   }
    > 79 | ) => render(ui, { 
         |            ^
      80 |   wrapper: (props) => (
      81 |     <AllProviders 
      82 |       initialRoutes={options?.initialRoutes} 

      at VirtualConsole.<anonymous> (node_modules/jest-cli/node_modules/jsdom/lib/jsdom/virtual-console.js:29:45)
      at Object.invokeGuardedCallbackDev (node_modules/react-dom/cjs/react-dom.development.js:4213:16)
      at invokeGuardedCallback (node_modules/react-dom/cjs/react-dom.development.js:4277:31)
      at beginWork$1 (node_modules/react-dom/cjs/react-dom.development.js:27490:7)
      at performUnitOfWork (node_modules/react-dom/cjs/react-dom.development.js:26599:12)
      at workLoopSync (node_modules/react-dom/cjs/react-dom.development.js:26505:5)
      at renderRootSync (node_modules/react-dom/cjs/react-dom.development.js:26473:7)
      at performConcurrentWorkOnRoot (node_modules/react-dom/cjs/react-dom.development.js:25777:74)
      at flushActQueue (node_modules/react/cjs/react.development.js:2667:24)
      at act (node_modules/react/cjs/react.development.js:2582:11)
      at node_modules/@testing-library/react/dist/act-compat.js:47:25
      at renderRoot (node_modules/@testing-library/react/dist/pure.js:190:26)
      at render (node_modules/@testing-library/react/dist/pure.js:292:10)
      at customRender (src/test-utils.tsx:79:12)
      at Object.<anonymous> (src/__tests__/integration/authentication.integration.test.tsx:71:11)

  console.error
    Error: Uncaught [TypeError: Cannot destructure property 'register' of '(0 , _reactHookForm.useForm)(...)' as it is undefined.]
        at reportException (/home/rgoldberg/projects/figure-collector-services/figure-collector-frontend/node_modules/jest-cli/node_modules/jsdom/lib/jsdom/living/helpers/runtime-script-errors.js:66:24)
        at innerInvokeEventListeners (/home/rgoldberg/projects/figure-collector-services/figure-collector-frontend/node_modules/jest-cli/node_modules/jsdom/lib/jsdom/living/events/EventTarget-impl.js:341:9)
        at invokeEventListeners (/home/rgoldberg/projects/figure-collector-services/figure-collector-frontend/node_modules/jest-cli/node_modules/jsdom/lib/jsdom/living/events/EventTarget-impl.js:274:3)
        at HTMLUnknownElementImpl._dispatch (/home/rgoldberg/projects/figure-collector-services/figure-collector-frontend/node_modules/jest-cli/node_modules/jsdom/lib/jsdom/living/events/EventTarget-impl.js:221:9)
        at HTMLUnknownElementImpl.dispatchEvent (/home/rgoldberg/projects/figure-collector-services/figure-collector-frontend/node_modules/jest-cli/node_modules/jsdom/lib/jsdom/living/events/EventTarget-impl.js:94:17)
        at HTMLUnknownElement.dispatchEvent (/home/rgoldberg/projects/figure-collector-services/figure-collector-frontend/node_modules/jest-cli/node_modules/jsdom/lib/jsdom/living/generated/EventTarget.js:231:34)
        at Object.invokeGuardedCallbackDev (/home/rgoldberg/projects/figure-collector-services/figure-collector-frontend/node_modules/react-dom/cjs/react-dom.development.js:4213:16)
        at invokeGuardedCallback (/home/rgoldberg/projects/figure-collector-services/figure-collector-frontend/node_modules/react-dom/cjs/react-dom.development.js:4277:31)
        at beginWork$1 (/home/rgoldberg/projects/figure-collector-services/figure-collector-frontend/node_modules/react-dom/cjs/react-dom.development.js:27490:7)
        at performUnitOfWork (/home/rgoldberg/projects/figure-collector-services/figure-collector-frontend/node_modules/react-dom/cjs/react-dom.development.js:26599:12)
        at workLoopSync (/home/rgoldberg/projects/figure-collector-services/figure-collector-frontend/node_modules/react-dom/cjs/react-dom.development.js:26505:5)
        at renderRootSync (/home/rgoldberg/projects/figure-collector-services/figure-collector-frontend/node_modules/react-dom/cjs/react-dom.development.js:26473:7)
        at recoverFromConcurrentError (/home/rgoldberg/projects/figure-collector-services/figure-collector-frontend/node_modules/react-dom/cjs/react-dom.development.js:25889:20)
        at performConcurrentWorkOnRoot (/home/rgoldberg/projects/figure-collector-services/figure-collector-frontend/node_modules/react-dom/cjs/react-dom.development.js:25789:22)
        at flushActQueue (/home/rgoldberg/projects/figure-collector-services/figure-collector-frontend/node_modules/react/cjs/react.development.js:2667:24)
        at act (/home/rgoldberg/projects/figure-collector-services/figure-collector-frontend/node_modules/react/cjs/react.development.js:2582:11)
        at /home/rgoldberg/projects/figure-collector-services/figure-collector-frontend/node_modules/@testing-library/react/dist/act-compat.js:47:25
        at renderRoot (/home/rgoldberg/projects/figure-collector-services/figure-collector-frontend/node_modules/@testing-library/react/dist/pure.js:190:26)
        at render (/home/rgoldberg/projects/figure-collector-services/figure-collector-frontend/node_modules/@testing-library/react/dist/pure.js:292:10)
        at customRender (/home/rgoldberg/projects/figure-collector-services/figure-collector-frontend/src/test-utils.tsx:79:12)
        at Object.<anonymous> (/home/rgoldberg/projects/figure-collector-services/figure-collector-frontend/src/__tests__/integration/authentication.integration.test.tsx:71:11)
        at Promise.then.completed (/home/rgoldberg/projects/figure-collector-services/figure-collector-frontend/node_modules/@jest/core/node_modules/jest-circus/build/utils.js:391:28)
        at new Promise (<anonymous>)
        at callAsyncCircusFn (/home/rgoldberg/projects/figure-collector-services/figure-collector-frontend/node_modules/@jest/core/node_modules/jest-circus/build/utils.js:316:10)
        at _callCircusTest (/home/rgoldberg/projects/figure-collector-services/figure-collector-frontend/node_modules/@jest/core/node_modules/jest-circus/build/run.js:218:40)
        at _runTest (/home/rgoldberg/projects/figure-collector-services/figure-collector-frontend/node_modules/@jest/core/node_modules/jest-circus/build/run.js:155:3)
        at _runTestsForDescribeBlock (/home/rgoldberg/projects/figure-collector-services/figure-collector-frontend/node_modules/@jest/core/node_modules/jest-circus/build/run.js:66:9)
        at _runTestsForDescribeBlock (/home/rgoldberg/projects/figure-collector-services/figure-collector-frontend/node_modules/@jest/core/node_modules/jest-circus/build/run.js:60:9)
        at run (/home/rgoldberg/projects/figure-collector-services/figure-collector-frontend/node_modules/@jest/core/node_modules/jest-circus/build/run.js:25:3)
        at runAndTransformResultsToJestFormat (/home/rgoldberg/projects/figure-collector-services/figure-collector-frontend/node_modules/@jest/core/node_modules/jest-circus/build/legacy-code-todo-rewrite/jestAdapterInit.js:170:21)
        at jestAdapter (/home/rgoldberg/projects/figure-collector-services/figure-collector-frontend/node_modules/@jest/core/node_modules/jest-circus/build/legacy-code-todo-rewrite/jestAdapter.js:82:19)
        at runTestInternal (/home/rgoldberg/projects/figure-collector-services/figure-collector-frontend/node_modules/jest-runner/build/runTest.js:389:16)
        at runTest (/home/rgoldberg/projects/figure-collector-services/figure-collector-frontend/node_modules/jest-runner/build/runTest.js:475:34) TypeError: Cannot destructure property 'register' of '(0 , _reactHookForm.useForm)(...)' as it is undefined.
        at Login (/home/rgoldberg/projects/figure-collector-services/figure-collector-frontend/src/pages/Login.tsx:37:5)
        at renderWithHooks (/home/rgoldberg/projects/figure-collector-services/figure-collector-frontend/node_modules/react-dom/cjs/react-dom.development.js:15486:18)
        at mountIndeterminateComponent (/home/rgoldberg/projects/figure-collector-services/figure-collector-frontend/node_modules/react-dom/cjs/react-dom.development.js:20103:13)
        at beginWork (/home/rgoldberg/projects/figure-collector-services/figure-collector-frontend/node_modules/react-dom/cjs/react-dom.development.js:21626:16)
        at HTMLUnknownElement.callCallback (/home/rgoldberg/projects/figure-collector-services/figure-collector-frontend/node_modules/react-dom/cjs/react-dom.development.js:4164:14)
        at HTMLUnknownElement.callTheUserObjectsOperation (/home/rgoldberg/projects/figure-collector-services/figure-collector-frontend/node_modules/jest-cli/node_modules/jsdom/lib/jsdom/living/generated/EventListener.js:26:30)
        at innerInvokeEventListeners (/home/rgoldberg/projects/figure-collector-services/figure-collector-frontend/node_modules/jest-cli/node_modules/jsdom/lib/jsdom/living/events/EventTarget-impl.js:338:25)
        at invokeEventListeners (/home/rgoldberg/projects/figure-collector-services/figure-collector-frontend/node_modules/jest-cli/node_modules/jsdom/lib/jsdom/living/events/EventTarget-impl.js:274:3)
        at HTMLUnknownElementImpl._dispatch (/home/rgoldberg/projects/figure-collector-services/figure-collector-frontend/node_modules/jest-cli/node_modules/jsdom/lib/jsdom/living/events/EventTarget-impl.js:221:9)
        at HTMLUnknownElementImpl.dispatchEvent (/home/rgoldberg/projects/figure-collector-services/figure-collector-frontend/node_modules/jest-cli/node_modules/jsdom/lib/jsdom/living/events/EventTarget-impl.js:94:17)
        at HTMLUnknownElement.dispatchEvent (/home/rgoldberg/projects/figure-collector-services/figure-collector-frontend/node_modules/jest-cli/node_modules/jsdom/lib/jsdom/living/generated/EventTarget.js:231:34)
        at Object.invokeGuardedCallbackDev (/home/rgoldberg/projects/figure-collector-services/figure-collector-frontend/node_modules/react-dom/cjs/react-dom.development.js:4213:16)
        at invokeGuardedCallback (/home/rgoldberg/projects/figure-collector-services/figure-collector-frontend/node_modules/react-dom/cjs/react-dom.development.js:4277:31)
        at beginWork$1 (/home/rgoldberg/projects/figure-collector-services/figure-collector-frontend/node_modules/react-dom/cjs/react-dom.development.js:27490:7)
        at performUnitOfWork (/home/rgoldberg/projects/figure-collector-services/figure-collector-frontend/node_modules/react-dom/cjs/react-dom.development.js:26599:12)
        at workLoopSync (/home/rgoldberg/projects/figure-collector-services/figure-collector-frontend/node_modules/react-dom/cjs/react-dom.development.js:26505:5)
        at renderRootSync (/home/rgoldberg/projects/figure-collector-services/figure-collector-frontend/node_modules/react-dom/cjs/react-dom.development.js:26473:7)
        at recoverFromConcurrentError (/home/rgoldberg/projects/figure-collector-services/figure-collector-frontend/node_modules/react-dom/cjs/react-dom.development.js:25889:20)
        at performConcurrentWorkOnRoot (/home/rgoldberg/projects/figure-collector-services/figure-collector-frontend/node_modules/react-dom/cjs/react-dom.development.js:25789:22)
        at flushActQueue (/home/rgoldberg/projects/figure-collector-services/figure-collector-frontend/node_modules/react/cjs/react.development.js:2667:24)
        at act (/home/rgoldberg/projects/figure-collector-services/figure-collector-frontend/node_modules/react/cjs/react.development.js:2582:11)
        at /home/rgoldberg/projects/figure-collector-services/figure-collector-frontend/node_modules/@testing-library/react/dist/act-compat.js:47:25
        at renderRoot (/home/rgoldberg/projects/figure-collector-services/figure-collector-frontend/node_modules/@testing-library/react/dist/pure.js:190:26)
        at render (/home/rgoldberg/projects/figure-collector-services/figure-collector-frontend/node_modules/@testing-library/react/dist/pure.js:292:10)
        at customRender (/home/rgoldberg/projects/figure-collector-services/figure-collector-frontend/src/test-utils.tsx:79:12)
        at Object.<anonymous> (/home/rgoldberg/projects/figure-collector-services/figure-collector-frontend/src/__tests__/integration/authentication.integration.test.tsx:71:11)
        at Promise.then.completed (/home/rgoldberg/projects/figure-collector-services/figure-collector-frontend/node_modules/@jest/core/node_modules/jest-circus/build/utils.js:391:28)
        at new Promise (<anonymous>)
        at callAsyncCircusFn (/home/rgoldberg/projects/figure-collector-services/figure-collector-frontend/node_modules/@jest/core/node_modules/jest-circus/build/utils.js:316:10)
        at _callCircusTest (/home/rgoldberg/projects/figure-collector-services/figure-collector-frontend/node_modules/@jest/core/node_modules/jest-circus/build/run.js:218:40)
        at _runTest (/home/rgoldberg/projects/figure-collector-services/figure-collector-frontend/node_modules/@jest/core/node_modules/jest-circus/build/run.js:155:3)
        at _runTestsForDescribeBlock (/home/rgoldberg/projects/figure-collector-services/figure-collector-frontend/node_modules/@jest/core/node_modules/jest-circus/build/run.js:66:9)
        at _runTestsForDescribeBlock (/home/rgoldberg/projects/figure-collector-services/figure-collector-frontend/node_modules/@jest/core/node_modules/jest-circus/build/run.js:60:9)
        at run (/home/rgoldberg/projects/figure-collector-services/figure-collector-frontend/node_modules/@jest/core/node_modules/jest-circus/build/run.js:25:3)
        at runAndTransformResultsToJestFormat (/home/rgoldberg/projects/figure-collector-services/figure-collector-frontend/node_modules/@jest/core/node_modules/jest-circus/build/legacy-code-todo-rewrite/jestAdapterInit.js:170:21)
        at jestAdapter (/home/rgoldberg/projects/figure-collector-services/figure-collector-frontend/node_modules/@jest/core/node_modules/jest-circus/build/legacy-code-todo-rewrite/jestAdapter.js:82:19)
        at runTestInternal (/home/rgoldberg/projects/figure-collector-services/figure-collector-frontend/node_modules/jest-runner/build/runTest.js:389:16)
        at runTest (/home/rgoldberg/projects/figure-collector-services/figure-collector-frontend/node_modules/jest-runner/build/runTest.js:475:34)

      77 |     initialRoutes?: string[] 
      78 |   }
    > 79 | ) => render(ui, { 
         |            ^
      80 |   wrapper: (props) => (
      81 |     <AllProviders 
      82 |       initialRoutes={options?.initialRoutes} 

      at VirtualConsole.<anonymous> (node_modules/jest-cli/node_modules/jsdom/lib/jsdom/virtual-console.js:29:45)
      at Object.invokeGuardedCallbackDev (node_modules/react-dom/cjs/react-dom.development.js:4213:16)
      at invokeGuardedCallback (node_modules/react-dom/cjs/react-dom.development.js:4277:31)
      at beginWork$1 (node_modules/react-dom/cjs/react-dom.development.js:27490:7)
      at performUnitOfWork (node_modules/react-dom/cjs/react-dom.development.js:26599:12)
      at workLoopSync (node_modules/react-dom/cjs/react-dom.development.js:26505:5)
      at renderRootSync (node_modules/react-dom/cjs/react-dom.development.js:26473:7)
      at recoverFromConcurrentError (node_modules/react-dom/cjs/react-dom.development.js:25889:20)
      at performConcurrentWorkOnRoot (node_modules/react-dom/cjs/react-dom.development.js:25789:22)
      at flushActQueue (node_modules/react/cjs/react.development.js:2667:24)
      at act (node_modules/react/cjs/react.development.js:2582:11)
      at node_modules/@testing-library/react/dist/act-compat.js:47:25
      at renderRoot (node_modules/@testing-library/react/dist/pure.js:190:26)
      at render (node_modules/@testing-library/react/dist/pure.js:292:10)
      at customRender (src/test-utils.tsx:79:12)
      at Object.<anonymous> (src/__tests__/integration/authentication.integration.test.tsx:71:11)

  console.error
    The above error occurred in the <Login> component:
    
        at Login (/home/rgoldberg/projects/figure-collector-services/figure-collector-frontend/src/pages/Login.tsx:31:49)
        at Router (/home/rgoldberg/projects/figure-collector-services/figure-collector-frontend/node_modules/react-router/lib/components.tsx:421:13)
        at MemoryRouter (/home/rgoldberg/projects/figure-collector-services/figure-collector-frontend/node_modules/react-router/lib/components.tsx:225:3)
        at div
        at ChakraProvider (/home/rgoldberg/projects/figure-collector-services/figure-collector-frontend/src/setupTests.ts:441:24)
        at div
        at MockQueryClientProvider (/home/rgoldberg/projects/figure-collector-services/figure-collector-frontend/src/test-utils.tsx:11:36)
        at AllProviders (/home/rgoldberg/projects/figure-collector-services/figure-collector-frontend/src/test-utils.tsx:40:25)
        at wrapper
    
    Consider adding an error boundary to your tree to customize error handling behavior.
    Visit https://reactjs.org/link/error-boundaries to learn more about error boundaries.

      77 |     initialRoutes?: string[] 
      78 |   }
    > 79 | ) => render(ui, { 
         |            ^
      80 |   wrapper: (props) => (
      81 |     <AllProviders 
      82 |       initialRoutes={options?.initialRoutes} 

      at logCapturedError (node_modules/react-dom/cjs/react-dom.development.js:18704:23)
      at update.callback (node_modules/react-dom/cjs/react-dom.development.js:18737:5)
      at callCallback (node_modules/react-dom/cjs/react-dom.development.js:15036:12)
      at commitUpdateQueue (node_modules/react-dom/cjs/react-dom.development.js:15057:9)
      at commitLayoutEffectOnFiber (node_modules/react-dom/cjs/react-dom.development.js:23430:13)
      at commitLayoutMountEffects_complete (node_modules/react-dom/cjs/react-dom.development.js:24727:9)
      at commitLayoutEffects_begin (node_modules/react-dom/cjs/react-dom.development.js:24713:7)
      at commitLayoutEffects (node_modules/react-dom/cjs/react-dom.development.js:24651:3)
      at commitRootImpl (node_modules/react-dom/cjs/react-dom.development.js:26862:5)
      at commitRoot (node_modules/react-dom/cjs/react-dom.development.js:26721:5)
      at finishConcurrentRender (node_modules/react-dom/cjs/react-dom.development.js:25931:9)
      at performConcurrentWorkOnRoot (node_modules/react-dom/cjs/react-dom.development.js:25848:7)
      at flushActQueue (node_modules/react/cjs/react.development.js:2667:24)
      at act (node_modules/react/cjs/react.development.js:2582:11)
      at node_modules/@testing-library/react/dist/act-compat.js:47:25
      at renderRoot (node_modules/@testing-library/react/dist/pure.js:190:26)
      at render (node_modules/@testing-library/react/dist/pure.js:292:10)
      at customRender (src/test-utils.tsx:79:12)
      at Object.<anonymous> (src/__tests__/integration/authentication.integration.test.tsx:71:11)

FAIL src/__tests__/integration/authentication.integration.test.tsx
  Authentication Integration
    ✕ successfully logs in with valid credentials (14 ms)
    ✕ handles login failure with invalid credentials (7 ms)

  ● Authentication Integration › successfully logs in with valid credentials

    TypeError: Cannot destructure property 'register' of '(0 , _reactHookForm.useForm)(...)' as it is undefined.

      35 |   
      36 |   const {
    > 37 |     register,
         |     ^
      38 |     handleSubmit,
      39 |     formState: { errors },
      40 |   } = useForm<LoginFormData>({

      at Login (src/pages/Login.tsx:37:5)
      at renderWithHooks (node_modules/react-dom/cjs/react-dom.development.js:15486:18)
      at mountIndeterminateComponent (node_modules/react-dom/cjs/react-dom.development.js:20103:13)
      at beginWork (node_modules/react-dom/cjs/react-dom.development.js:21626:16)
      at beginWork$1 (node_modules/react-dom/cjs/react-dom.development.js:27465:14)
      at performUnitOfWork (node_modules/react-dom/cjs/react-dom.development.js:26599:12)
      at workLoopSync (node_modules/react-dom/cjs/react-dom.development.js:26505:5)
      at renderRootSync (node_modules/react-dom/cjs/react-dom.development.js:26473:7)
      at recoverFromConcurrentError (node_modules/react-dom/cjs/react-dom.development.js:25889:20)
      at performConcurrentWorkOnRoot (node_modules/react-dom/cjs/react-dom.development.js:25789:22)
      at flushActQueue (node_modules/react/cjs/react.development.js:2667:24)
      at act (node_modules/react/cjs/react.development.js:2582:11)
      at node_modules/@testing-library/react/dist/act-compat.js:47:25
      at renderRoot (node_modules/@testing-library/react/dist/pure.js:190:26)
      at render (node_modules/@testing-library/react/dist/pure.js:292:10)
      at customRender (src/test-utils.tsx:79:12)
      at Object.<anonymous> (src/__tests__/integration/authentication.integration.test.tsx:38:11)

  ● Authentication Integration › handles login failure with invalid credentials

    TypeError: Cannot destructure property 'register' of '(0 , _reactHookForm.useForm)(...)' as it is undefined.

      35 |   
      36 |   const {
    > 37 |     register,
         |     ^
      38 |     handleSubmit,
      39 |     formState: { errors },
      40 |   } = useForm<LoginFormData>({

      at Login (src/pages/Login.tsx:37:5)
      at renderWithHooks (node_modules/react-dom/cjs/react-dom.development.js:15486:18)
      at mountIndeterminateComponent (node_modules/react-dom/cjs/react-dom.development.js:20103:13)
      at beginWork (node_modules/react-dom/cjs/react-dom.development.js:21626:16)
      at beginWork$1 (node_modules/react-dom/cjs/react-dom.development.js:27465:14)
      at performUnitOfWork (node_modules/react-dom/cjs/react-dom.development.js:26599:12)
      at workLoopSync (node_modules/react-dom/cjs/react-dom.development.js:26505:5)
      at renderRootSync (node_modules/react-dom/cjs/react-dom.development.js:26473:7)
      at recoverFromConcurrentError (node_modules/react-dom/cjs/react-dom.development.js:25889:20)
      at performConcurrentWorkOnRoot (node_modules/react-dom/cjs/react-dom.development.js:25789:22)
      at flushActQueue (node_modules/react/cjs/react.development.js:2667:24)
      at act (node_modules/react/cjs/react.development.js:2582:11)
      at node_modules/@testing-library/react/dist/act-compat.js:47:25
      at renderRoot (node_modules/@testing-library/react/dist/pure.js:190:26)
      at render (node_modules/@testing-library/react/dist/pure.js:292:10)
      at customRender (src/test-utils.tsx:79:12)
      at Object.<anonymous> (src/__tests__/integration/authentication.integration.test.tsx:71:11)

  console.error
    Warning: React does not recognize the `boxSize` prop on a DOM element. If you intentionally want it to appear in the DOM as a custom attribute, spell it as lowercase `boxsize` instead. If you accidentally passed it from a parent component, remove it from the DOM element.
        at span
        at /home/rgoldberg/projects/figure-collector-services/figure-collector-frontend/src/setupTests.ts:410:29
        at div
        at /home/rgoldberg/projects/figure-collector-services/figure-collector-frontend/src/setupTests.ts:410:29
        at div
        at /home/rgoldberg/projects/figure-collector-services/figure-collector-frontend/src/setupTests.ts:442:34
        at div
        at /home/rgoldberg/projects/figure-collector-services/figure-collector-frontend/src/setupTests.ts:410:29
        at Login (/home/rgoldberg/projects/figure-collector-services/figure-collector-frontend/src/pages/Login.tsx:31:49)
        at Router (/home/rgoldberg/projects/figure-collector-services/figure-collector-frontend/node_modules/react-router/lib/components.tsx:421:13)
        at MemoryRouter (/home/rgoldberg/projects/figure-collector-services/figure-collector-frontend/node_modules/react-router/lib/components.tsx:225:3)
        at div
        at ChakraProvider (/home/rgoldberg/projects/figure-collector-services/figure-collector-frontend/src/setupTests.ts:441:24)
        at div
        at MockQueryClientProvider (/home/rgoldberg/projects/figure-collector-services/figure-collector-frontend/src/test-utils.tsx:11:36)
        at AllProviders (/home/rgoldberg/projects/figure-collector-services/figure-collector-frontend/src/test-utils.tsx:40:25)
        at wrapper

      77 |     initialRoutes?: string[] 
      78 |   }
    > 79 | ) => render(ui, { 
         |            ^
      80 |   wrapper: (props) => (
      81 |     <AllProviders 
      82 |       initialRoutes={options?.initialRoutes} 

      at printWarning (node_modules/react-dom/cjs/react-dom.development.js:86:30)
      at error (node_modules/react-dom/cjs/react-dom.development.js:60:7)
      at validateProperty$1 (node_modules/react-dom/cjs/react-dom.development.js:3757:7)
      at warnUnknownProperties (node_modules/react-dom/cjs/react-dom.development.js:3803:21)
      at validateProperties$2 (node_modules/react-dom/cjs/react-dom.development.js:3827:3)
      at validatePropertiesInDevelopment (node_modules/react-dom/cjs/react-dom.development.js:9541:5)
      at setInitialProperties (node_modules/react-dom/cjs/react-dom.development.js:9830:5)
      at finalizeInitialChildren (node_modules/react-dom/cjs/react-dom.development.js:10950:3)
      at completeWork (node_modules/react-dom/cjs/react-dom.development.js:22232:17)
      at completeUnitOfWork (node_modules/react-dom/cjs/react-dom.development.js:26632:16)
      at performUnitOfWork (node_modules/react-dom/cjs/react-dom.development.js:26607:5)
      at workLoopSync (node_modules/react-dom/cjs/react-dom.development.js:26505:5)
      at renderRootSync (node_modules/react-dom/cjs/react-dom.development.js:26473:7)
      at performConcurrentWorkOnRoot (node_modules/react-dom/cjs/react-dom.development.js:25777:74)
      at flushActQueue (node_modules/react/cjs/react.development.js:2667:24)
      at act (node_modules/react/cjs/react.development.js:2582:11)
      at node_modules/@testing-library/react/dist/act-compat.js:47:25
      at renderRoot (node_modules/@testing-library/react/dist/pure.js:190:26)
      at render (node_modules/@testing-library/react/dist/pure.js:292:10)
      at customRender (src/test-utils.tsx:79:12)
      at Object.<anonymous> (src/pages/__tests__/Login.test.tsx:90:13)

  console.error
    Warning: Invalid value for prop `as` on <span> tag. Either remove it from the element, or pass a string or number value to keep it in the DOM. For details, see https://reactjs.org/link/attribute-behavior 
        at span
        at /home/rgoldberg/projects/figure-collector-services/figure-collector-frontend/src/setupTests.ts:410:29
        at div
        at /home/rgoldberg/projects/figure-collector-services/figure-collector-frontend/src/setupTests.ts:410:29
        at div
        at /home/rgoldberg/projects/figure-collector-services/figure-collector-frontend/src/setupTests.ts:442:34
        at div
        at /home/rgoldberg/projects/figure-collector-services/figure-collector-frontend/src/setupTests.ts:410:29
        at Login (/home/rgoldberg/projects/figure-collector-services/figure-collector-frontend/src/pages/Login.tsx:31:49)
        at Router (/home/rgoldberg/projects/figure-collector-services/figure-collector-frontend/node_modules/react-router/lib/components.tsx:421:13)
        at MemoryRouter (/home/rgoldberg/projects/figure-collector-services/figure-collector-frontend/node_modules/react-router/lib/components.tsx:225:3)
        at div
        at ChakraProvider (/home/rgoldberg/projects/figure-collector-services/figure-collector-frontend/src/setupTests.ts:441:24)
        at div
        at MockQueryClientProvider (/home/rgoldberg/projects/figure-collector-services/figure-collector-frontend/src/test-utils.tsx:11:36)
        at AllProviders (/home/rgoldberg/projects/figure-collector-services/figure-collector-frontend/src/test-utils.tsx:40:25)
        at wrapper

      77 |     initialRoutes?: string[] 
      78 |   }
    > 79 | ) => render(ui, { 
         |            ^
      80 |   wrapper: (props) => (
      81 |     <AllProviders 
      82 |       initialRoutes={options?.initialRoutes} 

      at printWarning (node_modules/react-dom/cjs/react-dom.development.js:86:30)
      at error (node_modules/react-dom/cjs/react-dom.development.js:60:7)
      at warnUnknownProperties (node_modules/react-dom/cjs/react-dom.development.js:3815:7)
      at validateProperties$2 (node_modules/react-dom/cjs/react-dom.development.js:3827:3)
      at validatePropertiesInDevelopment (node_modules/react-dom/cjs/react-dom.development.js:9541:5)
      at setInitialProperties (node_modules/react-dom/cjs/react-dom.development.js:9830:5)
      at finalizeInitialChildren (node_modules/react-dom/cjs/react-dom.development.js:10950:3)
      at completeWork (node_modules/react-dom/cjs/react-dom.development.js:22232:17)
      at completeUnitOfWork (node_modules/react-dom/cjs/react-dom.development.js:26632:16)
      at performUnitOfWork (node_modules/react-dom/cjs/react-dom.development.js:26607:5)
      at workLoopSync (node_modules/react-dom/cjs/react-dom.development.js:26505:5)
      at renderRootSync (node_modules/react-dom/cjs/react-dom.development.js:26473:7)
      at performConcurrentWorkOnRoot (node_modules/react-dom/cjs/react-dom.development.js:25777:74)
      at flushActQueue (node_modules/react/cjs/react.development.js:2667:24)
      at act (node_modules/react/cjs/react.development.js:2582:11)
      at node_modules/@testing-library/react/dist/act-compat.js:47:25
      at renderRoot (node_modules/@testing-library/react/dist/pure.js:190:26)
      at render (node_modules/@testing-library/react/dist/pure.js:292:10)
      at customRender (src/test-utils.tsx:79:12)
      at Object.<anonymous> (src/pages/__tests__/Login.test.tsx:90:13)

  console.error
    Warning: React does not recognize the `textAlign` prop on a DOM element. If you intentionally want it to appear in the DOM as a custom attribute, spell it as lowercase `textalign` instead. If you accidentally passed it from a parent component, remove it from the DOM element.
        at h1
        at /home/rgoldberg/projects/figure-collector-services/figure-collector-frontend/src/setupTests.ts:410:29
        at div
        at /home/rgoldberg/projects/figure-collector-services/figure-collector-frontend/src/setupTests.ts:410:29
        at div
        at /home/rgoldberg/projects/figure-collector-services/figure-collector-frontend/src/setupTests.ts:442:34
        at div
        at /home/rgoldberg/projects/figure-collector-services/figure-collector-frontend/src/setupTests.ts:410:29
        at Login (/home/rgoldberg/projects/figure-collector-services/figure-collector-frontend/src/pages/Login.tsx:31:49)
        at Router (/home/rgoldberg/projects/figure-collector-services/figure-collector-frontend/node_modules/react-router/lib/components.tsx:421:13)
        at MemoryRouter (/home/rgoldberg/projects/figure-collector-services/figure-collector-frontend/node_modules/react-router/lib/components.tsx:225:3)
        at div
        at ChakraProvider (/home/rgoldberg/projects/figure-collector-services/figure-collector-frontend/src/setupTests.ts:441:24)
        at div
        at MockQueryClientProvider (/home/rgoldberg/projects/figure-collector-services/figure-collector-frontend/src/test-utils.tsx:11:36)
        at AllProviders (/home/rgoldberg/projects/figure-collector-services/figure-collector-frontend/src/test-utils.tsx:40:25)
        at wrapper

      77 |     initialRoutes?: string[] 
      78 |   }
    > 79 | ) => render(ui, { 
         |            ^
      80 |   wrapper: (props) => (
      81 |     <AllProviders 
      82 |       initialRoutes={options?.initialRoutes} 

      at printWarning (node_modules/react-dom/cjs/react-dom.development.js:86:30)
      at error (node_modules/react-dom/cjs/react-dom.development.js:60:7)
      at validateProperty$1 (node_modules/react-dom/cjs/react-dom.development.js:3757:7)
      at warnUnknownProperties (node_modules/react-dom/cjs/react-dom.development.js:3803:21)
      at validateProperties$2 (node_modules/react-dom/cjs/react-dom.development.js:3827:3)
      at validatePropertiesInDevelopment (node_modules/react-dom/cjs/react-dom.development.js:9541:5)
      at setInitialProperties (node_modules/react-dom/cjs/react-dom.development.js:9830:5)
      at finalizeInitialChildren (node_modules/react-dom/cjs/react-dom.development.js:10950:3)
      at completeWork (node_modules/react-dom/cjs/react-dom.development.js:22232:17)
      at completeUnitOfWork (node_modules/react-dom/cjs/react-dom.development.js:26632:16)
      at performUnitOfWork (node_modules/react-dom/cjs/react-dom.development.js:26607:5)
      at workLoopSync (node_modules/react-dom/cjs/react-dom.development.js:26505:5)
      at renderRootSync (node_modules/react-dom/cjs/react-dom.development.js:26473:7)
      at performConcurrentWorkOnRoot (node_modules/react-dom/cjs/react-dom.development.js:25777:74)
      at flushActQueue (node_modules/react/cjs/react.development.js:2667:24)
      at act (node_modules/react/cjs/react.development.js:2582:11)
      at node_modules/@testing-library/react/dist/act-compat.js:47:25
      at renderRoot (node_modules/@testing-library/react/dist/pure.js:190:26)
      at render (node_modules/@testing-library/react/dist/pure.js:292:10)
      at customRender (src/test-utils.tsx:79:12)
      at Object.<anonymous> (src/pages/__tests__/Login.test.tsx:90:13)

  console.error
    Warning: React does not recognize the `isInvalid` prop on a DOM element. If you intentionally want it to appear in the DOM as a custom attribute, spell it as lowercase `isinvalid` instead. If you accidentally passed it from a parent component, remove it from the DOM element.
        at div
        at /home/rgoldberg/projects/figure-collector-services/figure-collector-frontend/src/setupTests.ts:501:42
        at form
        at /home/rgoldberg/projects/figure-collector-services/figure-collector-frontend/src/setupTests.ts:442:34
        at div
        at /home/rgoldberg/projects/figure-collector-services/figure-collector-frontend/src/setupTests.ts:442:34
        at div
        at /home/rgoldberg/projects/figure-collector-services/figure-collector-frontend/src/setupTests.ts:410:29
        at Login (/home/rgoldberg/projects/figure-collector-services/figure-collector-frontend/src/pages/Login.tsx:31:49)
        at Router (/home/rgoldberg/projects/figure-collector-services/figure-collector-frontend/node_modules/react-router/lib/components.tsx:421:13)
        at MemoryRouter (/home/rgoldberg/projects/figure-collector-services/figure-collector-frontend/node_modules/react-router/lib/components.tsx:225:3)
        at div
        at ChakraProvider (/home/rgoldberg/projects/figure-collector-services/figure-collector-frontend/src/setupTests.ts:441:24)
        at div
        at MockQueryClientProvider (/home/rgoldberg/projects/figure-collector-services/figure-collector-frontend/src/test-utils.tsx:11:36)
        at AllProviders (/home/rgoldberg/projects/figure-collector-services/figure-collector-frontend/src/test-utils.tsx:40:25)
        at wrapper

      77 |     initialRoutes?: string[] 
      78 |   }
    > 79 | ) => render(ui, { 
         |            ^
      80 |   wrapper: (props) => (
      81 |     <AllProviders 
      82 |       initialRoutes={options?.initialRoutes} 

      at printWarning (node_modules/react-dom/cjs/react-dom.development.js:86:30)
      at error (node_modules/react-dom/cjs/react-dom.development.js:60:7)
      at validateProperty$1 (node_modules/react-dom/cjs/react-dom.development.js:3757:7)
      at warnUnknownProperties (node_modules/react-dom/cjs/react-dom.development.js:3803:21)
      at validateProperties$2 (node_modules/react-dom/cjs/react-dom.development.js:3827:3)
      at validatePropertiesInDevelopment (node_modules/react-dom/cjs/react-dom.development.js:9541:5)
      at setInitialProperties (node_modules/react-dom/cjs/react-dom.development.js:9830:5)
      at finalizeInitialChildren (node_modules/react-dom/cjs/react-dom.development.js:10950:3)
      at completeWork (node_modules/react-dom/cjs/react-dom.development.js:22232:17)
      at completeUnitOfWork (node_modules/react-dom/cjs/react-dom.development.js:26632:16)
      at performUnitOfWork (node_modules/react-dom/cjs/react-dom.development.js:26607:5)
      at workLoopSync (node_modules/react-dom/cjs/react-dom.development.js:26505:5)
      at renderRootSync (node_modules/react-dom/cjs/react-dom.development.js:26473:7)
      at performConcurrentWorkOnRoot (node_modules/react-dom/cjs/react-dom.development.js:25777:74)
      at flushActQueue (node_modules/react/cjs/react.development.js:2667:24)
      at act (node_modules/react/cjs/react.development.js:2582:11)
      at node_modules/@testing-library/react/dist/act-compat.js:47:25
      at renderRoot (node_modules/@testing-library/react/dist/pure.js:190:26)
      at render (node_modules/@testing-library/react/dist/pure.js:292:10)
      at customRender (src/test-utils.tsx:79:12)
      at Object.<anonymous> (src/pages/__tests__/Login.test.tsx:90:13)

  console.error
    Warning: React does not recognize the `maxW` prop on a DOM element. If you intentionally want it to appear in the DOM as a custom attribute, spell it as lowercase `maxw` instead. If you accidentally passed it from a parent component, remove it from the DOM element.
        at div
        at /home/rgoldberg/projects/figure-collector-services/figure-collector-frontend/src/setupTests.ts:442:34
        at div
        at /home/rgoldberg/projects/figure-collector-services/figure-collector-frontend/src/setupTests.ts:410:29
        at Login (/home/rgoldberg/projects/figure-collector-services/figure-collector-frontend/src/pages/Login.tsx:31:49)
        at Router (/home/rgoldberg/projects/figure-collector-services/figure-collector-frontend/node_modules/react-router/lib/components.tsx:421:13)
        at MemoryRouter (/home/rgoldberg/projects/figure-collector-services/figure-collector-frontend/node_modules/react-router/lib/components.tsx:225:3)
        at div
        at ChakraProvider (/home/rgoldberg/projects/figure-collector-services/figure-collector-frontend/src/setupTests.ts:441:24)
        at div
        at MockQueryClientProvider (/home/rgoldberg/projects/figure-collector-services/figure-collector-frontend/src/test-utils.tsx:11:36)
        at AllProviders (/home/rgoldberg/projects/figure-collector-services/figure-collector-frontend/src/test-utils.tsx:40:25)
        at wrapper

      77 |     initialRoutes?: string[] 
      78 |   }
    > 79 | ) => render(ui, { 
         |            ^
      80 |   wrapper: (props) => (
      81 |     <AllProviders 
      82 |       initialRoutes={options?.initialRoutes} 

      at printWarning (node_modules/react-dom/cjs/react-dom.development.js:86:30)
      at error (node_modules/react-dom/cjs/react-dom.development.js:60:7)
      at validateProperty$1 (node_modules/react-dom/cjs/react-dom.development.js:3757:7)
      at warnUnknownProperties (node_modules/react-dom/cjs/react-dom.development.js:3803:21)
      at validateProperties$2 (node_modules/react-dom/cjs/react-dom.development.js:3827:3)
      at validatePropertiesInDevelopment (node_modules/react-dom/cjs/react-dom.development.js:9541:5)
      at setInitialProperties (node_modules/react-dom/cjs/react-dom.development.js:9830:5)
      at finalizeInitialChildren (node_modules/react-dom/cjs/react-dom.development.js:10950:3)
      at completeWork (node_modules/react-dom/cjs/react-dom.development.js:22232:17)
      at completeUnitOfWork (node_modules/react-dom/cjs/react-dom.development.js:26632:16)
      at performUnitOfWork (node_modules/react-dom/cjs/react-dom.development.js:26607:5)
      at workLoopSync (node_modules/react-dom/cjs/react-dom.development.js:26505:5)
      at renderRootSync (node_modules/react-dom/cjs/react-dom.development.js:26473:7)
      at performConcurrentWorkOnRoot (node_modules/react-dom/cjs/react-dom.development.js:25777:74)
      at flushActQueue (node_modules/react/cjs/react.development.js:2667:24)
      at act (node_modules/react/cjs/react.development.js:2582:11)
      at node_modules/@testing-library/react/dist/act-compat.js:47:25
      at renderRoot (node_modules/@testing-library/react/dist/pure.js:190:26)
      at render (node_modules/@testing-library/react/dist/pure.js:292:10)
      at customRender (src/test-utils.tsx:79:12)
      at Object.<anonymous> (src/pages/__tests__/Login.test.tsx:90:13)

  console.error
    Warning: React does not recognize the `minH` prop on a DOM element. If you intentionally want it to appear in the DOM as a custom attribute, spell it as lowercase `minh` instead. If you accidentally passed it from a parent component, remove it from the DOM element.
        at div
        at /home/rgoldberg/projects/figure-collector-services/figure-collector-frontend/src/setupTests.ts:410:29
        at Login (/home/rgoldberg/projects/figure-collector-services/figure-collector-frontend/src/pages/Login.tsx:31:49)
        at Router (/home/rgoldberg/projects/figure-collector-services/figure-collector-frontend/node_modules/react-router/lib/components.tsx:421:13)
        at MemoryRouter (/home/rgoldberg/projects/figure-collector-services/figure-collector-frontend/node_modules/react-router/lib/components.tsx:225:3)
        at div
        at ChakraProvider (/home/rgoldberg/projects/figure-collector-services/figure-collector-frontend/src/setupTests.ts:441:24)
        at div
        at MockQueryClientProvider (/home/rgoldberg/projects/figure-collector-services/figure-collector-frontend/src/test-utils.tsx:11:36)
        at AllProviders (/home/rgoldberg/projects/figure-collector-services/figure-collector-frontend/src/test-utils.tsx:40:25)
        at wrapper

      77 |     initialRoutes?: string[] 
      78 |   }
    > 79 | ) => render(ui, { 
         |            ^
      80 |   wrapper: (props) => (
      81 |     <AllProviders 
      82 |       initialRoutes={options?.initialRoutes} 

      at printWarning (node_modules/react-dom/cjs/react-dom.development.js:86:30)
      at error (node_modules/react-dom/cjs/react-dom.development.js:60:7)
      at validateProperty$1 (node_modules/react-dom/cjs/react-dom.development.js:3757:7)
      at warnUnknownProperties (node_modules/react-dom/cjs/react-dom.development.js:3803:21)
      at validateProperties$2 (node_modules/react-dom/cjs/react-dom.development.js:3827:3)
      at validatePropertiesInDevelopment (node_modules/react-dom/cjs/react-dom.development.js:9541:5)
      at setInitialProperties (node_modules/react-dom/cjs/react-dom.development.js:9830:5)
      at finalizeInitialChildren (node_modules/react-dom/cjs/react-dom.development.js:10950:3)
      at completeWork (node_modules/react-dom/cjs/react-dom.development.js:22232:17)
      at completeUnitOfWork (node_modules/react-dom/cjs/react-dom.development.js:26632:16)
      at performUnitOfWork (node_modules/react-dom/cjs/react-dom.development.js:26607:5)
      at workLoopSync (node_modules/react-dom/cjs/react-dom.development.js:26505:5)
      at renderRootSync (node_modules/react-dom/cjs/react-dom.development.js:26473:7)
      at performConcurrentWorkOnRoot (node_modules/react-dom/cjs/react-dom.development.js:25777:74)
      at flushActQueue (node_modules/react/cjs/react.development.js:2667:24)
      at act (node_modules/react/cjs/react.development.js:2582:11)
      at node_modules/@testing-library/react/dist/act-compat.js:47:25
      at renderRoot (node_modules/@testing-library/react/dist/pure.js:190:26)
      at render (node_modules/@testing-library/react/dist/pure.js:292:10)
      at customRender (src/test-utils.tsx:79:12)
      at Object.<anonymous> (src/pages/__tests__/Login.test.tsx:90:13)

  console.warn
    ⚠️ React Router Future Flag Warning: React Router will begin wrapping state updates in `React.startTransition` in v7. You can use the `v7_startTransition` future flag to opt-in early. For more information, see https://reactrouter.com/v6/upgrading/future#v7_starttransition.

      77 |     initialRoutes?: string[] 
      78 |   }
    > 79 | ) => render(ui, { 
         |            ^
      80 |   wrapper: (props) => (
      81 |     <AllProviders 
      82 |       initialRoutes={options?.initialRoutes} 

      at warnOnce (node_modules/react-router/lib/deprecations.ts:9:13)
      at logDeprecation (node_modules/react-router/lib/deprecations.ts:14:3)
      at logV6DeprecationWarnings (node_modules/react-router/lib/deprecations.ts:26:5)
      at node_modules/react-router/lib/components.tsx:257:25
      at commitHookEffectListMount (node_modules/react-dom/cjs/react-dom.development.js:23189:26)
      at commitPassiveMountOnFiber (node_modules/react-dom/cjs/react-dom.development.js:24970:11)
      at commitPassiveMountEffects_complete (node_modules/react-dom/cjs/react-dom.development.js:24930:9)
      at commitPassiveMountEffects_begin (node_modules/react-dom/cjs/react-dom.development.js:24917:7)
      at commitPassiveMountEffects (node_modules/react-dom/cjs/react-dom.development.js:24905:3)
      at flushPassiveEffectsImpl (node_modules/react-dom/cjs/react-dom.development.js:27078:3)
      at flushPassiveEffects (node_modules/react-dom/cjs/react-dom.development.js:27023:14)
      at node_modules/react-dom/cjs/react-dom.development.js:26808:9
      at flushActQueue (node_modules/react/cjs/react.development.js:2667:24)
      at act (node_modules/react/cjs/react.development.js:2582:11)
      at node_modules/@testing-library/react/dist/act-compat.js:47:25
      at renderRoot (node_modules/@testing-library/react/dist/pure.js:190:26)
      at render (node_modules/@testing-library/react/dist/pure.js:292:10)
      at customRender (src/test-utils.tsx:79:12)
      at Object.<anonymous> (src/pages/__tests__/Login.test.tsx:90:13)

  console.warn
    ⚠️ React Router Future Flag Warning: Relative route resolution within Splat routes is changing in v7. You can use the `v7_relativeSplatPath` future flag to opt-in early. For more information, see https://reactrouter.com/v6/upgrading/future#v7_relativesplatpath.

      77 |     initialRoutes?: string[] 
      78 |   }
    > 79 | ) => render(ui, { 
         |            ^
      80 |   wrapper: (props) => (
      81 |     <AllProviders 
      82 |       initialRoutes={options?.initialRoutes} 

      at warnOnce (node_modules/react-router/lib/deprecations.ts:9:13)
      at logDeprecation (node_modules/react-router/lib/deprecations.ts:14:3)
      at logV6DeprecationWarnings (node_modules/react-router/lib/deprecations.ts:37:5)
      at node_modules/react-router/lib/components.tsx:257:25
      at commitHookEffectListMount (node_modules/react-dom/cjs/react-dom.development.js:23189:26)
      at commitPassiveMountOnFiber (node_modules/react-dom/cjs/react-dom.development.js:24970:11)
      at commitPassiveMountEffects_complete (node_modules/react-dom/cjs/react-dom.development.js:24930:9)
      at commitPassiveMountEffects_begin (node_modules/react-dom/cjs/react-dom.development.js:24917:7)
      at commitPassiveMountEffects (node_modules/react-dom/cjs/react-dom.development.js:24905:3)
      at flushPassiveEffectsImpl (node_modules/react-dom/cjs/react-dom.development.js:27078:3)
      at flushPassiveEffects (node_modules/react-dom/cjs/react-dom.development.js:27023:14)
      at node_modules/react-dom/cjs/react-dom.development.js:26808:9
      at flushActQueue (node_modules/react/cjs/react.development.js:2667:24)
      at act (node_modules/react/cjs/react.development.js:2582:11)
      at node_modules/@testing-library/react/dist/act-compat.js:47:25
      at renderRoot (node_modules/@testing-library/react/dist/pure.js:190:26)
      at render (node_modules/@testing-library/react/dist/pure.js:292:10)
      at customRender (src/test-utils.tsx:79:12)
      at Object.<anonymous> (src/pages/__tests__/Login.test.tsx:90:13)

PASS src/pages/__tests__/Login.test.tsx
  Login
    component rendering
      ✓ should render login form correctly (57 ms)
      ✓ should render register link correctly (5 ms)
      ✓ should render app logo and title (13 ms)
    form validation
      ✓ should not submit form when validation fails (19 ms)
    password visibility toggle
      ✓ should toggle password visibility when eye icon is clicked (21 ms)
      ✓ should show correct eye icon based on password visibility (20 ms)
    form submission
      ✓ should call form submit handler when form is submitted (40 ms)
    accessibility
      ✓ should have proper form labels and associations (4 ms)
      ✓ should have proper autocomplete attributes (4 ms)
      ✓ should have proper form structure for screen readers (8 ms)
    keyboard navigation
      ✓ should allow tabbing through form elements (33 ms)
    edge cases
      ✓ should handle very long email addresses (45 ms)
      ✓ should handle very long passwords (260 ms)
      ✓ should handle special characters in form inputs (24 ms)
      ✓ should not show validation errors on initial render (7 ms)

  console.error
    Warning: Each child in a list should have a unique "key" prop.
    
    Check the render method of `ForwardRef`. It was passed a child from Navbar. See https://reactjs.org/link/warning-keys for more information.
        at /home/rgoldberg/projects/figure-collector-services/figure-collector-frontend/src/setupTests.ts:442:34
        at /home/rgoldberg/projects/figure-collector-services/figure-collector-frontend/src/setupTests.ts:482:41
        at div
        at /home/rgoldberg/projects/figure-collector-services/figure-collector-frontend/src/setupTests.ts:410:29
        at div
        at /home/rgoldberg/projects/figure-collector-services/figure-collector-frontend/src/setupTests.ts:410:29
        at div
        at /home/rgoldberg/projects/figure-collector-services/figure-collector-frontend/src/setupTests.ts:442:34
        at Navbar
        at Router (/home/rgoldberg/projects/figure-collector-services/figure-collector-frontend/node_modules/react-router/lib/components.tsx:421:13)
        at MemoryRouter (/home/rgoldberg/projects/figure-collector-services/figure-collector-frontend/node_modules/react-router/lib/components.tsx:225:3)
        at div
        at ChakraProvider (/home/rgoldberg/projects/figure-collector-services/figure-collector-frontend/src/setupTests.ts:441:24)
        at div
        at MockQueryClientProvider (/home/rgoldberg/projects/figure-collector-services/figure-collector-frontend/src/test-utils.tsx:11:36)
        at AllProviders (/home/rgoldberg/projects/figure-collector-services/figure-collector-frontend/src/test-utils.tsx:40:25)
        at wrapper

      481 |     }),
      482 |     IconButton: mockReact.forwardRef(({ children, isDisabled, isLoading, icon, ...props }: any, ref: any) =>
    > 483 |       mockReact.createElement('button', { 
          |                 ^
      484 |         'data-testid': 'icon-button', 
      485 |         ref,
      486 |         disabled: isDisabled || isLoading,

      at printWarning (node_modules/react/cjs/react.development.js:209:30)
      at error (node_modules/react/cjs/react.development.js:183:7)
      at validateExplicitKey (node_modules/react/cjs/react.development.js:2191:5)
      at validateChildKeys (node_modules/react/cjs/react.development.js:2217:9)
      at Object.createElement (node_modules/react/cjs/react.development.js:2372:7)
      at src/setupTests.ts:483:17
      at renderWithHooks (node_modules/react-dom/cjs/react-dom.development.js:15486:18)
      at updateForwardRef (node_modules/react-dom/cjs/react-dom.development.js:19245:20)
      at beginWork (node_modules/react-dom/cjs/react-dom.development.js:21675:16)
      at beginWork$1 (node_modules/react-dom/cjs/react-dom.development.js:27465:14)
      at performUnitOfWork (node_modules/react-dom/cjs/react-dom.development.js:26599:12)
      at workLoopSync (node_modules/react-dom/cjs/react-dom.development.js:26505:5)
      at renderRootSync (node_modules/react-dom/cjs/react-dom.development.js:26473:7)
      at performConcurrentWorkOnRoot (node_modules/react-dom/cjs/react-dom.development.js:25777:74)
      at flushActQueue (node_modules/react/cjs/react.development.js:2667:24)
      at act (node_modules/react/cjs/react.development.js:2582:11)
      at node_modules/@testing-library/react/dist/act-compat.js:47:25
      at renderRoot (node_modules/@testing-library/react/dist/pure.js:190:26)
      at render (node_modules/@testing-library/react/dist/pure.js:292:10)
      at customRender (src/test-utils.tsx:79:12)
      at Object.<anonymous> (src/components/__tests__/Navbar.test.tsx:56:13)

  console.error
    Warning: React does not recognize the `textAlign` prop on a DOM element. If you intentionally want it to appear in the DOM as a custom attribute, spell it as lowercase `textalign` instead. If you accidentally passed it from a parent component, remove it from the DOM element.
        at a
        at /home/rgoldberg/projects/figure-collector-services/figure-collector-frontend/src/setupTests.ts:524:35
        at div
        at /home/rgoldberg/projects/figure-collector-services/figure-collector-frontend/src/setupTests.ts:410:29
        at div
        at /home/rgoldberg/projects/figure-collector-services/figure-collector-frontend/src/setupTests.ts:410:29
        at div
        at /home/rgoldberg/projects/figure-collector-services/figure-collector-frontend/src/setupTests.ts:442:34
        at Navbar
        at Router (/home/rgoldberg/projects/figure-collector-services/figure-collector-frontend/node_modules/react-router/lib/components.tsx:421:13)
        at MemoryRouter (/home/rgoldberg/projects/figure-collector-services/figure-collector-frontend/node_modules/react-router/lib/components.tsx:225:3)
        at div
        at ChakraProvider (/home/rgoldberg/projects/figure-collector-services/figure-collector-frontend/src/setupTests.ts:441:24)
        at div
        at MockQueryClientProvider (/home/rgoldberg/projects/figure-collector-services/figure-collector-frontend/src/test-utils.tsx:11:36)
        at AllProviders (/home/rgoldberg/projects/figure-collector-services/figure-collector-frontend/src/test-utils.tsx:40:25)
        at wrapper

      77 |     initialRoutes?: string[] 
      78 |   }
    > 79 | ) => render(ui, { 
         |            ^
      80 |   wrapper: (props) => (
      81 |     <AllProviders 
      82 |       initialRoutes={options?.initialRoutes} 

      at printWarning (node_modules/react-dom/cjs/react-dom.development.js:86:30)
      at error (node_modules/react-dom/cjs/react-dom.development.js:60:7)
      at validateProperty$1 (node_modules/react-dom/cjs/react-dom.development.js:3757:7)
      at warnUnknownProperties (node_modules/react-dom/cjs/react-dom.development.js:3803:21)
      at validateProperties$2 (node_modules/react-dom/cjs/react-dom.development.js:3827:3)
      at validatePropertiesInDevelopment (node_modules/react-dom/cjs/react-dom.development.js:9541:5)
      at setInitialProperties (node_modules/react-dom/cjs/react-dom.development.js:9830:5)
      at finalizeInitialChildren (node_modules/react-dom/cjs/react-dom.development.js:10950:3)
      at completeWork (node_modules/react-dom/cjs/react-dom.development.js:22232:17)
      at completeUnitOfWork (node_modules/react-dom/cjs/react-dom.development.js:26632:16)
      at performUnitOfWork (node_modules/react-dom/cjs/react-dom.development.js:26607:5)
      at workLoopSync (node_modules/react-dom/cjs/react-dom.development.js:26505:5)
      at renderRootSync (node_modules/react-dom/cjs/react-dom.development.js:26473:7)
      at performConcurrentWorkOnRoot (node_modules/react-dom/cjs/react-dom.development.js:25777:74)
      at flushActQueue (node_modules/react/cjs/react.development.js:2667:24)
      at act (node_modules/react/cjs/react.development.js:2582:11)
      at node_modules/@testing-library/react/dist/act-compat.js:47:25
      at renderRoot (node_modules/@testing-library/react/dist/pure.js:190:26)
      at render (node_modules/@testing-library/react/dist/pure.js:292:10)
      at customRender (src/test-utils.tsx:79:12)
      at Object.<anonymous> (src/components/__tests__/Navbar.test.tsx:56:13)

  console.error
    Warning: React does not recognize the `_groupHover` prop on a DOM element. If you intentionally want it to appear in the DOM as a custom attribute, spell it as lowercase `_grouphover` instead. If you accidentally passed it from a parent component, remove it from the DOM element.
        at p
        at /home/rgoldberg/projects/figure-collector-services/figure-collector-frontend/src/setupTests.ts:410:29
        at div
        at /home/rgoldberg/projects/figure-collector-services/figure-collector-frontend/src/setupTests.ts:442:34
        at div
        at /home/rgoldberg/projects/figure-collector-services/figure-collector-frontend/src/setupTests.ts:410:29
        at a
        at /home/rgoldberg/projects/figure-collector-services/figure-collector-frontend/src/setupTests.ts:524:35
        at DesktopSubNav (/home/rgoldberg/projects/figure-collector-services/figure-collector-frontend/src/components/Navbar.tsx:225:26)
        at div
        at /home/rgoldberg/projects/figure-collector-services/figure-collector-frontend/src/setupTests.ts:410:29
        at div
        at /home/rgoldberg/projects/figure-collector-services/figure-collector-frontend/src/setupTests.ts:613:45
        at div
        at /home/rgoldberg/projects/figure-collector-services/figure-collector-frontend/src/setupTests.ts:599:38
        at div
        at /home/rgoldberg/projects/figure-collector-services/figure-collector-frontend/src/setupTests.ts:442:34
        at div
        at /home/rgoldberg/projects/figure-collector-services/figure-collector-frontend/src/setupTests.ts:410:29
        at DesktopNav
        at div
        at /home/rgoldberg/projects/figure-collector-services/figure-collector-frontend/src/setupTests.ts:410:29
        at div
        at /home/rgoldberg/projects/figure-collector-services/figure-collector-frontend/src/setupTests.ts:410:29
        at div
        at /home/rgoldberg/projects/figure-collector-services/figure-collector-frontend/src/setupTests.ts:410:29
        at div
        at /home/rgoldberg/projects/figure-collector-services/figure-collector-frontend/src/setupTests.ts:442:34
        at Navbar
        at Router (/home/rgoldberg/projects/figure-collector-services/figure-collector-frontend/node_modules/react-router/lib/components.tsx:421:13)
        at MemoryRouter (/home/rgoldberg/projects/figure-collector-services/figure-collector-frontend/node_modules/react-router/lib/components.tsx:225:3)
        at div
        at ChakraProvider (/home/rgoldberg/projects/figure-collector-services/figure-collector-frontend/src/setupTests.ts:441:24)
        at div
        at MockQueryClientProvider (/home/rgoldberg/projects/figure-collector-services/figure-collector-frontend/src/test-utils.tsx:11:36)
        at AllProviders (/home/rgoldberg/projects/figure-collector-services/figure-collector-frontend/src/test-utils.tsx:40:25)
        at wrapper

      77 |     initialRoutes?: string[] 
      78 |   }
    > 79 | ) => render(ui, { 
         |            ^
      80 |   wrapper: (props) => (
      81 |     <AllProviders 
      82 |       initialRoutes={options?.initialRoutes} 

      at printWarning (node_modules/react-dom/cjs/react-dom.development.js:86:30)
      at error (node_modules/react-dom/cjs/react-dom.development.js:60:7)
      at validateProperty$1 (node_modules/react-dom/cjs/react-dom.development.js:3757:7)
      at warnUnknownProperties (node_modules/react-dom/cjs/react-dom.development.js:3803:21)
      at validateProperties$2 (node_modules/react-dom/cjs/react-dom.development.js:3827:3)
      at validatePropertiesInDevelopment (node_modules/react-dom/cjs/react-dom.development.js:9541:5)
      at setInitialProperties (node_modules/react-dom/cjs/react-dom.development.js:9830:5)
      at finalizeInitialChildren (node_modules/react-dom/cjs/react-dom.development.js:10950:3)
      at completeWork (node_modules/react-dom/cjs/react-dom.development.js:22232:17)
      at completeUnitOfWork (node_modules/react-dom/cjs/react-dom.development.js:26632:16)
      at performUnitOfWork (node_modules/react-dom/cjs/react-dom.development.js:26607:5)
      at workLoopSync (node_modules/react-dom/cjs/react-dom.development.js:26505:5)
      at renderRootSync (node_modules/react-dom/cjs/react-dom.development.js:26473:7)
      at performConcurrentWorkOnRoot (node_modules/react-dom/cjs/react-dom.development.js:25777:74)
      at flushActQueue (node_modules/react/cjs/react.development.js:2667:24)
      at act (node_modules/react/cjs/react.development.js:2582:11)
      at node_modules/@testing-library/react/dist/act-compat.js:47:25
      at renderRoot (node_modules/@testing-library/react/dist/pure.js:190:26)
      at render (node_modules/@testing-library/react/dist/pure.js:292:10)
      at customRender (src/test-utils.tsx:79:12)
      at Object.<anonymous> (src/components/__tests__/Navbar.test.tsx:56:13)

  console.error
    Warning: React does not recognize the `boxShadow` prop on a DOM element. If you intentionally want it to appear in the DOM as a custom attribute, spell it as lowercase `boxshadow` instead. If you accidentally passed it from a parent component, remove it from the DOM element.
        at div
        at /home/rgoldberg/projects/figure-collector-services/figure-collector-frontend/src/setupTests.ts:613:45
        at div
        at /home/rgoldberg/projects/figure-collector-services/figure-collector-frontend/src/setupTests.ts:599:38
        at div
        at /home/rgoldberg/projects/figure-collector-services/figure-collector-frontend/src/setupTests.ts:442:34
        at div
        at /home/rgoldberg/projects/figure-collector-services/figure-collector-frontend/src/setupTests.ts:410:29
        at DesktopNav
        at div
        at /home/rgoldberg/projects/figure-collector-services/figure-collector-frontend/src/setupTests.ts:410:29
        at div
        at /home/rgoldberg/projects/figure-collector-services/figure-collector-frontend/src/setupTests.ts:410:29
        at div
        at /home/rgoldberg/projects/figure-collector-services/figure-collector-frontend/src/setupTests.ts:410:29
        at div
        at /home/rgoldberg/projects/figure-collector-services/figure-collector-frontend/src/setupTests.ts:442:34
        at Navbar
        at Router (/home/rgoldberg/projects/figure-collector-services/figure-collector-frontend/node_modules/react-router/lib/components.tsx:421:13)
        at MemoryRouter (/home/rgoldberg/projects/figure-collector-services/figure-collector-frontend/node_modules/react-router/lib/components.tsx:225:3)
        at div
        at ChakraProvider (/home/rgoldberg/projects/figure-collector-services/figure-collector-frontend/src/setupTests.ts:441:24)
        at div
        at MockQueryClientProvider (/home/rgoldberg/projects/figure-collector-services/figure-collector-frontend/src/test-utils.tsx:11:36)
        at AllProviders (/home/rgoldberg/projects/figure-collector-services/figure-collector-frontend/src/test-utils.tsx:40:25)
        at wrapper

      77 |     initialRoutes?: string[] 
      78 |   }
    > 79 | ) => render(ui, { 
         |            ^
      80 |   wrapper: (props) => (
      81 |     <AllProviders 
      82 |       initialRoutes={options?.initialRoutes} 

      at printWarning (node_modules/react-dom/cjs/react-dom.development.js:86:30)
      at error (node_modules/react-dom/cjs/react-dom.development.js:60:7)
      at validateProperty$1 (node_modules/react-dom/cjs/react-dom.development.js:3757:7)
      at warnUnknownProperties (node_modules/react-dom/cjs/react-dom.development.js:3803:21)
      at validateProperties$2 (node_modules/react-dom/cjs/react-dom.development.js:3827:3)
      at validatePropertiesInDevelopment (node_modules/react-dom/cjs/react-dom.development.js:9541:5)
      at setInitialProperties (node_modules/react-dom/cjs/react-dom.development.js:9830:5)
      at finalizeInitialChildren (node_modules/react-dom/cjs/react-dom.development.js:10950:3)
      at completeWork (node_modules/react-dom/cjs/react-dom.development.js:22232:17)
      at completeUnitOfWork (node_modules/react-dom/cjs/react-dom.development.js:26632:16)
      at performUnitOfWork (node_modules/react-dom/cjs/react-dom.development.js:26607:5)
      at workLoopSync (node_modules/react-dom/cjs/react-dom.development.js:26505:5)
      at renderRootSync (node_modules/react-dom/cjs/react-dom.development.js:26473:7)
      at performConcurrentWorkOnRoot (node_modules/react-dom/cjs/react-dom.development.js:25777:74)
      at flushActQueue (node_modules/react/cjs/react.development.js:2667:24)
      at act (node_modules/react/cjs/react.development.js:2582:11)
      at node_modules/@testing-library/react/dist/act-compat.js:47:25
      at renderRoot (node_modules/@testing-library/react/dist/pure.js:190:26)
      at render (node_modules/@testing-library/react/dist/pure.js:292:10)
      at customRender (src/test-utils.tsx:79:12)
      at Object.<anonymous> (src/components/__tests__/Navbar.test.tsx:56:13)

  console.error
    Warning: React does not recognize the `minW` prop on a DOM element. If you intentionally want it to appear in the DOM as a custom attribute, spell it as lowercase `minw` instead. If you accidentally passed it from a parent component, remove it from the DOM element.
        at div
        at /home/rgoldberg/projects/figure-collector-services/figure-collector-frontend/src/setupTests.ts:613:45
        at div
        at /home/rgoldberg/projects/figure-collector-services/figure-collector-frontend/src/setupTests.ts:599:38
        at div
        at /home/rgoldberg/projects/figure-collector-services/figure-collector-frontend/src/setupTests.ts:442:34
        at div
        at /home/rgoldberg/projects/figure-collector-services/figure-collector-frontend/src/setupTests.ts:410:29
        at DesktopNav
        at div
        at /home/rgoldberg/projects/figure-collector-services/figure-collector-frontend/src/setupTests.ts:410:29
        at div
        at /home/rgoldberg/projects/figure-collector-services/figure-collector-frontend/src/setupTests.ts:410:29
        at div
        at /home/rgoldberg/projects/figure-collector-services/figure-collector-frontend/src/setupTests.ts:410:29
        at div
        at /home/rgoldberg/projects/figure-collector-services/figure-collector-frontend/src/setupTests.ts:442:34
        at Navbar
        at Router (/home/rgoldberg/projects/figure-collector-services/figure-collector-frontend/node_modules/react-router/lib/components.tsx:421:13)
        at MemoryRouter (/home/rgoldberg/projects/figure-collector-services/figure-collector-frontend/node_modules/react-router/lib/components.tsx:225:3)
        at div
        at ChakraProvider (/home/rgoldberg/projects/figure-collector-services/figure-collector-frontend/src/setupTests.ts:441:24)
        at div
        at MockQueryClientProvider (/home/rgoldberg/projects/figure-collector-services/figure-collector-frontend/src/test-utils.tsx:11:36)
        at AllProviders (/home/rgoldberg/projects/figure-collector-services/figure-collector-frontend/src/test-utils.tsx:40:25)
        at wrapper

      77 |     initialRoutes?: string[] 
      78 |   }
    > 79 | ) => render(ui, { 
         |            ^
      80 |   wrapper: (props) => (
      81 |     <AllProviders 
      82 |       initialRoutes={options?.initialRoutes} 

      at printWarning (node_modules/react-dom/cjs/react-dom.development.js:86:30)
      at error (node_modules/react-dom/cjs/react-dom.development.js:60:7)
      at validateProperty$1 (node_modules/react-dom/cjs/react-dom.development.js:3757:7)
      at warnUnknownProperties (node_modules/react-dom/cjs/react-dom.development.js:3803:21)
      at validateProperties$2 (node_modules/react-dom/cjs/react-dom.development.js:3827:3)
      at validatePropertiesInDevelopment (node_modules/react-dom/cjs/react-dom.development.js:9541:5)
      at setInitialProperties (node_modules/react-dom/cjs/react-dom.development.js:9830:5)
      at finalizeInitialChildren (node_modules/react-dom/cjs/react-dom.development.js:10950:3)
      at completeWork (node_modules/react-dom/cjs/react-dom.development.js:22232:17)
      at completeUnitOfWork (node_modules/react-dom/cjs/react-dom.development.js:26632:16)
      at performUnitOfWork (node_modules/react-dom/cjs/react-dom.development.js:26607:5)
      at workLoopSync (node_modules/react-dom/cjs/react-dom.development.js:26505:5)
      at renderRootSync (node_modules/react-dom/cjs/react-dom.development.js:26473:7)
      at performConcurrentWorkOnRoot (node_modules/react-dom/cjs/react-dom.development.js:25777:74)
      at flushActQueue (node_modules/react/cjs/react.development.js:2667:24)
      at act (node_modules/react/cjs/react.development.js:2582:11)
      at node_modules/@testing-library/react/dist/act-compat.js:47:25
      at renderRoot (node_modules/@testing-library/react/dist/pure.js:190:26)
      at render (node_modules/@testing-library/react/dist/pure.js:292:10)
      at customRender (src/test-utils.tsx:79:12)
      at Object.<anonymous> (src/components/__tests__/Navbar.test.tsx:56:13)

  console.error
    Warning: React does not recognize the `minH` prop on a DOM element. If you intentionally want it to appear in the DOM as a custom attribute, spell it as lowercase `minh` instead. If you accidentally passed it from a parent component, remove it from the DOM element.
        at div
        at /home/rgoldberg/projects/figure-collector-services/figure-collector-frontend/src/setupTests.ts:410:29
        at div
        at /home/rgoldberg/projects/figure-collector-services/figure-collector-frontend/src/setupTests.ts:442:34
        at Navbar
        at Router (/home/rgoldberg/projects/figure-collector-services/figure-collector-frontend/node_modules/react-router/lib/components.tsx:421:13)
        at MemoryRouter (/home/rgoldberg/projects/figure-collector-services/figure-collector-frontend/node_modules/react-router/lib/components.tsx:225:3)
        at div
        at ChakraProvider (/home/rgoldberg/projects/figure-collector-services/figure-collector-frontend/src/setupTests.ts:441:24)
        at div
        at MockQueryClientProvider (/home/rgoldberg/projects/figure-collector-services/figure-collector-frontend/src/test-utils.tsx:11:36)
        at AllProviders (/home/rgoldberg/projects/figure-collector-services/figure-collector-frontend/src/test-utils.tsx:40:25)
        at wrapper

      77 |     initialRoutes?: string[] 
      78 |   }
    > 79 | ) => render(ui, { 
         |            ^
      80 |   wrapper: (props) => (
      81 |     <AllProviders 
      82 |       initialRoutes={options?.initialRoutes} 

      at printWarning (node_modules/react-dom/cjs/react-dom.development.js:86:30)
      at error (node_modules/react-dom/cjs/react-dom.development.js:60:7)
      at validateProperty$1 (node_modules/react-dom/cjs/react-dom.development.js:3757:7)
      at warnUnknownProperties (node_modules/react-dom/cjs/react-dom.development.js:3803:21)
      at validateProperties$2 (node_modules/react-dom/cjs/react-dom.development.js:3827:3)
      at validatePropertiesInDevelopment (node_modules/react-dom/cjs/react-dom.development.js:9541:5)
      at setInitialProperties (node_modules/react-dom/cjs/react-dom.development.js:9830:5)
      at finalizeInitialChildren (node_modules/react-dom/cjs/react-dom.development.js:10950:3)
      at completeWork (node_modules/react-dom/cjs/react-dom.development.js:22232:17)
      at completeUnitOfWork (node_modules/react-dom/cjs/react-dom.development.js:26632:16)
      at performUnitOfWork (node_modules/react-dom/cjs/react-dom.development.js:26607:5)
      at workLoopSync (node_modules/react-dom/cjs/react-dom.development.js:26505:5)
      at renderRootSync (node_modules/react-dom/cjs/react-dom.development.js:26473:7)
      at performConcurrentWorkOnRoot (node_modules/react-dom/cjs/react-dom.development.js:25777:74)
      at flushActQueue (node_modules/react/cjs/react.development.js:2667:24)
      at act (node_modules/react/cjs/react.development.js:2582:11)
      at node_modules/@testing-library/react/dist/act-compat.js:47:25
      at renderRoot (node_modules/@testing-library/react/dist/pure.js:190:26)
      at render (node_modules/@testing-library/react/dist/pure.js:292:10)
      at customRender (src/test-utils.tsx:79:12)
      at Object.<anonymous> (src/components/__tests__/Navbar.test.tsx:56:13)

  console.error
    Warning: React does not recognize the `borderBottom` prop on a DOM element. If you intentionally want it to appear in the DOM as a custom attribute, spell it as lowercase `borderbottom` instead. If you accidentally passed it from a parent component, remove it from the DOM element.
        at div
        at /home/rgoldberg/projects/figure-collector-services/figure-collector-frontend/src/setupTests.ts:410:29
        at div
        at /home/rgoldberg/projects/figure-collector-services/figure-collector-frontend/src/setupTests.ts:442:34
        at Navbar
        at Router (/home/rgoldberg/projects/figure-collector-services/figure-collector-frontend/node_modules/react-router/lib/components.tsx:421:13)
        at MemoryRouter (/home/rgoldberg/projects/figure-collector-services/figure-collector-frontend/node_modules/react-router/lib/components.tsx:225:3)
        at div
        at ChakraProvider (/home/rgoldberg/projects/figure-collector-services/figure-collector-frontend/src/setupTests.ts:441:24)
        at div
        at MockQueryClientProvider (/home/rgoldberg/projects/figure-collector-services/figure-collector-frontend/src/test-utils.tsx:11:36)
        at AllProviders (/home/rgoldberg/projects/figure-collector-services/figure-collector-frontend/src/test-utils.tsx:40:25)
        at wrapper

      77 |     initialRoutes?: string[] 
      78 |   }
    > 79 | ) => render(ui, { 
         |            ^
      80 |   wrapper: (props) => (
      81 |     <AllProviders 
      82 |       initialRoutes={options?.initialRoutes} 

      at printWarning (node_modules/react-dom/cjs/react-dom.development.js:86:30)
      at error (node_modules/react-dom/cjs/react-dom.development.js:60:7)
      at validateProperty$1 (node_modules/react-dom/cjs/react-dom.development.js:3757:7)
      at warnUnknownProperties (node_modules/react-dom/cjs/react-dom.development.js:3803:21)
      at validateProperties$2 (node_modules/react-dom/cjs/react-dom.development.js:3827:3)
      at validatePropertiesInDevelopment (node_modules/react-dom/cjs/react-dom.development.js:9541:5)
      at setInitialProperties (node_modules/react-dom/cjs/react-dom.development.js:9830:5)
      at finalizeInitialChildren (node_modules/react-dom/cjs/react-dom.development.js:10950:3)
      at completeWork (node_modules/react-dom/cjs/react-dom.development.js:22232:17)
      at completeUnitOfWork (node_modules/react-dom/cjs/react-dom.development.js:26632:16)
      at performUnitOfWork (node_modules/react-dom/cjs/react-dom.development.js:26607:5)
      at workLoopSync (node_modules/react-dom/cjs/react-dom.development.js:26505:5)
      at renderRootSync (node_modules/react-dom/cjs/react-dom.development.js:26473:7)
      at performConcurrentWorkOnRoot (node_modules/react-dom/cjs/react-dom.development.js:25777:74)
      at flushActQueue (node_modules/react/cjs/react.development.js:2667:24)
      at act (node_modules/react/cjs/react.development.js:2582:11)
      at node_modules/@testing-library/react/dist/act-compat.js:47:25
      at renderRoot (node_modules/@testing-library/react/dist/pure.js:190:26)
      at render (node_modules/@testing-library/react/dist/pure.js:292:10)
      at customRender (src/test-utils.tsx:79:12)
      at Object.<anonymous> (src/components/__tests__/Navbar.test.tsx:56:13)

  console.error
    Warning: React does not recognize the `borderStyle` prop on a DOM element. If you intentionally want it to appear in the DOM as a custom attribute, spell it as lowercase `borderstyle` instead. If you accidentally passed it from a parent component, remove it from the DOM element.
        at div
        at /home/rgoldberg/projects/figure-collector-services/figure-collector-frontend/src/setupTests.ts:410:29
        at div
        at /home/rgoldberg/projects/figure-collector-services/figure-collector-frontend/src/setupTests.ts:442:34
        at Navbar
        at Router (/home/rgoldberg/projects/figure-collector-services/figure-collector-frontend/node_modules/react-router/lib/components.tsx:421:13)
        at MemoryRouter (/home/rgoldberg/projects/figure-collector-services/figure-collector-frontend/node_modules/react-router/lib/components.tsx:225:3)
        at div
        at ChakraProvider (/home/rgoldberg/projects/figure-collector-services/figure-collector-frontend/src/setupTests.ts:441:24)
        at div
        at MockQueryClientProvider (/home/rgoldberg/projects/figure-collector-services/figure-collector-frontend/src/test-utils.tsx:11:36)
        at AllProviders (/home/rgoldberg/projects/figure-collector-services/figure-collector-frontend/src/test-utils.tsx:40:25)
        at wrapper

      77 |     initialRoutes?: string[] 
      78 |   }
    > 79 | ) => render(ui, { 
         |            ^
      80 |   wrapper: (props) => (
      81 |     <AllProviders 
      82 |       initialRoutes={options?.initialRoutes} 

      at printWarning (node_modules/react-dom/cjs/react-dom.development.js:86:30)
      at error (node_modules/react-dom/cjs/react-dom.development.js:60:7)
      at validateProperty$1 (node_modules/react-dom/cjs/react-dom.development.js:3757:7)
      at warnUnknownProperties (node_modules/react-dom/cjs/react-dom.development.js:3803:21)
      at validateProperties$2 (node_modules/react-dom/cjs/react-dom.development.js:3827:3)
      at validatePropertiesInDevelopment (node_modules/react-dom/cjs/react-dom.development.js:9541:5)
      at setInitialProperties (node_modules/react-dom/cjs/react-dom.development.js:9830:5)
      at finalizeInitialChildren (node_modules/react-dom/cjs/react-dom.development.js:10950:3)
      at completeWork (node_modules/react-dom/cjs/react-dom.development.js:22232:17)
      at completeUnitOfWork (node_modules/react-dom/cjs/react-dom.development.js:26632:16)
      at performUnitOfWork (node_modules/react-dom/cjs/react-dom.development.js:26607:5)
      at workLoopSync (node_modules/react-dom/cjs/react-dom.development.js:26505:5)
      at renderRootSync (node_modules/react-dom/cjs/react-dom.development.js:26473:7)
      at performConcurrentWorkOnRoot (node_modules/react-dom/cjs/react-dom.development.js:25777:74)
      at flushActQueue (node_modules/react/cjs/react.development.js:2667:24)
      at act (node_modules/react/cjs/react.development.js:2582:11)
      at node_modules/@testing-library/react/dist/act-compat.js:47:25
      at renderRoot (node_modules/@testing-library/react/dist/pure.js:190:26)
      at render (node_modules/@testing-library/react/dist/pure.js:292:10)
      at customRender (src/test-utils.tsx:79:12)
      at Object.<anonymous> (src/components/__tests__/Navbar.test.tsx:56:13)

  console.error
    Warning: React does not recognize the `borderColor` prop on a DOM element. If you intentionally want it to appear in the DOM as a custom attribute, spell it as lowercase `bordercolor` instead. If you accidentally passed it from a parent component, remove it from the DOM element.
        at div
        at /home/rgoldberg/projects/figure-collector-services/figure-collector-frontend/src/setupTests.ts:410:29
        at div
        at /home/rgoldberg/projects/figure-collector-services/figure-collector-frontend/src/setupTests.ts:442:34
        at Navbar
        at Router (/home/rgoldberg/projects/figure-collector-services/figure-collector-frontend/node_modules/react-router/lib/components.tsx:421:13)
        at MemoryRouter (/home/rgoldberg/projects/figure-collector-services/figure-collector-frontend/node_modules/react-router/lib/components.tsx:225:3)
        at div
        at ChakraProvider (/home/rgoldberg/projects/figure-collector-services/figure-collector-frontend/src/setupTests.ts:441:24)
        at div
        at MockQueryClientProvider (/home/rgoldberg/projects/figure-collector-services/figure-collector-frontend/src/test-utils.tsx:11:36)
        at AllProviders (/home/rgoldberg/projects/figure-collector-services/figure-collector-frontend/src/test-utils.tsx:40:25)
        at wrapper

      77 |     initialRoutes?: string[] 
      78 |   }
    > 79 | ) => render(ui, { 
         |            ^
      80 |   wrapper: (props) => (
      81 |     <AllProviders 
      82 |       initialRoutes={options?.initialRoutes} 

      at printWarning (node_modules/react-dom/cjs/react-dom.development.js:86:30)
      at error (node_modules/react-dom/cjs/react-dom.development.js:60:7)
      at validateProperty$1 (node_modules/react-dom/cjs/react-dom.development.js:3757:7)
      at warnUnknownProperties (node_modules/react-dom/cjs/react-dom.development.js:3803:21)
      at validateProperties$2 (node_modules/react-dom/cjs/react-dom.development.js:3827:3)
      at validatePropertiesInDevelopment (node_modules/react-dom/cjs/react-dom.development.js:9541:5)
      at setInitialProperties (node_modules/react-dom/cjs/react-dom.development.js:9830:5)
      at finalizeInitialChildren (node_modules/react-dom/cjs/react-dom.development.js:10950:3)
      at completeWork (node_modules/react-dom/cjs/react-dom.development.js:22232:17)
      at completeUnitOfWork (node_modules/react-dom/cjs/react-dom.development.js:26632:16)
      at performUnitOfWork (node_modules/react-dom/cjs/react-dom.development.js:26607:5)
      at workLoopSync (node_modules/react-dom/cjs/react-dom.development.js:26505:5)
      at renderRootSync (node_modules/react-dom/cjs/react-dom.development.js:26473:7)
      at performConcurrentWorkOnRoot (node_modules/react-dom/cjs/react-dom.development.js:25777:74)
      at flushActQueue (node_modules/react/cjs/react.development.js:2667:24)
      at act (node_modules/react/cjs/react.development.js:2582:11)
      at node_modules/@testing-library/react/dist/act-compat.js:47:25
      at renderRoot (node_modules/@testing-library/react/dist/pure.js:190:26)
      at render (node_modules/@testing-library/react/dist/pure.js:292:10)
      at customRender (src/test-utils.tsx:79:12)
      at Object.<anonymous> (src/components/__tests__/Navbar.test.tsx:56:13)

  console.error
    Warning: React does not recognize the `borderLeft` prop on a DOM element. If you intentionally want it to appear in the DOM as a custom attribute, spell it as lowercase `borderleft` instead. If you accidentally passed it from a parent component, remove it from the DOM element.
        at div
        at /home/rgoldberg/projects/figure-collector-services/figure-collector-frontend/src/setupTests.ts:410:29
        at div
        at /home/rgoldberg/projects/figure-collector-services/figure-collector-frontend/src/setupTests.ts:591:39
        at div
        at /home/rgoldberg/projects/figure-collector-services/figure-collector-frontend/src/setupTests.ts:410:29
        at MobileNavItem (/home/rgoldberg/projects/figure-collector-services/figure-collector-frontend/src/components/Navbar.tsx:277:26)
        at div
        at /home/rgoldberg/projects/figure-collector-services/figure-collector-frontend/src/setupTests.ts:410:29
        at MobileNav
        at div
        at /home/rgoldberg/projects/figure-collector-services/figure-collector-frontend/src/setupTests.ts:591:39
        at div
        at /home/rgoldberg/projects/figure-collector-services/figure-collector-frontend/src/setupTests.ts:442:34
        at Navbar
        at Router (/home/rgoldberg/projects/figure-collector-services/figure-collector-frontend/node_modules/react-router/lib/components.tsx:421:13)
        at MemoryRouter (/home/rgoldberg/projects/figure-collector-services/figure-collector-frontend/node_modules/react-router/lib/components.tsx:225:3)
        at div
        at ChakraProvider (/home/rgoldberg/projects/figure-collector-services/figure-collector-frontend/src/setupTests.ts:441:24)
        at div
        at MockQueryClientProvider (/home/rgoldberg/projects/figure-collector-services/figure-collector-frontend/src/test-utils.tsx:11:36)
        at AllProviders (/home/rgoldberg/projects/figure-collector-services/figure-collector-frontend/src/test-utils.tsx:40:25)
        at wrapper

      77 |     initialRoutes?: string[] 
      78 |   }
    > 79 | ) => render(ui, { 
         |            ^
      80 |   wrapper: (props) => (
      81 |     <AllProviders 
      82 |       initialRoutes={options?.initialRoutes} 

      at printWarning (node_modules/react-dom/cjs/react-dom.development.js:86:30)
      at error (node_modules/react-dom/cjs/react-dom.development.js:60:7)
      at validateProperty$1 (node_modules/react-dom/cjs/react-dom.development.js:3757:7)
      at warnUnknownProperties (node_modules/react-dom/cjs/react-dom.development.js:3803:21)
      at validateProperties$2 (node_modules/react-dom/cjs/react-dom.development.js:3827:3)
      at validatePropertiesInDevelopment (node_modules/react-dom/cjs/react-dom.development.js:9541:5)
      at setInitialProperties (node_modules/react-dom/cjs/react-dom.development.js:9830:5)
      at finalizeInitialChildren (node_modules/react-dom/cjs/react-dom.development.js:10950:3)
      at completeWork (node_modules/react-dom/cjs/react-dom.development.js:22232:17)
      at completeUnitOfWork (node_modules/react-dom/cjs/react-dom.development.js:26632:16)
      at performUnitOfWork (node_modules/react-dom/cjs/react-dom.development.js:26607:5)
      at workLoopSync (node_modules/react-dom/cjs/react-dom.development.js:26505:5)
      at renderRootSync (node_modules/react-dom/cjs/react-dom.development.js:26473:7)
      at performConcurrentWorkOnRoot (node_modules/react-dom/cjs/react-dom.development.js:25777:74)
      at flushActQueue (node_modules/react/cjs/react.development.js:2667:24)
      at act (node_modules/react/cjs/react.development.js:2582:11)
      at node_modules/@testing-library/react/dist/act-compat.js:47:25
      at renderRoot (node_modules/@testing-library/react/dist/pure.js:190:26)
      at render (node_modules/@testing-library/react/dist/pure.js:292:10)
      at customRender (src/test-utils.tsx:79:12)
      at Object.<anonymous> (src/components/__tests__/Navbar.test.tsx:56:13)

  console.error
    Warning: React does not recognize the `animateOpacity` prop on a DOM element. If you intentionally want it to appear in the DOM as a custom attribute, spell it as lowercase `animateopacity` instead. If you accidentally passed it from a parent component, remove it from the DOM element.
        at div
        at /home/rgoldberg/projects/figure-collector-services/figure-collector-frontend/src/setupTests.ts:591:39
        at div
        at /home/rgoldberg/projects/figure-collector-services/figure-collector-frontend/src/setupTests.ts:410:29
        at MobileNavItem (/home/rgoldberg/projects/figure-collector-services/figure-collector-frontend/src/components/Navbar.tsx:277:26)
        at div
        at /home/rgoldberg/projects/figure-collector-services/figure-collector-frontend/src/setupTests.ts:410:29
        at MobileNav
        at div
        at /home/rgoldberg/projects/figure-collector-services/figure-collector-frontend/src/setupTests.ts:591:39
        at div
        at /home/rgoldberg/projects/figure-collector-services/figure-collector-frontend/src/setupTests.ts:442:34
        at Navbar
        at Router (/home/rgoldberg/projects/figure-collector-services/figure-collector-frontend/node_modules/react-router/lib/components.tsx:421:13)
        at MemoryRouter (/home/rgoldberg/projects/figure-collector-services/figure-collector-frontend/node_modules/react-router/lib/components.tsx:225:3)
        at div
        at ChakraProvider (/home/rgoldberg/projects/figure-collector-services/figure-collector-frontend/src/setupTests.ts:441:24)
        at div
        at MockQueryClientProvider (/home/rgoldberg/projects/figure-collector-services/figure-collector-frontend/src/test-utils.tsx:11:36)
        at AllProviders (/home/rgoldberg/projects/figure-collector-services/figure-collector-frontend/src/test-utils.tsx:40:25)
        at wrapper

      77 |     initialRoutes?: string[] 
      78 |   }
    > 79 | ) => render(ui, { 
         |            ^
      80 |   wrapper: (props) => (
      81 |     <AllProviders 
      82 |       initialRoutes={options?.initialRoutes} 

      at printWarning (node_modules/react-dom/cjs/react-dom.development.js:86:30)
      at error (node_modules/react-dom/cjs/react-dom.development.js:60:7)
      at validateProperty$1 (node_modules/react-dom/cjs/react-dom.development.js:3757:7)
      at warnUnknownProperties (node_modules/react-dom/cjs/react-dom.development.js:3803:21)
      at validateProperties$2 (node_modules/react-dom/cjs/react-dom.development.js:3827:3)
      at validatePropertiesInDevelopment (node_modules/react-dom/cjs/react-dom.development.js:9541:5)
      at setInitialProperties (node_modules/react-dom/cjs/react-dom.development.js:9830:5)
      at finalizeInitialChildren (node_modules/react-dom/cjs/react-dom.development.js:10950:3)
      at completeWork (node_modules/react-dom/cjs/react-dom.development.js:22232:17)
      at completeUnitOfWork (node_modules/react-dom/cjs/react-dom.development.js:26632:16)
      at performUnitOfWork (node_modules/react-dom/cjs/react-dom.development.js:26607:5)
      at workLoopSync (node_modules/react-dom/cjs/react-dom.development.js:26505:5)
      at renderRootSync (node_modules/react-dom/cjs/react-dom.development.js:26473:7)
      at performConcurrentWorkOnRoot (node_modules/react-dom/cjs/react-dom.development.js:25777:74)
      at flushActQueue (node_modules/react/cjs/react.development.js:2667:24)
      at act (node_modules/react/cjs/react.development.js:2582:11)
      at node_modules/@testing-library/react/dist/act-compat.js:47:25
      at renderRoot (node_modules/@testing-library/react/dist/pure.js:190:26)
      at render (node_modules/@testing-library/react/dist/pure.js:292:10)
      at customRender (src/test-utils.tsx:79:12)
      at Object.<anonymous> (src/components/__tests__/Navbar.test.tsx:56:13)

  console.warn
    ⚠️ React Router Future Flag Warning: React Router will begin wrapping state updates in `React.startTransition` in v7. You can use the `v7_startTransition` future flag to opt-in early. For more information, see https://reactrouter.com/v6/upgrading/future#v7_starttransition.

      77 |     initialRoutes?: string[] 
      78 |   }
    > 79 | ) => render(ui, { 
         |            ^
      80 |   wrapper: (props) => (
      81 |     <AllProviders 
      82 |       initialRoutes={options?.initialRoutes} 

      at warnOnce (node_modules/react-router/lib/deprecations.ts:9:13)
      at logDeprecation (node_modules/react-router/lib/deprecations.ts:14:3)
      at logV6DeprecationWarnings (node_modules/react-router/lib/deprecations.ts:26:5)
      at node_modules/react-router/lib/components.tsx:257:25
      at commitHookEffectListMount (node_modules/react-dom/cjs/react-dom.development.js:23189:26)
      at commitPassiveMountOnFiber (node_modules/react-dom/cjs/react-dom.development.js:24970:11)
      at commitPassiveMountEffects_complete (node_modules/react-dom/cjs/react-dom.development.js:24930:9)
      at commitPassiveMountEffects_begin (node_modules/react-dom/cjs/react-dom.development.js:24917:7)
      at commitPassiveMountEffects (node_modules/react-dom/cjs/react-dom.development.js:24905:3)
      at flushPassiveEffectsImpl (node_modules/react-dom/cjs/react-dom.development.js:27078:3)
      at flushPassiveEffects (node_modules/react-dom/cjs/react-dom.development.js:27023:14)
      at node_modules/react-dom/cjs/react-dom.development.js:26808:9
      at flushActQueue (node_modules/react/cjs/react.development.js:2667:24)
      at act (node_modules/react/cjs/react.development.js:2582:11)
      at node_modules/@testing-library/react/dist/act-compat.js:47:25
      at renderRoot (node_modules/@testing-library/react/dist/pure.js:190:26)
      at render (node_modules/@testing-library/react/dist/pure.js:292:10)
      at customRender (src/test-utils.tsx:79:12)
      at Object.<anonymous> (src/components/__tests__/Navbar.test.tsx:56:13)

  console.warn
    ⚠️ React Router Future Flag Warning: Relative route resolution within Splat routes is changing in v7. You can use the `v7_relativeSplatPath` future flag to opt-in early. For more information, see https://reactrouter.com/v6/upgrading/future#v7_relativesplatpath.

      77 |     initialRoutes?: string[] 
      78 |   }
    > 79 | ) => render(ui, { 
         |            ^
      80 |   wrapper: (props) => (
      81 |     <AllProviders 
      82 |       initialRoutes={options?.initialRoutes} 

      at warnOnce (node_modules/react-router/lib/deprecations.ts:9:13)
      at logDeprecation (node_modules/react-router/lib/deprecations.ts:14:3)
      at logV6DeprecationWarnings (node_modules/react-router/lib/deprecations.ts:37:5)
      at node_modules/react-router/lib/components.tsx:257:25
      at commitHookEffectListMount (node_modules/react-dom/cjs/react-dom.development.js:23189:26)
      at commitPassiveMountOnFiber (node_modules/react-dom/cjs/react-dom.development.js:24970:11)
      at commitPassiveMountEffects_complete (node_modules/react-dom/cjs/react-dom.development.js:24930:9)
      at commitPassiveMountEffects_begin (node_modules/react-dom/cjs/react-dom.development.js:24917:7)
      at commitPassiveMountEffects (node_modules/react-dom/cjs/react-dom.development.js:24905:3)
      at flushPassiveEffectsImpl (node_modules/react-dom/cjs/react-dom.development.js:27078:3)
      at flushPassiveEffects (node_modules/react-dom/cjs/react-dom.development.js:27023:14)
      at node_modules/react-dom/cjs/react-dom.development.js:26808:9
      at flushActQueue (node_modules/react/cjs/react.development.js:2667:24)
      at act (node_modules/react/cjs/react.development.js:2582:11)
      at node_modules/@testing-library/react/dist/act-compat.js:47:25
      at renderRoot (node_modules/@testing-library/react/dist/pure.js:190:26)
      at render (node_modules/@testing-library/react/dist/pure.js:292:10)
      at customRender (src/test-utils.tsx:79:12)
      at Object.<anonymous> (src/components/__tests__/Navbar.test.tsx:56:13)

  console.error
    Warning: Invalid value for prop `as` on <span> tag. Either remove it from the element, or pass a string or number value to keep it in the DOM. For details, see https://reactjs.org/link/attribute-behavior 
        at span
        at /home/rgoldberg/projects/figure-collector-services/figure-collector-frontend/src/setupTests.ts:410:29
        at span
        at a
        at LinkWithRef (/home/rgoldberg/projects/figure-collector-services/figure-collector-frontend/node_modules/react-router-dom/index.tsx:962:7)
        at /home/rgoldberg/projects/figure-collector-services/figure-collector-frontend/src/setupTests.ts:653:39
        at div
        at /home/rgoldberg/projects/figure-collector-services/figure-collector-frontend/src/setupTests.ts:645:39
        at div
        at /home/rgoldberg/projects/figure-collector-services/figure-collector-frontend/src/setupTests.ts:630:35
        at div
        at /home/rgoldberg/projects/figure-collector-services/figure-collector-frontend/src/setupTests.ts:410:29
        at div
        at /home/rgoldberg/projects/figure-collector-services/figure-collector-frontend/src/setupTests.ts:410:29
        at div
        at /home/rgoldberg/projects/figure-collector-services/figure-collector-frontend/src/setupTests.ts:442:34
        at Navbar
        at Router (/home/rgoldberg/projects/figure-collector-services/figure-collector-frontend/node_modules/react-router/lib/components.tsx:421:13)
        at MemoryRouter (/home/rgoldberg/projects/figure-collector-services/figure-collector-frontend/node_modules/react-router/lib/components.tsx:225:3)
        at div
        at ChakraProvider (/home/rgoldberg/projects/figure-collector-services/figure-collector-frontend/src/setupTests.ts:441:24)
        at div
        at MockQueryClientProvider (/home/rgoldberg/projects/figure-collector-services/figure-collector-frontend/src/test-utils.tsx:11:36)
        at AllProviders (/home/rgoldberg/projects/figure-collector-services/figure-collector-frontend/src/test-utils.tsx:40:25)
        at wrapper

      77 |     initialRoutes?: string[] 
      78 |   }
    > 79 | ) => render(ui, { 
         |            ^
      80 |   wrapper: (props) => (
      81 |     <AllProviders 
      82 |       initialRoutes={options?.initialRoutes} 

      at printWarning (node_modules/react-dom/cjs/react-dom.development.js:86:30)
      at error (node_modules/react-dom/cjs/react-dom.development.js:60:7)
      at warnUnknownProperties (node_modules/react-dom/cjs/react-dom.development.js:3815:7)
      at validateProperties$2 (node_modules/react-dom/cjs/react-dom.development.js:3827:3)
      at validatePropertiesInDevelopment (node_modules/react-dom/cjs/react-dom.development.js:9541:5)
      at setInitialProperties (node_modules/react-dom/cjs/react-dom.development.js:9830:5)
      at finalizeInitialChildren (node_modules/react-dom/cjs/react-dom.development.js:10950:3)
      at completeWork (node_modules/react-dom/cjs/react-dom.development.js:22232:17)
      at completeUnitOfWork (node_modules/react-dom/cjs/react-dom.development.js:26632:16)
      at performUnitOfWork (node_modules/react-dom/cjs/react-dom.development.js:26607:5)
      at workLoopSync (node_modules/react-dom/cjs/react-dom.development.js:26505:5)
      at renderRootSync (node_modules/react-dom/cjs/react-dom.development.js:26473:7)
      at performConcurrentWorkOnRoot (node_modules/react-dom/cjs/react-dom.development.js:25777:74)
      at flushActQueue (node_modules/react/cjs/react.development.js:2667:24)
      at act (node_modules/react/cjs/react.development.js:2582:11)
      at node_modules/@testing-library/react/dist/act-compat.js:47:25
      at renderRoot (node_modules/@testing-library/react/dist/pure.js:190:26)
      at render (node_modules/@testing-library/react/dist/pure.js:292:10)
      at customRender (src/test-utils.tsx:79:12)
      at Object.<anonymous> (src/components/__tests__/Navbar.test.tsx:105:13)

PASS src/components/__tests__/Navbar.test.tsx
  Navbar
    Unauthenticated State
      ✓ should render application title (47 ms)
      ✓ should render sign in and sign up buttons when not authenticated (21 ms)
      ✓ should have correct links for sign in and sign up buttons (15 ms)
      ✓ should render desktop navigation menu (36 ms)
      ✓ should not render user menu when not authenticated (6 ms)
    Authenticated State
      ✓ should render user avatar when authenticated (13 ms)
      ✓ should not render sign in/up buttons when authenticated (10 ms)
      ✓ should render user menu when avatar is clicked (24 ms)
      ✓ should have correct link for profile menu item (23 ms)
    Logout Functionality
      ✓ should handle logout when sign out is clicked (22 ms)
      ✓ should clear all data on logout (20 ms)
    Mobile Navigation
      ✓ should render mobile menu toggle button (4 ms)
      ✓ should toggle mobile menu when hamburger is clicked (26 ms)
      ✓ should show mobile navigation menu when opened (26 ms)
    Desktop Navigation
      ✓ should render all navigation items (35 ms)
      ✓ should have correct navigation links (20 ms)
      ✓ should show dropdown menu for Figures section on hover (16 ms)
    Brand Link
      ✓ should link to home page (8 ms)
      ✓ should be clickable (11 ms)
    Responsive Design
      ✓ should hide sign up button on mobile (8 ms)
      ✓ should show desktop navigation only on larger screens (18 ms)
    Accessibility
      ✓ should have proper ARIA labels (3 ms)
      ✓ should be keyboard navigable (18 ms)
      ✓ should support screen readers (8 ms)
    User Avatar
      ✓ should display user initials in avatar (5 ms)
      ✓ should use brand colors for avatar (4 ms)
    Menu Interactions
      ✓ should close menu when clicking outside (24 ms)
      ✓ should support keyboard navigation in menus (21 ms)

  console.error
    Warning: React does not recognize the `boxShadow` prop on a DOM element. If you intentionally want it to appear in the DOM as a custom attribute, spell it as lowercase `boxshadow` instead. If you accidentally passed it from a parent component, remove it from the DOM element.
        at input
        at /home/rgoldberg/projects/figure-collector-services/figure-collector-frontend/src/setupTests.ts:490:36
        at div
        at /home/rgoldberg/projects/figure-collector-services/figure-collector-frontend/src/setupTests.ts:410:29
        at form
        at /home/rgoldberg/projects/figure-collector-services/figure-collector-frontend/src/setupTests.ts:442:34
        at SearchBar (/home/rgoldberg/projects/figure-collector-services/figure-collector-frontend/src/components/SearchBar.tsx:17:3)
        at Router (/home/rgoldberg/projects/figure-collector-services/figure-collector-frontend/node_modules/react-router/lib/components.tsx:421:13)
        at MemoryRouter (/home/rgoldberg/projects/figure-collector-services/figure-collector-frontend/node_modules/react-router/lib/components.tsx:225:3)
        at div
        at ChakraProvider (/home/rgoldberg/projects/figure-collector-services/figure-collector-frontend/src/setupTests.ts:441:24)
        at div
        at MockQueryClientProvider (/home/rgoldberg/projects/figure-collector-services/figure-collector-frontend/src/test-utils.tsx:11:36)
        at AllProviders (/home/rgoldberg/projects/figure-collector-services/figure-collector-frontend/src/test-utils.tsx:40:25)
        at wrapper

      77 |     initialRoutes?: string[] 
      78 |   }
    > 79 | ) => render(ui, { 
         |            ^
      80 |   wrapper: (props) => (
      81 |     <AllProviders 
      82 |       initialRoutes={options?.initialRoutes} 

      at printWarning (node_modules/react-dom/cjs/react-dom.development.js:86:30)
      at error (node_modules/react-dom/cjs/react-dom.development.js:60:7)
      at validateProperty$1 (node_modules/react-dom/cjs/react-dom.development.js:3757:7)
      at warnUnknownProperties (node_modules/react-dom/cjs/react-dom.development.js:3803:21)
      at validateProperties$2 (node_modules/react-dom/cjs/react-dom.development.js:3827:3)
      at validatePropertiesInDevelopment (node_modules/react-dom/cjs/react-dom.development.js:9541:5)
      at setInitialProperties (node_modules/react-dom/cjs/react-dom.development.js:9830:5)
      at finalizeInitialChildren (node_modules/react-dom/cjs/react-dom.development.js:10950:3)
      at completeWork (node_modules/react-dom/cjs/react-dom.development.js:22232:17)
      at completeUnitOfWork (node_modules/react-dom/cjs/react-dom.development.js:26632:16)
      at performUnitOfWork (node_modules/react-dom/cjs/react-dom.development.js:26607:5)
      at workLoopSync (node_modules/react-dom/cjs/react-dom.development.js:26505:5)
      at renderRootSync (node_modules/react-dom/cjs/react-dom.development.js:26473:7)
      at performConcurrentWorkOnRoot (node_modules/react-dom/cjs/react-dom.development.js:25777:74)
      at flushActQueue (node_modules/react/cjs/react.development.js:2667:24)
      at act (node_modules/react/cjs/react.development.js:2582:11)
      at node_modules/@testing-library/react/dist/act-compat.js:47:25
      at renderRoot (node_modules/@testing-library/react/dist/pure.js:190:26)
      at render (node_modules/@testing-library/react/dist/pure.js:292:10)
      at customRender (src/test-utils.tsx:79:12)
      at Object.<anonymous> (src/components/__tests__/SearchBar.test.tsx:19:13)

  console.error
    Warning: React does not recognize the `borderRadius` prop on a DOM element. If you intentionally want it to appear in the DOM as a custom attribute, spell it as lowercase `borderradius` instead. If you accidentally passed it from a parent component, remove it from the DOM element.
        at input
        at /home/rgoldberg/projects/figure-collector-services/figure-collector-frontend/src/setupTests.ts:490:36
        at div
        at /home/rgoldberg/projects/figure-collector-services/figure-collector-frontend/src/setupTests.ts:410:29
        at form
        at /home/rgoldberg/projects/figure-collector-services/figure-collector-frontend/src/setupTests.ts:442:34
        at SearchBar (/home/rgoldberg/projects/figure-collector-services/figure-collector-frontend/src/components/SearchBar.tsx:17:3)
        at Router (/home/rgoldberg/projects/figure-collector-services/figure-collector-frontend/node_modules/react-router/lib/components.tsx:421:13)
        at MemoryRouter (/home/rgoldberg/projects/figure-collector-services/figure-collector-frontend/node_modules/react-router/lib/components.tsx:225:3)
        at div
        at ChakraProvider (/home/rgoldberg/projects/figure-collector-services/figure-collector-frontend/src/setupTests.ts:441:24)
        at div
        at MockQueryClientProvider (/home/rgoldberg/projects/figure-collector-services/figure-collector-frontend/src/test-utils.tsx:11:36)
        at AllProviders (/home/rgoldberg/projects/figure-collector-services/figure-collector-frontend/src/test-utils.tsx:40:25)
        at wrapper

      77 |     initialRoutes?: string[] 
      78 |   }
    > 79 | ) => render(ui, { 
         |            ^
      80 |   wrapper: (props) => (
      81 |     <AllProviders 
      82 |       initialRoutes={options?.initialRoutes} 

      at printWarning (node_modules/react-dom/cjs/react-dom.development.js:86:30)
      at error (node_modules/react-dom/cjs/react-dom.development.js:60:7)
      at validateProperty$1 (node_modules/react-dom/cjs/react-dom.development.js:3757:7)
      at warnUnknownProperties (node_modules/react-dom/cjs/react-dom.development.js:3803:21)
      at validateProperties$2 (node_modules/react-dom/cjs/react-dom.development.js:3827:3)
      at validatePropertiesInDevelopment (node_modules/react-dom/cjs/react-dom.development.js:9541:5)
      at setInitialProperties (node_modules/react-dom/cjs/react-dom.development.js:9830:5)
      at finalizeInitialChildren (node_modules/react-dom/cjs/react-dom.development.js:10950:3)
      at completeWork (node_modules/react-dom/cjs/react-dom.development.js:22232:17)
      at completeUnitOfWork (node_modules/react-dom/cjs/react-dom.development.js:26632:16)
      at performUnitOfWork (node_modules/react-dom/cjs/react-dom.development.js:26607:5)
      at workLoopSync (node_modules/react-dom/cjs/react-dom.development.js:26505:5)
      at renderRootSync (node_modules/react-dom/cjs/react-dom.development.js:26473:7)
      at performConcurrentWorkOnRoot (node_modules/react-dom/cjs/react-dom.development.js:25777:74)
      at flushActQueue (node_modules/react/cjs/react.development.js:2667:24)
      at act (node_modules/react/cjs/react.development.js:2582:11)
      at node_modules/@testing-library/react/dist/act-compat.js:47:25
      at renderRoot (node_modules/@testing-library/react/dist/pure.js:190:26)
      at render (node_modules/@testing-library/react/dist/pure.js:292:10)
      at customRender (src/test-utils.tsx:79:12)
      at Object.<anonymous> (src/components/__tests__/SearchBar.test.tsx:19:13)

  console.error
    Warning: Each child in a list should have a unique "key" prop.
    
    Check the render method of `ForwardRef`. It was passed a child from SearchBar. See https://reactjs.org/link/warning-keys for more information.
        at FaSearch
        at /home/rgoldberg/projects/figure-collector-services/figure-collector-frontend/src/setupTests.ts:482:41
        at div
        at /home/rgoldberg/projects/figure-collector-services/figure-collector-frontend/src/setupTests.ts:410:29
        at div
        at /home/rgoldberg/projects/figure-collector-services/figure-collector-frontend/src/setupTests.ts:410:29
        at form
        at /home/rgoldberg/projects/figure-collector-services/figure-collector-frontend/src/setupTests.ts:442:34
        at SearchBar (/home/rgoldberg/projects/figure-collector-services/figure-collector-frontend/src/components/SearchBar.tsx:17:3)
        at Router (/home/rgoldberg/projects/figure-collector-services/figure-collector-frontend/node_modules/react-router/lib/components.tsx:421:13)
        at MemoryRouter (/home/rgoldberg/projects/figure-collector-services/figure-collector-frontend/node_modules/react-router/lib/components.tsx:225:3)
        at div
        at ChakraProvider (/home/rgoldberg/projects/figure-collector-services/figure-collector-frontend/src/setupTests.ts:441:24)
        at div
        at MockQueryClientProvider (/home/rgoldberg/projects/figure-collector-services/figure-collector-frontend/src/test-utils.tsx:11:36)
        at AllProviders (/home/rgoldberg/projects/figure-collector-services/figure-collector-frontend/src/test-utils.tsx:40:25)
        at wrapper

      481 |     }),
      482 |     IconButton: mockReact.forwardRef(({ children, isDisabled, isLoading, icon, ...props }: any, ref: any) =>
    > 483 |       mockReact.createElement('button', { 
          |                 ^
      484 |         'data-testid': 'icon-button', 
      485 |         ref,
      486 |         disabled: isDisabled || isLoading,

      at printWarning (node_modules/react/cjs/react.development.js:209:30)
      at error (node_modules/react/cjs/react.development.js:183:7)
      at validateExplicitKey (node_modules/react/cjs/react.development.js:2191:5)
      at validateChildKeys (node_modules/react/cjs/react.development.js:2217:9)
      at Object.createElement (node_modules/react/cjs/react.development.js:2372:7)
      at src/setupTests.ts:483:17
      at renderWithHooks (node_modules/react-dom/cjs/react-dom.development.js:15486:18)
      at updateForwardRef (node_modules/react-dom/cjs/react-dom.development.js:19245:20)
      at beginWork (node_modules/react-dom/cjs/react-dom.development.js:21675:16)
      at beginWork$1 (node_modules/react-dom/cjs/react-dom.development.js:27465:14)
      at performUnitOfWork (node_modules/react-dom/cjs/react-dom.development.js:26599:12)
      at workLoopSync (node_modules/react-dom/cjs/react-dom.development.js:26505:5)
      at renderRootSync (node_modules/react-dom/cjs/react-dom.development.js:26473:7)
      at performConcurrentWorkOnRoot (node_modules/react-dom/cjs/react-dom.development.js:25777:74)
      at flushActQueue (node_modules/react/cjs/react.development.js:2667:24)
      at act (node_modules/react/cjs/react.development.js:2582:11)
      at node_modules/@testing-library/react/dist/act-compat.js:47:25
      at renderRoot (node_modules/@testing-library/react/dist/pure.js:190:26)
      at render (node_modules/@testing-library/react/dist/pure.js:292:10)
      at customRender (src/test-utils.tsx:79:12)
      at Object.<anonymous> (src/components/__tests__/SearchBar.test.tsx:19:13)

  console.error
    Warning: React does not recognize the `colorScheme` prop on a DOM element. If you intentionally want it to appear in the DOM as a custom attribute, spell it as lowercase `colorscheme` instead. If you accidentally passed it from a parent component, remove it from the DOM element.
        at button
        at /home/rgoldberg/projects/figure-collector-services/figure-collector-frontend/src/setupTests.ts:482:41
        at div
        at /home/rgoldberg/projects/figure-collector-services/figure-collector-frontend/src/setupTests.ts:410:29
        at div
        at /home/rgoldberg/projects/figure-collector-services/figure-collector-frontend/src/setupTests.ts:410:29
        at form
        at /home/rgoldberg/projects/figure-collector-services/figure-collector-frontend/src/setupTests.ts:442:34
        at SearchBar (/home/rgoldberg/projects/figure-collector-services/figure-collector-frontend/src/components/SearchBar.tsx:17:3)
        at Router (/home/rgoldberg/projects/figure-collector-services/figure-collector-frontend/node_modules/react-router/lib/components.tsx:421:13)
        at MemoryRouter (/home/rgoldberg/projects/figure-collector-services/figure-collector-frontend/node_modules/react-router/lib/components.tsx:225:3)
        at div
        at ChakraProvider (/home/rgoldberg/projects/figure-collector-services/figure-collector-frontend/src/setupTests.ts:441:24)
        at div
        at MockQueryClientProvider (/home/rgoldberg/projects/figure-collector-services/figure-collector-frontend/src/test-utils.tsx:11:36)
        at AllProviders (/home/rgoldberg/projects/figure-collector-services/figure-collector-frontend/src/test-utils.tsx:40:25)
        at wrapper

      77 |     initialRoutes?: string[] 
      78 |   }
    > 79 | ) => render(ui, { 
         |            ^
      80 |   wrapper: (props) => (
      81 |     <AllProviders 
      82 |       initialRoutes={options?.initialRoutes} 

      at printWarning (node_modules/react-dom/cjs/react-dom.development.js:86:30)
      at error (node_modules/react-dom/cjs/react-dom.development.js:60:7)
      at validateProperty$1 (node_modules/react-dom/cjs/react-dom.development.js:3757:7)
      at warnUnknownProperties (node_modules/react-dom/cjs/react-dom.development.js:3803:21)
      at validateProperties$2 (node_modules/react-dom/cjs/react-dom.development.js:3827:3)
      at validatePropertiesInDevelopment (node_modules/react-dom/cjs/react-dom.development.js:9541:5)
      at setInitialProperties (node_modules/react-dom/cjs/react-dom.development.js:9830:5)
      at finalizeInitialChildren (node_modules/react-dom/cjs/react-dom.development.js:10950:3)
      at completeWork (node_modules/react-dom/cjs/react-dom.development.js:22232:17)
      at completeUnitOfWork (node_modules/react-dom/cjs/react-dom.development.js:26632:16)
      at performUnitOfWork (node_modules/react-dom/cjs/react-dom.development.js:26607:5)
      at workLoopSync (node_modules/react-dom/cjs/react-dom.development.js:26505:5)
      at renderRootSync (node_modules/react-dom/cjs/react-dom.development.js:26473:7)
      at performConcurrentWorkOnRoot (node_modules/react-dom/cjs/react-dom.development.js:25777:74)
      at flushActQueue (node_modules/react/cjs/react.development.js:2667:24)
      at act (node_modules/react/cjs/react.development.js:2582:11)
      at node_modules/@testing-library/react/dist/act-compat.js:47:25
      at renderRoot (node_modules/@testing-library/react/dist/pure.js:190:26)
      at render (node_modules/@testing-library/react/dist/pure.js:292:10)
      at customRender (src/test-utils.tsx:79:12)
      at Object.<anonymous> (src/components/__tests__/SearchBar.test.tsx:19:13)

  console.warn
    ⚠️ React Router Future Flag Warning: React Router will begin wrapping state updates in `React.startTransition` in v7. You can use the `v7_startTransition` future flag to opt-in early. For more information, see https://reactrouter.com/v6/upgrading/future#v7_starttransition.

      77 |     initialRoutes?: string[] 
      78 |   }
    > 79 | ) => render(ui, { 
         |            ^
      80 |   wrapper: (props) => (
      81 |     <AllProviders 
      82 |       initialRoutes={options?.initialRoutes} 

      at warnOnce (node_modules/react-router/lib/deprecations.ts:9:13)
      at logDeprecation (node_modules/react-router/lib/deprecations.ts:14:3)
      at logV6DeprecationWarnings (node_modules/react-router/lib/deprecations.ts:26:5)
      at node_modules/react-router/lib/components.tsx:257:25
      at commitHookEffectListMount (node_modules/react-dom/cjs/react-dom.development.js:23189:26)
      at commitPassiveMountOnFiber (node_modules/react-dom/cjs/react-dom.development.js:24970:11)
      at commitPassiveMountEffects_complete (node_modules/react-dom/cjs/react-dom.development.js:24930:9)
      at commitPassiveMountEffects_begin (node_modules/react-dom/cjs/react-dom.development.js:24917:7)
      at commitPassiveMountEffects (node_modules/react-dom/cjs/react-dom.development.js:24905:3)
      at flushPassiveEffectsImpl (node_modules/react-dom/cjs/react-dom.development.js:27078:3)
      at flushPassiveEffects (node_modules/react-dom/cjs/react-dom.development.js:27023:14)
      at node_modules/react-dom/cjs/react-dom.development.js:26808:9
      at flushActQueue (node_modules/react/cjs/react.development.js:2667:24)
      at act (node_modules/react/cjs/react.development.js:2582:11)
      at node_modules/@testing-library/react/dist/act-compat.js:47:25
      at renderRoot (node_modules/@testing-library/react/dist/pure.js:190:26)
      at render (node_modules/@testing-library/react/dist/pure.js:292:10)
      at customRender (src/test-utils.tsx:79:12)
      at Object.<anonymous> (src/components/__tests__/SearchBar.test.tsx:19:13)

  console.warn
    ⚠️ React Router Future Flag Warning: Relative route resolution within Splat routes is changing in v7. You can use the `v7_relativeSplatPath` future flag to opt-in early. For more information, see https://reactrouter.com/v6/upgrading/future#v7_relativesplatpath.

      77 |     initialRoutes?: string[] 
      78 |   }
    > 79 | ) => render(ui, { 
         |            ^
      80 |   wrapper: (props) => (
      81 |     <AllProviders 
      82 |       initialRoutes={options?.initialRoutes} 

      at warnOnce (node_modules/react-router/lib/deprecations.ts:9:13)
      at logDeprecation (node_modules/react-router/lib/deprecations.ts:14:3)
      at logV6DeprecationWarnings (node_modules/react-router/lib/deprecations.ts:37:5)
      at node_modules/react-router/lib/components.tsx:257:25
      at commitHookEffectListMount (node_modules/react-dom/cjs/react-dom.development.js:23189:26)
      at commitPassiveMountOnFiber (node_modules/react-dom/cjs/react-dom.development.js:24970:11)
      at commitPassiveMountEffects_complete (node_modules/react-dom/cjs/react-dom.development.js:24930:9)
      at commitPassiveMountEffects_begin (node_modules/react-dom/cjs/react-dom.development.js:24917:7)
      at commitPassiveMountEffects (node_modules/react-dom/cjs/react-dom.development.js:24905:3)
      at flushPassiveEffectsImpl (node_modules/react-dom/cjs/react-dom.development.js:27078:3)
      at flushPassiveEffects (node_modules/react-dom/cjs/react-dom.development.js:27023:14)
      at node_modules/react-dom/cjs/react-dom.development.js:26808:9
      at flushActQueue (node_modules/react/cjs/react.development.js:2667:24)
      at act (node_modules/react/cjs/react.development.js:2582:11)
      at node_modules/@testing-library/react/dist/act-compat.js:47:25
      at renderRoot (node_modules/@testing-library/react/dist/pure.js:190:26)
      at render (node_modules/@testing-library/react/dist/pure.js:292:10)
      at customRender (src/test-utils.tsx:79:12)
      at Object.<anonymous> (src/components/__tests__/SearchBar.test.tsx:19:13)

PASS src/components/__tests__/SearchBar.test.tsx
  SearchBar
    Rendering
      ✓ should render search input with default placeholder (23 ms)
      ✓ should render search input with custom placeholder (2 ms)
      ✓ should render search button (6 ms)
      ✓ should have search icon in the button (5 ms)
    User Interaction
      ✓ should update input value when user types (13 ms)
      ✓ should clear input value (11 ms)
      ✓ should maintain focus on input during typing (17 ms)
    Search Functionality
      ✓ should call onSearch when search button is clicked with non-empty query (16 ms)
      ✓ should call onSearch when Enter key is pressed with non-empty query (7 ms)
      ✓ should trim whitespace from search query (17 ms)
      ✓ should not call onSearch when query is empty (7 ms)
      ✓ should not call onSearch when query contains only whitespace (12 ms)
      ✓ should handle special characters in search query (16 ms)
      ✓ should handle emoji and unicode characters (10 ms)
    Form Behavior
      ✓ should prevent default form submission behavior (7 ms)
      ✓ should be wrapped in a form element (2 ms)
      ✓ should have submit type on search button (13 ms)
    Styling and Layout
      ✓ should have proper form structure (1 ms)
      ✓ should have proper input structure (1 ms)
      ✓ should have white background on input (2 ms)
      ✓ should have brand color scheme on search button (4 ms)
    Accessibility
      ✓ should have proper ARIA label on search button (3 ms)
      ✓ should be keyboard navigable (8 ms)
      ✓ should support screen reader accessibility (4 ms)
      ✓ should have appropriate input type (1 ms)
    Multiple Search Interactions
      ✓ should handle multiple searches with same query (18 ms)
      ✓ should handle rapid query changes and searches (11 ms)
    Edge Cases
      ✓ should handle very long search queries (183 ms)
      ✓ should handle onSearch function being undefined gracefully (2 ms)
      ✓ should maintain state when component receives new props (8 ms)

  console.error
    Warning: React does not recognize the `borderRadius` prop on a DOM element. If you intentionally want it to appear in the DOM as a custom attribute, spell it as lowercase `borderradius` instead. If you accidentally passed it from a parent component, remove it from the DOM element.
        at form
        at /home/rgoldberg/projects/figure-collector-services/figure-collector-frontend/src/setupTests.ts:442:34
        at div
        at /home/rgoldberg/projects/figure-collector-services/figure-collector-frontend/src/setupTests.ts:591:39
        at div
        at /home/rgoldberg/projects/figure-collector-services/figure-collector-frontend/src/setupTests.ts:442:34
        at FilterBar (/home/rgoldberg/projects/figure-collector-services/figure-collector-frontend/src/components/FilterBar.tsx:30:48)
        at Router (/home/rgoldberg/projects/figure-collector-services/figure-collector-frontend/node_modules/react-router/lib/components.tsx:421:13)
        at MemoryRouter (/home/rgoldberg/projects/figure-collector-services/figure-collector-frontend/node_modules/react-router/lib/components.tsx:225:3)
        at div
        at ChakraProvider (/home/rgoldberg/projects/figure-collector-services/figure-collector-frontend/src/setupTests.ts:441:24)
        at div
        at MockQueryClientProvider (/home/rgoldberg/projects/figure-collector-services/figure-collector-frontend/src/test-utils.tsx:11:36)
        at AllProviders (/home/rgoldberg/projects/figure-collector-services/figure-collector-frontend/src/test-utils.tsx:40:25)
        at wrapper

      77 |     initialRoutes?: string[] 
      78 |   }
    > 79 | ) => render(ui, { 
         |            ^
      80 |   wrapper: (props) => (
      81 |     <AllProviders 
      82 |       initialRoutes={options?.initialRoutes} 

      at printWarning (node_modules/react-dom/cjs/react-dom.development.js:86:30)
      at error (node_modules/react-dom/cjs/react-dom.development.js:60:7)
      at validateProperty$1 (node_modules/react-dom/cjs/react-dom.development.js:3757:7)
      at warnUnknownProperties (node_modules/react-dom/cjs/react-dom.development.js:3803:21)
      at validateProperties$2 (node_modules/react-dom/cjs/react-dom.development.js:3827:3)
      at validatePropertiesInDevelopment (node_modules/react-dom/cjs/react-dom.development.js:9541:5)
      at setInitialProperties (node_modules/react-dom/cjs/react-dom.development.js:9830:5)
      at finalizeInitialChildren (node_modules/react-dom/cjs/react-dom.development.js:10950:3)
      at completeWork (node_modules/react-dom/cjs/react-dom.development.js:22232:17)
      at completeUnitOfWork (node_modules/react-dom/cjs/react-dom.development.js:26632:16)
      at performUnitOfWork (node_modules/react-dom/cjs/react-dom.development.js:26607:5)
      at workLoopSync (node_modules/react-dom/cjs/react-dom.development.js:26505:5)
      at renderRootSync (node_modules/react-dom/cjs/react-dom.development.js:26473:7)
      at performConcurrentWorkOnRoot (node_modules/react-dom/cjs/react-dom.development.js:25777:74)
      at flushActQueue (node_modules/react/cjs/react.development.js:2667:24)
      at act (node_modules/react/cjs/react.development.js:2582:11)
      at node_modules/@testing-library/react/dist/act-compat.js:47:25
      at renderRoot (node_modules/@testing-library/react/dist/pure.js:190:26)
      at render (node_modules/@testing-library/react/dist/pure.js:292:10)
      at customRender (src/test-utils.tsx:79:12)
      at Object.<anonymous> (src/components/__tests__/FilterBar.test.tsx:45:13)

  console.error
    Warning: React does not recognize the `animateOpacity` prop on a DOM element. If you intentionally want it to appear in the DOM as a custom attribute, spell it as lowercase `animateopacity` instead. If you accidentally passed it from a parent component, remove it from the DOM element.
        at div
        at /home/rgoldberg/projects/figure-collector-services/figure-collector-frontend/src/setupTests.ts:591:39
        at div
        at /home/rgoldberg/projects/figure-collector-services/figure-collector-frontend/src/setupTests.ts:442:34
        at FilterBar (/home/rgoldberg/projects/figure-collector-services/figure-collector-frontend/src/components/FilterBar.tsx:30:48)
        at Router (/home/rgoldberg/projects/figure-collector-services/figure-collector-frontend/node_modules/react-router/lib/components.tsx:421:13)
        at MemoryRouter (/home/rgoldberg/projects/figure-collector-services/figure-collector-frontend/node_modules/react-router/lib/components.tsx:225:3)
        at div
        at ChakraProvider (/home/rgoldberg/projects/figure-collector-services/figure-collector-frontend/src/setupTests.ts:441:24)
        at div
        at MockQueryClientProvider (/home/rgoldberg/projects/figure-collector-services/figure-collector-frontend/src/test-utils.tsx:11:36)
        at AllProviders (/home/rgoldberg/projects/figure-collector-services/figure-collector-frontend/src/test-utils.tsx:40:25)
        at wrapper

      77 |     initialRoutes?: string[] 
      78 |   }
    > 79 | ) => render(ui, { 
         |            ^
      80 |   wrapper: (props) => (
      81 |     <AllProviders 
      82 |       initialRoutes={options?.initialRoutes} 

      at printWarning (node_modules/react-dom/cjs/react-dom.development.js:86:30)
      at error (node_modules/react-dom/cjs/react-dom.development.js:60:7)
      at validateProperty$1 (node_modules/react-dom/cjs/react-dom.development.js:3757:7)
      at warnUnknownProperties (node_modules/react-dom/cjs/react-dom.development.js:3803:21)
      at validateProperties$2 (node_modules/react-dom/cjs/react-dom.development.js:3827:3)
      at validatePropertiesInDevelopment (node_modules/react-dom/cjs/react-dom.development.js:9541:5)
      at setInitialProperties (node_modules/react-dom/cjs/react-dom.development.js:9830:5)
      at finalizeInitialChildren (node_modules/react-dom/cjs/react-dom.development.js:10950:3)
      at completeWork (node_modules/react-dom/cjs/react-dom.development.js:22232:17)
      at completeUnitOfWork (node_modules/react-dom/cjs/react-dom.development.js:26632:16)
      at performUnitOfWork (node_modules/react-dom/cjs/react-dom.development.js:26607:5)
      at workLoopSync (node_modules/react-dom/cjs/react-dom.development.js:26505:5)
      at renderRootSync (node_modules/react-dom/cjs/react-dom.development.js:26473:7)
      at performConcurrentWorkOnRoot (node_modules/react-dom/cjs/react-dom.development.js:25777:74)
      at flushActQueue (node_modules/react/cjs/react.development.js:2667:24)
      at act (node_modules/react/cjs/react.development.js:2582:11)
      at node_modules/@testing-library/react/dist/act-compat.js:47:25
      at renderRoot (node_modules/@testing-library/react/dist/pure.js:190:26)
      at render (node_modules/@testing-library/react/dist/pure.js:292:10)
      at customRender (src/test-utils.tsx:79:12)
      at Object.<anonymous> (src/components/__tests__/FilterBar.test.tsx:45:13)

  console.warn
    ⚠️ React Router Future Flag Warning: React Router will begin wrapping state updates in `React.startTransition` in v7. You can use the `v7_startTransition` future flag to opt-in early. For more information, see https://reactrouter.com/v6/upgrading/future#v7_starttransition.

      77 |     initialRoutes?: string[] 
      78 |   }
    > 79 | ) => render(ui, { 
         |            ^
      80 |   wrapper: (props) => (
      81 |     <AllProviders 
      82 |       initialRoutes={options?.initialRoutes} 

      at warnOnce (node_modules/react-router/lib/deprecations.ts:9:13)
      at logDeprecation (node_modules/react-router/lib/deprecations.ts:14:3)
      at logV6DeprecationWarnings (node_modules/react-router/lib/deprecations.ts:26:5)
      at node_modules/react-router/lib/components.tsx:257:25
      at commitHookEffectListMount (node_modules/react-dom/cjs/react-dom.development.js:23189:26)
      at commitPassiveMountOnFiber (node_modules/react-dom/cjs/react-dom.development.js:24970:11)
      at commitPassiveMountEffects_complete (node_modules/react-dom/cjs/react-dom.development.js:24930:9)
      at commitPassiveMountEffects_begin (node_modules/react-dom/cjs/react-dom.development.js:24917:7)
      at commitPassiveMountEffects (node_modules/react-dom/cjs/react-dom.development.js:24905:3)
      at flushPassiveEffectsImpl (node_modules/react-dom/cjs/react-dom.development.js:27078:3)
      at flushPassiveEffects (node_modules/react-dom/cjs/react-dom.development.js:27023:14)
      at node_modules/react-dom/cjs/react-dom.development.js:26808:9
      at flushActQueue (node_modules/react/cjs/react.development.js:2667:24)
      at act (node_modules/react/cjs/react.development.js:2582:11)
      at node_modules/@testing-library/react/dist/act-compat.js:47:25
      at renderRoot (node_modules/@testing-library/react/dist/pure.js:190:26)
      at render (node_modules/@testing-library/react/dist/pure.js:292:10)
      at customRender (src/test-utils.tsx:79:12)
      at Object.<anonymous> (src/components/__tests__/FilterBar.test.tsx:45:13)

  console.warn
    ⚠️ React Router Future Flag Warning: Relative route resolution within Splat routes is changing in v7. You can use the `v7_relativeSplatPath` future flag to opt-in early. For more information, see https://reactrouter.com/v6/upgrading/future#v7_relativesplatpath.

      77 |     initialRoutes?: string[] 
      78 |   }
    > 79 | ) => render(ui, { 
         |            ^
      80 |   wrapper: (props) => (
      81 |     <AllProviders 
      82 |       initialRoutes={options?.initialRoutes} 

      at warnOnce (node_modules/react-router/lib/deprecations.ts:9:13)
      at logDeprecation (node_modules/react-router/lib/deprecations.ts:14:3)
      at logV6DeprecationWarnings (node_modules/react-router/lib/deprecations.ts:37:5)
      at node_modules/react-router/lib/components.tsx:257:25
      at commitHookEffectListMount (node_modules/react-dom/cjs/react-dom.development.js:23189:26)
      at commitPassiveMountOnFiber (node_modules/react-dom/cjs/react-dom.development.js:24970:11)
      at commitPassiveMountEffects_complete (node_modules/react-dom/cjs/react-dom.development.js:24930:9)
      at commitPassiveMountEffects_begin (node_modules/react-dom/cjs/react-dom.development.js:24917:7)
      at commitPassiveMountEffects (node_modules/react-dom/cjs/react-dom.development.js:24905:3)
      at flushPassiveEffectsImpl (node_modules/react-dom/cjs/react-dom.development.js:27078:3)
      at flushPassiveEffects (node_modules/react-dom/cjs/react-dom.development.js:27023:14)
      at node_modules/react-dom/cjs/react-dom.development.js:26808:9
      at flushActQueue (node_modules/react/cjs/react.development.js:2667:24)
      at act (node_modules/react/cjs/react.development.js:2582:11)
      at node_modules/@testing-library/react/dist/act-compat.js:47:25
      at renderRoot (node_modules/@testing-library/react/dist/pure.js:190:26)
      at render (node_modules/@testing-library/react/dist/pure.js:292:10)
      at customRender (src/test-utils.tsx:79:12)
      at Object.<anonymous> (src/components/__tests__/FilterBar.test.tsx:45:13)

PASS src/components/__tests__/FilterBar.test.tsx
  FilterBar
    Rendering
      ✓ should render filters button initially (27 ms)
      ✓ should not show clear filters button when no filters are applied (5 ms)
      ✓ should show clear filters button when filters are applied (7 ms)
      ✓ should not show filter form initially (3 ms)
    Filter Form Visibility
      ✓ should show filter form when filters button is clicked (14 ms)
      ✓ should hide filter form when filters button is clicked again (18 ms)
      ✓ should hide filter form when cancel button is clicked (10 ms)
    Stats Loading
      ✓ should not fetch stats when filters are not open (2 ms)
      ✓ should fetch stats when filters are opened (10 ms)
    Filter Options Display
      ✓ should display manufacturer options with counts (11 ms)
      ✓ should display scale options with counts (11 ms)
      ✓ should display location options with counts (11 ms)
    Filter Input Handling
      ✓ should update filter values when inputs change (10 ms)
      ✓ should handle box number input changes (16 ms)
    Filter Submission
      ✓ should call onFilter when apply filters button is clicked (11 ms)
      ✓ should submit form when enter key is pressed in form (12 ms)
    Filter Reset
      ✓ should clear all filters when clear filters button is clicked (11 ms)
      ✓ should reset form fields after clearing filters (17 ms)
    Initial Filters
      ✓ should populate form with initial filter values (11 ms)
      ✓ should update form when initialFilters prop changes (14 ms)
    UI States
      ✓ should highlight filters button when form is open (9 ms)
      ✓ should show proper placeholders for all inputs (8 ms)
    Accessibility
      ✓ should have proper ARIA labels and form labels (10 ms)
      ✓ should have proper button roles and names (7 ms)

  console.error
    Warning: React does not recognize the `boxSize` prop on a DOM element. If you intentionally want it to appear in the DOM as a custom attribute, spell it as lowercase `boxsize` instead. If you accidentally passed it from a parent component, remove it from the DOM element.
        at span
        at /home/rgoldberg/projects/figure-collector-services/figure-collector-frontend/src/setupTests.ts:410:29
        at div
        at /home/rgoldberg/projects/figure-collector-services/figure-collector-frontend/src/setupTests.ts:410:29
        at div
        at /home/rgoldberg/projects/figure-collector-services/figure-collector-frontend/src/setupTests.ts:410:29
        at div
        at /home/rgoldberg/projects/figure-collector-services/figure-collector-frontend/src/setupTests.ts:410:29
        at div
        at /home/rgoldberg/projects/figure-collector-services/figure-collector-frontend/src/setupTests.ts:442:34
        at Dashboard
        at Router (/home/rgoldberg/projects/figure-collector-services/figure-collector-frontend/node_modules/react-router/lib/components.tsx:421:13)
        at MemoryRouter (/home/rgoldberg/projects/figure-collector-services/figure-collector-frontend/node_modules/react-router/lib/components.tsx:225:3)
        at div
        at ChakraProvider (/home/rgoldberg/projects/figure-collector-services/figure-collector-frontend/src/setupTests.ts:441:24)
        at div
        at MockQueryClientProvider (/home/rgoldberg/projects/figure-collector-services/figure-collector-frontend/src/test-utils.tsx:11:36)
        at AllProviders (/home/rgoldberg/projects/figure-collector-services/figure-collector-frontend/src/test-utils.tsx:40:25)
        at wrapper

      77 |     initialRoutes?: string[] 
      78 |   }
    > 79 | ) => render(ui, { 
         |            ^
      80 |   wrapper: (props) => (
      81 |     <AllProviders 
      82 |       initialRoutes={options?.initialRoutes} 

      at printWarning (node_modules/react-dom/cjs/react-dom.development.js:86:30)
      at error (node_modules/react-dom/cjs/react-dom.development.js:60:7)
      at validateProperty$1 (node_modules/react-dom/cjs/react-dom.development.js:3757:7)
      at warnUnknownProperties (node_modules/react-dom/cjs/react-dom.development.js:3803:21)
      at validateProperties$2 (node_modules/react-dom/cjs/react-dom.development.js:3827:3)
      at validatePropertiesInDevelopment (node_modules/react-dom/cjs/react-dom.development.js:9541:5)
      at setInitialProperties (node_modules/react-dom/cjs/react-dom.development.js:9830:5)
      at finalizeInitialChildren (node_modules/react-dom/cjs/react-dom.development.js:10950:3)
      at completeWork (node_modules/react-dom/cjs/react-dom.development.js:22232:17)
      at completeUnitOfWork (node_modules/react-dom/cjs/react-dom.development.js:26632:16)
      at performUnitOfWork (node_modules/react-dom/cjs/react-dom.development.js:26607:5)
      at workLoopSync (node_modules/react-dom/cjs/react-dom.development.js:26505:5)
      at renderRootSync (node_modules/react-dom/cjs/react-dom.development.js:26473:7)
      at performConcurrentWorkOnRoot (node_modules/react-dom/cjs/react-dom.development.js:25777:74)
      at flushActQueue (node_modules/react/cjs/react.development.js:2667:24)
      at act (node_modules/react/cjs/react.development.js:2582:11)
      at node_modules/@testing-library/react/dist/act-compat.js:47:25
      at renderRoot (node_modules/@testing-library/react/dist/pure.js:190:26)
      at render (node_modules/@testing-library/react/dist/pure.js:292:10)
      at customRender (src/test-utils.tsx:79:12)
      at Object.<anonymous> (src/pages/__tests__/Dashboard.test.tsx:169:13)

  console.error
    Warning: Invalid value for prop `as` on <span> tag. Either remove it from the element, or pass a string or number value to keep it in the DOM. For details, see https://reactjs.org/link/attribute-behavior 
        at span
        at /home/rgoldberg/projects/figure-collector-services/figure-collector-frontend/src/setupTests.ts:410:29
        at div
        at /home/rgoldberg/projects/figure-collector-services/figure-collector-frontend/src/setupTests.ts:410:29
        at div
        at /home/rgoldberg/projects/figure-collector-services/figure-collector-frontend/src/setupTests.ts:410:29
        at div
        at /home/rgoldberg/projects/figure-collector-services/figure-collector-frontend/src/setupTests.ts:410:29
        at div
        at /home/rgoldberg/projects/figure-collector-services/figure-collector-frontend/src/setupTests.ts:442:34
        at Dashboard
        at Router (/home/rgoldberg/projects/figure-collector-services/figure-collector-frontend/node_modules/react-router/lib/components.tsx:421:13)
        at MemoryRouter (/home/rgoldberg/projects/figure-collector-services/figure-collector-frontend/node_modules/react-router/lib/components.tsx:225:3)
        at div
        at ChakraProvider (/home/rgoldberg/projects/figure-collector-services/figure-collector-frontend/src/setupTests.ts:441:24)
        at div
        at MockQueryClientProvider (/home/rgoldberg/projects/figure-collector-services/figure-collector-frontend/src/test-utils.tsx:11:36)
        at AllProviders (/home/rgoldberg/projects/figure-collector-services/figure-collector-frontend/src/test-utils.tsx:40:25)
        at wrapper

      77 |     initialRoutes?: string[] 
      78 |   }
    > 79 | ) => render(ui, { 
         |            ^
      80 |   wrapper: (props) => (
      81 |     <AllProviders 
      82 |       initialRoutes={options?.initialRoutes} 

      at printWarning (node_modules/react-dom/cjs/react-dom.development.js:86:30)
      at error (node_modules/react-dom/cjs/react-dom.development.js:60:7)
      at warnUnknownProperties (node_modules/react-dom/cjs/react-dom.development.js:3815:7)
      at validateProperties$2 (node_modules/react-dom/cjs/react-dom.development.js:3827:3)
      at validatePropertiesInDevelopment (node_modules/react-dom/cjs/react-dom.development.js:9541:5)
      at setInitialProperties (node_modules/react-dom/cjs/react-dom.development.js:9830:5)
      at finalizeInitialChildren (node_modules/react-dom/cjs/react-dom.development.js:10950:3)
      at completeWork (node_modules/react-dom/cjs/react-dom.development.js:22232:17)
      at completeUnitOfWork (node_modules/react-dom/cjs/react-dom.development.js:26632:16)
      at performUnitOfWork (node_modules/react-dom/cjs/react-dom.development.js:26607:5)
      at workLoopSync (node_modules/react-dom/cjs/react-dom.development.js:26505:5)
      at renderRootSync (node_modules/react-dom/cjs/react-dom.development.js:26473:7)
      at performConcurrentWorkOnRoot (node_modules/react-dom/cjs/react-dom.development.js:25777:74)
      at flushActQueue (node_modules/react/cjs/react.development.js:2667:24)
      at act (node_modules/react/cjs/react.development.js:2582:11)
      at node_modules/@testing-library/react/dist/act-compat.js:47:25
      at renderRoot (node_modules/@testing-library/react/dist/pure.js:190:26)
      at render (node_modules/@testing-library/react/dist/pure.js:292:10)
      at customRender (src/test-utils.tsx:79:12)
      at Object.<anonymous> (src/pages/__tests__/Dashboard.test.tsx:169:13)

  console.error
    Warning: React does not recognize the `borderRadius` prop on a DOM element. If you intentionally want it to appear in the DOM as a custom attribute, spell it as lowercase `borderradius` instead. If you accidentally passed it from a parent component, remove it from the DOM element.
        at div
        at /home/rgoldberg/projects/figure-collector-services/figure-collector-frontend/src/setupTests.ts:410:29
        at div
        at /home/rgoldberg/projects/figure-collector-services/figure-collector-frontend/src/setupTests.ts:410:29
        at div
        at /home/rgoldberg/projects/figure-collector-services/figure-collector-frontend/src/setupTests.ts:442:34
        at Dashboard
        at Router (/home/rgoldberg/projects/figure-collector-services/figure-collector-frontend/node_modules/react-router/lib/components.tsx:421:13)
        at MemoryRouter (/home/rgoldberg/projects/figure-collector-services/figure-collector-frontend/node_modules/react-router/lib/components.tsx:225:3)
        at div
        at ChakraProvider (/home/rgoldberg/projects/figure-collector-services/figure-collector-frontend/src/setupTests.ts:441:24)
        at div
        at MockQueryClientProvider (/home/rgoldberg/projects/figure-collector-services/figure-collector-frontend/src/test-utils.tsx:11:36)
        at AllProviders (/home/rgoldberg/projects/figure-collector-services/figure-collector-frontend/src/test-utils.tsx:40:25)
        at wrapper

      77 |     initialRoutes?: string[] 
      78 |   }
    > 79 | ) => render(ui, { 
         |            ^
      80 |   wrapper: (props) => (
      81 |     <AllProviders 
      82 |       initialRoutes={options?.initialRoutes} 

      at printWarning (node_modules/react-dom/cjs/react-dom.development.js:86:30)
      at error (node_modules/react-dom/cjs/react-dom.development.js:60:7)
      at validateProperty$1 (node_modules/react-dom/cjs/react-dom.development.js:3757:7)
      at warnUnknownProperties (node_modules/react-dom/cjs/react-dom.development.js:3803:21)
      at validateProperties$2 (node_modules/react-dom/cjs/react-dom.development.js:3827:3)
      at validatePropertiesInDevelopment (node_modules/react-dom/cjs/react-dom.development.js:9541:5)
      at setInitialProperties (node_modules/react-dom/cjs/react-dom.development.js:9830:5)
      at finalizeInitialChildren (node_modules/react-dom/cjs/react-dom.development.js:10950:3)
      at completeWork (node_modules/react-dom/cjs/react-dom.development.js:22232:17)
      at completeUnitOfWork (node_modules/react-dom/cjs/react-dom.development.js:26632:16)
      at performUnitOfWork (node_modules/react-dom/cjs/react-dom.development.js:26607:5)
      at workLoopSync (node_modules/react-dom/cjs/react-dom.development.js:26505:5)
      at renderRootSync (node_modules/react-dom/cjs/react-dom.development.js:26473:7)
      at performConcurrentWorkOnRoot (node_modules/react-dom/cjs/react-dom.development.js:25777:74)
      at flushActQueue (node_modules/react/cjs/react.development.js:2667:24)
      at act (node_modules/react/cjs/react.development.js:2582:11)
      at node_modules/@testing-library/react/dist/act-compat.js:47:25
      at renderRoot (node_modules/@testing-library/react/dist/pure.js:190:26)
      at render (node_modules/@testing-library/react/dist/pure.js:292:10)
      at customRender (src/test-utils.tsx:79:12)
      at Object.<anonymous> (src/pages/__tests__/Dashboard.test.tsx:169:13)

  console.error
    Warning: React does not recognize the `borderLeft` prop on a DOM element. If you intentionally want it to appear in the DOM as a custom attribute, spell it as lowercase `borderleft` instead. If you accidentally passed it from a parent component, remove it from the DOM element.
        at div
        at /home/rgoldberg/projects/figure-collector-services/figure-collector-frontend/src/setupTests.ts:410:29
        at div
        at /home/rgoldberg/projects/figure-collector-services/figure-collector-frontend/src/setupTests.ts:410:29
        at div
        at /home/rgoldberg/projects/figure-collector-services/figure-collector-frontend/src/setupTests.ts:442:34
        at Dashboard
        at Router (/home/rgoldberg/projects/figure-collector-services/figure-collector-frontend/node_modules/react-router/lib/components.tsx:421:13)
        at MemoryRouter (/home/rgoldberg/projects/figure-collector-services/figure-collector-frontend/node_modules/react-router/lib/components.tsx:225:3)
        at div
        at ChakraProvider (/home/rgoldberg/projects/figure-collector-services/figure-collector-frontend/src/setupTests.ts:441:24)
        at div
        at MockQueryClientProvider (/home/rgoldberg/projects/figure-collector-services/figure-collector-frontend/src/test-utils.tsx:11:36)
        at AllProviders (/home/rgoldberg/projects/figure-collector-services/figure-collector-frontend/src/test-utils.tsx:40:25)
        at wrapper

      77 |     initialRoutes?: string[] 
      78 |   }
    > 79 | ) => render(ui, { 
         |            ^
      80 |   wrapper: (props) => (
      81 |     <AllProviders 
      82 |       initialRoutes={options?.initialRoutes} 

      at printWarning (node_modules/react-dom/cjs/react-dom.development.js:86:30)
      at error (node_modules/react-dom/cjs/react-dom.development.js:60:7)
      at validateProperty$1 (node_modules/react-dom/cjs/react-dom.development.js:3757:7)
      at warnUnknownProperties (node_modules/react-dom/cjs/react-dom.development.js:3803:21)
      at validateProperties$2 (node_modules/react-dom/cjs/react-dom.development.js:3827:3)
      at validatePropertiesInDevelopment (node_modules/react-dom/cjs/react-dom.development.js:9541:5)
      at setInitialProperties (node_modules/react-dom/cjs/react-dom.development.js:9830:5)
      at finalizeInitialChildren (node_modules/react-dom/cjs/react-dom.development.js:10950:3)
      at completeWork (node_modules/react-dom/cjs/react-dom.development.js:22232:17)
      at completeUnitOfWork (node_modules/react-dom/cjs/react-dom.development.js:26632:16)
      at performUnitOfWork (node_modules/react-dom/cjs/react-dom.development.js:26607:5)
      at workLoopSync (node_modules/react-dom/cjs/react-dom.development.js:26505:5)
      at renderRootSync (node_modules/react-dom/cjs/react-dom.development.js:26473:7)
      at performConcurrentWorkOnRoot (node_modules/react-dom/cjs/react-dom.development.js:25777:74)
      at flushActQueue (node_modules/react/cjs/react.development.js:2667:24)
      at act (node_modules/react/cjs/react.development.js:2582:11)
      at node_modules/@testing-library/react/dist/act-compat.js:47:25
      at renderRoot (node_modules/@testing-library/react/dist/pure.js:190:26)
      at render (node_modules/@testing-library/react/dist/pure.js:292:10)
      at customRender (src/test-utils.tsx:79:12)
      at Object.<anonymous> (src/pages/__tests__/Dashboard.test.tsx:169:13)

  console.error
    Warning: React does not recognize the `borderLeftColor` prop on a DOM element. If you intentionally want it to appear in the DOM as a custom attribute, spell it as lowercase `borderleftcolor` instead. If you accidentally passed it from a parent component, remove it from the DOM element.
        at div
        at /home/rgoldberg/projects/figure-collector-services/figure-collector-frontend/src/setupTests.ts:410:29
        at div
        at /home/rgoldberg/projects/figure-collector-services/figure-collector-frontend/src/setupTests.ts:410:29
        at div
        at /home/rgoldberg/projects/figure-collector-services/figure-collector-frontend/src/setupTests.ts:442:34
        at Dashboard
        at Router (/home/rgoldberg/projects/figure-collector-services/figure-collector-frontend/node_modules/react-router/lib/components.tsx:421:13)
        at MemoryRouter (/home/rgoldberg/projects/figure-collector-services/figure-collector-frontend/node_modules/react-router/lib/components.tsx:225:3)
        at div
        at ChakraProvider (/home/rgoldberg/projects/figure-collector-services/figure-collector-frontend/src/setupTests.ts:441:24)
        at div
        at MockQueryClientProvider (/home/rgoldberg/projects/figure-collector-services/figure-collector-frontend/src/test-utils.tsx:11:36)
        at AllProviders (/home/rgoldberg/projects/figure-collector-services/figure-collector-frontend/src/test-utils.tsx:40:25)
        at wrapper

      77 |     initialRoutes?: string[] 
      78 |   }
    > 79 | ) => render(ui, { 
         |            ^
      80 |   wrapper: (props) => (
      81 |     <AllProviders 
      82 |       initialRoutes={options?.initialRoutes} 

      at printWarning (node_modules/react-dom/cjs/react-dom.development.js:86:30)
      at error (node_modules/react-dom/cjs/react-dom.development.js:60:7)
      at validateProperty$1 (node_modules/react-dom/cjs/react-dom.development.js:3757:7)
      at warnUnknownProperties (node_modules/react-dom/cjs/react-dom.development.js:3803:21)
      at validateProperties$2 (node_modules/react-dom/cjs/react-dom.development.js:3827:3)
      at validatePropertiesInDevelopment (node_modules/react-dom/cjs/react-dom.development.js:9541:5)
      at setInitialProperties (node_modules/react-dom/cjs/react-dom.development.js:9830:5)
      at finalizeInitialChildren (node_modules/react-dom/cjs/react-dom.development.js:10950:3)
      at completeWork (node_modules/react-dom/cjs/react-dom.development.js:22232:17)
      at completeUnitOfWork (node_modules/react-dom/cjs/react-dom.development.js:26632:16)
      at performUnitOfWork (node_modules/react-dom/cjs/react-dom.development.js:26607:5)
      at workLoopSync (node_modules/react-dom/cjs/react-dom.development.js:26505:5)
      at renderRootSync (node_modules/react-dom/cjs/react-dom.development.js:26473:7)
      at performConcurrentWorkOnRoot (node_modules/react-dom/cjs/react-dom.development.js:25777:74)
      at flushActQueue (node_modules/react/cjs/react.development.js:2667:24)
      at act (node_modules/react/cjs/react.development.js:2582:11)
      at node_modules/@testing-library/react/dist/act-compat.js:47:25
      at renderRoot (node_modules/@testing-library/react/dist/pure.js:190:26)
      at render (node_modules/@testing-library/react/dist/pure.js:292:10)
      at customRender (src/test-utils.tsx:79:12)
      at Object.<anonymous> (src/pages/__tests__/Dashboard.test.tsx:169:13)

  console.error
    Warning: React does not recognize the `templateColumns` prop on a DOM element. If you intentionally want it to appear in the DOM as a custom attribute, spell it as lowercase `templatecolumns` instead. If you accidentally passed it from a parent component, remove it from the DOM element.
        at div
        at /home/rgoldberg/projects/figure-collector-services/figure-collector-frontend/src/setupTests.ts:410:29
        at div
        at /home/rgoldberg/projects/figure-collector-services/figure-collector-frontend/src/setupTests.ts:442:34
        at Dashboard
        at Router (/home/rgoldberg/projects/figure-collector-services/figure-collector-frontend/node_modules/react-router/lib/components.tsx:421:13)
        at MemoryRouter (/home/rgoldberg/projects/figure-collector-services/figure-collector-frontend/node_modules/react-router/lib/components.tsx:225:3)
        at div
        at ChakraProvider (/home/rgoldberg/projects/figure-collector-services/figure-collector-frontend/src/setupTests.ts:441:24)
        at div
        at MockQueryClientProvider (/home/rgoldberg/projects/figure-collector-services/figure-collector-frontend/src/test-utils.tsx:11:36)
        at AllProviders (/home/rgoldberg/projects/figure-collector-services/figure-collector-frontend/src/test-utils.tsx:40:25)
        at wrapper

      77 |     initialRoutes?: string[] 
      78 |   }
    > 79 | ) => render(ui, { 
         |            ^
      80 |   wrapper: (props) => (
      81 |     <AllProviders 
      82 |       initialRoutes={options?.initialRoutes} 

      at printWarning (node_modules/react-dom/cjs/react-dom.development.js:86:30)
      at error (node_modules/react-dom/cjs/react-dom.development.js:60:7)
      at validateProperty$1 (node_modules/react-dom/cjs/react-dom.development.js:3757:7)
      at warnUnknownProperties (node_modules/react-dom/cjs/react-dom.development.js:3803:21)
      at validateProperties$2 (node_modules/react-dom/cjs/react-dom.development.js:3827:3)
      at validatePropertiesInDevelopment (node_modules/react-dom/cjs/react-dom.development.js:9541:5)
      at setInitialProperties (node_modules/react-dom/cjs/react-dom.development.js:9830:5)
      at finalizeInitialChildren (node_modules/react-dom/cjs/react-dom.development.js:10950:3)
      at completeWork (node_modules/react-dom/cjs/react-dom.development.js:22232:17)
      at completeUnitOfWork (node_modules/react-dom/cjs/react-dom.development.js:26632:16)
      at performUnitOfWork (node_modules/react-dom/cjs/react-dom.development.js:26607:5)
      at workLoopSync (node_modules/react-dom/cjs/react-dom.development.js:26505:5)
      at renderRootSync (node_modules/react-dom/cjs/react-dom.development.js:26473:7)
      at performConcurrentWorkOnRoot (node_modules/react-dom/cjs/react-dom.development.js:25777:74)
      at flushActQueue (node_modules/react/cjs/react.development.js:2667:24)
      at act (node_modules/react/cjs/react.development.js:2582:11)
      at node_modules/@testing-library/react/dist/act-compat.js:47:25
      at renderRoot (node_modules/@testing-library/react/dist/pure.js:190:26)
      at render (node_modules/@testing-library/react/dist/pure.js:292:10)
      at customRender (src/test-utils.tsx:79:12)
      at Object.<anonymous> (src/pages/__tests__/Dashboard.test.tsx:169:13)

  console.warn
    ⚠️ React Router Future Flag Warning: React Router will begin wrapping state updates in `React.startTransition` in v7. You can use the `v7_startTransition` future flag to opt-in early. For more information, see https://reactrouter.com/v6/upgrading/future#v7_starttransition.

      77 |     initialRoutes?: string[] 
      78 |   }
    > 79 | ) => render(ui, { 
         |            ^
      80 |   wrapper: (props) => (
      81 |     <AllProviders 
      82 |       initialRoutes={options?.initialRoutes} 

      at warnOnce (node_modules/react-router/lib/deprecations.ts:9:13)
      at logDeprecation (node_modules/react-router/lib/deprecations.ts:14:3)
      at logV6DeprecationWarnings (node_modules/react-router/lib/deprecations.ts:26:5)
      at node_modules/react-router/lib/components.tsx:257:25
      at commitHookEffectListMount (node_modules/react-dom/cjs/react-dom.development.js:23189:26)
      at commitPassiveMountOnFiber (node_modules/react-dom/cjs/react-dom.development.js:24970:11)
      at commitPassiveMountEffects_complete (node_modules/react-dom/cjs/react-dom.development.js:24930:9)
      at commitPassiveMountEffects_begin (node_modules/react-dom/cjs/react-dom.development.js:24917:7)
      at commitPassiveMountEffects (node_modules/react-dom/cjs/react-dom.development.js:24905:3)
      at flushPassiveEffectsImpl (node_modules/react-dom/cjs/react-dom.development.js:27078:3)
      at flushPassiveEffects (node_modules/react-dom/cjs/react-dom.development.js:27023:14)
      at node_modules/react-dom/cjs/react-dom.development.js:26808:9
      at flushActQueue (node_modules/react/cjs/react.development.js:2667:24)
      at act (node_modules/react/cjs/react.development.js:2582:11)
      at node_modules/@testing-library/react/dist/act-compat.js:47:25
      at renderRoot (node_modules/@testing-library/react/dist/pure.js:190:26)
      at render (node_modules/@testing-library/react/dist/pure.js:292:10)
      at customRender (src/test-utils.tsx:79:12)
      at Object.<anonymous> (src/pages/__tests__/Dashboard.test.tsx:169:13)

  console.warn
    ⚠️ React Router Future Flag Warning: Relative route resolution within Splat routes is changing in v7. You can use the `v7_relativeSplatPath` future flag to opt-in early. For more information, see https://reactrouter.com/v6/upgrading/future#v7_relativesplatpath.

      77 |     initialRoutes?: string[] 
      78 |   }
    > 79 | ) => render(ui, { 
         |            ^
      80 |   wrapper: (props) => (
      81 |     <AllProviders 
      82 |       initialRoutes={options?.initialRoutes} 

      at warnOnce (node_modules/react-router/lib/deprecations.ts:9:13)
      at logDeprecation (node_modules/react-router/lib/deprecations.ts:14:3)
      at logV6DeprecationWarnings (node_modules/react-router/lib/deprecations.ts:37:5)
      at node_modules/react-router/lib/components.tsx:257:25
      at commitHookEffectListMount (node_modules/react-dom/cjs/react-dom.development.js:23189:26)
      at commitPassiveMountOnFiber (node_modules/react-dom/cjs/react-dom.development.js:24970:11)
      at commitPassiveMountEffects_complete (node_modules/react-dom/cjs/react-dom.development.js:24930:9)
      at commitPassiveMountEffects_begin (node_modules/react-dom/cjs/react-dom.development.js:24917:7)
      at commitPassiveMountEffects (node_modules/react-dom/cjs/react-dom.development.js:24905:3)
      at flushPassiveEffectsImpl (node_modules/react-dom/cjs/react-dom.development.js:27078:3)
      at flushPassiveEffects (node_modules/react-dom/cjs/react-dom.development.js:27023:14)
      at node_modules/react-dom/cjs/react-dom.development.js:26808:9
      at flushActQueue (node_modules/react/cjs/react.development.js:2667:24)
      at act (node_modules/react/cjs/react.development.js:2582:11)
      at node_modules/@testing-library/react/dist/act-compat.js:47:25
      at renderRoot (node_modules/@testing-library/react/dist/pure.js:190:26)
      at render (node_modules/@testing-library/react/dist/pure.js:292:10)
      at customRender (src/test-utils.tsx:79:12)
      at Object.<anonymous> (src/pages/__tests__/Dashboard.test.tsx:169:13)

  console.error
    Warning: React does not recognize the `textAlign` prop on a DOM element. If you intentionally want it to appear in the DOM as a custom attribute, spell it as lowercase `textalign` instead. If you accidentally passed it from a parent component, remove it from the DOM element.
        at p
        at /home/rgoldberg/projects/figure-collector-services/figure-collector-frontend/src/setupTests.ts:410:29
        at div
        at /home/rgoldberg/projects/figure-collector-services/figure-collector-frontend/src/setupTests.ts:442:34
        at div
        at /home/rgoldberg/projects/figure-collector-services/figure-collector-frontend/src/setupTests.ts:410:29
        at div
        at /home/rgoldberg/projects/figure-collector-services/figure-collector-frontend/src/setupTests.ts:410:29
        at div
        at /home/rgoldberg/projects/figure-collector-services/figure-collector-frontend/src/setupTests.ts:442:34
        at Dashboard
        at Router (/home/rgoldberg/projects/figure-collector-services/figure-collector-frontend/node_modules/react-router/lib/components.tsx:421:13)
        at MemoryRouter (/home/rgoldberg/projects/figure-collector-services/figure-collector-frontend/node_modules/react-router/lib/components.tsx:225:3)
        at div
        at ChakraProvider (/home/rgoldberg/projects/figure-collector-services/figure-collector-frontend/src/setupTests.ts:441:24)
        at div
        at MockQueryClientProvider (/home/rgoldberg/projects/figure-collector-services/figure-collector-frontend/src/test-utils.tsx:11:36)
        at AllProviders (/home/rgoldberg/projects/figure-collector-services/figure-collector-frontend/src/test-utils.tsx:40:25)
        at wrapper

      77 |     initialRoutes?: string[] 
      78 |   }
    > 79 | ) => render(ui, { 
         |            ^
      80 |   wrapper: (props) => (
      81 |     <AllProviders 
      82 |       initialRoutes={options?.initialRoutes} 

      at printWarning (node_modules/react-dom/cjs/react-dom.development.js:86:30)
      at error (node_modules/react-dom/cjs/react-dom.development.js:60:7)
      at validateProperty$1 (node_modules/react-dom/cjs/react-dom.development.js:3757:7)
      at warnUnknownProperties (node_modules/react-dom/cjs/react-dom.development.js:3803:21)
      at validateProperties$2 (node_modules/react-dom/cjs/react-dom.development.js:3827:3)
      at validatePropertiesInDevelopment (node_modules/react-dom/cjs/react-dom.development.js:9541:5)
      at setInitialProperties (node_modules/react-dom/cjs/react-dom.development.js:9830:5)
      at finalizeInitialChildren (node_modules/react-dom/cjs/react-dom.development.js:10950:3)
      at completeWork (node_modules/react-dom/cjs/react-dom.development.js:22232:17)
      at completeUnitOfWork (node_modules/react-dom/cjs/react-dom.development.js:26632:16)
      at performUnitOfWork (node_modules/react-dom/cjs/react-dom.development.js:26607:5)
      at workLoopSync (node_modules/react-dom/cjs/react-dom.development.js:26505:5)
      at renderRootSync (node_modules/react-dom/cjs/react-dom.development.js:26473:7)
      at performConcurrentWorkOnRoot (node_modules/react-dom/cjs/react-dom.development.js:25777:74)
      at flushActQueue (node_modules/react/cjs/react.development.js:2667:24)
      at act (node_modules/react/cjs/react.development.js:2582:11)
      at node_modules/@testing-library/react/dist/act-compat.js:47:25
      at renderRoot (node_modules/@testing-library/react/dist/pure.js:190:26)
      at render (node_modules/@testing-library/react/dist/pure.js:292:10)
      at customRender (src/test-utils.tsx:79:12)
      at Object.<anonymous> (src/pages/__tests__/Dashboard.test.tsx:259:13)

PASS src/pages/__tests__/Dashboard.test.tsx
  Dashboard
    component rendering
      ✓ should render dashboard header (29 ms)
      ✓ should render search bar with correct placeholder (7 ms)
      ✓ should render statistics cards (9 ms)
      ✓ should render recent figures section (4 ms)
      ✓ should render top manufacturers section (5 ms)
    statistics display
      ✓ should display correct statistics from API data (6 ms)
      ✓ should display statistics descriptions (4 ms)
      ✓ should show zero statistics when no data available (6 ms)
      ✓ should display top manufacturers data (5 ms)
      ✓ should limit manufacturer display to top 5 (5 ms)
      ✓ should handle empty manufacturer stats (4 ms)
    recent figures display
      ✓ should render recent figures when data is available (4 ms)
      ✓ should show empty state when no figures exist (4 ms)
      ✓ should have correct link to view all figures (4 ms)
      ✓ should have correct link to add first figure (3 ms)
      ✓ should have correct link to view statistics (10 ms)
    search functionality
      ✓ should handle search input and navigate to search page (19 ms)
      ✓ should encode search query properly (21 ms)
      ✓ should handle empty search query (9 ms)
    component behavior
      ✓ should handle API errors gracefully (4 ms)
      ✓ should display fallback values when API data is undefined (3 ms)
    responsive layout
      ✓ should render statistics grid (4 ms)
      ✓ should render two-column layout for main content (4 ms)
    accessibility
      ✓ should have proper heading hierarchy (5 ms)
      ✓ should have accessible statistics cards (4 ms)
      ✓ should have accessible navigation links (3 ms)
    loading states
      ✓ should handle loading states gracefully (8 ms)
      ✓ should show default values while loading stats (3 ms)
    data consistency
      ✓ should handle partial stats data (4 ms)
      ✓ should handle malformed stats data (5 ms)
    edge cases
      ✓ should handle very large numbers in statistics (3 ms)
      ✓ should handle manufacturers with special characters (4 ms)
      ✓ should handle extremely long manufacturer names (3 ms)

  console.error
    Warning: React does not recognize the `srOnly` prop on a DOM element. If you intentionally want it to appear in the DOM as a custom attribute, spell it as lowercase `sronly` instead. If you accidentally passed it from a parent component, remove it from the DOM element.
        at p
        at /home/rgoldberg/projects/figure-collector-services/figure-collector-frontend/src/setupTests.ts:410:29
        at div
        at /home/rgoldberg/projects/figure-collector-services/figure-collector-frontend/src/setupTests.ts:410:29
        at form
        at /home/rgoldberg/projects/figure-collector-services/figure-collector-frontend/src/setupTests.ts:442:34
        at FigureForm (/home/rgoldberg/projects/figure-collector-services/figure-collector-frontend/src/components/FigureForm.tsx:32:50)
        at Router (/home/rgoldberg/projects/figure-collector-services/figure-collector-frontend/node_modules/react-router/lib/components.tsx:421:13)
        at MemoryRouter (/home/rgoldberg/projects/figure-collector-services/figure-collector-frontend/node_modules/react-router/lib/components.tsx:225:3)
        at div
        at ChakraProvider (/home/rgoldberg/projects/figure-collector-services/figure-collector-frontend/src/setupTests.ts:441:24)
        at div
        at MockQueryClientProvider (/home/rgoldberg/projects/figure-collector-services/figure-collector-frontend/src/test-utils.tsx:11:36)
        at AllProviders (/home/rgoldberg/projects/figure-collector-services/figure-collector-frontend/src/test-utils.tsx:40:25)
        at wrapper

      77 |     initialRoutes?: string[] 
      78 |   }
    > 79 | ) => render(ui, { 
         |            ^
      80 |   wrapper: (props) => (
      81 |     <AllProviders 
      82 |       initialRoutes={options?.initialRoutes} 

      at printWarning (node_modules/react-dom/cjs/react-dom.development.js:86:30)
      at error (node_modules/react-dom/cjs/react-dom.development.js:60:7)
      at validateProperty$1 (node_modules/react-dom/cjs/react-dom.development.js:3757:7)
      at warnUnknownProperties (node_modules/react-dom/cjs/react-dom.development.js:3803:21)
      at validateProperties$2 (node_modules/react-dom/cjs/react-dom.development.js:3827:3)
      at validatePropertiesInDevelopment (node_modules/react-dom/cjs/react-dom.development.js:9541:5)
      at setInitialProperties (node_modules/react-dom/cjs/react-dom.development.js:9830:5)
      at finalizeInitialChildren (node_modules/react-dom/cjs/react-dom.development.js:10950:3)
      at completeWork (node_modules/react-dom/cjs/react-dom.development.js:22232:17)
      at completeUnitOfWork (node_modules/react-dom/cjs/react-dom.development.js:26632:16)
      at performUnitOfWork (node_modules/react-dom/cjs/react-dom.development.js:26607:5)
      at workLoopSync (node_modules/react-dom/cjs/react-dom.development.js:26505:5)
      at renderRootSync (node_modules/react-dom/cjs/react-dom.development.js:26473:7)
      at performConcurrentWorkOnRoot (node_modules/react-dom/cjs/react-dom.development.js:25777:74)
      at flushActQueue (node_modules/react/cjs/react.development.js:2667:24)
      at act (node_modules/react/cjs/react.development.js:2582:11)
      at node_modules/@testing-library/react/dist/act-compat.js:47:25
      at renderRoot (node_modules/@testing-library/react/dist/pure.js:190:26)
      at render (node_modules/@testing-library/react/dist/pure.js:292:10)
      at customRender (src/test-utils.tsx:79:12)
      at Object.<anonymous> (src/components/__tests__/FigureForm.test.tsx:95:13)

  console.error
    Warning: Each child in a list should have a unique "key" prop.
    
    Check the render method of `ForwardRef`. It was passed a child from FigureForm. See https://reactjs.org/link/warning-keys for more information.
        at FaLink
        at /home/rgoldberg/projects/figure-collector-services/figure-collector-frontend/src/setupTests.ts:482:41
        at div
        at /home/rgoldberg/projects/figure-collector-services/figure-collector-frontend/src/setupTests.ts:410:29
        at div
        at /home/rgoldberg/projects/figure-collector-services/figure-collector-frontend/src/setupTests.ts:410:29
        at div
        at /home/rgoldberg/projects/figure-collector-services/figure-collector-frontend/src/setupTests.ts:501:42
        at div
        at /home/rgoldberg/projects/figure-collector-services/figure-collector-frontend/src/setupTests.ts:410:29
        at form
        at /home/rgoldberg/projects/figure-collector-services/figure-collector-frontend/src/setupTests.ts:442:34
        at FigureForm (/home/rgoldberg/projects/figure-collector-services/figure-collector-frontend/src/components/FigureForm.tsx:32:50)
        at Router (/home/rgoldberg/projects/figure-collector-services/figure-collector-frontend/node_modules/react-router/lib/components.tsx:421:13)
        at MemoryRouter (/home/rgoldberg/projects/figure-collector-services/figure-collector-frontend/node_modules/react-router/lib/components.tsx:225:3)
        at div
        at ChakraProvider (/home/rgoldberg/projects/figure-collector-services/figure-collector-frontend/src/setupTests.ts:441:24)
        at div
        at MockQueryClientProvider (/home/rgoldberg/projects/figure-collector-services/figure-collector-frontend/src/test-utils.tsx:11:36)
        at AllProviders (/home/rgoldberg/projects/figure-collector-services/figure-collector-frontend/src/test-utils.tsx:40:25)
        at wrapper

      481 |     }),
      482 |     IconButton: mockReact.forwardRef(({ children, isDisabled, isLoading, icon, ...props }: any, ref: any) =>
    > 483 |       mockReact.createElement('button', { 
          |                 ^
      484 |         'data-testid': 'icon-button', 
      485 |         ref,
      486 |         disabled: isDisabled || isLoading,

      at printWarning (node_modules/react/cjs/react.development.js:209:30)
      at error (node_modules/react/cjs/react.development.js:183:7)
      at validateExplicitKey (node_modules/react/cjs/react.development.js:2191:5)
      at validateChildKeys (node_modules/react/cjs/react.development.js:2217:9)
      at Object.createElement (node_modules/react/cjs/react.development.js:2372:7)
      at src/setupTests.ts:483:17
      at renderWithHooks (node_modules/react-dom/cjs/react-dom.development.js:15486:18)
      at updateForwardRef (node_modules/react-dom/cjs/react-dom.development.js:19245:20)
      at beginWork (node_modules/react-dom/cjs/react-dom.development.js:21675:16)
      at beginWork$1 (node_modules/react-dom/cjs/react-dom.development.js:27465:14)
      at performUnitOfWork (node_modules/react-dom/cjs/react-dom.development.js:26599:12)
      at workLoopSync (node_modules/react-dom/cjs/react-dom.development.js:26505:5)
      at renderRootSync (node_modules/react-dom/cjs/react-dom.development.js:26473:7)
      at performConcurrentWorkOnRoot (node_modules/react-dom/cjs/react-dom.development.js:25777:74)
      at flushActQueue (node_modules/react/cjs/react.development.js:2667:24)
      at act (node_modules/react/cjs/react.development.js:2582:11)
      at node_modules/@testing-library/react/dist/act-compat.js:47:25
      at renderRoot (node_modules/@testing-library/react/dist/pure.js:190:26)
      at render (node_modules/@testing-library/react/dist/pure.js:292:10)
      at customRender (src/test-utils.tsx:79:12)
      at Object.<anonymous> (src/components/__tests__/FigureForm.test.tsx:95:13)

  console.error
    Warning: React does not recognize the `isInvalid` prop on a DOM element. If you intentionally want it to appear in the DOM as a custom attribute, spell it as lowercase `isinvalid` instead. If you accidentally passed it from a parent component, remove it from the DOM element.
        at div
        at /home/rgoldberg/projects/figure-collector-services/figure-collector-frontend/src/setupTests.ts:501:42
        at div
        at /home/rgoldberg/projects/figure-collector-services/figure-collector-frontend/src/setupTests.ts:410:29
        at form
        at /home/rgoldberg/projects/figure-collector-services/figure-collector-frontend/src/setupTests.ts:442:34
        at FigureForm (/home/rgoldberg/projects/figure-collector-services/figure-collector-frontend/src/components/FigureForm.tsx:32:50)
        at Router (/home/rgoldberg/projects/figure-collector-services/figure-collector-frontend/node_modules/react-router/lib/components.tsx:421:13)
        at MemoryRouter (/home/rgoldberg/projects/figure-collector-services/figure-collector-frontend/node_modules/react-router/lib/components.tsx:225:3)
        at div
        at ChakraProvider (/home/rgoldberg/projects/figure-collector-services/figure-collector-frontend/src/setupTests.ts:441:24)
        at div
        at MockQueryClientProvider (/home/rgoldberg/projects/figure-collector-services/figure-collector-frontend/src/test-utils.tsx:11:36)
        at AllProviders (/home/rgoldberg/projects/figure-collector-services/figure-collector-frontend/src/test-utils.tsx:40:25)
        at wrapper

      77 |     initialRoutes?: string[] 
      78 |   }
    > 79 | ) => render(ui, { 
         |            ^
      80 |   wrapper: (props) => (
      81 |     <AllProviders 
      82 |       initialRoutes={options?.initialRoutes} 

      at printWarning (node_modules/react-dom/cjs/react-dom.development.js:86:30)
      at error (node_modules/react-dom/cjs/react-dom.development.js:60:7)
      at validateProperty$1 (node_modules/react-dom/cjs/react-dom.development.js:3757:7)
      at warnUnknownProperties (node_modules/react-dom/cjs/react-dom.development.js:3803:21)
      at validateProperties$2 (node_modules/react-dom/cjs/react-dom.development.js:3827:3)
      at validatePropertiesInDevelopment (node_modules/react-dom/cjs/react-dom.development.js:9541:5)
      at setInitialProperties (node_modules/react-dom/cjs/react-dom.development.js:9830:5)
      at finalizeInitialChildren (node_modules/react-dom/cjs/react-dom.development.js:10950:3)
      at completeWork (node_modules/react-dom/cjs/react-dom.development.js:22232:17)
      at completeUnitOfWork (node_modules/react-dom/cjs/react-dom.development.js:26632:16)
      at performUnitOfWork (node_modules/react-dom/cjs/react-dom.development.js:26607:5)
      at workLoopSync (node_modules/react-dom/cjs/react-dom.development.js:26505:5)
      at renderRootSync (node_modules/react-dom/cjs/react-dom.development.js:26473:7)
      at performConcurrentWorkOnRoot (node_modules/react-dom/cjs/react-dom.development.js:25777:74)
      at flushActQueue (node_modules/react/cjs/react.development.js:2667:24)
      at act (node_modules/react/cjs/react.development.js:2582:11)
      at node_modules/@testing-library/react/dist/act-compat.js:47:25
      at renderRoot (node_modules/@testing-library/react/dist/pure.js:190:26)
      at render (node_modules/@testing-library/react/dist/pure.js:292:10)
      at customRender (src/test-utils.tsx:79:12)
      at Object.<anonymous> (src/components/__tests__/FigureForm.test.tsx:95:13)

  console.error
    Warning: React does not recognize the `templateColumns` prop on a DOM element. If you intentionally want it to appear in the DOM as a custom attribute, spell it as lowercase `templatecolumns` instead. If you accidentally passed it from a parent component, remove it from the DOM element.
        at div
        at /home/rgoldberg/projects/figure-collector-services/figure-collector-frontend/src/setupTests.ts:410:29
        at div
        at /home/rgoldberg/projects/figure-collector-services/figure-collector-frontend/src/setupTests.ts:410:29
        at form
        at /home/rgoldberg/projects/figure-collector-services/figure-collector-frontend/src/setupTests.ts:442:34
        at FigureForm (/home/rgoldberg/projects/figure-collector-services/figure-collector-frontend/src/components/FigureForm.tsx:32:50)
        at Router (/home/rgoldberg/projects/figure-collector-services/figure-collector-frontend/node_modules/react-router/lib/components.tsx:421:13)
        at MemoryRouter (/home/rgoldberg/projects/figure-collector-services/figure-collector-frontend/node_modules/react-router/lib/components.tsx:225:3)
        at div
        at ChakraProvider (/home/rgoldberg/projects/figure-collector-services/figure-collector-frontend/src/setupTests.ts:441:24)
        at div
        at MockQueryClientProvider (/home/rgoldberg/projects/figure-collector-services/figure-collector-frontend/src/test-utils.tsx:11:36)
        at AllProviders (/home/rgoldberg/projects/figure-collector-services/figure-collector-frontend/src/test-utils.tsx:40:25)
        at wrapper

      77 |     initialRoutes?: string[] 
      78 |   }
    > 79 | ) => render(ui, { 
         |            ^
      80 |   wrapper: (props) => (
      81 |     <AllProviders 
      82 |       initialRoutes={options?.initialRoutes} 

      at printWarning (node_modules/react-dom/cjs/react-dom.development.js:86:30)
      at error (node_modules/react-dom/cjs/react-dom.development.js:60:7)
      at validateProperty$1 (node_modules/react-dom/cjs/react-dom.development.js:3757:7)
      at warnUnknownProperties (node_modules/react-dom/cjs/react-dom.development.js:3803:21)
      at validateProperties$2 (node_modules/react-dom/cjs/react-dom.development.js:3827:3)
      at validatePropertiesInDevelopment (node_modules/react-dom/cjs/react-dom.development.js:9541:5)
      at setInitialProperties (node_modules/react-dom/cjs/react-dom.development.js:9830:5)
      at finalizeInitialChildren (node_modules/react-dom/cjs/react-dom.development.js:10950:3)
      at completeWork (node_modules/react-dom/cjs/react-dom.development.js:22232:17)
      at completeUnitOfWork (node_modules/react-dom/cjs/react-dom.development.js:26632:16)
      at performUnitOfWork (node_modules/react-dom/cjs/react-dom.development.js:26607:5)
      at workLoopSync (node_modules/react-dom/cjs/react-dom.development.js:26505:5)
      at renderRootSync (node_modules/react-dom/cjs/react-dom.development.js:26473:7)
      at performConcurrentWorkOnRoot (node_modules/react-dom/cjs/react-dom.development.js:25777:74)
      at flushActQueue (node_modules/react/cjs/react.development.js:2667:24)
      at act (node_modules/react/cjs/react.development.js:2582:11)
      at node_modules/@testing-library/react/dist/act-compat.js:47:25
      at renderRoot (node_modules/@testing-library/react/dist/pure.js:190:26)
      at render (node_modules/@testing-library/react/dist/pure.js:292:10)
      at customRender (src/test-utils.tsx:79:12)
      at Object.<anonymous> (src/components/__tests__/FigureForm.test.tsx:95:13)

  console.warn
    ⚠️ React Router Future Flag Warning: React Router will begin wrapping state updates in `React.startTransition` in v7. You can use the `v7_startTransition` future flag to opt-in early. For more information, see https://reactrouter.com/v6/upgrading/future#v7_starttransition.

      77 |     initialRoutes?: string[] 
      78 |   }
    > 79 | ) => render(ui, { 
         |            ^
      80 |   wrapper: (props) => (
      81 |     <AllProviders 
      82 |       initialRoutes={options?.initialRoutes} 

      at warnOnce (node_modules/react-router/lib/deprecations.ts:9:13)
      at logDeprecation (node_modules/react-router/lib/deprecations.ts:14:3)
      at logV6DeprecationWarnings (node_modules/react-router/lib/deprecations.ts:26:5)
      at node_modules/react-router/lib/components.tsx:257:25
      at commitHookEffectListMount (node_modules/react-dom/cjs/react-dom.development.js:23189:26)
      at commitPassiveMountOnFiber (node_modules/react-dom/cjs/react-dom.development.js:24970:11)
      at commitPassiveMountEffects_complete (node_modules/react-dom/cjs/react-dom.development.js:24930:9)
      at commitPassiveMountEffects_begin (node_modules/react-dom/cjs/react-dom.development.js:24917:7)
      at commitPassiveMountEffects (node_modules/react-dom/cjs/react-dom.development.js:24905:3)
      at flushPassiveEffectsImpl (node_modules/react-dom/cjs/react-dom.development.js:27078:3)
      at flushPassiveEffects (node_modules/react-dom/cjs/react-dom.development.js:27023:14)
      at node_modules/react-dom/cjs/react-dom.development.js:26808:9
      at flushActQueue (node_modules/react/cjs/react.development.js:2667:24)
      at act (node_modules/react/cjs/react.development.js:2582:11)
      at node_modules/@testing-library/react/dist/act-compat.js:47:25
      at renderRoot (node_modules/@testing-library/react/dist/pure.js:190:26)
      at render (node_modules/@testing-library/react/dist/pure.js:292:10)
      at customRender (src/test-utils.tsx:79:12)
      at Object.<anonymous> (src/components/__tests__/FigureForm.test.tsx:95:13)

  console.warn
    ⚠️ React Router Future Flag Warning: Relative route resolution within Splat routes is changing in v7. You can use the `v7_relativeSplatPath` future flag to opt-in early. For more information, see https://reactrouter.com/v6/upgrading/future#v7_relativesplatpath.

      77 |     initialRoutes?: string[] 
      78 |   }
    > 79 | ) => render(ui, { 
         |            ^
      80 |   wrapper: (props) => (
      81 |     <AllProviders 
      82 |       initialRoutes={options?.initialRoutes} 

      at warnOnce (node_modules/react-router/lib/deprecations.ts:9:13)
      at logDeprecation (node_modules/react-router/lib/deprecations.ts:14:3)
      at logV6DeprecationWarnings (node_modules/react-router/lib/deprecations.ts:37:5)
      at node_modules/react-router/lib/components.tsx:257:25
      at commitHookEffectListMount (node_modules/react-dom/cjs/react-dom.development.js:23189:26)
      at commitPassiveMountOnFiber (node_modules/react-dom/cjs/react-dom.development.js:24970:11)
      at commitPassiveMountEffects_complete (node_modules/react-dom/cjs/react-dom.development.js:24930:9)
      at commitPassiveMountEffects_begin (node_modules/react-dom/cjs/react-dom.development.js:24917:7)
      at commitPassiveMountEffects (node_modules/react-dom/cjs/react-dom.development.js:24905:3)
      at flushPassiveEffectsImpl (node_modules/react-dom/cjs/react-dom.development.js:27078:3)
      at flushPassiveEffects (node_modules/react-dom/cjs/react-dom.development.js:27023:14)
      at node_modules/react-dom/cjs/react-dom.development.js:26808:9
      at flushActQueue (node_modules/react/cjs/react.development.js:2667:24)
      at act (node_modules/react/cjs/react.development.js:2582:11)
      at node_modules/@testing-library/react/dist/act-compat.js:47:25
      at renderRoot (node_modules/@testing-library/react/dist/pure.js:190:26)
      at render (node_modules/@testing-library/react/dist/pure.js:292:10)
      at customRender (src/test-utils.tsx:79:12)
      at Object.<anonymous> (src/components/__tests__/FigureForm.test.tsx:95:13)

  console.error
    Warning: React does not recognize the `maxH` prop on a DOM element. If you intentionally want it to appear in the DOM as a custom attribute, spell it as lowercase `maxh` instead. If you accidentally passed it from a parent component, remove it from the DOM element.
        at img
        at /home/rgoldberg/projects/figure-collector-services/figure-collector-frontend/src/setupTests.ts:547:36
        at div
        at /home/rgoldberg/projects/figure-collector-services/figure-collector-frontend/src/setupTests.ts:442:34
        at div
        at /home/rgoldberg/projects/figure-collector-services/figure-collector-frontend/src/setupTests.ts:442:34
        at div
        at /home/rgoldberg/projects/figure-collector-services/figure-collector-frontend/src/setupTests.ts:501:42
        at div
        at /home/rgoldberg/projects/figure-collector-services/figure-collector-frontend/src/setupTests.ts:410:29
        at div
        at /home/rgoldberg/projects/figure-collector-services/figure-collector-frontend/src/setupTests.ts:410:29
        at div
        at /home/rgoldberg/projects/figure-collector-services/figure-collector-frontend/src/setupTests.ts:410:29
        at form
        at /home/rgoldberg/projects/figure-collector-services/figure-collector-frontend/src/setupTests.ts:442:34
        at FigureForm (/home/rgoldberg/projects/figure-collector-services/figure-collector-frontend/src/components/FigureForm.tsx:32:50)
        at Router (/home/rgoldberg/projects/figure-collector-services/figure-collector-frontend/node_modules/react-router/lib/components.tsx:421:13)
        at MemoryRouter (/home/rgoldberg/projects/figure-collector-services/figure-collector-frontend/node_modules/react-router/lib/components.tsx:225:3)
        at div
        at ChakraProvider (/home/rgoldberg/projects/figure-collector-services/figure-collector-frontend/src/setupTests.ts:441:24)
        at div
        at MockQueryClientProvider (/home/rgoldberg/projects/figure-collector-services/figure-collector-frontend/src/test-utils.tsx:11:36)
        at AllProviders (/home/rgoldberg/projects/figure-collector-services/figure-collector-frontend/src/test-utils.tsx:40:25)
        at wrapper

      77 |     initialRoutes?: string[] 
      78 |   }
    > 79 | ) => render(ui, { 
         |            ^
      80 |   wrapper: (props) => (
      81 |     <AllProviders 
      82 |       initialRoutes={options?.initialRoutes} 

      at printWarning (node_modules/react-dom/cjs/react-dom.development.js:86:30)
      at error (node_modules/react-dom/cjs/react-dom.development.js:60:7)
      at validateProperty$1 (node_modules/react-dom/cjs/react-dom.development.js:3757:7)
      at warnUnknownProperties (node_modules/react-dom/cjs/react-dom.development.js:3803:21)
      at validateProperties$2 (node_modules/react-dom/cjs/react-dom.development.js:3827:3)
      at validatePropertiesInDevelopment (node_modules/react-dom/cjs/react-dom.development.js:9541:5)
      at setInitialProperties (node_modules/react-dom/cjs/react-dom.development.js:9830:5)
      at finalizeInitialChildren (node_modules/react-dom/cjs/react-dom.development.js:10950:3)
      at completeWork (node_modules/react-dom/cjs/react-dom.development.js:22232:17)
      at completeUnitOfWork (node_modules/react-dom/cjs/react-dom.development.js:26632:16)
      at performUnitOfWork (node_modules/react-dom/cjs/react-dom.development.js:26607:5)
      at workLoopSync (node_modules/react-dom/cjs/react-dom.development.js:26505:5)
      at renderRootSync (node_modules/react-dom/cjs/react-dom.development.js:26473:7)
      at performConcurrentWorkOnRoot (node_modules/react-dom/cjs/react-dom.development.js:25777:74)
      at flushActQueue (node_modules/react/cjs/react.development.js:2667:24)
      at act (node_modules/react/cjs/react.development.js:2582:11)
      at node_modules/@testing-library/react/dist/act-compat.js:47:25
      at renderRoot (node_modules/@testing-library/react/dist/pure.js:190:26)
      at render (node_modules/@testing-library/react/dist/pure.js:292:10)
      at customRender (src/test-utils.tsx:79:12)
      at Object.<anonymous> (src/components/__tests__/FigureForm.test.tsx:114:13)

  console.error
    Warning: React does not recognize the `maxW` prop on a DOM element. If you intentionally want it to appear in the DOM as a custom attribute, spell it as lowercase `maxw` instead. If you accidentally passed it from a parent component, remove it from the DOM element.
        at img
        at /home/rgoldberg/projects/figure-collector-services/figure-collector-frontend/src/setupTests.ts:547:36
        at div
        at /home/rgoldberg/projects/figure-collector-services/figure-collector-frontend/src/setupTests.ts:442:34
        at div
        at /home/rgoldberg/projects/figure-collector-services/figure-collector-frontend/src/setupTests.ts:442:34
        at div
        at /home/rgoldberg/projects/figure-collector-services/figure-collector-frontend/src/setupTests.ts:501:42
        at div
        at /home/rgoldberg/projects/figure-collector-services/figure-collector-frontend/src/setupTests.ts:410:29
        at div
        at /home/rgoldberg/projects/figure-collector-services/figure-collector-frontend/src/setupTests.ts:410:29
        at div
        at /home/rgoldberg/projects/figure-collector-services/figure-collector-frontend/src/setupTests.ts:410:29
        at form
        at /home/rgoldberg/projects/figure-collector-services/figure-collector-frontend/src/setupTests.ts:442:34
        at FigureForm (/home/rgoldberg/projects/figure-collector-services/figure-collector-frontend/src/components/FigureForm.tsx:32:50)
        at Router (/home/rgoldberg/projects/figure-collector-services/figure-collector-frontend/node_modules/react-router/lib/components.tsx:421:13)
        at MemoryRouter (/home/rgoldberg/projects/figure-collector-services/figure-collector-frontend/node_modules/react-router/lib/components.tsx:225:3)
        at div
        at ChakraProvider (/home/rgoldberg/projects/figure-collector-services/figure-collector-frontend/src/setupTests.ts:441:24)
        at div
        at MockQueryClientProvider (/home/rgoldberg/projects/figure-collector-services/figure-collector-frontend/src/test-utils.tsx:11:36)
        at AllProviders (/home/rgoldberg/projects/figure-collector-services/figure-collector-frontend/src/test-utils.tsx:40:25)
        at wrapper

      77 |     initialRoutes?: string[] 
      78 |   }
    > 79 | ) => render(ui, { 
         |            ^
      80 |   wrapper: (props) => (
      81 |     <AllProviders 
      82 |       initialRoutes={options?.initialRoutes} 

      at printWarning (node_modules/react-dom/cjs/react-dom.development.js:86:30)
      at error (node_modules/react-dom/cjs/react-dom.development.js:60:7)
      at validateProperty$1 (node_modules/react-dom/cjs/react-dom.development.js:3757:7)
      at warnUnknownProperties (node_modules/react-dom/cjs/react-dom.development.js:3803:21)
      at validateProperties$2 (node_modules/react-dom/cjs/react-dom.development.js:3827:3)
      at validatePropertiesInDevelopment (node_modules/react-dom/cjs/react-dom.development.js:9541:5)
      at setInitialProperties (node_modules/react-dom/cjs/react-dom.development.js:9830:5)
      at finalizeInitialChildren (node_modules/react-dom/cjs/react-dom.development.js:10950:3)
      at completeWork (node_modules/react-dom/cjs/react-dom.development.js:22232:17)
      at completeUnitOfWork (node_modules/react-dom/cjs/react-dom.development.js:26632:16)
      at performUnitOfWork (node_modules/react-dom/cjs/react-dom.development.js:26607:5)
      at workLoopSync (node_modules/react-dom/cjs/react-dom.development.js:26505:5)
      at renderRootSync (node_modules/react-dom/cjs/react-dom.development.js:26473:7)
      at performConcurrentWorkOnRoot (node_modules/react-dom/cjs/react-dom.development.js:25777:74)
      at flushActQueue (node_modules/react/cjs/react.development.js:2667:24)
      at act (node_modules/react/cjs/react.development.js:2582:11)
      at node_modules/@testing-library/react/dist/act-compat.js:47:25
      at renderRoot (node_modules/@testing-library/react/dist/pure.js:190:26)
      at render (node_modules/@testing-library/react/dist/pure.js:292:10)
      at customRender (src/test-utils.tsx:79:12)
      at Object.<anonymous> (src/components/__tests__/FigureForm.test.tsx:114:13)

  console.error
    Warning: React does not recognize the `objectFit` prop on a DOM element. If you intentionally want it to appear in the DOM as a custom attribute, spell it as lowercase `objectfit` instead. If you accidentally passed it from a parent component, remove it from the DOM element.
        at img
        at /home/rgoldberg/projects/figure-collector-services/figure-collector-frontend/src/setupTests.ts:547:36
        at div
        at /home/rgoldberg/projects/figure-collector-services/figure-collector-frontend/src/setupTests.ts:442:34
        at div
        at /home/rgoldberg/projects/figure-collector-services/figure-collector-frontend/src/setupTests.ts:442:34
        at div
        at /home/rgoldberg/projects/figure-collector-services/figure-collector-frontend/src/setupTests.ts:501:42
        at div
        at /home/rgoldberg/projects/figure-collector-services/figure-collector-frontend/src/setupTests.ts:410:29
        at div
        at /home/rgoldberg/projects/figure-collector-services/figure-collector-frontend/src/setupTests.ts:410:29
        at div
        at /home/rgoldberg/projects/figure-collector-services/figure-collector-frontend/src/setupTests.ts:410:29
        at form
        at /home/rgoldberg/projects/figure-collector-services/figure-collector-frontend/src/setupTests.ts:442:34
        at FigureForm (/home/rgoldberg/projects/figure-collector-services/figure-collector-frontend/src/components/FigureForm.tsx:32:50)
        at Router (/home/rgoldberg/projects/figure-collector-services/figure-collector-frontend/node_modules/react-router/lib/components.tsx:421:13)
        at MemoryRouter (/home/rgoldberg/projects/figure-collector-services/figure-collector-frontend/node_modules/react-router/lib/components.tsx:225:3)
        at div
        at ChakraProvider (/home/rgoldberg/projects/figure-collector-services/figure-collector-frontend/src/setupTests.ts:441:24)
        at div
        at MockQueryClientProvider (/home/rgoldberg/projects/figure-collector-services/figure-collector-frontend/src/test-utils.tsx:11:36)
        at AllProviders (/home/rgoldberg/projects/figure-collector-services/figure-collector-frontend/src/test-utils.tsx:40:25)
        at wrapper

      77 |     initialRoutes?: string[] 
      78 |   }
    > 79 | ) => render(ui, { 
         |            ^
      80 |   wrapper: (props) => (
      81 |     <AllProviders 
      82 |       initialRoutes={options?.initialRoutes} 

      at printWarning (node_modules/react-dom/cjs/react-dom.development.js:86:30)
      at error (node_modules/react-dom/cjs/react-dom.development.js:60:7)
      at validateProperty$1 (node_modules/react-dom/cjs/react-dom.development.js:3757:7)
      at warnUnknownProperties (node_modules/react-dom/cjs/react-dom.development.js:3803:21)
      at validateProperties$2 (node_modules/react-dom/cjs/react-dom.development.js:3827:3)
      at validatePropertiesInDevelopment (node_modules/react-dom/cjs/react-dom.development.js:9541:5)
      at setInitialProperties (node_modules/react-dom/cjs/react-dom.development.js:9830:5)
      at finalizeInitialChildren (node_modules/react-dom/cjs/react-dom.development.js:10950:3)
      at completeWork (node_modules/react-dom/cjs/react-dom.development.js:22232:17)
      at completeUnitOfWork (node_modules/react-dom/cjs/react-dom.development.js:26632:16)
      at performUnitOfWork (node_modules/react-dom/cjs/react-dom.development.js:26607:5)
      at workLoopSync (node_modules/react-dom/cjs/react-dom.development.js:26505:5)
      at renderRootSync (node_modules/react-dom/cjs/react-dom.development.js:26473:7)
      at performConcurrentWorkOnRoot (node_modules/react-dom/cjs/react-dom.development.js:25777:74)
      at flushActQueue (node_modules/react/cjs/react.development.js:2667:24)
      at act (node_modules/react/cjs/react.development.js:2582:11)
      at node_modules/@testing-library/react/dist/act-compat.js:47:25
      at renderRoot (node_modules/@testing-library/react/dist/pure.js:190:26)
      at render (node_modules/@testing-library/react/dist/pure.js:292:10)
      at customRender (src/test-utils.tsx:79:12)
      at Object.<anonymous> (src/components/__tests__/FigureForm.test.tsx:114:13)

  console.error
    Warning: React does not recognize the `alignItems` prop on a DOM element. If you intentionally want it to appear in the DOM as a custom attribute, spell it as lowercase `alignitems` instead. If you accidentally passed it from a parent component, remove it from the DOM element.
        at div
        at /home/rgoldberg/projects/figure-collector-services/figure-collector-frontend/src/setupTests.ts:442:34
        at div
        at /home/rgoldberg/projects/figure-collector-services/figure-collector-frontend/src/setupTests.ts:442:34
        at div
        at /home/rgoldberg/projects/figure-collector-services/figure-collector-frontend/src/setupTests.ts:501:42
        at div
        at /home/rgoldberg/projects/figure-collector-services/figure-collector-frontend/src/setupTests.ts:410:29
        at div
        at /home/rgoldberg/projects/figure-collector-services/figure-collector-frontend/src/setupTests.ts:410:29
        at div
        at /home/rgoldberg/projects/figure-collector-services/figure-collector-frontend/src/setupTests.ts:410:29
        at form
        at /home/rgoldberg/projects/figure-collector-services/figure-collector-frontend/src/setupTests.ts:442:34
        at FigureForm (/home/rgoldberg/projects/figure-collector-services/figure-collector-frontend/src/components/FigureForm.tsx:32:50)
        at Router (/home/rgoldberg/projects/figure-collector-services/figure-collector-frontend/node_modules/react-router/lib/components.tsx:421:13)
        at MemoryRouter (/home/rgoldberg/projects/figure-collector-services/figure-collector-frontend/node_modules/react-router/lib/components.tsx:225:3)
        at div
        at ChakraProvider (/home/rgoldberg/projects/figure-collector-services/figure-collector-frontend/src/setupTests.ts:441:24)
        at div
        at MockQueryClientProvider (/home/rgoldberg/projects/figure-collector-services/figure-collector-frontend/src/test-utils.tsx:11:36)
        at AllProviders (/home/rgoldberg/projects/figure-collector-services/figure-collector-frontend/src/test-utils.tsx:40:25)
        at wrapper

      77 |     initialRoutes?: string[] 
      78 |   }
    > 79 | ) => render(ui, { 
         |            ^
      80 |   wrapper: (props) => (
      81 |     <AllProviders 
      82 |       initialRoutes={options?.initialRoutes} 

      at printWarning (node_modules/react-dom/cjs/react-dom.development.js:86:30)
      at error (node_modules/react-dom/cjs/react-dom.development.js:60:7)
      at validateProperty$1 (node_modules/react-dom/cjs/react-dom.development.js:3757:7)
      at warnUnknownProperties (node_modules/react-dom/cjs/react-dom.development.js:3803:21)
      at validateProperties$2 (node_modules/react-dom/cjs/react-dom.development.js:3827:3)
      at validatePropertiesInDevelopment (node_modules/react-dom/cjs/react-dom.development.js:9541:5)
      at setInitialProperties (node_modules/react-dom/cjs/react-dom.development.js:9830:5)
      at finalizeInitialChildren (node_modules/react-dom/cjs/react-dom.development.js:10950:3)
      at completeWork (node_modules/react-dom/cjs/react-dom.development.js:22232:17)
      at completeUnitOfWork (node_modules/react-dom/cjs/react-dom.development.js:26632:16)
      at performUnitOfWork (node_modules/react-dom/cjs/react-dom.development.js:26607:5)
      at workLoopSync (node_modules/react-dom/cjs/react-dom.development.js:26505:5)
      at renderRootSync (node_modules/react-dom/cjs/react-dom.development.js:26473:7)
      at performConcurrentWorkOnRoot (node_modules/react-dom/cjs/react-dom.development.js:25777:74)
      at flushActQueue (node_modules/react/cjs/react.development.js:2667:24)
      at act (node_modules/react/cjs/react.development.js:2582:11)
      at node_modules/@testing-library/react/dist/act-compat.js:47:25
      at renderRoot (node_modules/@testing-library/react/dist/pure.js:190:26)
      at render (node_modules/@testing-library/react/dist/pure.js:292:10)
      at customRender (src/test-utils.tsx:79:12)
      at Object.<anonymous> (src/components/__tests__/FigureForm.test.tsx:114:13)

  console.error
    Warning: React does not recognize the `justifyContent` prop on a DOM element. If you intentionally want it to appear in the DOM as a custom attribute, spell it as lowercase `justifycontent` instead. If you accidentally passed it from a parent component, remove it from the DOM element.
        at div
        at /home/rgoldberg/projects/figure-collector-services/figure-collector-frontend/src/setupTests.ts:442:34
        at div
        at /home/rgoldberg/projects/figure-collector-services/figure-collector-frontend/src/setupTests.ts:442:34
        at div
        at /home/rgoldberg/projects/figure-collector-services/figure-collector-frontend/src/setupTests.ts:501:42
        at div
        at /home/rgoldberg/projects/figure-collector-services/figure-collector-frontend/src/setupTests.ts:410:29
        at div
        at /home/rgoldberg/projects/figure-collector-services/figure-collector-frontend/src/setupTests.ts:410:29
        at div
        at /home/rgoldberg/projects/figure-collector-services/figure-collector-frontend/src/setupTests.ts:410:29
        at form
        at /home/rgoldberg/projects/figure-collector-services/figure-collector-frontend/src/setupTests.ts:442:34
        at FigureForm (/home/rgoldberg/projects/figure-collector-services/figure-collector-frontend/src/components/FigureForm.tsx:32:50)
        at Router (/home/rgoldberg/projects/figure-collector-services/figure-collector-frontend/node_modules/react-router/lib/components.tsx:421:13)
        at MemoryRouter (/home/rgoldberg/projects/figure-collector-services/figure-collector-frontend/node_modules/react-router/lib/components.tsx:225:3)
        at div
        at ChakraProvider (/home/rgoldberg/projects/figure-collector-services/figure-collector-frontend/src/setupTests.ts:441:24)
        at div
        at MockQueryClientProvider (/home/rgoldberg/projects/figure-collector-services/figure-collector-frontend/src/test-utils.tsx:11:36)
        at AllProviders (/home/rgoldberg/projects/figure-collector-services/figure-collector-frontend/src/test-utils.tsx:40:25)
        at wrapper

      77 |     initialRoutes?: string[] 
      78 |   }
    > 79 | ) => render(ui, { 
         |            ^
      80 |   wrapper: (props) => (
      81 |     <AllProviders 
      82 |       initialRoutes={options?.initialRoutes} 

      at printWarning (node_modules/react-dom/cjs/react-dom.development.js:86:30)
      at error (node_modules/react-dom/cjs/react-dom.development.js:60:7)
      at validateProperty$1 (node_modules/react-dom/cjs/react-dom.development.js:3757:7)
      at warnUnknownProperties (node_modules/react-dom/cjs/react-dom.development.js:3803:21)
      at validateProperties$2 (node_modules/react-dom/cjs/react-dom.development.js:3827:3)
      at validatePropertiesInDevelopment (node_modules/react-dom/cjs/react-dom.development.js:9541:5)
      at setInitialProperties (node_modules/react-dom/cjs/react-dom.development.js:9830:5)
      at finalizeInitialChildren (node_modules/react-dom/cjs/react-dom.development.js:10950:3)
      at completeWork (node_modules/react-dom/cjs/react-dom.development.js:22232:17)
      at completeUnitOfWork (node_modules/react-dom/cjs/react-dom.development.js:26632:16)
      at performUnitOfWork (node_modules/react-dom/cjs/react-dom.development.js:26607:5)
      at workLoopSync (node_modules/react-dom/cjs/react-dom.development.js:26505:5)
      at renderRootSync (node_modules/react-dom/cjs/react-dom.development.js:26473:7)
      at performConcurrentWorkOnRoot (node_modules/react-dom/cjs/react-dom.development.js:25777:74)
      at flushActQueue (node_modules/react/cjs/react.development.js:2667:24)
      at act (node_modules/react/cjs/react.development.js:2582:11)
      at node_modules/@testing-library/react/dist/act-compat.js:47:25
      at renderRoot (node_modules/@testing-library/react/dist/pure.js:190:26)
      at render (node_modules/@testing-library/react/dist/pure.js:292:10)
      at customRender (src/test-utils.tsx:79:12)
      at Object.<anonymous> (src/components/__tests__/FigureForm.test.tsx:114:13)

  console.error
    Warning: React does not recognize the `borderRadius` prop on a DOM element. If you intentionally want it to appear in the DOM as a custom attribute, spell it as lowercase `borderradius` instead. If you accidentally passed it from a parent component, remove it from the DOM element.
        at div
        at /home/rgoldberg/projects/figure-collector-services/figure-collector-frontend/src/setupTests.ts:442:34
        at div
        at /home/rgoldberg/projects/figure-collector-services/figure-collector-frontend/src/setupTests.ts:442:34
        at div
        at /home/rgoldberg/projects/figure-collector-services/figure-collector-frontend/src/setupTests.ts:501:42
        at div
        at /home/rgoldberg/projects/figure-collector-services/figure-collector-frontend/src/setupTests.ts:410:29
        at div
        at /home/rgoldberg/projects/figure-collector-services/figure-collector-frontend/src/setupTests.ts:410:29
        at div
        at /home/rgoldberg/projects/figure-collector-services/figure-collector-frontend/src/setupTests.ts:410:29
        at form
        at /home/rgoldberg/projects/figure-collector-services/figure-collector-frontend/src/setupTests.ts:442:34
        at FigureForm (/home/rgoldberg/projects/figure-collector-services/figure-collector-frontend/src/components/FigureForm.tsx:32:50)
        at Router (/home/rgoldberg/projects/figure-collector-services/figure-collector-frontend/node_modules/react-router/lib/components.tsx:421:13)
        at MemoryRouter (/home/rgoldberg/projects/figure-collector-services/figure-collector-frontend/node_modules/react-router/lib/components.tsx:225:3)
        at div
        at ChakraProvider (/home/rgoldberg/projects/figure-collector-services/figure-collector-frontend/src/setupTests.ts:441:24)
        at div
        at MockQueryClientProvider (/home/rgoldberg/projects/figure-collector-services/figure-collector-frontend/src/test-utils.tsx:11:36)
        at AllProviders (/home/rgoldberg/projects/figure-collector-services/figure-collector-frontend/src/test-utils.tsx:40:25)
        at wrapper

      77 |     initialRoutes?: string[] 
      78 |   }
    > 79 | ) => render(ui, { 
         |            ^
      80 |   wrapper: (props) => (
      81 |     <AllProviders 
      82 |       initialRoutes={options?.initialRoutes} 

      at printWarning (node_modules/react-dom/cjs/react-dom.development.js:86:30)
      at error (node_modules/react-dom/cjs/react-dom.development.js:60:7)
      at validateProperty$1 (node_modules/react-dom/cjs/react-dom.development.js:3757:7)
      at warnUnknownProperties (node_modules/react-dom/cjs/react-dom.development.js:3803:21)
      at validateProperties$2 (node_modules/react-dom/cjs/react-dom.development.js:3827:3)
      at validatePropertiesInDevelopment (node_modules/react-dom/cjs/react-dom.development.js:9541:5)
      at setInitialProperties (node_modules/react-dom/cjs/react-dom.development.js:9830:5)
      at finalizeInitialChildren (node_modules/react-dom/cjs/react-dom.development.js:10950:3)
      at completeWork (node_modules/react-dom/cjs/react-dom.development.js:22232:17)
      at completeUnitOfWork (node_modules/react-dom/cjs/react-dom.development.js:26632:16)
      at performUnitOfWork (node_modules/react-dom/cjs/react-dom.development.js:26607:5)
      at workLoopSync (node_modules/react-dom/cjs/react-dom.development.js:26505:5)
      at renderRootSync (node_modules/react-dom/cjs/react-dom.development.js:26473:7)
      at performConcurrentWorkOnRoot (node_modules/react-dom/cjs/react-dom.development.js:25777:74)
      at flushActQueue (node_modules/react/cjs/react.development.js:2667:24)
      at act (node_modules/react/cjs/react.development.js:2582:11)
      at node_modules/@testing-library/react/dist/act-compat.js:47:25
      at renderRoot (node_modules/@testing-library/react/dist/pure.js:190:26)
      at render (node_modules/@testing-library/react/dist/pure.js:292:10)
      at customRender (src/test-utils.tsx:79:12)
      at Object.<anonymous> (src/components/__tests__/FigureForm.test.tsx:114:13)

  console.error
    Warning: React does not recognize the `borderColor` prop on a DOM element. If you intentionally want it to appear in the DOM as a custom attribute, spell it as lowercase `bordercolor` instead. If you accidentally passed it from a parent component, remove it from the DOM element.
        at div
        at /home/rgoldberg/projects/figure-collector-services/figure-collector-frontend/src/setupTests.ts:442:34
        at div
        at /home/rgoldberg/projects/figure-collector-services/figure-collector-frontend/src/setupTests.ts:501:42
        at div
        at /home/rgoldberg/projects/figure-collector-services/figure-collector-frontend/src/setupTests.ts:410:29
        at div
        at /home/rgoldberg/projects/figure-collector-services/figure-collector-frontend/src/setupTests.ts:410:29
        at div
        at /home/rgoldberg/projects/figure-collector-services/figure-collector-frontend/src/setupTests.ts:410:29
        at form
        at /home/rgoldberg/projects/figure-collector-services/figure-collector-frontend/src/setupTests.ts:442:34
        at FigureForm (/home/rgoldberg/projects/figure-collector-services/figure-collector-frontend/src/components/FigureForm.tsx:32:50)
        at Router (/home/rgoldberg/projects/figure-collector-services/figure-collector-frontend/node_modules/react-router/lib/components.tsx:421:13)
        at MemoryRouter (/home/rgoldberg/projects/figure-collector-services/figure-collector-frontend/node_modules/react-router/lib/components.tsx:225:3)
        at div
        at ChakraProvider (/home/rgoldberg/projects/figure-collector-services/figure-collector-frontend/src/setupTests.ts:441:24)
        at div
        at MockQueryClientProvider (/home/rgoldberg/projects/figure-collector-services/figure-collector-frontend/src/test-utils.tsx:11:36)
        at AllProviders (/home/rgoldberg/projects/figure-collector-services/figure-collector-frontend/src/test-utils.tsx:40:25)
        at wrapper

      77 |     initialRoutes?: string[] 
      78 |   }
    > 79 | ) => render(ui, { 
         |            ^
      80 |   wrapper: (props) => (
      81 |     <AllProviders 
      82 |       initialRoutes={options?.initialRoutes} 

      at printWarning (node_modules/react-dom/cjs/react-dom.development.js:86:30)
      at error (node_modules/react-dom/cjs/react-dom.development.js:60:7)
      at validateProperty$1 (node_modules/react-dom/cjs/react-dom.development.js:3757:7)
      at warnUnknownProperties (node_modules/react-dom/cjs/react-dom.development.js:3803:21)
      at validateProperties$2 (node_modules/react-dom/cjs/react-dom.development.js:3827:3)
      at validatePropertiesInDevelopment (node_modules/react-dom/cjs/react-dom.development.js:9541:5)
      at setInitialProperties (node_modules/react-dom/cjs/react-dom.development.js:9830:5)
      at finalizeInitialChildren (node_modules/react-dom/cjs/react-dom.development.js:10950:3)
      at completeWork (node_modules/react-dom/cjs/react-dom.development.js:22232:17)
      at completeUnitOfWork (node_modules/react-dom/cjs/react-dom.development.js:26632:16)
      at performUnitOfWork (node_modules/react-dom/cjs/react-dom.development.js:26607:5)
      at workLoopSync (node_modules/react-dom/cjs/react-dom.development.js:26505:5)
      at renderRootSync (node_modules/react-dom/cjs/react-dom.development.js:26473:7)
      at performConcurrentWorkOnRoot (node_modules/react-dom/cjs/react-dom.development.js:25777:74)
      at flushActQueue (node_modules/react/cjs/react.development.js:2667:24)
      at act (node_modules/react/cjs/react.development.js:2582:11)
      at node_modules/@testing-library/react/dist/act-compat.js:47:25
      at renderRoot (node_modules/@testing-library/react/dist/pure.js:190:26)
      at render (node_modules/@testing-library/react/dist/pure.js:292:10)
      at customRender (src/test-utils.tsx:79:12)
      at Object.<anonymous> (src/components/__tests__/FigureForm.test.tsx:114:13)

  console.log
    [DEBUG] Debounce timer executed

      at cb (src/components/FigureForm.tsx:290:17)

  console.log
    [DEBUG] Link unchanged, calling handleMFCLinkBlur

      at cb (src/components/FigureForm.tsx:297:19)

  console.error
    Warning: An update to FigureForm inside a test was not wrapped in act(...).
    
    When testing, code that causes React state updates should be wrapped into act(...):
    
    act(() => {
      /* fire events that update state */
    });
    /* assert on the output */
    
    This ensures that you're testing the behavior the user would see in the browser. Learn more at https://reactjs.org/link/wrap-tests-with-act
        at FigureForm (/home/rgoldberg/projects/figure-collector-services/figure-collector-frontend/src/components/FigureForm.tsx:32:50)
        at Router (/home/rgoldberg/projects/figure-collector-services/figure-collector-frontend/node_modules/react-router/lib/components.tsx:421:13)
        at MemoryRouter (/home/rgoldberg/projects/figure-collector-services/figure-collector-frontend/node_modules/react-router/lib/components.tsx:225:3)
        at div
        at ChakraProvider (/home/rgoldberg/projects/figure-collector-services/figure-collector-frontend/src/setupTests.ts:441:24)
        at div
        at MockQueryClientProvider (/home/rgoldberg/projects/figure-collector-services/figure-collector-frontend/src/test-utils.tsx:11:36)
        at AllProviders (/home/rgoldberg/projects/figure-collector-services/figure-collector-frontend/src/test-utils.tsx:40:25)
        at wrapper

      165 |     }
      166 |
    > 167 |     setIsScrapingMFC(true);
          |     ^
      168 |     isScrapingRef.current = true;
      169 |
      170 |     const controller = new AbortController();

      at printWarning (node_modules/react-dom/cjs/react-dom.development.js:86:30)
      at error (node_modules/react-dom/cjs/react-dom.development.js:60:7)
      at warnIfUpdatesNotWrappedWithActDEV (node_modules/react-dom/cjs/react-dom.development.js:27628:9)
      at scheduleUpdateOnFiber (node_modules/react-dom/cjs/react-dom.development.js:25547:5)
      at setIsScrapingMFC (node_modules/react-dom/cjs/react-dom.development.js:16708:7)
      at handleMFCLinkBlur (src/components/FigureForm.tsx:167:5)
      at cb (src/components/FigureForm.tsx:298:17)
      at src/setupTests.ts:182:32

  console.log
    [FRONTEND] Making request to /api/figures/scrape-mfc with body: { mfcLink: 'https://myfigurecollection.net/item/123456' }

      at src/components/FigureForm.tsx:176:17

  console.log
    Mock toast called with: {
      title: 'Warning',
      description: 'No data could be extracted from MFC link',
      status: 'warning',
      duration: 3000,
      isClosable: true
    }

      at src/setupTests.ts:422:17

  console.error
    Warning: An update to FigureForm inside a test was not wrapped in act(...).
    
    When testing, code that causes React state updates should be wrapped into act(...):
    
    act(() => {
      /* fire events that update state */
    });
    /* assert on the output */
    
    This ensures that you're testing the behavior the user would see in the browser. Learn more at https://reactjs.org/link/wrap-tests-with-act
        at FigureForm (/home/rgoldberg/projects/figure-collector-services/figure-collector-frontend/src/components/FigureForm.tsx:32:50)
        at Router (/home/rgoldberg/projects/figure-collector-services/figure-collector-frontend/node_modules/react-router/lib/components.tsx:421:13)
        at MemoryRouter (/home/rgoldberg/projects/figure-collector-services/figure-collector-frontend/node_modules/react-router/lib/components.tsx:225:3)
        at div
        at ChakraProvider (/home/rgoldberg/projects/figure-collector-services/figure-collector-frontend/src/setupTests.ts:441:24)
        at div
        at MockQueryClientProvider (/home/rgoldberg/projects/figure-collector-services/figure-collector-frontend/src/test-utils.tsx:11:36)
        at AllProviders (/home/rgoldberg/projects/figure-collector-services/figure-collector-frontend/src/test-utils.tsx:40:25)
        at wrapper

      253 |       } finally {
      254 |         if (mountedRef.current) {
    > 255 |           setIsScrapingMFC(false);
          |           ^
      256 |         }
      257 |         isScrapingRef.current = false;
      258 |         if (currentScrapeController.current === controller) {

      at printWarning (node_modules/react-dom/cjs/react-dom.development.js:86:30)
      at error (node_modules/react-dom/cjs/react-dom.development.js:60:7)
      at warnIfUpdatesNotWrappedWithActDEV (node_modules/react-dom/cjs/react-dom.development.js:27628:9)
      at scheduleUpdateOnFiber (node_modules/react-dom/cjs/react-dom.development.js:25547:5)
      at setIsScrapingMFC (node_modules/react-dom/cjs/react-dom.development.js:16708:7)
      at src/components/FigureForm.tsx:255:11
      at src/components/FigureForm.tsx:298:11

  console.log
    [DEBUG] Debounce timer executed

      at cb (src/components/FigureForm.tsx:290:17)

  console.log
    [DEBUG] Link unchanged, calling handleMFCLinkBlur

      at cb (src/components/FigureForm.tsx:297:19)

  console.error
    Warning: An update to FigureForm inside a test was not wrapped in act(...).
    
    When testing, code that causes React state updates should be wrapped into act(...):
    
    act(() => {
      /* fire events that update state */
    });
    /* assert on the output */
    
    This ensures that you're testing the behavior the user would see in the browser. Learn more at https://reactjs.org/link/wrap-tests-with-act
        at FigureForm (/home/rgoldberg/projects/figure-collector-services/figure-collector-frontend/src/components/FigureForm.tsx:32:50)
        at Router (/home/rgoldberg/projects/figure-collector-services/figure-collector-frontend/node_modules/react-router/lib/components.tsx:421:13)
        at MemoryRouter (/home/rgoldberg/projects/figure-collector-services/figure-collector-frontend/node_modules/react-router/lib/components.tsx:225:3)
        at div
        at ChakraProvider (/home/rgoldberg/projects/figure-collector-services/figure-collector-frontend/src/setupTests.ts:441:24)
        at div
        at MockQueryClientProvider (/home/rgoldberg/projects/figure-collector-services/figure-collector-frontend/src/test-utils.tsx:11:36)
        at AllProviders (/home/rgoldberg/projects/figure-collector-services/figure-collector-frontend/src/test-utils.tsx:40:25)
        at wrapper

      165 |     }
      166 |
    > 167 |     setIsScrapingMFC(true);
          |     ^
      168 |     isScrapingRef.current = true;
      169 |
      170 |     const controller = new AbortController();

      at printWarning (node_modules/react-dom/cjs/react-dom.development.js:86:30)
      at error (node_modules/react-dom/cjs/react-dom.development.js:60:7)
      at warnIfUpdatesNotWrappedWithActDEV (node_modules/react-dom/cjs/react-dom.development.js:27628:9)
      at scheduleUpdateOnFiber (node_modules/react-dom/cjs/react-dom.development.js:25547:5)
      at setIsScrapingMFC (node_modules/react-dom/cjs/react-dom.development.js:16708:7)
      at handleMFCLinkBlur (src/components/FigureForm.tsx:167:5)
      at cb (src/components/FigureForm.tsx:298:17)
      at src/setupTests.ts:182:32

  console.log
    [FRONTEND] Making request to /api/figures/scrape-mfc with body: { mfcLink: 'https://myfigurecollection.net/item/123456' }

      at src/components/FigureForm.tsx:176:17

  console.log
    Mock toast called with: {
      title: 'Warning',
      description: 'No data could be extracted from MFC link',
      status: 'warning',
      duration: 3000,
      isClosable: true
    }

      at src/setupTests.ts:422:17

  console.error
    Warning: An update to FigureForm inside a test was not wrapped in act(...).
    
    When testing, code that causes React state updates should be wrapped into act(...):
    
    act(() => {
      /* fire events that update state */
    });
    /* assert on the output */
    
    This ensures that you're testing the behavior the user would see in the browser. Learn more at https://reactjs.org/link/wrap-tests-with-act
        at FigureForm (/home/rgoldberg/projects/figure-collector-services/figure-collector-frontend/src/components/FigureForm.tsx:32:50)
        at Router (/home/rgoldberg/projects/figure-collector-services/figure-collector-frontend/node_modules/react-router/lib/components.tsx:421:13)
        at MemoryRouter (/home/rgoldberg/projects/figure-collector-services/figure-collector-frontend/node_modules/react-router/lib/components.tsx:225:3)
        at div
        at ChakraProvider (/home/rgoldberg/projects/figure-collector-services/figure-collector-frontend/src/setupTests.ts:441:24)
        at div
        at MockQueryClientProvider (/home/rgoldberg/projects/figure-collector-services/figure-collector-frontend/src/test-utils.tsx:11:36)
        at AllProviders (/home/rgoldberg/projects/figure-collector-services/figure-collector-frontend/src/test-utils.tsx:40:25)
        at wrapper

      253 |       } finally {
      254 |         if (mountedRef.current) {
    > 255 |           setIsScrapingMFC(false);
          |           ^
      256 |         }
      257 |         isScrapingRef.current = false;
      258 |         if (currentScrapeController.current === controller) {

      at printWarning (node_modules/react-dom/cjs/react-dom.development.js:86:30)
      at error (node_modules/react-dom/cjs/react-dom.development.js:60:7)
      at warnIfUpdatesNotWrappedWithActDEV (node_modules/react-dom/cjs/react-dom.development.js:27628:9)
      at scheduleUpdateOnFiber (node_modules/react-dom/cjs/react-dom.development.js:25547:5)
      at setIsScrapingMFC (node_modules/react-dom/cjs/react-dom.development.js:16708:7)
      at src/components/FigureForm.tsx:255:11
      at src/components/FigureForm.tsx:298:11

PASS src/components/__tests__/FigureForm.test.tsx
  FigureForm
    Rendering
      ✓ should render all form fields (35 ms)
      ✓ should render submit button with correct text for new figure (9 ms)
      ✓ should render submit button with correct text for editing (18 ms)
      ✓ should populate form with initial data when provided (12 ms)
      ✓ should show loading state on submit button when isLoading is true (8 ms)
    Form Validation
      ✓ should show validation errors for required fields (10 ms)
      ✓ should validate URL format for MFC link (15 ms)
      ✓ should validate URL format for image URL (8 ms)
      ✓ should allow empty optional fields (5 ms)
    Form Submission
      ✓ should call onSubmit with form data when form is valid (8 ms)
      ✓ should not call onSubmit when form is invalid (8 ms)
    Scale Formatting
      ✓ should format decimal scale to fraction on blur (4 ms)
      ✓ should keep fraction format unchanged (4 ms)
      ✓ should keep non-numeric scales unchanged (4 ms)
    MFC Link Functionality
      ✓ should open MFC link in new tab when link button is clicked (5 ms)
      ✓ should disable link button when no MFC link is provided (3 ms)
      ✓ should show loading state when MFC link is entered (4 ms)
      ✓ should show loading spinner during MFC scraping (4 ms)
      ✓ should not trigger scraping for non-MFC links (4 ms)
    Image URL Functionality
      ✓ should open image link in new tab when image button is clicked (4 ms)
      ✓ should disable image button when no image URL is provided (7 ms)
      ✓ should show image preview when valid image URL is provided (4 ms)
      ✓ should show error message when image fails to load (4 ms)
    Tooltips and Help Text
      ✓ should show scale tooltip when question icon is hovered (4 ms)
      ✓ should show help text for MFC link (3 ms)
      ✓ should show help text for image URL (3 ms)
    Accessibility
      ✓ should have proper ARIA labels for all buttons (6 ms)
      ✓ should associate labels with form inputs correctly (3 ms)
      ✓ should show form errors with proper ARIA attributes (7 ms)
    Error Handling
      ✓ should handle input in case of potential errors (4 ms)

  console.warn
    ⚠️ React Router Future Flag Warning: React Router will begin wrapping state updates in `React.startTransition` in v7. You can use the `v7_startTransition` future flag to opt-in early. For more information, see https://reactrouter.com/v6/upgrading/future#v7_starttransition.

      77 |     initialRoutes?: string[] 
      78 |   }
    > 79 | ) => render(ui, { 
         |            ^
      80 |   wrapper: (props) => (
      81 |     <AllProviders 
      82 |       initialRoutes={options?.initialRoutes} 

      at warnOnce (node_modules/react-router/lib/deprecations.ts:9:13)
      at logDeprecation (node_modules/react-router/lib/deprecations.ts:14:3)
      at logV6DeprecationWarnings (node_modules/react-router/lib/deprecations.ts:26:5)
      at node_modules/react-router/lib/components.tsx:257:25
      at commitHookEffectListMount (node_modules/react-dom/cjs/react-dom.development.js:23189:26)
      at commitPassiveMountOnFiber (node_modules/react-dom/cjs/react-dom.development.js:24970:11)
      at commitPassiveMountEffects_complete (node_modules/react-dom/cjs/react-dom.development.js:24930:9)
      at commitPassiveMountEffects_begin (node_modules/react-dom/cjs/react-dom.development.js:24917:7)
      at commitPassiveMountEffects (node_modules/react-dom/cjs/react-dom.development.js:24905:3)
      at flushPassiveEffectsImpl (node_modules/react-dom/cjs/react-dom.development.js:27078:3)
      at flushPassiveEffects (node_modules/react-dom/cjs/react-dom.development.js:27023:14)
      at node_modules/react-dom/cjs/react-dom.development.js:26808:9
      at flushActQueue (node_modules/react/cjs/react.development.js:2667:24)
      at act (node_modules/react/cjs/react.development.js:2582:11)
      at node_modules/@testing-library/react/dist/act-compat.js:47:25
      at renderRoot (node_modules/@testing-library/react/dist/pure.js:190:26)
      at render (node_modules/@testing-library/react/dist/pure.js:292:10)
      at customRender (src/test-utils.tsx:79:12)
      at Object.<anonymous> (src/components/__tests__/Pagination.test.tsx:21:35)

  console.warn
    ⚠️ React Router Future Flag Warning: Relative route resolution within Splat routes is changing in v7. You can use the `v7_relativeSplatPath` future flag to opt-in early. For more information, see https://reactrouter.com/v6/upgrading/future#v7_relativesplatpath.

      77 |     initialRoutes?: string[] 
      78 |   }
    > 79 | ) => render(ui, { 
         |            ^
      80 |   wrapper: (props) => (
      81 |     <AllProviders 
      82 |       initialRoutes={options?.initialRoutes} 

      at warnOnce (node_modules/react-router/lib/deprecations.ts:9:13)
      at logDeprecation (node_modules/react-router/lib/deprecations.ts:14:3)
      at logV6DeprecationWarnings (node_modules/react-router/lib/deprecations.ts:37:5)
      at node_modules/react-router/lib/components.tsx:257:25
      at commitHookEffectListMount (node_modules/react-dom/cjs/react-dom.development.js:23189:26)
      at commitPassiveMountOnFiber (node_modules/react-dom/cjs/react-dom.development.js:24970:11)
      at commitPassiveMountEffects_complete (node_modules/react-dom/cjs/react-dom.development.js:24930:9)
      at commitPassiveMountEffects_begin (node_modules/react-dom/cjs/react-dom.development.js:24917:7)
      at commitPassiveMountEffects (node_modules/react-dom/cjs/react-dom.development.js:24905:3)
      at flushPassiveEffectsImpl (node_modules/react-dom/cjs/react-dom.development.js:27078:3)
      at flushPassiveEffects (node_modules/react-dom/cjs/react-dom.development.js:27023:14)
      at node_modules/react-dom/cjs/react-dom.development.js:26808:9
      at flushActQueue (node_modules/react/cjs/react.development.js:2667:24)
      at act (node_modules/react/cjs/react.development.js:2582:11)
      at node_modules/@testing-library/react/dist/act-compat.js:47:25
      at renderRoot (node_modules/@testing-library/react/dist/pure.js:190:26)
      at render (node_modules/@testing-library/react/dist/pure.js:292:10)
      at customRender (src/test-utils.tsx:79:12)
      at Object.<anonymous> (src/components/__tests__/Pagination.test.tsx:21:35)

  console.error
    Warning: Each child in a list should have a unique "key" prop.
    
    Check the render method of `ForwardRef`. It was passed a child from Pagination. See https://reactjs.org/link/warning-keys for more information.
        at FaChevronLeft
        at /home/rgoldberg/projects/figure-collector-services/figure-collector-frontend/src/setupTests.ts:482:41
        at div
        at /home/rgoldberg/projects/figure-collector-services/figure-collector-frontend/src/setupTests.ts:410:29
        at Pagination (/home/rgoldberg/projects/figure-collector-services/figure-collector-frontend/src/components/Pagination.tsx:11:50)
        at Router (/home/rgoldberg/projects/figure-collector-services/figure-collector-frontend/node_modules/react-router/lib/components.tsx:421:13)
        at MemoryRouter (/home/rgoldberg/projects/figure-collector-services/figure-collector-frontend/node_modules/react-router/lib/components.tsx:225:3)
        at div
        at ChakraProvider (/home/rgoldberg/projects/figure-collector-services/figure-collector-frontend/src/setupTests.ts:441:24)
        at div
        at MockQueryClientProvider (/home/rgoldberg/projects/figure-collector-services/figure-collector-frontend/src/test-utils.tsx:11:36)
        at AllProviders (/home/rgoldberg/projects/figure-collector-services/figure-collector-frontend/src/test-utils.tsx:40:25)
        at wrapper

      481 |     }),
      482 |     IconButton: mockReact.forwardRef(({ children, isDisabled, isLoading, icon, ...props }: any, ref: any) =>
    > 483 |       mockReact.createElement('button', { 
          |                 ^
      484 |         'data-testid': 'icon-button', 
      485 |         ref,
      486 |         disabled: isDisabled || isLoading,

      at printWarning (node_modules/react/cjs/react.development.js:209:30)
      at error (node_modules/react/cjs/react.development.js:183:7)
      at validateExplicitKey (node_modules/react/cjs/react.development.js:2191:5)
      at validateChildKeys (node_modules/react/cjs/react.development.js:2217:9)
      at Object.createElement (node_modules/react/cjs/react.development.js:2372:7)
      at src/setupTests.ts:483:17
      at renderWithHooks (node_modules/react-dom/cjs/react-dom.development.js:15486:18)
      at updateForwardRef (node_modules/react-dom/cjs/react-dom.development.js:19245:20)
      at beginWork (node_modules/react-dom/cjs/react-dom.development.js:21675:16)
      at beginWork$1 (node_modules/react-dom/cjs/react-dom.development.js:27465:14)
      at performUnitOfWork (node_modules/react-dom/cjs/react-dom.development.js:26599:12)
      at workLoopSync (node_modules/react-dom/cjs/react-dom.development.js:26505:5)
      at renderRootSync (node_modules/react-dom/cjs/react-dom.development.js:26473:7)
      at performConcurrentWorkOnRoot (node_modules/react-dom/cjs/react-dom.development.js:25777:74)
      at flushActQueue (node_modules/react/cjs/react.development.js:2667:24)
      at act (node_modules/react/cjs/react.development.js:2582:11)
      at node_modules/@testing-library/react/dist/act-compat.js:47:25
      at renderRoot (node_modules/@testing-library/react/dist/pure.js:190:26)
      at render (node_modules/@testing-library/react/dist/pure.js:292:10)
      at customRender (src/test-utils.tsx:79:12)
      at Object.<anonymous> (src/components/__tests__/Pagination.test.tsx:39:13)

PASS src/components/__tests__/Pagination.test.tsx
  Pagination
    Rendering
      ✓ should not render content when there is only one page (5 ms)
      ✓ should not render content when there are no pages (2 ms)
      ✓ should render pagination controls when there are multiple pages (29 ms)
      ✓ should render page number buttons (9 ms)
    Previous Button
      ✓ should be disabled on first page (5 ms)
      ✓ should be enabled when not on first page (5 ms)
      ✓ should call onPageChange with previous page when clicked (9 ms)
      ✓ should not call onPageChange when disabled (8 ms)
    Next Button
      ✓ should be disabled on last page (4 ms)
      ✓ should be enabled when not on last page (5 ms)
      ✓ should call onPageChange with next page when clicked (10 ms)
      ✓ should not call onPageChange when disabled (6 ms)
    Page Number Buttons
      ✓ should call onPageChange when page button clicked (7 ms)
      ✓ should call onPageChange for first page (7 ms)
    Page Display Logic
      ✓ should show first page button (4 ms)
      ✓ should show last page button when totalPages > 1 (5 ms)
      ✓ should show pages around current page (11 ms)
      ✓ should show ellipsis when there are gaps (3 ms)
    Edge Cases
      ✓ should handle currentPage = 1 with 2 total pages (1 ms)
      ✓ should handle currentPage = 1 with 3 total pages (7 ms)
      ✓ should handle large page numbers (9 ms)
    Accessibility
      ✓ should have proper ARIA labels (7 ms)
      ✓ should be keyboard navigable (11 ms)
      ✓ should support Enter key activation (5 ms)
      ✓ should support Space key activation (8 ms)
    Component Integration
      ✓ should render without errors (2 ms)
      ✓ should handle prop changes correctly (6 ms)

  console.error
    Warning: React does not recognize the `maxH` prop on a DOM element. If you intentionally want it to appear in the DOM as a custom attribute, spell it as lowercase `maxh` instead. If you accidentally passed it from a parent component, remove it from the DOM element.
        at img
        at /home/rgoldberg/projects/figure-collector-services/figure-collector-frontend/src/setupTests.ts:547:36
        at div
        at /home/rgoldberg/projects/figure-collector-services/figure-collector-frontend/src/setupTests.ts:442:34
        at div
        at /home/rgoldberg/projects/figure-collector-services/figure-collector-frontend/src/setupTests.ts:442:34
        at FigureCard (/home/rgoldberg/projects/figure-collector-services/figure-collector-frontend/src/components/FigureCard.tsx:13:50)
        at Router (/home/rgoldberg/projects/figure-collector-services/figure-collector-frontend/node_modules/react-router/lib/components.tsx:421:13)
        at MemoryRouter (/home/rgoldberg/projects/figure-collector-services/figure-collector-frontend/node_modules/react-router/lib/components.tsx:225:3)
        at div
        at ChakraProvider (/home/rgoldberg/projects/figure-collector-services/figure-collector-frontend/src/setupTests.ts:441:24)
        at div
        at MockQueryClientProvider (/home/rgoldberg/projects/figure-collector-services/figure-collector-frontend/src/test-utils.tsx:11:36)
        at AllProviders (/home/rgoldberg/projects/figure-collector-services/figure-collector-frontend/src/test-utils.tsx:40:25)
        at wrapper

      77 |     initialRoutes?: string[] 
      78 |   }
    > 79 | ) => render(ui, { 
         |            ^
      80 |   wrapper: (props) => (
      81 |     <AllProviders 
      82 |       initialRoutes={options?.initialRoutes} 

      at printWarning (node_modules/react-dom/cjs/react-dom.development.js:86:30)
      at error (node_modules/react-dom/cjs/react-dom.development.js:60:7)
      at validateProperty$1 (node_modules/react-dom/cjs/react-dom.development.js:3757:7)
      at warnUnknownProperties (node_modules/react-dom/cjs/react-dom.development.js:3803:21)
      at validateProperties$2 (node_modules/react-dom/cjs/react-dom.development.js:3827:3)
      at validatePropertiesInDevelopment (node_modules/react-dom/cjs/react-dom.development.js:9541:5)
      at setInitialProperties (node_modules/react-dom/cjs/react-dom.development.js:9830:5)
      at finalizeInitialChildren (node_modules/react-dom/cjs/react-dom.development.js:10950:3)
      at completeWork (node_modules/react-dom/cjs/react-dom.development.js:22232:17)
      at completeUnitOfWork (node_modules/react-dom/cjs/react-dom.development.js:26632:16)
      at performUnitOfWork (node_modules/react-dom/cjs/react-dom.development.js:26607:5)
      at workLoopSync (node_modules/react-dom/cjs/react-dom.development.js:26505:5)
      at renderRootSync (node_modules/react-dom/cjs/react-dom.development.js:26473:7)
      at performConcurrentWorkOnRoot (node_modules/react-dom/cjs/react-dom.development.js:25777:74)
      at flushActQueue (node_modules/react/cjs/react.development.js:2667:24)
      at act (node_modules/react/cjs/react.development.js:2582:11)
      at node_modules/@testing-library/react/dist/act-compat.js:47:25
      at renderRoot (node_modules/@testing-library/react/dist/pure.js:190:26)
      at render (node_modules/@testing-library/react/dist/pure.js:292:10)
      at customRender (src/test-utils.tsx:79:12)
      at Object.<anonymous> (src/components/__tests__/FigureCard.test.tsx:57:13)

  console.error
    Warning: React does not recognize the `maxW` prop on a DOM element. If you intentionally want it to appear in the DOM as a custom attribute, spell it as lowercase `maxw` instead. If you accidentally passed it from a parent component, remove it from the DOM element.
        at img
        at /home/rgoldberg/projects/figure-collector-services/figure-collector-frontend/src/setupTests.ts:547:36
        at div
        at /home/rgoldberg/projects/figure-collector-services/figure-collector-frontend/src/setupTests.ts:442:34
        at div
        at /home/rgoldberg/projects/figure-collector-services/figure-collector-frontend/src/setupTests.ts:442:34
        at FigureCard (/home/rgoldberg/projects/figure-collector-services/figure-collector-frontend/src/components/FigureCard.tsx:13:50)
        at Router (/home/rgoldberg/projects/figure-collector-services/figure-collector-frontend/node_modules/react-router/lib/components.tsx:421:13)
        at MemoryRouter (/home/rgoldberg/projects/figure-collector-services/figure-collector-frontend/node_modules/react-router/lib/components.tsx:225:3)
        at div
        at ChakraProvider (/home/rgoldberg/projects/figure-collector-services/figure-collector-frontend/src/setupTests.ts:441:24)
        at div
        at MockQueryClientProvider (/home/rgoldberg/projects/figure-collector-services/figure-collector-frontend/src/test-utils.tsx:11:36)
        at AllProviders (/home/rgoldberg/projects/figure-collector-services/figure-collector-frontend/src/test-utils.tsx:40:25)
        at wrapper

      77 |     initialRoutes?: string[] 
      78 |   }
    > 79 | ) => render(ui, { 
         |            ^
      80 |   wrapper: (props) => (
      81 |     <AllProviders 
      82 |       initialRoutes={options?.initialRoutes} 

      at printWarning (node_modules/react-dom/cjs/react-dom.development.js:86:30)
      at error (node_modules/react-dom/cjs/react-dom.development.js:60:7)
      at validateProperty$1 (node_modules/react-dom/cjs/react-dom.development.js:3757:7)
      at warnUnknownProperties (node_modules/react-dom/cjs/react-dom.development.js:3803:21)
      at validateProperties$2 (node_modules/react-dom/cjs/react-dom.development.js:3827:3)
      at validatePropertiesInDevelopment (node_modules/react-dom/cjs/react-dom.development.js:9541:5)
      at setInitialProperties (node_modules/react-dom/cjs/react-dom.development.js:9830:5)
      at finalizeInitialChildren (node_modules/react-dom/cjs/react-dom.development.js:10950:3)
      at completeWork (node_modules/react-dom/cjs/react-dom.development.js:22232:17)
      at completeUnitOfWork (node_modules/react-dom/cjs/react-dom.development.js:26632:16)
      at performUnitOfWork (node_modules/react-dom/cjs/react-dom.development.js:26607:5)
      at workLoopSync (node_modules/react-dom/cjs/react-dom.development.js:26505:5)
      at renderRootSync (node_modules/react-dom/cjs/react-dom.development.js:26473:7)
      at performConcurrentWorkOnRoot (node_modules/react-dom/cjs/react-dom.development.js:25777:74)
      at flushActQueue (node_modules/react/cjs/react.development.js:2667:24)
      at act (node_modules/react/cjs/react.development.js:2582:11)
      at node_modules/@testing-library/react/dist/act-compat.js:47:25
      at renderRoot (node_modules/@testing-library/react/dist/pure.js:190:26)
      at render (node_modules/@testing-library/react/dist/pure.js:292:10)
      at customRender (src/test-utils.tsx:79:12)
      at Object.<anonymous> (src/components/__tests__/FigureCard.test.tsx:57:13)

  console.error
    Warning: React does not recognize the `objectFit` prop on a DOM element. If you intentionally want it to appear in the DOM as a custom attribute, spell it as lowercase `objectfit` instead. If you accidentally passed it from a parent component, remove it from the DOM element.
        at img
        at /home/rgoldberg/projects/figure-collector-services/figure-collector-frontend/src/setupTests.ts:547:36
        at div
        at /home/rgoldberg/projects/figure-collector-services/figure-collector-frontend/src/setupTests.ts:442:34
        at div
        at /home/rgoldberg/projects/figure-collector-services/figure-collector-frontend/src/setupTests.ts:442:34
        at FigureCard (/home/rgoldberg/projects/figure-collector-services/figure-collector-frontend/src/components/FigureCard.tsx:13:50)
        at Router (/home/rgoldberg/projects/figure-collector-services/figure-collector-frontend/node_modules/react-router/lib/components.tsx:421:13)
        at MemoryRouter (/home/rgoldberg/projects/figure-collector-services/figure-collector-frontend/node_modules/react-router/lib/components.tsx:225:3)
        at div
        at ChakraProvider (/home/rgoldberg/projects/figure-collector-services/figure-collector-frontend/src/setupTests.ts:441:24)
        at div
        at MockQueryClientProvider (/home/rgoldberg/projects/figure-collector-services/figure-collector-frontend/src/test-utils.tsx:11:36)
        at AllProviders (/home/rgoldberg/projects/figure-collector-services/figure-collector-frontend/src/test-utils.tsx:40:25)
        at wrapper

      77 |     initialRoutes?: string[] 
      78 |   }
    > 79 | ) => render(ui, { 
         |            ^
      80 |   wrapper: (props) => (
      81 |     <AllProviders 
      82 |       initialRoutes={options?.initialRoutes} 

      at printWarning (node_modules/react-dom/cjs/react-dom.development.js:86:30)
      at error (node_modules/react-dom/cjs/react-dom.development.js:60:7)
      at validateProperty$1 (node_modules/react-dom/cjs/react-dom.development.js:3757:7)
      at warnUnknownProperties (node_modules/react-dom/cjs/react-dom.development.js:3803:21)
      at validateProperties$2 (node_modules/react-dom/cjs/react-dom.development.js:3827:3)
      at validatePropertiesInDevelopment (node_modules/react-dom/cjs/react-dom.development.js:9541:5)
      at setInitialProperties (node_modules/react-dom/cjs/react-dom.development.js:9830:5)
      at finalizeInitialChildren (node_modules/react-dom/cjs/react-dom.development.js:10950:3)
      at completeWork (node_modules/react-dom/cjs/react-dom.development.js:22232:17)
      at completeUnitOfWork (node_modules/react-dom/cjs/react-dom.development.js:26632:16)
      at performUnitOfWork (node_modules/react-dom/cjs/react-dom.development.js:26607:5)
      at workLoopSync (node_modules/react-dom/cjs/react-dom.development.js:26505:5)
      at renderRootSync (node_modules/react-dom/cjs/react-dom.development.js:26473:7)
      at performConcurrentWorkOnRoot (node_modules/react-dom/cjs/react-dom.development.js:25777:74)
      at flushActQueue (node_modules/react/cjs/react.development.js:2667:24)
      at act (node_modules/react/cjs/react.development.js:2582:11)
      at node_modules/@testing-library/react/dist/act-compat.js:47:25
      at renderRoot (node_modules/@testing-library/react/dist/pure.js:190:26)
      at render (node_modules/@testing-library/react/dist/pure.js:292:10)
      at customRender (src/test-utils.tsx:79:12)
      at Object.<anonymous> (src/components/__tests__/FigureCard.test.tsx:57:13)

  console.error
    Warning: React does not recognize the `alignItems` prop on a DOM element. If you intentionally want it to appear in the DOM as a custom attribute, spell it as lowercase `alignitems` instead. If you accidentally passed it from a parent component, remove it from the DOM element.
        at div
        at /home/rgoldberg/projects/figure-collector-services/figure-collector-frontend/src/setupTests.ts:442:34
        at div
        at /home/rgoldberg/projects/figure-collector-services/figure-collector-frontend/src/setupTests.ts:442:34
        at FigureCard (/home/rgoldberg/projects/figure-collector-services/figure-collector-frontend/src/components/FigureCard.tsx:13:50)
        at Router (/home/rgoldberg/projects/figure-collector-services/figure-collector-frontend/node_modules/react-router/lib/components.tsx:421:13)
        at MemoryRouter (/home/rgoldberg/projects/figure-collector-services/figure-collector-frontend/node_modules/react-router/lib/components.tsx:225:3)
        at div
        at ChakraProvider (/home/rgoldberg/projects/figure-collector-services/figure-collector-frontend/src/setupTests.ts:441:24)
        at div
        at MockQueryClientProvider (/home/rgoldberg/projects/figure-collector-services/figure-collector-frontend/src/test-utils.tsx:11:36)
        at AllProviders (/home/rgoldberg/projects/figure-collector-services/figure-collector-frontend/src/test-utils.tsx:40:25)
        at wrapper

      77 |     initialRoutes?: string[] 
      78 |   }
    > 79 | ) => render(ui, { 
         |            ^
      80 |   wrapper: (props) => (
      81 |     <AllProviders 
      82 |       initialRoutes={options?.initialRoutes} 

      at printWarning (node_modules/react-dom/cjs/react-dom.development.js:86:30)
      at error (node_modules/react-dom/cjs/react-dom.development.js:60:7)
      at validateProperty$1 (node_modules/react-dom/cjs/react-dom.development.js:3757:7)
      at warnUnknownProperties (node_modules/react-dom/cjs/react-dom.development.js:3803:21)
      at validateProperties$2 (node_modules/react-dom/cjs/react-dom.development.js:3827:3)
      at validatePropertiesInDevelopment (node_modules/react-dom/cjs/react-dom.development.js:9541:5)
      at setInitialProperties (node_modules/react-dom/cjs/react-dom.development.js:9830:5)
      at finalizeInitialChildren (node_modules/react-dom/cjs/react-dom.development.js:10950:3)
      at completeWork (node_modules/react-dom/cjs/react-dom.development.js:22232:17)
      at completeUnitOfWork (node_modules/react-dom/cjs/react-dom.development.js:26632:16)
      at performUnitOfWork (node_modules/react-dom/cjs/react-dom.development.js:26607:5)
      at workLoopSync (node_modules/react-dom/cjs/react-dom.development.js:26505:5)
      at renderRootSync (node_modules/react-dom/cjs/react-dom.development.js:26473:7)
      at performConcurrentWorkOnRoot (node_modules/react-dom/cjs/react-dom.development.js:25777:74)
      at flushActQueue (node_modules/react/cjs/react.development.js:2667:24)
      at act (node_modules/react/cjs/react.development.js:2582:11)
      at node_modules/@testing-library/react/dist/act-compat.js:47:25
      at renderRoot (node_modules/@testing-library/react/dist/pure.js:190:26)
      at render (node_modules/@testing-library/react/dist/pure.js:292:10)
      at customRender (src/test-utils.tsx:79:12)
      at Object.<anonymous> (src/components/__tests__/FigureCard.test.tsx:57:13)

  console.error
    Warning: React does not recognize the `justifyContent` prop on a DOM element. If you intentionally want it to appear in the DOM as a custom attribute, spell it as lowercase `justifycontent` instead. If you accidentally passed it from a parent component, remove it from the DOM element.
        at div
        at /home/rgoldberg/projects/figure-collector-services/figure-collector-frontend/src/setupTests.ts:442:34
        at div
        at /home/rgoldberg/projects/figure-collector-services/figure-collector-frontend/src/setupTests.ts:442:34
        at FigureCard (/home/rgoldberg/projects/figure-collector-services/figure-collector-frontend/src/components/FigureCard.tsx:13:50)
        at Router (/home/rgoldberg/projects/figure-collector-services/figure-collector-frontend/node_modules/react-router/lib/components.tsx:421:13)
        at MemoryRouter (/home/rgoldberg/projects/figure-collector-services/figure-collector-frontend/node_modules/react-router/lib/components.tsx:225:3)
        at div
        at ChakraProvider (/home/rgoldberg/projects/figure-collector-services/figure-collector-frontend/src/setupTests.ts:441:24)
        at div
        at MockQueryClientProvider (/home/rgoldberg/projects/figure-collector-services/figure-collector-frontend/src/test-utils.tsx:11:36)
        at AllProviders (/home/rgoldberg/projects/figure-collector-services/figure-collector-frontend/src/test-utils.tsx:40:25)
        at wrapper

      77 |     initialRoutes?: string[] 
      78 |   }
    > 79 | ) => render(ui, { 
         |            ^
      80 |   wrapper: (props) => (
      81 |     <AllProviders 
      82 |       initialRoutes={options?.initialRoutes} 

      at printWarning (node_modules/react-dom/cjs/react-dom.development.js:86:30)
      at error (node_modules/react-dom/cjs/react-dom.development.js:60:7)
      at validateProperty$1 (node_modules/react-dom/cjs/react-dom.development.js:3757:7)
      at warnUnknownProperties (node_modules/react-dom/cjs/react-dom.development.js:3803:21)
      at validateProperties$2 (node_modules/react-dom/cjs/react-dom.development.js:3827:3)
      at validatePropertiesInDevelopment (node_modules/react-dom/cjs/react-dom.development.js:9541:5)
      at setInitialProperties (node_modules/react-dom/cjs/react-dom.development.js:9830:5)
      at finalizeInitialChildren (node_modules/react-dom/cjs/react-dom.development.js:10950:3)
      at completeWork (node_modules/react-dom/cjs/react-dom.development.js:22232:17)
      at completeUnitOfWork (node_modules/react-dom/cjs/react-dom.development.js:26632:16)
      at performUnitOfWork (node_modules/react-dom/cjs/react-dom.development.js:26607:5)
      at workLoopSync (node_modules/react-dom/cjs/react-dom.development.js:26505:5)
      at renderRootSync (node_modules/react-dom/cjs/react-dom.development.js:26473:7)
      at performConcurrentWorkOnRoot (node_modules/react-dom/cjs/react-dom.development.js:25777:74)
      at flushActQueue (node_modules/react/cjs/react.development.js:2667:24)
      at act (node_modules/react/cjs/react.development.js:2582:11)
      at node_modules/@testing-library/react/dist/act-compat.js:47:25
      at renderRoot (node_modules/@testing-library/react/dist/pure.js:190:26)
      at render (node_modules/@testing-library/react/dist/pure.js:292:10)
      at customRender (src/test-utils.tsx:79:12)
      at Object.<anonymous> (src/components/__tests__/FigureCard.test.tsx:57:13)

  console.error
    Warning: React does not recognize the `noOfLines` prop on a DOM element. If you intentionally want it to appear in the DOM as a custom attribute, spell it as lowercase `nooflines` instead. If you accidentally passed it from a parent component, remove it from the DOM element.
        at a
        at /home/rgoldberg/projects/figure-collector-services/figure-collector-frontend/src/setupTests.ts:524:35
        at div
        at /home/rgoldberg/projects/figure-collector-services/figure-collector-frontend/src/setupTests.ts:442:34
        at div
        at /home/rgoldberg/projects/figure-collector-services/figure-collector-frontend/src/setupTests.ts:442:34
        at FigureCard (/home/rgoldberg/projects/figure-collector-services/figure-collector-frontend/src/components/FigureCard.tsx:13:50)
        at Router (/home/rgoldberg/projects/figure-collector-services/figure-collector-frontend/node_modules/react-router/lib/components.tsx:421:13)
        at MemoryRouter (/home/rgoldberg/projects/figure-collector-services/figure-collector-frontend/node_modules/react-router/lib/components.tsx:225:3)
        at div
        at ChakraProvider (/home/rgoldberg/projects/figure-collector-services/figure-collector-frontend/src/setupTests.ts:441:24)
        at div
        at MockQueryClientProvider (/home/rgoldberg/projects/figure-collector-services/figure-collector-frontend/src/test-utils.tsx:11:36)
        at AllProviders (/home/rgoldberg/projects/figure-collector-services/figure-collector-frontend/src/test-utils.tsx:40:25)
        at wrapper

      77 |     initialRoutes?: string[] 
      78 |   }
    > 79 | ) => render(ui, { 
         |            ^
      80 |   wrapper: (props) => (
      81 |     <AllProviders 
      82 |       initialRoutes={options?.initialRoutes} 

      at printWarning (node_modules/react-dom/cjs/react-dom.development.js:86:30)
      at error (node_modules/react-dom/cjs/react-dom.development.js:60:7)
      at validateProperty$1 (node_modules/react-dom/cjs/react-dom.development.js:3757:7)
      at warnUnknownProperties (node_modules/react-dom/cjs/react-dom.development.js:3803:21)
      at validateProperties$2 (node_modules/react-dom/cjs/react-dom.development.js:3827:3)
      at validatePropertiesInDevelopment (node_modules/react-dom/cjs/react-dom.development.js:9541:5)
      at setInitialProperties (node_modules/react-dom/cjs/react-dom.development.js:9830:5)
      at finalizeInitialChildren (node_modules/react-dom/cjs/react-dom.development.js:10950:3)
      at completeWork (node_modules/react-dom/cjs/react-dom.development.js:22232:17)
      at completeUnitOfWork (node_modules/react-dom/cjs/react-dom.development.js:26632:16)
      at performUnitOfWork (node_modules/react-dom/cjs/react-dom.development.js:26607:5)
      at workLoopSync (node_modules/react-dom/cjs/react-dom.development.js:26505:5)
      at renderRootSync (node_modules/react-dom/cjs/react-dom.development.js:26473:7)
      at performConcurrentWorkOnRoot (node_modules/react-dom/cjs/react-dom.development.js:25777:74)
      at flushActQueue (node_modules/react/cjs/react.development.js:2667:24)
      at act (node_modules/react/cjs/react.development.js:2582:11)
      at node_modules/@testing-library/react/dist/act-compat.js:47:25
      at renderRoot (node_modules/@testing-library/react/dist/pure.js:190:26)
      at render (node_modules/@testing-library/react/dist/pure.js:292:10)
      at customRender (src/test-utils.tsx:79:12)
      at Object.<anonymous> (src/components/__tests__/FigureCard.test.tsx:57:13)

  console.error
    Warning: React does not recognize the `lineHeight` prop on a DOM element. If you intentionally want it to appear in the DOM as a custom attribute, spell it as lowercase `lineheight` instead. If you accidentally passed it from a parent component, remove it from the DOM element.
        at a
        at /home/rgoldberg/projects/figure-collector-services/figure-collector-frontend/src/setupTests.ts:524:35
        at div
        at /home/rgoldberg/projects/figure-collector-services/figure-collector-frontend/src/setupTests.ts:442:34
        at div
        at /home/rgoldberg/projects/figure-collector-services/figure-collector-frontend/src/setupTests.ts:442:34
        at FigureCard (/home/rgoldberg/projects/figure-collector-services/figure-collector-frontend/src/components/FigureCard.tsx:13:50)
        at Router (/home/rgoldberg/projects/figure-collector-services/figure-collector-frontend/node_modules/react-router/lib/components.tsx:421:13)
        at MemoryRouter (/home/rgoldberg/projects/figure-collector-services/figure-collector-frontend/node_modules/react-router/lib/components.tsx:225:3)
        at div
        at ChakraProvider (/home/rgoldberg/projects/figure-collector-services/figure-collector-frontend/src/setupTests.ts:441:24)
        at div
        at MockQueryClientProvider (/home/rgoldberg/projects/figure-collector-services/figure-collector-frontend/src/test-utils.tsx:11:36)
        at AllProviders (/home/rgoldberg/projects/figure-collector-services/figure-collector-frontend/src/test-utils.tsx:40:25)
        at wrapper

      77 |     initialRoutes?: string[] 
      78 |   }
    > 79 | ) => render(ui, { 
         |            ^
      80 |   wrapper: (props) => (
      81 |     <AllProviders 
      82 |       initialRoutes={options?.initialRoutes} 

      at printWarning (node_modules/react-dom/cjs/react-dom.development.js:86:30)
      at error (node_modules/react-dom/cjs/react-dom.development.js:60:7)
      at validateProperty$1 (node_modules/react-dom/cjs/react-dom.development.js:3757:7)
      at warnUnknownProperties (node_modules/react-dom/cjs/react-dom.development.js:3803:21)
      at validateProperties$2 (node_modules/react-dom/cjs/react-dom.development.js:3827:3)
      at validatePropertiesInDevelopment (node_modules/react-dom/cjs/react-dom.development.js:9541:5)
      at setInitialProperties (node_modules/react-dom/cjs/react-dom.development.js:9830:5)
      at finalizeInitialChildren (node_modules/react-dom/cjs/react-dom.development.js:10950:3)
      at completeWork (node_modules/react-dom/cjs/react-dom.development.js:22232:17)
      at completeUnitOfWork (node_modules/react-dom/cjs/react-dom.development.js:26632:16)
      at performUnitOfWork (node_modules/react-dom/cjs/react-dom.development.js:26607:5)
      at workLoopSync (node_modules/react-dom/cjs/react-dom.development.js:26505:5)
      at renderRootSync (node_modules/react-dom/cjs/react-dom.development.js:26473:7)
      at performConcurrentWorkOnRoot (node_modules/react-dom/cjs/react-dom.development.js:25777:74)
      at flushActQueue (node_modules/react/cjs/react.development.js:2667:24)
      at act (node_modules/react/cjs/react.development.js:2582:11)
      at node_modules/@testing-library/react/dist/act-compat.js:47:25
      at renderRoot (node_modules/@testing-library/react/dist/pure.js:190:26)
      at render (node_modules/@testing-library/react/dist/pure.js:292:10)
      at customRender (src/test-utils.tsx:79:12)
      at Object.<anonymous> (src/components/__tests__/FigureCard.test.tsx:57:13)

  console.error
    Warning: React does not recognize the `colorScheme` prop on a DOM element. If you intentionally want it to appear in the DOM as a custom attribute, spell it as lowercase `colorscheme` instead. If you accidentally passed it from a parent component, remove it from the DOM element.
        at div
        at /home/rgoldberg/projects/figure-collector-services/figure-collector-frontend/src/setupTests.ts:410:29
        at div
        at /home/rgoldberg/projects/figure-collector-services/figure-collector-frontend/src/setupTests.ts:442:34
        at div
        at /home/rgoldberg/projects/figure-collector-services/figure-collector-frontend/src/setupTests.ts:442:34
        at FigureCard (/home/rgoldberg/projects/figure-collector-services/figure-collector-frontend/src/components/FigureCard.tsx:13:50)
        at Router (/home/rgoldberg/projects/figure-collector-services/figure-collector-frontend/node_modules/react-router/lib/components.tsx:421:13)
        at MemoryRouter (/home/rgoldberg/projects/figure-collector-services/figure-collector-frontend/node_modules/react-router/lib/components.tsx:225:3)
        at div
        at ChakraProvider (/home/rgoldberg/projects/figure-collector-services/figure-collector-frontend/src/setupTests.ts:441:24)
        at div
        at MockQueryClientProvider (/home/rgoldberg/projects/figure-collector-services/figure-collector-frontend/src/test-utils.tsx:11:36)
        at AllProviders (/home/rgoldberg/projects/figure-collector-services/figure-collector-frontend/src/test-utils.tsx:40:25)
        at wrapper

      77 |     initialRoutes?: string[] 
      78 |   }
    > 79 | ) => render(ui, { 
         |            ^
      80 |   wrapper: (props) => (
      81 |     <AllProviders 
      82 |       initialRoutes={options?.initialRoutes} 

      at printWarning (node_modules/react-dom/cjs/react-dom.development.js:86:30)
      at error (node_modules/react-dom/cjs/react-dom.development.js:60:7)
      at validateProperty$1 (node_modules/react-dom/cjs/react-dom.development.js:3757:7)
      at warnUnknownProperties (node_modules/react-dom/cjs/react-dom.development.js:3803:21)
      at validateProperties$2 (node_modules/react-dom/cjs/react-dom.development.js:3827:3)
      at validatePropertiesInDevelopment (node_modules/react-dom/cjs/react-dom.development.js:9541:5)
      at setInitialProperties (node_modules/react-dom/cjs/react-dom.development.js:9830:5)
      at finalizeInitialChildren (node_modules/react-dom/cjs/react-dom.development.js:10950:3)
      at completeWork (node_modules/react-dom/cjs/react-dom.development.js:22232:17)
      at completeUnitOfWork (node_modules/react-dom/cjs/react-dom.development.js:26632:16)
      at performUnitOfWork (node_modules/react-dom/cjs/react-dom.development.js:26607:5)
      at workLoopSync (node_modules/react-dom/cjs/react-dom.development.js:26505:5)
      at renderRootSync (node_modules/react-dom/cjs/react-dom.development.js:26473:7)
      at performConcurrentWorkOnRoot (node_modules/react-dom/cjs/react-dom.development.js:25777:74)
      at flushActQueue (node_modules/react/cjs/react.development.js:2667:24)
      at act (node_modules/react/cjs/react.development.js:2582:11)
      at node_modules/@testing-library/react/dist/act-compat.js:47:25
      at renderRoot (node_modules/@testing-library/react/dist/pure.js:190:26)
      at render (node_modules/@testing-library/react/dist/pure.js:292:10)
      at customRender (src/test-utils.tsx:79:12)
      at Object.<anonymous> (src/components/__tests__/FigureCard.test.tsx:57:13)

  console.error
    Warning: Each child in a list should have a unique "key" prop.
    
    Check the render method of `ForwardRef`. It was passed a child from FigureCard. See https://reactjs.org/link/warning-keys for more information.
        at FaEdit
        at /home/rgoldberg/projects/figure-collector-services/figure-collector-frontend/src/setupTests.ts:482:41
        at a
        at /home/rgoldberg/projects/figure-collector-services/figure-collector-frontend/src/setupTests.ts:524:35
        at div
        at /home/rgoldberg/projects/figure-collector-services/figure-collector-frontend/src/setupTests.ts:410:29
        at div
        at /home/rgoldberg/projects/figure-collector-services/figure-collector-frontend/src/setupTests.ts:442:34
        at div
        at /home/rgoldberg/projects/figure-collector-services/figure-collector-frontend/src/setupTests.ts:442:34
        at FigureCard (/home/rgoldberg/projects/figure-collector-services/figure-collector-frontend/src/components/FigureCard.tsx:13:50)
        at Router (/home/rgoldberg/projects/figure-collector-services/figure-collector-frontend/node_modules/react-router/lib/components.tsx:421:13)
        at MemoryRouter (/home/rgoldberg/projects/figure-collector-services/figure-collector-frontend/node_modules/react-router/lib/components.tsx:225:3)
        at div
        at ChakraProvider (/home/rgoldberg/projects/figure-collector-services/figure-collector-frontend/src/setupTests.ts:441:24)
        at div
        at MockQueryClientProvider (/home/rgoldberg/projects/figure-collector-services/figure-collector-frontend/src/test-utils.tsx:11:36)
        at AllProviders (/home/rgoldberg/projects/figure-collector-services/figure-collector-frontend/src/test-utils.tsx:40:25)
        at wrapper

      481 |     }),
      482 |     IconButton: mockReact.forwardRef(({ children, isDisabled, isLoading, icon, ...props }: any, ref: any) =>
    > 483 |       mockReact.createElement('button', { 
          |                 ^
      484 |         'data-testid': 'icon-button', 
      485 |         ref,
      486 |         disabled: isDisabled || isLoading,

      at printWarning (node_modules/react/cjs/react.development.js:209:30)
      at error (node_modules/react/cjs/react.development.js:183:7)
      at validateExplicitKey (node_modules/react/cjs/react.development.js:2191:5)
      at validateChildKeys (node_modules/react/cjs/react.development.js:2217:9)
      at Object.createElement (node_modules/react/cjs/react.development.js:2372:7)
      at src/setupTests.ts:483:17
      at renderWithHooks (node_modules/react-dom/cjs/react-dom.development.js:15486:18)
      at updateForwardRef (node_modules/react-dom/cjs/react-dom.development.js:19245:20)
      at beginWork (node_modules/react-dom/cjs/react-dom.development.js:21675:16)
      at beginWork$1 (node_modules/react-dom/cjs/react-dom.development.js:27465:14)
      at performUnitOfWork (node_modules/react-dom/cjs/react-dom.development.js:26599:12)
      at workLoopSync (node_modules/react-dom/cjs/react-dom.development.js:26505:5)
      at renderRootSync (node_modules/react-dom/cjs/react-dom.development.js:26473:7)
      at performConcurrentWorkOnRoot (node_modules/react-dom/cjs/react-dom.development.js:25777:74)
      at flushActQueue (node_modules/react/cjs/react.development.js:2667:24)
      at act (node_modules/react/cjs/react.development.js:2582:11)
      at node_modules/@testing-library/react/dist/act-compat.js:47:25
      at renderRoot (node_modules/@testing-library/react/dist/pure.js:190:26)
      at render (node_modules/@testing-library/react/dist/pure.js:292:10)
      at customRender (src/test-utils.tsx:79:12)
      at Object.<anonymous> (src/components/__tests__/FigureCard.test.tsx:57:13)

  console.error
    Warning: React does not recognize the `borderWidth` prop on a DOM element. If you intentionally want it to appear in the DOM as a custom attribute, spell it as lowercase `borderwidth` instead. If you accidentally passed it from a parent component, remove it from the DOM element.
        at div
        at /home/rgoldberg/projects/figure-collector-services/figure-collector-frontend/src/setupTests.ts:442:34
        at FigureCard (/home/rgoldberg/projects/figure-collector-services/figure-collector-frontend/src/components/FigureCard.tsx:13:50)
        at Router (/home/rgoldberg/projects/figure-collector-services/figure-collector-frontend/node_modules/react-router/lib/components.tsx:421:13)
        at MemoryRouter (/home/rgoldberg/projects/figure-collector-services/figure-collector-frontend/node_modules/react-router/lib/components.tsx:225:3)
        at div
        at ChakraProvider (/home/rgoldberg/projects/figure-collector-services/figure-collector-frontend/src/setupTests.ts:441:24)
        at div
        at MockQueryClientProvider (/home/rgoldberg/projects/figure-collector-services/figure-collector-frontend/src/test-utils.tsx:11:36)
        at AllProviders (/home/rgoldberg/projects/figure-collector-services/figure-collector-frontend/src/test-utils.tsx:40:25)
        at wrapper

      77 |     initialRoutes?: string[] 
      78 |   }
    > 79 | ) => render(ui, { 
         |            ^
      80 |   wrapper: (props) => (
      81 |     <AllProviders 
      82 |       initialRoutes={options?.initialRoutes} 

      at printWarning (node_modules/react-dom/cjs/react-dom.development.js:86:30)
      at error (node_modules/react-dom/cjs/react-dom.development.js:60:7)
      at validateProperty$1 (node_modules/react-dom/cjs/react-dom.development.js:3757:7)
      at warnUnknownProperties (node_modules/react-dom/cjs/react-dom.development.js:3803:21)
      at validateProperties$2 (node_modules/react-dom/cjs/react-dom.development.js:3827:3)
      at validatePropertiesInDevelopment (node_modules/react-dom/cjs/react-dom.development.js:9541:5)
      at setInitialProperties (node_modules/react-dom/cjs/react-dom.development.js:9830:5)
      at finalizeInitialChildren (node_modules/react-dom/cjs/react-dom.development.js:10950:3)
      at completeWork (node_modules/react-dom/cjs/react-dom.development.js:22232:17)
      at completeUnitOfWork (node_modules/react-dom/cjs/react-dom.development.js:26632:16)
      at performUnitOfWork (node_modules/react-dom/cjs/react-dom.development.js:26607:5)
      at workLoopSync (node_modules/react-dom/cjs/react-dom.development.js:26505:5)
      at renderRootSync (node_modules/react-dom/cjs/react-dom.development.js:26473:7)
      at performConcurrentWorkOnRoot (node_modules/react-dom/cjs/react-dom.development.js:25777:74)
      at flushActQueue (node_modules/react/cjs/react.development.js:2667:24)
      at act (node_modules/react/cjs/react.development.js:2582:11)
      at node_modules/@testing-library/react/dist/act-compat.js:47:25
      at renderRoot (node_modules/@testing-library/react/dist/pure.js:190:26)
      at render (node_modules/@testing-library/react/dist/pure.js:292:10)
      at customRender (src/test-utils.tsx:79:12)
      at Object.<anonymous> (src/components/__tests__/FigureCard.test.tsx:57:13)

  console.error
    Warning: React does not recognize the `borderRadius` prop on a DOM element. If you intentionally want it to appear in the DOM as a custom attribute, spell it as lowercase `borderradius` instead. If you accidentally passed it from a parent component, remove it from the DOM element.
        at div
        at /home/rgoldberg/projects/figure-collector-services/figure-collector-frontend/src/setupTests.ts:442:34
        at FigureCard (/home/rgoldberg/projects/figure-collector-services/figure-collector-frontend/src/components/FigureCard.tsx:13:50)
        at Router (/home/rgoldberg/projects/figure-collector-services/figure-collector-frontend/node_modules/react-router/lib/components.tsx:421:13)
        at MemoryRouter (/home/rgoldberg/projects/figure-collector-services/figure-collector-frontend/node_modules/react-router/lib/components.tsx:225:3)
        at div
        at ChakraProvider (/home/rgoldberg/projects/figure-collector-services/figure-collector-frontend/src/setupTests.ts:441:24)
        at div
        at MockQueryClientProvider (/home/rgoldberg/projects/figure-collector-services/figure-collector-frontend/src/test-utils.tsx:11:36)
        at AllProviders (/home/rgoldberg/projects/figure-collector-services/figure-collector-frontend/src/test-utils.tsx:40:25)
        at wrapper

      77 |     initialRoutes?: string[] 
      78 |   }
    > 79 | ) => render(ui, { 
         |            ^
      80 |   wrapper: (props) => (
      81 |     <AllProviders 
      82 |       initialRoutes={options?.initialRoutes} 

      at printWarning (node_modules/react-dom/cjs/react-dom.development.js:86:30)
      at error (node_modules/react-dom/cjs/react-dom.development.js:60:7)
      at validateProperty$1 (node_modules/react-dom/cjs/react-dom.development.js:3757:7)
      at warnUnknownProperties (node_modules/react-dom/cjs/react-dom.development.js:3803:21)
      at validateProperties$2 (node_modules/react-dom/cjs/react-dom.development.js:3827:3)
      at validatePropertiesInDevelopment (node_modules/react-dom/cjs/react-dom.development.js:9541:5)
      at setInitialProperties (node_modules/react-dom/cjs/react-dom.development.js:9830:5)
      at finalizeInitialChildren (node_modules/react-dom/cjs/react-dom.development.js:10950:3)
      at completeWork (node_modules/react-dom/cjs/react-dom.development.js:22232:17)
      at completeUnitOfWork (node_modules/react-dom/cjs/react-dom.development.js:26632:16)
      at performUnitOfWork (node_modules/react-dom/cjs/react-dom.development.js:26607:5)
      at workLoopSync (node_modules/react-dom/cjs/react-dom.development.js:26505:5)
      at renderRootSync (node_modules/react-dom/cjs/react-dom.development.js:26473:7)
      at performConcurrentWorkOnRoot (node_modules/react-dom/cjs/react-dom.development.js:25777:74)
      at flushActQueue (node_modules/react/cjs/react.development.js:2667:24)
      at act (node_modules/react/cjs/react.development.js:2582:11)
      at node_modules/@testing-library/react/dist/act-compat.js:47:25
      at renderRoot (node_modules/@testing-library/react/dist/pure.js:190:26)
      at render (node_modules/@testing-library/react/dist/pure.js:292:10)
      at customRender (src/test-utils.tsx:79:12)
      at Object.<anonymous> (src/components/__tests__/FigureCard.test.tsx:57:13)

  console.warn
    ⚠️ React Router Future Flag Warning: React Router will begin wrapping state updates in `React.startTransition` in v7. You can use the `v7_startTransition` future flag to opt-in early. For more information, see https://reactrouter.com/v6/upgrading/future#v7_starttransition.

      77 |     initialRoutes?: string[] 
      78 |   }
    > 79 | ) => render(ui, { 
         |            ^
      80 |   wrapper: (props) => (
      81 |     <AllProviders 
      82 |       initialRoutes={options?.initialRoutes} 

      at warnOnce (node_modules/react-router/lib/deprecations.ts:9:13)
      at logDeprecation (node_modules/react-router/lib/deprecations.ts:14:3)
      at logV6DeprecationWarnings (node_modules/react-router/lib/deprecations.ts:26:5)
      at node_modules/react-router/lib/components.tsx:257:25
      at commitHookEffectListMount (node_modules/react-dom/cjs/react-dom.development.js:23189:26)
      at commitPassiveMountOnFiber (node_modules/react-dom/cjs/react-dom.development.js:24970:11)
      at commitPassiveMountEffects_complete (node_modules/react-dom/cjs/react-dom.development.js:24930:9)
      at commitPassiveMountEffects_begin (node_modules/react-dom/cjs/react-dom.development.js:24917:7)
      at commitPassiveMountEffects (node_modules/react-dom/cjs/react-dom.development.js:24905:3)
      at flushPassiveEffectsImpl (node_modules/react-dom/cjs/react-dom.development.js:27078:3)
      at flushPassiveEffects (node_modules/react-dom/cjs/react-dom.development.js:27023:14)
      at node_modules/react-dom/cjs/react-dom.development.js:26808:9
      at flushActQueue (node_modules/react/cjs/react.development.js:2667:24)
      at act (node_modules/react/cjs/react.development.js:2582:11)
      at node_modules/@testing-library/react/dist/act-compat.js:47:25
      at renderRoot (node_modules/@testing-library/react/dist/pure.js:190:26)
      at render (node_modules/@testing-library/react/dist/pure.js:292:10)
      at customRender (src/test-utils.tsx:79:12)
      at Object.<anonymous> (src/components/__tests__/FigureCard.test.tsx:57:13)

  console.warn
    ⚠️ React Router Future Flag Warning: Relative route resolution within Splat routes is changing in v7. You can use the `v7_relativeSplatPath` future flag to opt-in early. For more information, see https://reactrouter.com/v6/upgrading/future#v7_relativesplatpath.

      77 |     initialRoutes?: string[] 
      78 |   }
    > 79 | ) => render(ui, { 
         |            ^
      80 |   wrapper: (props) => (
      81 |     <AllProviders 
      82 |       initialRoutes={options?.initialRoutes} 

      at warnOnce (node_modules/react-router/lib/deprecations.ts:9:13)
      at logDeprecation (node_modules/react-router/lib/deprecations.ts:14:3)
      at logV6DeprecationWarnings (node_modules/react-router/lib/deprecations.ts:37:5)
      at node_modules/react-router/lib/components.tsx:257:25
      at commitHookEffectListMount (node_modules/react-dom/cjs/react-dom.development.js:23189:26)
      at commitPassiveMountOnFiber (node_modules/react-dom/cjs/react-dom.development.js:24970:11)
      at commitPassiveMountEffects_complete (node_modules/react-dom/cjs/react-dom.development.js:24930:9)
      at commitPassiveMountEffects_begin (node_modules/react-dom/cjs/react-dom.development.js:24917:7)
      at commitPassiveMountEffects (node_modules/react-dom/cjs/react-dom.development.js:24905:3)
      at flushPassiveEffectsImpl (node_modules/react-dom/cjs/react-dom.development.js:27078:3)
      at flushPassiveEffects (node_modules/react-dom/cjs/react-dom.development.js:27023:14)
      at node_modules/react-dom/cjs/react-dom.development.js:26808:9
      at flushActQueue (node_modules/react/cjs/react.development.js:2667:24)
      at act (node_modules/react/cjs/react.development.js:2582:11)
      at node_modules/@testing-library/react/dist/act-compat.js:47:25
      at renderRoot (node_modules/@testing-library/react/dist/pure.js:190:26)
      at render (node_modules/@testing-library/react/dist/pure.js:292:10)
      at customRender (src/test-utils.tsx:79:12)
      at Object.<anonymous> (src/components/__tests__/FigureCard.test.tsx:57:13)

  console.log
    Mock toast called with: {
      title: 'Figure deleted',
      description: 'Test Figure has been removed from your collection.',
      status: 'success',
      duration: 5000,
      isClosable: true
    }

      at src/setupTests.ts:422:17

  console.log
    Mock toast called with: {
      title: 'Error',
      description: 'Failed to delete figure',
      status: 'error',
      duration: 5000,
      isClosable: true
    }

      at src/setupTests.ts:422:17

PASS src/components/__tests__/FigureCard.test.tsx
  FigureCard
    Rendering
      ✓ should render figure information correctly (31 ms)
      ✓ should render MFC link when provided (3 ms)
      ✓ should not render MFC link when not provided (3 ms)
      ✓ should render figure image correctly (11 ms)
      ✓ should use placeholder when no image URL provided (4 ms)
      ✓ should render edit and delete buttons (8 ms)
    Navigation
      ✓ should have correct link to figure detail page (6 ms)
      ✓ should have correct link to edit page (5 ms)
    Delete Functionality
      ✓ should show confirmation dialog when delete button is clicked (9 ms)
      ✓ should call deleteFigure API when confirmed (8 ms)
      ✓ should not call deleteFigure API when cancelled (7 ms)
      ✓ should show loading state on delete button when mutation is loading (4 ms)
    Mutation Configuration
      ✓ should configure mutation with correct success callback (3 ms)
      ✓ should configure mutation with correct error callback (2 ms)
    Hover Effects
      ✓ should have hover styles applied (5 ms)
    Accessibility
      ✓ should have proper ARIA labels on buttons (7 ms)
      ✓ should have proper alt text on image (3 ms)
      ✓ should have proper link text for figure name (5 ms)
    Edge Cases
      ✓ should handle missing location gracefully (6 ms)
      ✓ should truncate long figure names (5 ms)
      ✓ should handle empty or null figure data gracefully (2 ms)

  console.error
    Warning: Each child in a list should have a unique "key" prop.
    
    Check the render method of `ForwardRef`. It was passed a child from Navbar. See https://reactjs.org/link/warning-keys for more information.
        at /home/rgoldberg/projects/figure-collector-services/figure-collector-frontend/src/setupTests.ts:442:34
        at /home/rgoldberg/projects/figure-collector-services/figure-collector-frontend/src/setupTests.ts:482:41
        at div
        at /home/rgoldberg/projects/figure-collector-services/figure-collector-frontend/src/setupTests.ts:410:29
        at div
        at /home/rgoldberg/projects/figure-collector-services/figure-collector-frontend/src/setupTests.ts:410:29
        at div
        at /home/rgoldberg/projects/figure-collector-services/figure-collector-frontend/src/setupTests.ts:442:34
        at Navbar (/home/rgoldberg/projects/figure-collector-services/figure-collector-frontend/src/components/Navbar.tsx:34:31)
        at div
        at /home/rgoldberg/projects/figure-collector-services/figure-collector-frontend/src/setupTests.ts:442:34
        at SimpleAccessibilityTestComponent
        at Router (/home/rgoldberg/projects/figure-collector-services/figure-collector-frontend/node_modules/react-router/lib/components.tsx:421:13)
        at MemoryRouter (/home/rgoldberg/projects/figure-collector-services/figure-collector-frontend/node_modules/react-router/lib/components.tsx:225:3)
        at div
        at ChakraProvider (/home/rgoldberg/projects/figure-collector-services/figure-collector-frontend/src/setupTests.ts:441:24)
        at div
        at MockQueryClientProvider (/home/rgoldberg/projects/figure-collector-services/figure-collector-frontend/src/test-utils.tsx:11:36)
        at AllProviders (/home/rgoldberg/projects/figure-collector-services/figure-collector-frontend/src/test-utils.tsx:40:25)
        at wrapper

      481 |     }),
      482 |     IconButton: mockReact.forwardRef(({ children, isDisabled, isLoading, icon, ...props }: any, ref: any) =>
    > 483 |       mockReact.createElement('button', { 
          |                 ^
      484 |         'data-testid': 'icon-button', 
      485 |         ref,
      486 |         disabled: isDisabled || isLoading,

      at printWarning (node_modules/react/cjs/react.development.js:209:30)
      at error (node_modules/react/cjs/react.development.js:183:7)
      at validateExplicitKey (node_modules/react/cjs/react.development.js:2191:5)
      at validateChildKeys (node_modules/react/cjs/react.development.js:2217:9)
      at Object.createElement (node_modules/react/cjs/react.development.js:2372:7)
      at src/setupTests.ts:483:17
      at renderWithHooks (node_modules/react-dom/cjs/react-dom.development.js:15486:18)
      at updateForwardRef (node_modules/react-dom/cjs/react-dom.development.js:19245:20)
      at beginWork (node_modules/react-dom/cjs/react-dom.development.js:21675:16)
      at beginWork$1 (node_modules/react-dom/cjs/react-dom.development.js:27465:14)
      at performUnitOfWork (node_modules/react-dom/cjs/react-dom.development.js:26599:12)
      at workLoopSync (node_modules/react-dom/cjs/react-dom.development.js:26505:5)
      at renderRootSync (node_modules/react-dom/cjs/react-dom.development.js:26473:7)
      at performConcurrentWorkOnRoot (node_modules/react-dom/cjs/react-dom.development.js:25777:74)
      at flushActQueue (node_modules/react/cjs/react.development.js:2667:24)
      at act (node_modules/react/cjs/react.development.js:2582:11)
      at node_modules/@testing-library/react/dist/act-compat.js:47:25
      at renderRoot (node_modules/@testing-library/react/dist/pure.js:190:26)
      at render (node_modules/@testing-library/react/dist/pure.js:292:10)
      at customRender (src/test-utils.tsx:79:12)
      at Object.<anonymous> (src/__tests__/accessibility.test.tsx:32:33)

  console.error
    Warning: React does not recognize the `textAlign` prop on a DOM element. If you intentionally want it to appear in the DOM as a custom attribute, spell it as lowercase `textalign` instead. If you accidentally passed it from a parent component, remove it from the DOM element.
        at a
        at /home/rgoldberg/projects/figure-collector-services/figure-collector-frontend/src/setupTests.ts:524:35
        at div
        at /home/rgoldberg/projects/figure-collector-services/figure-collector-frontend/src/setupTests.ts:410:29
        at div
        at /home/rgoldberg/projects/figure-collector-services/figure-collector-frontend/src/setupTests.ts:410:29
        at div
        at /home/rgoldberg/projects/figure-collector-services/figure-collector-frontend/src/setupTests.ts:442:34
        at Navbar (/home/rgoldberg/projects/figure-collector-services/figure-collector-frontend/src/components/Navbar.tsx:34:31)
        at div
        at /home/rgoldberg/projects/figure-collector-services/figure-collector-frontend/src/setupTests.ts:442:34
        at SimpleAccessibilityTestComponent
        at Router (/home/rgoldberg/projects/figure-collector-services/figure-collector-frontend/node_modules/react-router/lib/components.tsx:421:13)
        at MemoryRouter (/home/rgoldberg/projects/figure-collector-services/figure-collector-frontend/node_modules/react-router/lib/components.tsx:225:3)
        at div
        at ChakraProvider (/home/rgoldberg/projects/figure-collector-services/figure-collector-frontend/src/setupTests.ts:441:24)
        at div
        at MockQueryClientProvider (/home/rgoldberg/projects/figure-collector-services/figure-collector-frontend/src/test-utils.tsx:11:36)
        at AllProviders (/home/rgoldberg/projects/figure-collector-services/figure-collector-frontend/src/test-utils.tsx:40:25)
        at wrapper

      77 |     initialRoutes?: string[] 
      78 |   }
    > 79 | ) => render(ui, { 
         |            ^
      80 |   wrapper: (props) => (
      81 |     <AllProviders 
      82 |       initialRoutes={options?.initialRoutes} 

      at printWarning (node_modules/react-dom/cjs/react-dom.development.js:86:30)
      at error (node_modules/react-dom/cjs/react-dom.development.js:60:7)
      at validateProperty$1 (node_modules/react-dom/cjs/react-dom.development.js:3757:7)
      at warnUnknownProperties (node_modules/react-dom/cjs/react-dom.development.js:3803:21)
      at validateProperties$2 (node_modules/react-dom/cjs/react-dom.development.js:3827:3)
      at validatePropertiesInDevelopment (node_modules/react-dom/cjs/react-dom.development.js:9541:5)
      at setInitialProperties (node_modules/react-dom/cjs/react-dom.development.js:9830:5)
      at finalizeInitialChildren (node_modules/react-dom/cjs/react-dom.development.js:10950:3)
      at completeWork (node_modules/react-dom/cjs/react-dom.development.js:22232:17)
      at completeUnitOfWork (node_modules/react-dom/cjs/react-dom.development.js:26632:16)
      at performUnitOfWork (node_modules/react-dom/cjs/react-dom.development.js:26607:5)
      at workLoopSync (node_modules/react-dom/cjs/react-dom.development.js:26505:5)
      at renderRootSync (node_modules/react-dom/cjs/react-dom.development.js:26473:7)
      at performConcurrentWorkOnRoot (node_modules/react-dom/cjs/react-dom.development.js:25777:74)
      at flushActQueue (node_modules/react/cjs/react.development.js:2667:24)
      at act (node_modules/react/cjs/react.development.js:2582:11)
      at node_modules/@testing-library/react/dist/act-compat.js:47:25
      at renderRoot (node_modules/@testing-library/react/dist/pure.js:190:26)
      at render (node_modules/@testing-library/react/dist/pure.js:292:10)
      at customRender (src/test-utils.tsx:79:12)
      at Object.<anonymous> (src/__tests__/accessibility.test.tsx:32:33)

  console.error
    Warning: React does not recognize the `_groupHover` prop on a DOM element. If you intentionally want it to appear in the DOM as a custom attribute, spell it as lowercase `_grouphover` instead. If you accidentally passed it from a parent component, remove it from the DOM element.
        at p
        at /home/rgoldberg/projects/figure-collector-services/figure-collector-frontend/src/setupTests.ts:410:29
        at div
        at /home/rgoldberg/projects/figure-collector-services/figure-collector-frontend/src/setupTests.ts:442:34
        at div
        at /home/rgoldberg/projects/figure-collector-services/figure-collector-frontend/src/setupTests.ts:410:29
        at a
        at /home/rgoldberg/projects/figure-collector-services/figure-collector-frontend/src/setupTests.ts:524:35
        at DesktopSubNav (/home/rgoldberg/projects/figure-collector-services/figure-collector-frontend/src/components/Navbar.tsx:225:26)
        at div
        at /home/rgoldberg/projects/figure-collector-services/figure-collector-frontend/src/setupTests.ts:410:29
        at div
        at /home/rgoldberg/projects/figure-collector-services/figure-collector-frontend/src/setupTests.ts:613:45
        at div
        at /home/rgoldberg/projects/figure-collector-services/figure-collector-frontend/src/setupTests.ts:599:38
        at div
        at /home/rgoldberg/projects/figure-collector-services/figure-collector-frontend/src/setupTests.ts:442:34
        at div
        at /home/rgoldberg/projects/figure-collector-services/figure-collector-frontend/src/setupTests.ts:410:29
        at DesktopNav
        at div
        at /home/rgoldberg/projects/figure-collector-services/figure-collector-frontend/src/setupTests.ts:410:29
        at div
        at /home/rgoldberg/projects/figure-collector-services/figure-collector-frontend/src/setupTests.ts:410:29
        at div
        at /home/rgoldberg/projects/figure-collector-services/figure-collector-frontend/src/setupTests.ts:410:29
        at div
        at /home/rgoldberg/projects/figure-collector-services/figure-collector-frontend/src/setupTests.ts:442:34
        at Navbar (/home/rgoldberg/projects/figure-collector-services/figure-collector-frontend/src/components/Navbar.tsx:34:31)
        at div
        at /home/rgoldberg/projects/figure-collector-services/figure-collector-frontend/src/setupTests.ts:442:34
        at SimpleAccessibilityTestComponent
        at Router (/home/rgoldberg/projects/figure-collector-services/figure-collector-frontend/node_modules/react-router/lib/components.tsx:421:13)
        at MemoryRouter (/home/rgoldberg/projects/figure-collector-services/figure-collector-frontend/node_modules/react-router/lib/components.tsx:225:3)
        at div
        at ChakraProvider (/home/rgoldberg/projects/figure-collector-services/figure-collector-frontend/src/setupTests.ts:441:24)
        at div
        at MockQueryClientProvider (/home/rgoldberg/projects/figure-collector-services/figure-collector-frontend/src/test-utils.tsx:11:36)
        at AllProviders (/home/rgoldberg/projects/figure-collector-services/figure-collector-frontend/src/test-utils.tsx:40:25)
        at wrapper

      77 |     initialRoutes?: string[] 
      78 |   }
    > 79 | ) => render(ui, { 
         |            ^
      80 |   wrapper: (props) => (
      81 |     <AllProviders 
      82 |       initialRoutes={options?.initialRoutes} 

      at printWarning (node_modules/react-dom/cjs/react-dom.development.js:86:30)
      at error (node_modules/react-dom/cjs/react-dom.development.js:60:7)
      at validateProperty$1 (node_modules/react-dom/cjs/react-dom.development.js:3757:7)
      at warnUnknownProperties (node_modules/react-dom/cjs/react-dom.development.js:3803:21)
      at validateProperties$2 (node_modules/react-dom/cjs/react-dom.development.js:3827:3)
      at validatePropertiesInDevelopment (node_modules/react-dom/cjs/react-dom.development.js:9541:5)
      at setInitialProperties (node_modules/react-dom/cjs/react-dom.development.js:9830:5)
      at finalizeInitialChildren (node_modules/react-dom/cjs/react-dom.development.js:10950:3)
      at completeWork (node_modules/react-dom/cjs/react-dom.development.js:22232:17)
      at completeUnitOfWork (node_modules/react-dom/cjs/react-dom.development.js:26632:16)
      at performUnitOfWork (node_modules/react-dom/cjs/react-dom.development.js:26607:5)
      at workLoopSync (node_modules/react-dom/cjs/react-dom.development.js:26505:5)
      at renderRootSync (node_modules/react-dom/cjs/react-dom.development.js:26473:7)
      at performConcurrentWorkOnRoot (node_modules/react-dom/cjs/react-dom.development.js:25777:74)
      at flushActQueue (node_modules/react/cjs/react.development.js:2667:24)
      at act (node_modules/react/cjs/react.development.js:2582:11)
      at node_modules/@testing-library/react/dist/act-compat.js:47:25
      at renderRoot (node_modules/@testing-library/react/dist/pure.js:190:26)
      at render (node_modules/@testing-library/react/dist/pure.js:292:10)
      at customRender (src/test-utils.tsx:79:12)
      at Object.<anonymous> (src/__tests__/accessibility.test.tsx:32:33)

  console.error
    Warning: React does not recognize the `boxShadow` prop on a DOM element. If you intentionally want it to appear in the DOM as a custom attribute, spell it as lowercase `boxshadow` instead. If you accidentally passed it from a parent component, remove it from the DOM element.
        at div
        at /home/rgoldberg/projects/figure-collector-services/figure-collector-frontend/src/setupTests.ts:613:45
        at div
        at /home/rgoldberg/projects/figure-collector-services/figure-collector-frontend/src/setupTests.ts:599:38
        at div
        at /home/rgoldberg/projects/figure-collector-services/figure-collector-frontend/src/setupTests.ts:442:34
        at div
        at /home/rgoldberg/projects/figure-collector-services/figure-collector-frontend/src/setupTests.ts:410:29
        at DesktopNav
        at div
        at /home/rgoldberg/projects/figure-collector-services/figure-collector-frontend/src/setupTests.ts:410:29
        at div
        at /home/rgoldberg/projects/figure-collector-services/figure-collector-frontend/src/setupTests.ts:410:29
        at div
        at /home/rgoldberg/projects/figure-collector-services/figure-collector-frontend/src/setupTests.ts:410:29
        at div
        at /home/rgoldberg/projects/figure-collector-services/figure-collector-frontend/src/setupTests.ts:442:34
        at Navbar (/home/rgoldberg/projects/figure-collector-services/figure-collector-frontend/src/components/Navbar.tsx:34:31)
        at div
        at /home/rgoldberg/projects/figure-collector-services/figure-collector-frontend/src/setupTests.ts:442:34
        at SimpleAccessibilityTestComponent
        at Router (/home/rgoldberg/projects/figure-collector-services/figure-collector-frontend/node_modules/react-router/lib/components.tsx:421:13)
        at MemoryRouter (/home/rgoldberg/projects/figure-collector-services/figure-collector-frontend/node_modules/react-router/lib/components.tsx:225:3)
        at div
        at ChakraProvider (/home/rgoldberg/projects/figure-collector-services/figure-collector-frontend/src/setupTests.ts:441:24)
        at div
        at MockQueryClientProvider (/home/rgoldberg/projects/figure-collector-services/figure-collector-frontend/src/test-utils.tsx:11:36)
        at AllProviders (/home/rgoldberg/projects/figure-collector-services/figure-collector-frontend/src/test-utils.tsx:40:25)
        at wrapper

      77 |     initialRoutes?: string[] 
      78 |   }
    > 79 | ) => render(ui, { 
         |            ^
      80 |   wrapper: (props) => (
      81 |     <AllProviders 
      82 |       initialRoutes={options?.initialRoutes} 

      at printWarning (node_modules/react-dom/cjs/react-dom.development.js:86:30)
      at error (node_modules/react-dom/cjs/react-dom.development.js:60:7)
      at validateProperty$1 (node_modules/react-dom/cjs/react-dom.development.js:3757:7)
      at warnUnknownProperties (node_modules/react-dom/cjs/react-dom.development.js:3803:21)
      at validateProperties$2 (node_modules/react-dom/cjs/react-dom.development.js:3827:3)
      at validatePropertiesInDevelopment (node_modules/react-dom/cjs/react-dom.development.js:9541:5)
      at setInitialProperties (node_modules/react-dom/cjs/react-dom.development.js:9830:5)
      at finalizeInitialChildren (node_modules/react-dom/cjs/react-dom.development.js:10950:3)
      at completeWork (node_modules/react-dom/cjs/react-dom.development.js:22232:17)
      at completeUnitOfWork (node_modules/react-dom/cjs/react-dom.development.js:26632:16)
      at performUnitOfWork (node_modules/react-dom/cjs/react-dom.development.js:26607:5)
      at workLoopSync (node_modules/react-dom/cjs/react-dom.development.js:26505:5)
      at renderRootSync (node_modules/react-dom/cjs/react-dom.development.js:26473:7)
      at performConcurrentWorkOnRoot (node_modules/react-dom/cjs/react-dom.development.js:25777:74)
      at flushActQueue (node_modules/react/cjs/react.development.js:2667:24)
      at act (node_modules/react/cjs/react.development.js:2582:11)
      at node_modules/@testing-library/react/dist/act-compat.js:47:25
      at renderRoot (node_modules/@testing-library/react/dist/pure.js:190:26)
      at render (node_modules/@testing-library/react/dist/pure.js:292:10)
      at customRender (src/test-utils.tsx:79:12)
      at Object.<anonymous> (src/__tests__/accessibility.test.tsx:32:33)

  console.error
    Warning: React does not recognize the `minW` prop on a DOM element. If you intentionally want it to appear in the DOM as a custom attribute, spell it as lowercase `minw` instead. If you accidentally passed it from a parent component, remove it from the DOM element.
        at div
        at /home/rgoldberg/projects/figure-collector-services/figure-collector-frontend/src/setupTests.ts:613:45
        at div
        at /home/rgoldberg/projects/figure-collector-services/figure-collector-frontend/src/setupTests.ts:599:38
        at div
        at /home/rgoldberg/projects/figure-collector-services/figure-collector-frontend/src/setupTests.ts:442:34
        at div
        at /home/rgoldberg/projects/figure-collector-services/figure-collector-frontend/src/setupTests.ts:410:29
        at DesktopNav
        at div
        at /home/rgoldberg/projects/figure-collector-services/figure-collector-frontend/src/setupTests.ts:410:29
        at div
        at /home/rgoldberg/projects/figure-collector-services/figure-collector-frontend/src/setupTests.ts:410:29
        at div
        at /home/rgoldberg/projects/figure-collector-services/figure-collector-frontend/src/setupTests.ts:410:29
        at div
        at /home/rgoldberg/projects/figure-collector-services/figure-collector-frontend/src/setupTests.ts:442:34
        at Navbar (/home/rgoldberg/projects/figure-collector-services/figure-collector-frontend/src/components/Navbar.tsx:34:31)
        at div
        at /home/rgoldberg/projects/figure-collector-services/figure-collector-frontend/src/setupTests.ts:442:34
        at SimpleAccessibilityTestComponent
        at Router (/home/rgoldberg/projects/figure-collector-services/figure-collector-frontend/node_modules/react-router/lib/components.tsx:421:13)
        at MemoryRouter (/home/rgoldberg/projects/figure-collector-services/figure-collector-frontend/node_modules/react-router/lib/components.tsx:225:3)
        at div
        at ChakraProvider (/home/rgoldberg/projects/figure-collector-services/figure-collector-frontend/src/setupTests.ts:441:24)
        at div
        at MockQueryClientProvider (/home/rgoldberg/projects/figure-collector-services/figure-collector-frontend/src/test-utils.tsx:11:36)
        at AllProviders (/home/rgoldberg/projects/figure-collector-services/figure-collector-frontend/src/test-utils.tsx:40:25)
        at wrapper

      77 |     initialRoutes?: string[] 
      78 |   }
    > 79 | ) => render(ui, { 
         |            ^
      80 |   wrapper: (props) => (
      81 |     <AllProviders 
      82 |       initialRoutes={options?.initialRoutes} 

      at printWarning (node_modules/react-dom/cjs/react-dom.development.js:86:30)
      at error (node_modules/react-dom/cjs/react-dom.development.js:60:7)
      at validateProperty$1 (node_modules/react-dom/cjs/react-dom.development.js:3757:7)
      at warnUnknownProperties (node_modules/react-dom/cjs/react-dom.development.js:3803:21)
      at validateProperties$2 (node_modules/react-dom/cjs/react-dom.development.js:3827:3)
      at validatePropertiesInDevelopment (node_modules/react-dom/cjs/react-dom.development.js:9541:5)
      at setInitialProperties (node_modules/react-dom/cjs/react-dom.development.js:9830:5)
      at finalizeInitialChildren (node_modules/react-dom/cjs/react-dom.development.js:10950:3)
      at completeWork (node_modules/react-dom/cjs/react-dom.development.js:22232:17)
      at completeUnitOfWork (node_modules/react-dom/cjs/react-dom.development.js:26632:16)
      at performUnitOfWork (node_modules/react-dom/cjs/react-dom.development.js:26607:5)
      at workLoopSync (node_modules/react-dom/cjs/react-dom.development.js:26505:5)
      at renderRootSync (node_modules/react-dom/cjs/react-dom.development.js:26473:7)
      at performConcurrentWorkOnRoot (node_modules/react-dom/cjs/react-dom.development.js:25777:74)
      at flushActQueue (node_modules/react/cjs/react.development.js:2667:24)
      at act (node_modules/react/cjs/react.development.js:2582:11)
      at node_modules/@testing-library/react/dist/act-compat.js:47:25
      at renderRoot (node_modules/@testing-library/react/dist/pure.js:190:26)
      at render (node_modules/@testing-library/react/dist/pure.js:292:10)
      at customRender (src/test-utils.tsx:79:12)
      at Object.<anonymous> (src/__tests__/accessibility.test.tsx:32:33)

  console.error
    Warning: Invalid value for prop `as` on <span> tag. Either remove it from the element, or pass a string or number value to keep it in the DOM. For details, see https://reactjs.org/link/attribute-behavior 
        at span
        at /home/rgoldberg/projects/figure-collector-services/figure-collector-frontend/src/setupTests.ts:410:29
        at span
        at a
        at LinkWithRef (/home/rgoldberg/projects/figure-collector-services/figure-collector-frontend/node_modules/react-router-dom/index.tsx:962:7)
        at /home/rgoldberg/projects/figure-collector-services/figure-collector-frontend/src/setupTests.ts:653:39
        at div
        at /home/rgoldberg/projects/figure-collector-services/figure-collector-frontend/src/setupTests.ts:645:39
        at div
        at /home/rgoldberg/projects/figure-collector-services/figure-collector-frontend/src/setupTests.ts:630:35
        at div
        at /home/rgoldberg/projects/figure-collector-services/figure-collector-frontend/src/setupTests.ts:410:29
        at div
        at /home/rgoldberg/projects/figure-collector-services/figure-collector-frontend/src/setupTests.ts:410:29
        at div
        at /home/rgoldberg/projects/figure-collector-services/figure-collector-frontend/src/setupTests.ts:442:34
        at Navbar (/home/rgoldberg/projects/figure-collector-services/figure-collector-frontend/src/components/Navbar.tsx:34:31)
        at div
        at /home/rgoldberg/projects/figure-collector-services/figure-collector-frontend/src/setupTests.ts:442:34
        at SimpleAccessibilityTestComponent
        at Router (/home/rgoldberg/projects/figure-collector-services/figure-collector-frontend/node_modules/react-router/lib/components.tsx:421:13)
        at MemoryRouter (/home/rgoldberg/projects/figure-collector-services/figure-collector-frontend/node_modules/react-router/lib/components.tsx:225:3)
        at div
        at ChakraProvider (/home/rgoldberg/projects/figure-collector-services/figure-collector-frontend/src/setupTests.ts:441:24)
        at div
        at MockQueryClientProvider (/home/rgoldberg/projects/figure-collector-services/figure-collector-frontend/src/test-utils.tsx:11:36)
        at AllProviders (/home/rgoldberg/projects/figure-collector-services/figure-collector-frontend/src/test-utils.tsx:40:25)
        at wrapper

      77 |     initialRoutes?: string[] 
      78 |   }
    > 79 | ) => render(ui, { 
         |            ^
      80 |   wrapper: (props) => (
      81 |     <AllProviders 
      82 |       initialRoutes={options?.initialRoutes} 

      at printWarning (node_modules/react-dom/cjs/react-dom.development.js:86:30)
      at error (node_modules/react-dom/cjs/react-dom.development.js:60:7)
      at warnUnknownProperties (node_modules/react-dom/cjs/react-dom.development.js:3815:7)
      at validateProperties$2 (node_modules/react-dom/cjs/react-dom.development.js:3827:3)
      at validatePropertiesInDevelopment (node_modules/react-dom/cjs/react-dom.development.js:9541:5)
      at setInitialProperties (node_modules/react-dom/cjs/react-dom.development.js:9830:5)
      at finalizeInitialChildren (node_modules/react-dom/cjs/react-dom.development.js:10950:3)
      at completeWork (node_modules/react-dom/cjs/react-dom.development.js:22232:17)
      at completeUnitOfWork (node_modules/react-dom/cjs/react-dom.development.js:26632:16)
      at performUnitOfWork (node_modules/react-dom/cjs/react-dom.development.js:26607:5)
      at workLoopSync (node_modules/react-dom/cjs/react-dom.development.js:26505:5)
      at renderRootSync (node_modules/react-dom/cjs/react-dom.development.js:26473:7)
      at performConcurrentWorkOnRoot (node_modules/react-dom/cjs/react-dom.development.js:25777:74)
      at flushActQueue (node_modules/react/cjs/react.development.js:2667:24)
      at act (node_modules/react/cjs/react.development.js:2582:11)
      at node_modules/@testing-library/react/dist/act-compat.js:47:25
      at renderRoot (node_modules/@testing-library/react/dist/pure.js:190:26)
      at render (node_modules/@testing-library/react/dist/pure.js:292:10)
      at customRender (src/test-utils.tsx:79:12)
      at Object.<anonymous> (src/__tests__/accessibility.test.tsx:32:33)

  console.error
    Warning: React does not recognize the `minH` prop on a DOM element. If you intentionally want it to appear in the DOM as a custom attribute, spell it as lowercase `minh` instead. If you accidentally passed it from a parent component, remove it from the DOM element.
        at div
        at /home/rgoldberg/projects/figure-collector-services/figure-collector-frontend/src/setupTests.ts:410:29
        at div
        at /home/rgoldberg/projects/figure-collector-services/figure-collector-frontend/src/setupTests.ts:442:34
        at Navbar (/home/rgoldberg/projects/figure-collector-services/figure-collector-frontend/src/components/Navbar.tsx:34:31)
        at div
        at /home/rgoldberg/projects/figure-collector-services/figure-collector-frontend/src/setupTests.ts:442:34
        at SimpleAccessibilityTestComponent
        at Router (/home/rgoldberg/projects/figure-collector-services/figure-collector-frontend/node_modules/react-router/lib/components.tsx:421:13)
        at MemoryRouter (/home/rgoldberg/projects/figure-collector-services/figure-collector-frontend/node_modules/react-router/lib/components.tsx:225:3)
        at div
        at ChakraProvider (/home/rgoldberg/projects/figure-collector-services/figure-collector-frontend/src/setupTests.ts:441:24)
        at div
        at MockQueryClientProvider (/home/rgoldberg/projects/figure-collector-services/figure-collector-frontend/src/test-utils.tsx:11:36)
        at AllProviders (/home/rgoldberg/projects/figure-collector-services/figure-collector-frontend/src/test-utils.tsx:40:25)
        at wrapper

      77 |     initialRoutes?: string[] 
      78 |   }
    > 79 | ) => render(ui, { 
         |            ^
      80 |   wrapper: (props) => (
      81 |     <AllProviders 
      82 |       initialRoutes={options?.initialRoutes} 

      at printWarning (node_modules/react-dom/cjs/react-dom.development.js:86:30)
      at error (node_modules/react-dom/cjs/react-dom.development.js:60:7)
      at validateProperty$1 (node_modules/react-dom/cjs/react-dom.development.js:3757:7)
      at warnUnknownProperties (node_modules/react-dom/cjs/react-dom.development.js:3803:21)
      at validateProperties$2 (node_modules/react-dom/cjs/react-dom.development.js:3827:3)
      at validatePropertiesInDevelopment (node_modules/react-dom/cjs/react-dom.development.js:9541:5)
      at setInitialProperties (node_modules/react-dom/cjs/react-dom.development.js:9830:5)
      at finalizeInitialChildren (node_modules/react-dom/cjs/react-dom.development.js:10950:3)
      at completeWork (node_modules/react-dom/cjs/react-dom.development.js:22232:17)
      at completeUnitOfWork (node_modules/react-dom/cjs/react-dom.development.js:26632:16)
      at performUnitOfWork (node_modules/react-dom/cjs/react-dom.development.js:26607:5)
      at workLoopSync (node_modules/react-dom/cjs/react-dom.development.js:26505:5)
      at renderRootSync (node_modules/react-dom/cjs/react-dom.development.js:26473:7)
      at performConcurrentWorkOnRoot (node_modules/react-dom/cjs/react-dom.development.js:25777:74)
      at flushActQueue (node_modules/react/cjs/react.development.js:2667:24)
      at act (node_modules/react/cjs/react.development.js:2582:11)
      at node_modules/@testing-library/react/dist/act-compat.js:47:25
      at renderRoot (node_modules/@testing-library/react/dist/pure.js:190:26)
      at render (node_modules/@testing-library/react/dist/pure.js:292:10)
      at customRender (src/test-utils.tsx:79:12)
      at Object.<anonymous> (src/__tests__/accessibility.test.tsx:32:33)

  console.error
    Warning: React does not recognize the `borderBottom` prop on a DOM element. If you intentionally want it to appear in the DOM as a custom attribute, spell it as lowercase `borderbottom` instead. If you accidentally passed it from a parent component, remove it from the DOM element.
        at div
        at /home/rgoldberg/projects/figure-collector-services/figure-collector-frontend/src/setupTests.ts:410:29
        at div
        at /home/rgoldberg/projects/figure-collector-services/figure-collector-frontend/src/setupTests.ts:442:34
        at Navbar (/home/rgoldberg/projects/figure-collector-services/figure-collector-frontend/src/components/Navbar.tsx:34:31)
        at div
        at /home/rgoldberg/projects/figure-collector-services/figure-collector-frontend/src/setupTests.ts:442:34
        at SimpleAccessibilityTestComponent
        at Router (/home/rgoldberg/projects/figure-collector-services/figure-collector-frontend/node_modules/react-router/lib/components.tsx:421:13)
        at MemoryRouter (/home/rgoldberg/projects/figure-collector-services/figure-collector-frontend/node_modules/react-router/lib/components.tsx:225:3)
        at div
        at ChakraProvider (/home/rgoldberg/projects/figure-collector-services/figure-collector-frontend/src/setupTests.ts:441:24)
        at div
        at MockQueryClientProvider (/home/rgoldberg/projects/figure-collector-services/figure-collector-frontend/src/test-utils.tsx:11:36)
        at AllProviders (/home/rgoldberg/projects/figure-collector-services/figure-collector-frontend/src/test-utils.tsx:40:25)
        at wrapper

      77 |     initialRoutes?: string[] 
      78 |   }
    > 79 | ) => render(ui, { 
         |            ^
      80 |   wrapper: (props) => (
      81 |     <AllProviders 
      82 |       initialRoutes={options?.initialRoutes} 

      at printWarning (node_modules/react-dom/cjs/react-dom.development.js:86:30)
      at error (node_modules/react-dom/cjs/react-dom.development.js:60:7)
      at validateProperty$1 (node_modules/react-dom/cjs/react-dom.development.js:3757:7)
      at warnUnknownProperties (node_modules/react-dom/cjs/react-dom.development.js:3803:21)
      at validateProperties$2 (node_modules/react-dom/cjs/react-dom.development.js:3827:3)
      at validatePropertiesInDevelopment (node_modules/react-dom/cjs/react-dom.development.js:9541:5)
      at setInitialProperties (node_modules/react-dom/cjs/react-dom.development.js:9830:5)
      at finalizeInitialChildren (node_modules/react-dom/cjs/react-dom.development.js:10950:3)
      at completeWork (node_modules/react-dom/cjs/react-dom.development.js:22232:17)
      at completeUnitOfWork (node_modules/react-dom/cjs/react-dom.development.js:26632:16)
      at performUnitOfWork (node_modules/react-dom/cjs/react-dom.development.js:26607:5)
      at workLoopSync (node_modules/react-dom/cjs/react-dom.development.js:26505:5)
      at renderRootSync (node_modules/react-dom/cjs/react-dom.development.js:26473:7)
      at performConcurrentWorkOnRoot (node_modules/react-dom/cjs/react-dom.development.js:25777:74)
      at flushActQueue (node_modules/react/cjs/react.development.js:2667:24)
      at act (node_modules/react/cjs/react.development.js:2582:11)
      at node_modules/@testing-library/react/dist/act-compat.js:47:25
      at renderRoot (node_modules/@testing-library/react/dist/pure.js:190:26)
      at render (node_modules/@testing-library/react/dist/pure.js:292:10)
      at customRender (src/test-utils.tsx:79:12)
      at Object.<anonymous> (src/__tests__/accessibility.test.tsx:32:33)

  console.error
    Warning: React does not recognize the `borderStyle` prop on a DOM element. If you intentionally want it to appear in the DOM as a custom attribute, spell it as lowercase `borderstyle` instead. If you accidentally passed it from a parent component, remove it from the DOM element.
        at div
        at /home/rgoldberg/projects/figure-collector-services/figure-collector-frontend/src/setupTests.ts:410:29
        at div
        at /home/rgoldberg/projects/figure-collector-services/figure-collector-frontend/src/setupTests.ts:442:34
        at Navbar (/home/rgoldberg/projects/figure-collector-services/figure-collector-frontend/src/components/Navbar.tsx:34:31)
        at div
        at /home/rgoldberg/projects/figure-collector-services/figure-collector-frontend/src/setupTests.ts:442:34
        at SimpleAccessibilityTestComponent
        at Router (/home/rgoldberg/projects/figure-collector-services/figure-collector-frontend/node_modules/react-router/lib/components.tsx:421:13)
        at MemoryRouter (/home/rgoldberg/projects/figure-collector-services/figure-collector-frontend/node_modules/react-router/lib/components.tsx:225:3)
        at div
        at ChakraProvider (/home/rgoldberg/projects/figure-collector-services/figure-collector-frontend/src/setupTests.ts:441:24)
        at div
        at MockQueryClientProvider (/home/rgoldberg/projects/figure-collector-services/figure-collector-frontend/src/test-utils.tsx:11:36)
        at AllProviders (/home/rgoldberg/projects/figure-collector-services/figure-collector-frontend/src/test-utils.tsx:40:25)
        at wrapper

      77 |     initialRoutes?: string[] 
      78 |   }
    > 79 | ) => render(ui, { 
         |            ^
      80 |   wrapper: (props) => (
      81 |     <AllProviders 
      82 |       initialRoutes={options?.initialRoutes} 

      at printWarning (node_modules/react-dom/cjs/react-dom.development.js:86:30)
      at error (node_modules/react-dom/cjs/react-dom.development.js:60:7)
      at validateProperty$1 (node_modules/react-dom/cjs/react-dom.development.js:3757:7)
      at warnUnknownProperties (node_modules/react-dom/cjs/react-dom.development.js:3803:21)
      at validateProperties$2 (node_modules/react-dom/cjs/react-dom.development.js:3827:3)
      at validatePropertiesInDevelopment (node_modules/react-dom/cjs/react-dom.development.js:9541:5)
      at setInitialProperties (node_modules/react-dom/cjs/react-dom.development.js:9830:5)
      at finalizeInitialChildren (node_modules/react-dom/cjs/react-dom.development.js:10950:3)
      at completeWork (node_modules/react-dom/cjs/react-dom.development.js:22232:17)
      at completeUnitOfWork (node_modules/react-dom/cjs/react-dom.development.js:26632:16)
      at performUnitOfWork (node_modules/react-dom/cjs/react-dom.development.js:26607:5)
      at workLoopSync (node_modules/react-dom/cjs/react-dom.development.js:26505:5)
      at renderRootSync (node_modules/react-dom/cjs/react-dom.development.js:26473:7)
      at performConcurrentWorkOnRoot (node_modules/react-dom/cjs/react-dom.development.js:25777:74)
      at flushActQueue (node_modules/react/cjs/react.development.js:2667:24)
      at act (node_modules/react/cjs/react.development.js:2582:11)
      at node_modules/@testing-library/react/dist/act-compat.js:47:25
      at renderRoot (node_modules/@testing-library/react/dist/pure.js:190:26)
      at render (node_modules/@testing-library/react/dist/pure.js:292:10)
      at customRender (src/test-utils.tsx:79:12)
      at Object.<anonymous> (src/__tests__/accessibility.test.tsx:32:33)

  console.error
    Warning: React does not recognize the `borderColor` prop on a DOM element. If you intentionally want it to appear in the DOM as a custom attribute, spell it as lowercase `bordercolor` instead. If you accidentally passed it from a parent component, remove it from the DOM element.
        at div
        at /home/rgoldberg/projects/figure-collector-services/figure-collector-frontend/src/setupTests.ts:410:29
        at div
        at /home/rgoldberg/projects/figure-collector-services/figure-collector-frontend/src/setupTests.ts:442:34
        at Navbar (/home/rgoldberg/projects/figure-collector-services/figure-collector-frontend/src/components/Navbar.tsx:34:31)
        at div
        at /home/rgoldberg/projects/figure-collector-services/figure-collector-frontend/src/setupTests.ts:442:34
        at SimpleAccessibilityTestComponent
        at Router (/home/rgoldberg/projects/figure-collector-services/figure-collector-frontend/node_modules/react-router/lib/components.tsx:421:13)
        at MemoryRouter (/home/rgoldberg/projects/figure-collector-services/figure-collector-frontend/node_modules/react-router/lib/components.tsx:225:3)
        at div
        at ChakraProvider (/home/rgoldberg/projects/figure-collector-services/figure-collector-frontend/src/setupTests.ts:441:24)
        at div
        at MockQueryClientProvider (/home/rgoldberg/projects/figure-collector-services/figure-collector-frontend/src/test-utils.tsx:11:36)
        at AllProviders (/home/rgoldberg/projects/figure-collector-services/figure-collector-frontend/src/test-utils.tsx:40:25)
        at wrapper

      77 |     initialRoutes?: string[] 
      78 |   }
    > 79 | ) => render(ui, { 
         |            ^
      80 |   wrapper: (props) => (
      81 |     <AllProviders 
      82 |       initialRoutes={options?.initialRoutes} 

      at printWarning (node_modules/react-dom/cjs/react-dom.development.js:86:30)
      at error (node_modules/react-dom/cjs/react-dom.development.js:60:7)
      at validateProperty$1 (node_modules/react-dom/cjs/react-dom.development.js:3757:7)
      at warnUnknownProperties (node_modules/react-dom/cjs/react-dom.development.js:3803:21)
      at validateProperties$2 (node_modules/react-dom/cjs/react-dom.development.js:3827:3)
      at validatePropertiesInDevelopment (node_modules/react-dom/cjs/react-dom.development.js:9541:5)
      at setInitialProperties (node_modules/react-dom/cjs/react-dom.development.js:9830:5)
      at finalizeInitialChildren (node_modules/react-dom/cjs/react-dom.development.js:10950:3)
      at completeWork (node_modules/react-dom/cjs/react-dom.development.js:22232:17)
      at completeUnitOfWork (node_modules/react-dom/cjs/react-dom.development.js:26632:16)
      at performUnitOfWork (node_modules/react-dom/cjs/react-dom.development.js:26607:5)
      at workLoopSync (node_modules/react-dom/cjs/react-dom.development.js:26505:5)
      at renderRootSync (node_modules/react-dom/cjs/react-dom.development.js:26473:7)
      at performConcurrentWorkOnRoot (node_modules/react-dom/cjs/react-dom.development.js:25777:74)
      at flushActQueue (node_modules/react/cjs/react.development.js:2667:24)
      at act (node_modules/react/cjs/react.development.js:2582:11)
      at node_modules/@testing-library/react/dist/act-compat.js:47:25
      at renderRoot (node_modules/@testing-library/react/dist/pure.js:190:26)
      at render (node_modules/@testing-library/react/dist/pure.js:292:10)
      at customRender (src/test-utils.tsx:79:12)
      at Object.<anonymous> (src/__tests__/accessibility.test.tsx:32:33)

  console.error
    Warning: React does not recognize the `borderLeft` prop on a DOM element. If you intentionally want it to appear in the DOM as a custom attribute, spell it as lowercase `borderleft` instead. If you accidentally passed it from a parent component, remove it from the DOM element.
        at div
        at /home/rgoldberg/projects/figure-collector-services/figure-collector-frontend/src/setupTests.ts:410:29
        at div
        at /home/rgoldberg/projects/figure-collector-services/figure-collector-frontend/src/setupTests.ts:591:39
        at div
        at /home/rgoldberg/projects/figure-collector-services/figure-collector-frontend/src/setupTests.ts:410:29
        at MobileNavItem (/home/rgoldberg/projects/figure-collector-services/figure-collector-frontend/src/components/Navbar.tsx:277:26)
        at div
        at /home/rgoldberg/projects/figure-collector-services/figure-collector-frontend/src/setupTests.ts:410:29
        at MobileNav
        at div
        at /home/rgoldberg/projects/figure-collector-services/figure-collector-frontend/src/setupTests.ts:591:39
        at div
        at /home/rgoldberg/projects/figure-collector-services/figure-collector-frontend/src/setupTests.ts:442:34
        at Navbar (/home/rgoldberg/projects/figure-collector-services/figure-collector-frontend/src/components/Navbar.tsx:34:31)
        at div
        at /home/rgoldberg/projects/figure-collector-services/figure-collector-frontend/src/setupTests.ts:442:34
        at SimpleAccessibilityTestComponent
        at Router (/home/rgoldberg/projects/figure-collector-services/figure-collector-frontend/node_modules/react-router/lib/components.tsx:421:13)
        at MemoryRouter (/home/rgoldberg/projects/figure-collector-services/figure-collector-frontend/node_modules/react-router/lib/components.tsx:225:3)
        at div
        at ChakraProvider (/home/rgoldberg/projects/figure-collector-services/figure-collector-frontend/src/setupTests.ts:441:24)
        at div
        at MockQueryClientProvider (/home/rgoldberg/projects/figure-collector-services/figure-collector-frontend/src/test-utils.tsx:11:36)
        at AllProviders (/home/rgoldberg/projects/figure-collector-services/figure-collector-frontend/src/test-utils.tsx:40:25)
        at wrapper

      77 |     initialRoutes?: string[] 
      78 |   }
    > 79 | ) => render(ui, { 
         |            ^
      80 |   wrapper: (props) => (
      81 |     <AllProviders 
      82 |       initialRoutes={options?.initialRoutes} 

      at printWarning (node_modules/react-dom/cjs/react-dom.development.js:86:30)
      at error (node_modules/react-dom/cjs/react-dom.development.js:60:7)
      at validateProperty$1 (node_modules/react-dom/cjs/react-dom.development.js:3757:7)
      at warnUnknownProperties (node_modules/react-dom/cjs/react-dom.development.js:3803:21)
      at validateProperties$2 (node_modules/react-dom/cjs/react-dom.development.js:3827:3)
      at validatePropertiesInDevelopment (node_modules/react-dom/cjs/react-dom.development.js:9541:5)
      at setInitialProperties (node_modules/react-dom/cjs/react-dom.development.js:9830:5)
      at finalizeInitialChildren (node_modules/react-dom/cjs/react-dom.development.js:10950:3)
      at completeWork (node_modules/react-dom/cjs/react-dom.development.js:22232:17)
      at completeUnitOfWork (node_modules/react-dom/cjs/react-dom.development.js:26632:16)
      at performUnitOfWork (node_modules/react-dom/cjs/react-dom.development.js:26607:5)
      at workLoopSync (node_modules/react-dom/cjs/react-dom.development.js:26505:5)
      at renderRootSync (node_modules/react-dom/cjs/react-dom.development.js:26473:7)
      at performConcurrentWorkOnRoot (node_modules/react-dom/cjs/react-dom.development.js:25777:74)
      at flushActQueue (node_modules/react/cjs/react.development.js:2667:24)
      at act (node_modules/react/cjs/react.development.js:2582:11)
      at node_modules/@testing-library/react/dist/act-compat.js:47:25
      at renderRoot (node_modules/@testing-library/react/dist/pure.js:190:26)
      at render (node_modules/@testing-library/react/dist/pure.js:292:10)
      at customRender (src/test-utils.tsx:79:12)
      at Object.<anonymous> (src/__tests__/accessibility.test.tsx:32:33)

  console.error
    Warning: React does not recognize the `animateOpacity` prop on a DOM element. If you intentionally want it to appear in the DOM as a custom attribute, spell it as lowercase `animateopacity` instead. If you accidentally passed it from a parent component, remove it from the DOM element.
        at div
        at /home/rgoldberg/projects/figure-collector-services/figure-collector-frontend/src/setupTests.ts:591:39
        at div
        at /home/rgoldberg/projects/figure-collector-services/figure-collector-frontend/src/setupTests.ts:410:29
        at MobileNavItem (/home/rgoldberg/projects/figure-collector-services/figure-collector-frontend/src/components/Navbar.tsx:277:26)
        at div
        at /home/rgoldberg/projects/figure-collector-services/figure-collector-frontend/src/setupTests.ts:410:29
        at MobileNav
        at div
        at /home/rgoldberg/projects/figure-collector-services/figure-collector-frontend/src/setupTests.ts:591:39
        at div
        at /home/rgoldberg/projects/figure-collector-services/figure-collector-frontend/src/setupTests.ts:442:34
        at Navbar (/home/rgoldberg/projects/figure-collector-services/figure-collector-frontend/src/components/Navbar.tsx:34:31)
        at div
        at /home/rgoldberg/projects/figure-collector-services/figure-collector-frontend/src/setupTests.ts:442:34
        at SimpleAccessibilityTestComponent
        at Router (/home/rgoldberg/projects/figure-collector-services/figure-collector-frontend/node_modules/react-router/lib/components.tsx:421:13)
        at MemoryRouter (/home/rgoldberg/projects/figure-collector-services/figure-collector-frontend/node_modules/react-router/lib/components.tsx:225:3)
        at div
        at ChakraProvider (/home/rgoldberg/projects/figure-collector-services/figure-collector-frontend/src/setupTests.ts:441:24)
        at div
        at MockQueryClientProvider (/home/rgoldberg/projects/figure-collector-services/figure-collector-frontend/src/test-utils.tsx:11:36)
        at AllProviders (/home/rgoldberg/projects/figure-collector-services/figure-collector-frontend/src/test-utils.tsx:40:25)
        at wrapper

      77 |     initialRoutes?: string[] 
      78 |   }
    > 79 | ) => render(ui, { 
         |            ^
      80 |   wrapper: (props) => (
      81 |     <AllProviders 
      82 |       initialRoutes={options?.initialRoutes} 

      at printWarning (node_modules/react-dom/cjs/react-dom.development.js:86:30)
      at error (node_modules/react-dom/cjs/react-dom.development.js:60:7)
      at validateProperty$1 (node_modules/react-dom/cjs/react-dom.development.js:3757:7)
      at warnUnknownProperties (node_modules/react-dom/cjs/react-dom.development.js:3803:21)
      at validateProperties$2 (node_modules/react-dom/cjs/react-dom.development.js:3827:3)
      at validatePropertiesInDevelopment (node_modules/react-dom/cjs/react-dom.development.js:9541:5)
      at setInitialProperties (node_modules/react-dom/cjs/react-dom.development.js:9830:5)
      at finalizeInitialChildren (node_modules/react-dom/cjs/react-dom.development.js:10950:3)
      at completeWork (node_modules/react-dom/cjs/react-dom.development.js:22232:17)
      at completeUnitOfWork (node_modules/react-dom/cjs/react-dom.development.js:26632:16)
      at performUnitOfWork (node_modules/react-dom/cjs/react-dom.development.js:26607:5)
      at workLoopSync (node_modules/react-dom/cjs/react-dom.development.js:26505:5)
      at renderRootSync (node_modules/react-dom/cjs/react-dom.development.js:26473:7)
      at performConcurrentWorkOnRoot (node_modules/react-dom/cjs/react-dom.development.js:25777:74)
      at flushActQueue (node_modules/react/cjs/react.development.js:2667:24)
      at act (node_modules/react/cjs/react.development.js:2582:11)
      at node_modules/@testing-library/react/dist/act-compat.js:47:25
      at renderRoot (node_modules/@testing-library/react/dist/pure.js:190:26)
      at render (node_modules/@testing-library/react/dist/pure.js:292:10)
      at customRender (src/test-utils.tsx:79:12)
      at Object.<anonymous> (src/__tests__/accessibility.test.tsx:32:33)

  console.warn
    ⚠️ React Router Future Flag Warning: React Router will begin wrapping state updates in `React.startTransition` in v7. You can use the `v7_startTransition` future flag to opt-in early. For more information, see https://reactrouter.com/v6/upgrading/future#v7_starttransition.

      77 |     initialRoutes?: string[] 
      78 |   }
    > 79 | ) => render(ui, { 
         |            ^
      80 |   wrapper: (props) => (
      81 |     <AllProviders 
      82 |       initialRoutes={options?.initialRoutes} 

      at warnOnce (node_modules/react-router/lib/deprecations.ts:9:13)
      at logDeprecation (node_modules/react-router/lib/deprecations.ts:14:3)
      at logV6DeprecationWarnings (node_modules/react-router/lib/deprecations.ts:26:5)
      at node_modules/react-router/lib/components.tsx:257:25
      at commitHookEffectListMount (node_modules/react-dom/cjs/react-dom.development.js:23189:26)
      at commitPassiveMountOnFiber (node_modules/react-dom/cjs/react-dom.development.js:24970:11)
      at commitPassiveMountEffects_complete (node_modules/react-dom/cjs/react-dom.development.js:24930:9)
      at commitPassiveMountEffects_begin (node_modules/react-dom/cjs/react-dom.development.js:24917:7)
      at commitPassiveMountEffects (node_modules/react-dom/cjs/react-dom.development.js:24905:3)
      at flushPassiveEffectsImpl (node_modules/react-dom/cjs/react-dom.development.js:27078:3)
      at flushPassiveEffects (node_modules/react-dom/cjs/react-dom.development.js:27023:14)
      at node_modules/react-dom/cjs/react-dom.development.js:26808:9
      at flushActQueue (node_modules/react/cjs/react.development.js:2667:24)
      at act (node_modules/react/cjs/react.development.js:2582:11)
      at node_modules/@testing-library/react/dist/act-compat.js:47:25
      at renderRoot (node_modules/@testing-library/react/dist/pure.js:190:26)
      at render (node_modules/@testing-library/react/dist/pure.js:292:10)
      at customRender (src/test-utils.tsx:79:12)
      at Object.<anonymous> (src/__tests__/accessibility.test.tsx:32:33)

  console.warn
    ⚠️ React Router Future Flag Warning: Relative route resolution within Splat routes is changing in v7. You can use the `v7_relativeSplatPath` future flag to opt-in early. For more information, see https://reactrouter.com/v6/upgrading/future#v7_relativesplatpath.

      77 |     initialRoutes?: string[] 
      78 |   }
    > 79 | ) => render(ui, { 
         |            ^
      80 |   wrapper: (props) => (
      81 |     <AllProviders 
      82 |       initialRoutes={options?.initialRoutes} 

      at warnOnce (node_modules/react-router/lib/deprecations.ts:9:13)
      at logDeprecation (node_modules/react-router/lib/deprecations.ts:14:3)
      at logV6DeprecationWarnings (node_modules/react-router/lib/deprecations.ts:37:5)
      at node_modules/react-router/lib/components.tsx:257:25
      at commitHookEffectListMount (node_modules/react-dom/cjs/react-dom.development.js:23189:26)
      at commitPassiveMountOnFiber (node_modules/react-dom/cjs/react-dom.development.js:24970:11)
      at commitPassiveMountEffects_complete (node_modules/react-dom/cjs/react-dom.development.js:24930:9)
      at commitPassiveMountEffects_begin (node_modules/react-dom/cjs/react-dom.development.js:24917:7)
      at commitPassiveMountEffects (node_modules/react-dom/cjs/react-dom.development.js:24905:3)
      at flushPassiveEffectsImpl (node_modules/react-dom/cjs/react-dom.development.js:27078:3)
      at flushPassiveEffects (node_modules/react-dom/cjs/react-dom.development.js:27023:14)
      at node_modules/react-dom/cjs/react-dom.development.js:26808:9
      at flushActQueue (node_modules/react/cjs/react.development.js:2667:24)
      at act (node_modules/react/cjs/react.development.js:2582:11)
      at node_modules/@testing-library/react/dist/act-compat.js:47:25
      at renderRoot (node_modules/@testing-library/react/dist/pure.js:190:26)
      at render (node_modules/@testing-library/react/dist/pure.js:292:10)
      at customRender (src/test-utils.tsx:79:12)
      at Object.<anonymous> (src/__tests__/accessibility.test.tsx:32:33)

PASS src/__tests__/accessibility.test.tsx
  Application Accessibility
    ✓ should have no accessibility violations on core components (128 ms)

  console.error
    Warning: React does not recognize the `boxSize` prop on a DOM element. If you intentionally want it to appear in the DOM as a custom attribute, spell it as lowercase `boxsize` instead. If you accidentally passed it from a parent component, remove it from the DOM element.
        at span
        at /home/rgoldberg/projects/figure-collector-services/figure-collector-frontend/src/setupTests.ts:410:29
        at div
        at /home/rgoldberg/projects/figure-collector-services/figure-collector-frontend/src/setupTests.ts:410:29
        at div
        at /home/rgoldberg/projects/figure-collector-services/figure-collector-frontend/src/setupTests.ts:442:34
        at EmptyState (/home/rgoldberg/projects/figure-collector-services/figure-collector-frontend/src/components/EmptyState.tsx:12:3)
        at Router (/home/rgoldberg/projects/figure-collector-services/figure-collector-frontend/node_modules/react-router/lib/components.tsx:421:13)
        at MemoryRouter (/home/rgoldberg/projects/figure-collector-services/figure-collector-frontend/node_modules/react-router/lib/components.tsx:225:3)
        at div
        at ChakraProvider (/home/rgoldberg/projects/figure-collector-services/figure-collector-frontend/src/setupTests.ts:441:24)
        at div
        at MockQueryClientProvider (/home/rgoldberg/projects/figure-collector-services/figure-collector-frontend/src/test-utils.tsx:11:36)
        at AllProviders (/home/rgoldberg/projects/figure-collector-services/figure-collector-frontend/src/test-utils.tsx:40:25)
        at wrapper

      77 |     initialRoutes?: string[] 
      78 |   }
    > 79 | ) => render(ui, { 
         |            ^
      80 |   wrapper: (props) => (
      81 |     <AllProviders 
      82 |       initialRoutes={options?.initialRoutes} 

      at printWarning (node_modules/react-dom/cjs/react-dom.development.js:86:30)
      at error (node_modules/react-dom/cjs/react-dom.development.js:60:7)
      at validateProperty$1 (node_modules/react-dom/cjs/react-dom.development.js:3757:7)
      at warnUnknownProperties (node_modules/react-dom/cjs/react-dom.development.js:3803:21)
      at validateProperties$2 (node_modules/react-dom/cjs/react-dom.development.js:3827:3)
      at validatePropertiesInDevelopment (node_modules/react-dom/cjs/react-dom.development.js:9541:5)
      at setInitialProperties (node_modules/react-dom/cjs/react-dom.development.js:9830:5)
      at finalizeInitialChildren (node_modules/react-dom/cjs/react-dom.development.js:10950:3)
      at completeWork (node_modules/react-dom/cjs/react-dom.development.js:22232:17)
      at completeUnitOfWork (node_modules/react-dom/cjs/react-dom.development.js:26632:16)
      at performUnitOfWork (node_modules/react-dom/cjs/react-dom.development.js:26607:5)
      at workLoopSync (node_modules/react-dom/cjs/react-dom.development.js:26505:5)
      at renderRootSync (node_modules/react-dom/cjs/react-dom.development.js:26473:7)
      at performConcurrentWorkOnRoot (node_modules/react-dom/cjs/react-dom.development.js:25777:74)
      at flushActQueue (node_modules/react/cjs/react.development.js:2667:24)
      at act (node_modules/react/cjs/react.development.js:2582:11)
      at node_modules/@testing-library/react/dist/act-compat.js:47:25
      at renderRoot (node_modules/@testing-library/react/dist/pure.js:190:26)
      at render (node_modules/@testing-library/react/dist/pure.js:292:10)
      at customRender (src/test-utils.tsx:79:12)
      at Object.<anonymous> (src/components/__tests__/EmptyState.test.tsx:19:13)

  console.error
    Warning: Invalid value for prop `as` on <span> tag. Either remove it from the element, or pass a string or number value to keep it in the DOM. For details, see https://reactjs.org/link/attribute-behavior 
        at span
        at /home/rgoldberg/projects/figure-collector-services/figure-collector-frontend/src/setupTests.ts:410:29
        at div
        at /home/rgoldberg/projects/figure-collector-services/figure-collector-frontend/src/setupTests.ts:410:29
        at div
        at /home/rgoldberg/projects/figure-collector-services/figure-collector-frontend/src/setupTests.ts:442:34
        at EmptyState (/home/rgoldberg/projects/figure-collector-services/figure-collector-frontend/src/components/EmptyState.tsx:12:3)
        at Router (/home/rgoldberg/projects/figure-collector-services/figure-collector-frontend/node_modules/react-router/lib/components.tsx:421:13)
        at MemoryRouter (/home/rgoldberg/projects/figure-collector-services/figure-collector-frontend/node_modules/react-router/lib/components.tsx:225:3)
        at div
        at ChakraProvider (/home/rgoldberg/projects/figure-collector-services/figure-collector-frontend/src/setupTests.ts:441:24)
        at div
        at MockQueryClientProvider (/home/rgoldberg/projects/figure-collector-services/figure-collector-frontend/src/test-utils.tsx:11:36)
        at AllProviders (/home/rgoldberg/projects/figure-collector-services/figure-collector-frontend/src/test-utils.tsx:40:25)
        at wrapper

      77 |     initialRoutes?: string[] 
      78 |   }
    > 79 | ) => render(ui, { 
         |            ^
      80 |   wrapper: (props) => (
      81 |     <AllProviders 
      82 |       initialRoutes={options?.initialRoutes} 

      at printWarning (node_modules/react-dom/cjs/react-dom.development.js:86:30)
      at error (node_modules/react-dom/cjs/react-dom.development.js:60:7)
      at warnUnknownProperties (node_modules/react-dom/cjs/react-dom.development.js:3815:7)
      at validateProperties$2 (node_modules/react-dom/cjs/react-dom.development.js:3827:3)
      at validatePropertiesInDevelopment (node_modules/react-dom/cjs/react-dom.development.js:9541:5)
      at setInitialProperties (node_modules/react-dom/cjs/react-dom.development.js:9830:5)
      at finalizeInitialChildren (node_modules/react-dom/cjs/react-dom.development.js:10950:3)
      at completeWork (node_modules/react-dom/cjs/react-dom.development.js:22232:17)
      at completeUnitOfWork (node_modules/react-dom/cjs/react-dom.development.js:26632:16)
      at performUnitOfWork (node_modules/react-dom/cjs/react-dom.development.js:26607:5)
      at workLoopSync (node_modules/react-dom/cjs/react-dom.development.js:26505:5)
      at renderRootSync (node_modules/react-dom/cjs/react-dom.development.js:26473:7)
      at performConcurrentWorkOnRoot (node_modules/react-dom/cjs/react-dom.development.js:25777:74)
      at flushActQueue (node_modules/react/cjs/react.development.js:2667:24)
      at act (node_modules/react/cjs/react.development.js:2582:11)
      at node_modules/@testing-library/react/dist/act-compat.js:47:25
      at renderRoot (node_modules/@testing-library/react/dist/pure.js:190:26)
      at render (node_modules/@testing-library/react/dist/pure.js:292:10)
      at customRender (src/test-utils.tsx:79:12)
      at Object.<anonymous> (src/components/__tests__/EmptyState.test.tsx:19:13)

  console.error
    Warning: React does not recognize the `borderRadius` prop on a DOM element. If you intentionally want it to appear in the DOM as a custom attribute, spell it as lowercase `borderradius` instead. If you accidentally passed it from a parent component, remove it from the DOM element.
        at div
        at /home/rgoldberg/projects/figure-collector-services/figure-collector-frontend/src/setupTests.ts:442:34
        at EmptyState (/home/rgoldberg/projects/figure-collector-services/figure-collector-frontend/src/components/EmptyState.tsx:12:3)
        at Router (/home/rgoldberg/projects/figure-collector-services/figure-collector-frontend/node_modules/react-router/lib/components.tsx:421:13)
        at MemoryRouter (/home/rgoldberg/projects/figure-collector-services/figure-collector-frontend/node_modules/react-router/lib/components.tsx:225:3)
        at div
        at ChakraProvider (/home/rgoldberg/projects/figure-collector-services/figure-collector-frontend/src/setupTests.ts:441:24)
        at div
        at MockQueryClientProvider (/home/rgoldberg/projects/figure-collector-services/figure-collector-frontend/src/test-utils.tsx:11:36)
        at AllProviders (/home/rgoldberg/projects/figure-collector-services/figure-collector-frontend/src/test-utils.tsx:40:25)
        at wrapper

      77 |     initialRoutes?: string[] 
      78 |   }
    > 79 | ) => render(ui, { 
         |            ^
      80 |   wrapper: (props) => (
      81 |     <AllProviders 
      82 |       initialRoutes={options?.initialRoutes} 

      at printWarning (node_modules/react-dom/cjs/react-dom.development.js:86:30)
      at error (node_modules/react-dom/cjs/react-dom.development.js:60:7)
      at validateProperty$1 (node_modules/react-dom/cjs/react-dom.development.js:3757:7)
      at warnUnknownProperties (node_modules/react-dom/cjs/react-dom.development.js:3803:21)
      at validateProperties$2 (node_modules/react-dom/cjs/react-dom.development.js:3827:3)
      at validatePropertiesInDevelopment (node_modules/react-dom/cjs/react-dom.development.js:9541:5)
      at setInitialProperties (node_modules/react-dom/cjs/react-dom.development.js:9830:5)
      at finalizeInitialChildren (node_modules/react-dom/cjs/react-dom.development.js:10950:3)
      at completeWork (node_modules/react-dom/cjs/react-dom.development.js:22232:17)
      at completeUnitOfWork (node_modules/react-dom/cjs/react-dom.development.js:26632:16)
      at performUnitOfWork (node_modules/react-dom/cjs/react-dom.development.js:26607:5)
      at workLoopSync (node_modules/react-dom/cjs/react-dom.development.js:26505:5)
      at renderRootSync (node_modules/react-dom/cjs/react-dom.development.js:26473:7)
      at performConcurrentWorkOnRoot (node_modules/react-dom/cjs/react-dom.development.js:25777:74)
      at flushActQueue (node_modules/react/cjs/react.development.js:2667:24)
      at act (node_modules/react/cjs/react.development.js:2582:11)
      at node_modules/@testing-library/react/dist/act-compat.js:47:25
      at renderRoot (node_modules/@testing-library/react/dist/pure.js:190:26)
      at render (node_modules/@testing-library/react/dist/pure.js:292:10)
      at customRender (src/test-utils.tsx:79:12)
      at Object.<anonymous> (src/components/__tests__/EmptyState.test.tsx:19:13)

  console.error
    Warning: React does not recognize the `textAlign` prop on a DOM element. If you intentionally want it to appear in the DOM as a custom attribute, spell it as lowercase `textalign` instead. If you accidentally passed it from a parent component, remove it from the DOM element.
        at div
        at /home/rgoldberg/projects/figure-collector-services/figure-collector-frontend/src/setupTests.ts:442:34
        at EmptyState (/home/rgoldberg/projects/figure-collector-services/figure-collector-frontend/src/components/EmptyState.tsx:12:3)
        at Router (/home/rgoldberg/projects/figure-collector-services/figure-collector-frontend/node_modules/react-router/lib/components.tsx:421:13)
        at MemoryRouter (/home/rgoldberg/projects/figure-collector-services/figure-collector-frontend/node_modules/react-router/lib/components.tsx:225:3)
        at div
        at ChakraProvider (/home/rgoldberg/projects/figure-collector-services/figure-collector-frontend/src/setupTests.ts:441:24)
        at div
        at MockQueryClientProvider (/home/rgoldberg/projects/figure-collector-services/figure-collector-frontend/src/test-utils.tsx:11:36)
        at AllProviders (/home/rgoldberg/projects/figure-collector-services/figure-collector-frontend/src/test-utils.tsx:40:25)
        at wrapper

      77 |     initialRoutes?: string[] 
      78 |   }
    > 79 | ) => render(ui, { 
         |            ^
      80 |   wrapper: (props) => (
      81 |     <AllProviders 
      82 |       initialRoutes={options?.initialRoutes} 

      at printWarning (node_modules/react-dom/cjs/react-dom.development.js:86:30)
      at error (node_modules/react-dom/cjs/react-dom.development.js:60:7)
      at validateProperty$1 (node_modules/react-dom/cjs/react-dom.development.js:3757:7)
      at warnUnknownProperties (node_modules/react-dom/cjs/react-dom.development.js:3803:21)
      at validateProperties$2 (node_modules/react-dom/cjs/react-dom.development.js:3827:3)
      at validatePropertiesInDevelopment (node_modules/react-dom/cjs/react-dom.development.js:9541:5)
      at setInitialProperties (node_modules/react-dom/cjs/react-dom.development.js:9830:5)
      at finalizeInitialChildren (node_modules/react-dom/cjs/react-dom.development.js:10950:3)
      at completeWork (node_modules/react-dom/cjs/react-dom.development.js:22232:17)
      at completeUnitOfWork (node_modules/react-dom/cjs/react-dom.development.js:26632:16)
      at performUnitOfWork (node_modules/react-dom/cjs/react-dom.development.js:26607:5)
      at workLoopSync (node_modules/react-dom/cjs/react-dom.development.js:26505:5)
      at renderRootSync (node_modules/react-dom/cjs/react-dom.development.js:26473:7)
      at performConcurrentWorkOnRoot (node_modules/react-dom/cjs/react-dom.development.js:25777:74)
      at flushActQueue (node_modules/react/cjs/react.development.js:2667:24)
      at act (node_modules/react/cjs/react.development.js:2582:11)
      at node_modules/@testing-library/react/dist/act-compat.js:47:25
      at renderRoot (node_modules/@testing-library/react/dist/pure.js:190:26)
      at render (node_modules/@testing-library/react/dist/pure.js:292:10)
      at customRender (src/test-utils.tsx:79:12)
      at Object.<anonymous> (src/components/__tests__/EmptyState.test.tsx:19:13)

  console.warn
    ⚠️ React Router Future Flag Warning: React Router will begin wrapping state updates in `React.startTransition` in v7. You can use the `v7_startTransition` future flag to opt-in early. For more information, see https://reactrouter.com/v6/upgrading/future#v7_starttransition.

      77 |     initialRoutes?: string[] 
      78 |   }
    > 79 | ) => render(ui, { 
         |            ^
      80 |   wrapper: (props) => (
      81 |     <AllProviders 
      82 |       initialRoutes={options?.initialRoutes} 

      at warnOnce (node_modules/react-router/lib/deprecations.ts:9:13)
      at logDeprecation (node_modules/react-router/lib/deprecations.ts:14:3)
      at logV6DeprecationWarnings (node_modules/react-router/lib/deprecations.ts:26:5)
      at node_modules/react-router/lib/components.tsx:257:25
      at commitHookEffectListMount (node_modules/react-dom/cjs/react-dom.development.js:23189:26)
      at commitPassiveMountOnFiber (node_modules/react-dom/cjs/react-dom.development.js:24970:11)
      at commitPassiveMountEffects_complete (node_modules/react-dom/cjs/react-dom.development.js:24930:9)
      at commitPassiveMountEffects_begin (node_modules/react-dom/cjs/react-dom.development.js:24917:7)
      at commitPassiveMountEffects (node_modules/react-dom/cjs/react-dom.development.js:24905:3)
      at flushPassiveEffectsImpl (node_modules/react-dom/cjs/react-dom.development.js:27078:3)
      at flushPassiveEffects (node_modules/react-dom/cjs/react-dom.development.js:27023:14)
      at node_modules/react-dom/cjs/react-dom.development.js:26808:9
      at flushActQueue (node_modules/react/cjs/react.development.js:2667:24)
      at act (node_modules/react/cjs/react.development.js:2582:11)
      at node_modules/@testing-library/react/dist/act-compat.js:47:25
      at renderRoot (node_modules/@testing-library/react/dist/pure.js:190:26)
      at render (node_modules/@testing-library/react/dist/pure.js:292:10)
      at customRender (src/test-utils.tsx:79:12)
      at Object.<anonymous> (src/components/__tests__/EmptyState.test.tsx:19:13)

  console.warn
    ⚠️ React Router Future Flag Warning: Relative route resolution within Splat routes is changing in v7. You can use the `v7_relativeSplatPath` future flag to opt-in early. For more information, see https://reactrouter.com/v6/upgrading/future#v7_relativesplatpath.

      77 |     initialRoutes?: string[] 
      78 |   }
    > 79 | ) => render(ui, { 
         |            ^
      80 |   wrapper: (props) => (
      81 |     <AllProviders 
      82 |       initialRoutes={options?.initialRoutes} 

      at warnOnce (node_modules/react-router/lib/deprecations.ts:9:13)
      at logDeprecation (node_modules/react-router/lib/deprecations.ts:14:3)
      at logV6DeprecationWarnings (node_modules/react-router/lib/deprecations.ts:37:5)
      at node_modules/react-router/lib/components.tsx:257:25
      at commitHookEffectListMount (node_modules/react-dom/cjs/react-dom.development.js:23189:26)
      at commitPassiveMountOnFiber (node_modules/react-dom/cjs/react-dom.development.js:24970:11)
      at commitPassiveMountEffects_complete (node_modules/react-dom/cjs/react-dom.development.js:24930:9)
      at commitPassiveMountEffects_begin (node_modules/react-dom/cjs/react-dom.development.js:24917:7)
      at commitPassiveMountEffects (node_modules/react-dom/cjs/react-dom.development.js:24905:3)
      at flushPassiveEffectsImpl (node_modules/react-dom/cjs/react-dom.development.js:27078:3)
      at flushPassiveEffects (node_modules/react-dom/cjs/react-dom.development.js:27023:14)
      at node_modules/react-dom/cjs/react-dom.development.js:26808:9
      at flushActQueue (node_modules/react/cjs/react.development.js:2667:24)
      at act (node_modules/react/cjs/react.development.js:2582:11)
      at node_modules/@testing-library/react/dist/act-compat.js:47:25
      at renderRoot (node_modules/@testing-library/react/dist/pure.js:190:26)
      at render (node_modules/@testing-library/react/dist/pure.js:292:10)
      at customRender (src/test-utils.tsx:79:12)
      at Object.<anonymous> (src/components/__tests__/EmptyState.test.tsx:19:13)

PASS src/components/__tests__/EmptyState.test.tsx
  EmptyState
    collection type
      ✓ should render collection empty state with default message (21 ms)
      ✓ should render collection empty state with custom message (3 ms)
      ✓ should have correct link to add figure page (4 ms)
      ✓ should display collection icon (2 ms)
    search type
      ✓ should render search empty state with default message (5 ms)
      ✓ should render search empty state with custom message (2 ms)
      ✓ should handle clear search button click (8 ms)
    filter type
      ✓ should render filter empty state with default message (5 ms)
      ✓ should render filter empty state with custom message (2 ms)
      ✓ should handle clear filters button click (8 ms)
    default/unknown type
      ✓ should render default empty state for unknown type (6 ms)
      ✓ should have correct link to dashboard (2 ms)
      ✓ should render default empty state with custom message (1 ms)
    styling and layout
      ✓ should render with proper semantic structure (4 ms)
      ✓ should render with proper vertical spacing (2 ms)
    accessibility
      ✓ should have proper button roles for collection type (4 ms)
      ✓ should have proper button roles for search type (4 ms)
      ✓ should have proper button roles for filter type (4 ms)
      ✓ should have accessible text content (2 ms)
    button interactions
      ✓ should not trigger navigation for onclick buttons when using keyboard (7 ms)
      ✓ should not break when onclick is undefined (5 ms)
    edge cases
      ✓ should handle empty message gracefully (4 ms)
      ✓ should handle very long custom messages (1 ms)
      ✓ should handle special characters in messages (1 ms)

  console.warn
    ⚠️ React Router Future Flag Warning: React Router will begin wrapping state updates in `React.startTransition` in v7. You can use the `v7_startTransition` future flag to opt-in early. For more information, see https://reactrouter.com/v6/upgrading/future#v7_starttransition.

      77 |     initialRoutes?: string[] 
      78 |   }
    > 79 | ) => render(ui, { 
         |            ^
      80 |   wrapper: (props) => (
      81 |     <AllProviders 
      82 |       initialRoutes={options?.initialRoutes} 

      at warnOnce (node_modules/react-router/lib/deprecations.ts:9:13)
      at logDeprecation (node_modules/react-router/lib/deprecations.ts:14:3)
      at logV6DeprecationWarnings (node_modules/react-router/lib/deprecations.ts:26:5)
      at node_modules/react-router/lib/components.tsx:257:25
      at commitHookEffectListMount (node_modules/react-dom/cjs/react-dom.development.js:23189:26)
      at commitPassiveMountOnFiber (node_modules/react-dom/cjs/react-dom.development.js:24970:11)
      at commitPassiveMountEffects_complete (node_modules/react-dom/cjs/react-dom.development.js:24930:9)
      at commitPassiveMountEffects_begin (node_modules/react-dom/cjs/react-dom.development.js:24917:7)
      at commitPassiveMountEffects (node_modules/react-dom/cjs/react-dom.development.js:24905:3)
      at flushPassiveEffectsImpl (node_modules/react-dom/cjs/react-dom.development.js:27078:3)
      at flushPassiveEffects (node_modules/react-dom/cjs/react-dom.development.js:27023:14)
      at node_modules/react-dom/cjs/react-dom.development.js:26808:9
      at flushActQueue (node_modules/react/cjs/react.development.js:2667:24)
      at act (node_modules/react/cjs/react.development.js:2582:11)
      at node_modules/@testing-library/react/dist/act-compat.js:47:25
      at renderRoot (node_modules/@testing-library/react/dist/pure.js:190:26)
      at render (node_modules/@testing-library/react/dist/pure.js:292:10)
      at customRender (src/test-utils.tsx:79:12)
      at Object.<anonymous> (src/pages/__tests__/FigureList.test.tsx:126:13)

  console.warn
    ⚠️ React Router Future Flag Warning: Relative route resolution within Splat routes is changing in v7. You can use the `v7_relativeSplatPath` future flag to opt-in early. For more information, see https://reactrouter.com/v6/upgrading/future#v7_relativesplatpath.

      77 |     initialRoutes?: string[] 
      78 |   }
    > 79 | ) => render(ui, { 
         |            ^
      80 |   wrapper: (props) => (
      81 |     <AllProviders 
      82 |       initialRoutes={options?.initialRoutes} 

      at warnOnce (node_modules/react-router/lib/deprecations.ts:9:13)
      at logDeprecation (node_modules/react-router/lib/deprecations.ts:14:3)
      at logV6DeprecationWarnings (node_modules/react-router/lib/deprecations.ts:37:5)
      at node_modules/react-router/lib/components.tsx:257:25
      at commitHookEffectListMount (node_modules/react-dom/cjs/react-dom.development.js:23189:26)
      at commitPassiveMountOnFiber (node_modules/react-dom/cjs/react-dom.development.js:24970:11)
      at commitPassiveMountEffects_complete (node_modules/react-dom/cjs/react-dom.development.js:24930:9)
      at commitPassiveMountEffects_begin (node_modules/react-dom/cjs/react-dom.development.js:24917:7)
      at commitPassiveMountEffects (node_modules/react-dom/cjs/react-dom.development.js:24905:3)
      at flushPassiveEffectsImpl (node_modules/react-dom/cjs/react-dom.development.js:27078:3)
      at flushPassiveEffects (node_modules/react-dom/cjs/react-dom.development.js:27023:14)
      at node_modules/react-dom/cjs/react-dom.development.js:26808:9
      at flushActQueue (node_modules/react/cjs/react.development.js:2667:24)
      at act (node_modules/react/cjs/react.development.js:2582:11)
      at node_modules/@testing-library/react/dist/act-compat.js:47:25
      at renderRoot (node_modules/@testing-library/react/dist/pure.js:190:26)
      at render (node_modules/@testing-library/react/dist/pure.js:292:10)
      at customRender (src/test-utils.tsx:79:12)
      at Object.<anonymous> (src/pages/__tests__/FigureList.test.tsx:126:13)

  console.error
    Warning: React does not recognize the `textAlign` prop on a DOM element. If you intentionally want it to appear in the DOM as a custom attribute, spell it as lowercase `textalign` instead. If you accidentally passed it from a parent component, remove it from the DOM element.
        at div
        at /home/rgoldberg/projects/figure-collector-services/figure-collector-frontend/src/setupTests.ts:442:34
        at FigureList (/home/rgoldberg/projects/figure-collector-services/figure-collector-frontend/src/pages/FigureList.tsx:23:35)
        at Router (/home/rgoldberg/projects/figure-collector-services/figure-collector-frontend/node_modules/react-router/lib/components.tsx:421:13)
        at MemoryRouter (/home/rgoldberg/projects/figure-collector-services/figure-collector-frontend/node_modules/react-router/lib/components.tsx:225:3)
        at div
        at ChakraProvider (/home/rgoldberg/projects/figure-collector-services/figure-collector-frontend/src/setupTests.ts:441:24)
        at div
        at MockQueryClientProvider (/home/rgoldberg/projects/figure-collector-services/figure-collector-frontend/src/test-utils.tsx:11:36)
        at AllProviders (/home/rgoldberg/projects/figure-collector-services/figure-collector-frontend/src/test-utils.tsx:40:25)
        at wrapper

      77 |     initialRoutes?: string[] 
      78 |   }
    > 79 | ) => render(ui, { 
         |            ^
      80 |   wrapper: (props) => (
      81 |     <AllProviders 
      82 |       initialRoutes={options?.initialRoutes} 

      at printWarning (node_modules/react-dom/cjs/react-dom.development.js:86:30)
      at error (node_modules/react-dom/cjs/react-dom.development.js:60:7)
      at validateProperty$1 (node_modules/react-dom/cjs/react-dom.development.js:3757:7)
      at warnUnknownProperties (node_modules/react-dom/cjs/react-dom.development.js:3803:21)
      at validateProperties$2 (node_modules/react-dom/cjs/react-dom.development.js:3827:3)
      at validatePropertiesInDevelopment (node_modules/react-dom/cjs/react-dom.development.js:9541:5)
      at setInitialProperties (node_modules/react-dom/cjs/react-dom.development.js:9830:5)
      at finalizeInitialChildren (node_modules/react-dom/cjs/react-dom.development.js:10950:3)
      at completeWork (node_modules/react-dom/cjs/react-dom.development.js:22232:17)
      at completeUnitOfWork (node_modules/react-dom/cjs/react-dom.development.js:26632:16)
      at performUnitOfWork (node_modules/react-dom/cjs/react-dom.development.js:26607:5)
      at workLoopSync (node_modules/react-dom/cjs/react-dom.development.js:26505:5)
      at renderRootSync (node_modules/react-dom/cjs/react-dom.development.js:26473:7)
      at performConcurrentWorkOnRoot (node_modules/react-dom/cjs/react-dom.development.js:25777:74)
      at flushActQueue (node_modules/react/cjs/react.development.js:2667:24)
      at act (node_modules/react/cjs/react.development.js:2582:11)
      at node_modules/@testing-library/react/dist/act-compat.js:47:25
      at renderRoot (node_modules/@testing-library/react/dist/pure.js:190:26)
      at render (node_modules/@testing-library/react/dist/pure.js:292:10)
      at customRender (src/test-utils.tsx:79:12)
      at Object.<anonymous> (src/pages/__tests__/FigureList.test.tsx:285:13)

PASS src/pages/__tests__/FigureList.test.tsx
  FigureList
    loading states
      ✓ should show loading spinner while fetching figures (7 ms)
      ✓ should hide loading spinner after data loads (8 ms)
    component rendering
      ✓ should render page header correctly (4 ms)
      ✓ should have correct link to add figure page (4 ms)
      ✓ should render filter bar (3 ms)
      ✓ should display figures count (2 ms)
      ✓ should render figure cards for each figure (2 ms)
      ✓ should render pagination component (2 ms)
    empty states
      ✓ should show collection empty state when no figures and no filters (1 ms)
      ✓ should show filter empty state when no figures match filters (11 ms)
    user interactions
      ✓ should call filterFigures API when filters are applied (7 ms)
      ✓ should call getFigures API when filters are cleared (7 ms)
      ✓ should reset page to 1 when filters change (7 ms)
      ✓ should call getFigures with correct page when pagination changes (7 ms)
    error handling
      ✓ should show error state when API call fails (10 ms)
    accessibility
      ✓ should have proper heading structure (3 ms)
      ✓ should have accessible add button (7 ms)
      ✓ should provide meaningful loading state for screen readers (3 ms)
    layout
      ✓ should render figures in a grid layout (1 ms)
      ✓ should pass correct props to child components (1 ms)

  console.warn
    ⚠️ React Router Future Flag Warning: React Router will begin wrapping state updates in `React.startTransition` in v7. You can use the `v7_startTransition` future flag to opt-in early. For more information, see https://reactrouter.com/v6/upgrading/future#v7_starttransition.

      77 |     initialRoutes?: string[] 
      78 |   }
    > 79 | ) => render(ui, { 
         |            ^
      80 |   wrapper: (props) => (
      81 |     <AllProviders 
      82 |       initialRoutes={options?.initialRoutes} 

      at warnOnce (node_modules/react-router/lib/deprecations.ts:9:13)
      at logDeprecation (node_modules/react-router/lib/deprecations.ts:14:3)
      at logV6DeprecationWarnings (node_modules/react-router/lib/deprecations.ts:26:5)
      at node_modules/react-router/lib/components.tsx:257:25
      at commitHookEffectListMount (node_modules/react-dom/cjs/react-dom.development.js:23189:26)
      at commitPassiveMountOnFiber (node_modules/react-dom/cjs/react-dom.development.js:24970:11)
      at commitPassiveMountEffects_complete (node_modules/react-dom/cjs/react-dom.development.js:24930:9)
      at commitPassiveMountEffects_begin (node_modules/react-dom/cjs/react-dom.development.js:24917:7)
      at commitPassiveMountEffects (node_modules/react-dom/cjs/react-dom.development.js:24905:3)
      at flushPassiveEffectsImpl (node_modules/react-dom/cjs/react-dom.development.js:27078:3)
      at flushPassiveEffects (node_modules/react-dom/cjs/react-dom.development.js:27023:14)
      at node_modules/react-dom/cjs/react-dom.development.js:26808:9
      at flushActQueue (node_modules/react/cjs/react.development.js:2667:24)
      at act (node_modules/react/cjs/react.development.js:2582:11)
      at node_modules/@testing-library/react/dist/act-compat.js:47:25
      at renderRoot (node_modules/@testing-library/react/dist/pure.js:190:26)
      at render (node_modules/@testing-library/react/dist/pure.js:292:10)
      at customRender (src/test-utils.tsx:79:12)
      at renderWithRouter (src/__tests__/App.test.tsx:105:24)
      at Object.<anonymous> (src/__tests__/App.test.tsx:139:7)

  console.warn
    ⚠️ React Router Future Flag Warning: Relative route resolution within Splat routes is changing in v7. You can use the `v7_relativeSplatPath` future flag to opt-in early. For more information, see https://reactrouter.com/v6/upgrading/future#v7_relativesplatpath.

      77 |     initialRoutes?: string[] 
      78 |   }
    > 79 | ) => render(ui, { 
         |            ^
      80 |   wrapper: (props) => (
      81 |     <AllProviders 
      82 |       initialRoutes={options?.initialRoutes} 

      at warnOnce (node_modules/react-router/lib/deprecations.ts:9:13)
      at logDeprecation (node_modules/react-router/lib/deprecations.ts:14:3)
      at logV6DeprecationWarnings (node_modules/react-router/lib/deprecations.ts:37:5)
      at node_modules/react-router/lib/components.tsx:257:25
      at commitHookEffectListMount (node_modules/react-dom/cjs/react-dom.development.js:23189:26)
      at commitPassiveMountOnFiber (node_modules/react-dom/cjs/react-dom.development.js:24970:11)
      at commitPassiveMountEffects_complete (node_modules/react-dom/cjs/react-dom.development.js:24930:9)
      at commitPassiveMountEffects_begin (node_modules/react-dom/cjs/react-dom.development.js:24917:7)
      at commitPassiveMountEffects (node_modules/react-dom/cjs/react-dom.development.js:24905:3)
      at flushPassiveEffectsImpl (node_modules/react-dom/cjs/react-dom.development.js:27078:3)
      at flushPassiveEffects (node_modules/react-dom/cjs/react-dom.development.js:27023:14)
      at node_modules/react-dom/cjs/react-dom.development.js:26808:9
      at flushActQueue (node_modules/react/cjs/react.development.js:2667:24)
      at act (node_modules/react/cjs/react.development.js:2582:11)
      at node_modules/@testing-library/react/dist/act-compat.js:47:25
      at renderRoot (node_modules/@testing-library/react/dist/pure.js:190:26)
      at render (node_modules/@testing-library/react/dist/pure.js:292:10)
      at customRender (src/test-utils.tsx:79:12)
      at renderWithRouter (src/__tests__/App.test.tsx:105:24)
      at Object.<anonymous> (src/__tests__/App.test.tsx:139:7)

PASS src/__tests__/App.test.tsx
  App Routing
    Public Routes
      ✓ should render login page for unauthenticated users at root path (8 ms)
      ✓ should render login page at /login path (2 ms)
      ✓ should render register page at /register path (2 ms)
      ✓ should redirect unauthenticated users from protected routes to login (3 ms)
      ✓ should redirect from dashboard to login when not authenticated (2 ms)
    Protected Routes
      ✓ should render dashboard page at root path for authenticated users (2 ms)
      ✓ should render figures list page at /figures (2 ms)
      ✓ should render figure detail page at /figures/:id (2 ms)
      ✓ should render add figure page at /figures/add (2 ms)
      ✓ should render edit figure page at /figures/edit/:id (2 ms)
      ✓ should render search page at /search (1 ms)
      ✓ should render statistics page at /statistics (2 ms)
      ✓ should render profile page at /profile (2 ms)
      ✓ should render not found page for invalid routes (2 ms)
    ProtectedRoute Component
      ✓ should render children when user is authenticated (2 ms)
      ✓ should redirect to login when user is not authenticated (5 ms)
      ✓ should check authentication state on every render (2 ms)
    Route Parameters
      ✓ should handle dynamic route parameters for figure detail (1 ms)
      ✓ should handle dynamic route parameters for edit figure (2 ms)
      ✓ should handle special characters in route parameters (1 ms)
    Nested Routes
      ✓ should render layout wrapper for all protected routes (7 ms)
      ✓ should not render layout wrapper for public routes (3 ms)
    Authentication State Changes
      ✓ should handle authentication state changes dynamically (3 ms)
      ✓ should redirect to login when user logs out (7 ms)
    Route Guards
      ✓ should prevent access to authenticated-only routes when not logged in (8 ms)
      ✓ should allow access to public routes regardless of authentication (2 ms)
    Error Boundaries and Edge Cases
      ✓ should handle invalid authentication state gracefully (1 ms)
      ✓ should handle malformed user object (2 ms)
      ✓ should handle route navigation with special characters (2 ms)
      ✓ should handle deeply nested invalid routes (1 ms)
    Performance and Optimization
      ✓ should not cause excessive re-renders on auth state checks (1 ms)
      ✓ should handle rapid route changes (4 ms)

  console.error
    Warning: React does not recognize the `maxW` prop on a DOM element. If you intentionally want it to appear in the DOM as a custom attribute, spell it as lowercase `maxw` instead. If you accidentally passed it from a parent component, remove it from the DOM element.
        at div
        at /home/rgoldberg/projects/figure-collector-services/figure-collector-frontend/src/setupTests.ts:410:29
        at div
        at /home/rgoldberg/projects/figure-collector-services/figure-collector-frontend/src/setupTests.ts:442:34
        at Layout (/home/rgoldberg/projects/figure-collector-services/figure-collector-frontend/src/components/Layout.tsx:11:49)
        at Router (/home/rgoldberg/projects/figure-collector-services/figure-collector-frontend/node_modules/react-router/lib/components.tsx:421:13)
        at MemoryRouter (/home/rgoldberg/projects/figure-collector-services/figure-collector-frontend/node_modules/react-router/lib/components.tsx:225:3)
        at div
        at ChakraProvider (/home/rgoldberg/projects/figure-collector-services/figure-collector-frontend/src/setupTests.ts:441:24)
        at div
        at MockQueryClientProvider (/home/rgoldberg/projects/figure-collector-services/figure-collector-frontend/src/test-utils.tsx:11:36)
        at AllProviders (/home/rgoldberg/projects/figure-collector-services/figure-collector-frontend/src/test-utils.tsx:40:25)
        at wrapper

      77 |     initialRoutes?: string[] 
      78 |   }
    > 79 | ) => render(ui, { 
         |            ^
      80 |   wrapper: (props) => (
      81 |     <AllProviders 
      82 |       initialRoutes={options?.initialRoutes} 

      at printWarning (node_modules/react-dom/cjs/react-dom.development.js:86:30)
      at error (node_modules/react-dom/cjs/react-dom.development.js:60:7)
      at validateProperty$1 (node_modules/react-dom/cjs/react-dom.development.js:3757:7)
      at warnUnknownProperties (node_modules/react-dom/cjs/react-dom.development.js:3803:21)
      at validateProperties$2 (node_modules/react-dom/cjs/react-dom.development.js:3827:3)
      at validatePropertiesInDevelopment (node_modules/react-dom/cjs/react-dom.development.js:9541:5)
      at setInitialProperties (node_modules/react-dom/cjs/react-dom.development.js:9830:5)
      at finalizeInitialChildren (node_modules/react-dom/cjs/react-dom.development.js:10950:3)
      at completeWork (node_modules/react-dom/cjs/react-dom.development.js:22232:17)
      at completeUnitOfWork (node_modules/react-dom/cjs/react-dom.development.js:26632:16)
      at performUnitOfWork (node_modules/react-dom/cjs/react-dom.development.js:26607:5)
      at workLoopSync (node_modules/react-dom/cjs/react-dom.development.js:26505:5)
      at renderRootSync (node_modules/react-dom/cjs/react-dom.development.js:26473:7)
      at performConcurrentWorkOnRoot (node_modules/react-dom/cjs/react-dom.development.js:25777:74)
      at flushActQueue (node_modules/react/cjs/react.development.js:2667:24)
      at act (node_modules/react/cjs/react.development.js:2582:11)
      at node_modules/@testing-library/react/dist/act-compat.js:47:25
      at renderRoot (node_modules/@testing-library/react/dist/pure.js:190:26)
      at render (node_modules/@testing-library/react/dist/pure.js:292:10)
      at customRender (src/test-utils.tsx:79:12)
      at Object.<anonymous> (src/components/__tests__/Layout.test.tsx:45:13)

  console.error
    Warning: React does not recognize the `borderTop` prop on a DOM element. If you intentionally want it to appear in the DOM as a custom attribute, spell it as lowercase `bordertop` instead. If you accidentally passed it from a parent component, remove it from the DOM element.
        at footer
        at /home/rgoldberg/projects/figure-collector-services/figure-collector-frontend/src/setupTests.ts:442:34
        at div
        at /home/rgoldberg/projects/figure-collector-services/figure-collector-frontend/src/setupTests.ts:442:34
        at Layout (/home/rgoldberg/projects/figure-collector-services/figure-collector-frontend/src/components/Layout.tsx:11:49)
        at Router (/home/rgoldberg/projects/figure-collector-services/figure-collector-frontend/node_modules/react-router/lib/components.tsx:421:13)
        at MemoryRouter (/home/rgoldberg/projects/figure-collector-services/figure-collector-frontend/node_modules/react-router/lib/components.tsx:225:3)
        at div
        at ChakraProvider (/home/rgoldberg/projects/figure-collector-services/figure-collector-frontend/src/setupTests.ts:441:24)
        at div
        at MockQueryClientProvider (/home/rgoldberg/projects/figure-collector-services/figure-collector-frontend/src/test-utils.tsx:11:36)
        at AllProviders (/home/rgoldberg/projects/figure-collector-services/figure-collector-frontend/src/test-utils.tsx:40:25)
        at wrapper

      77 |     initialRoutes?: string[] 
      78 |   }
    > 79 | ) => render(ui, { 
         |            ^
      80 |   wrapper: (props) => (
      81 |     <AllProviders 
      82 |       initialRoutes={options?.initialRoutes} 

      at printWarning (node_modules/react-dom/cjs/react-dom.development.js:86:30)
      at error (node_modules/react-dom/cjs/react-dom.development.js:60:7)
      at validateProperty$1 (node_modules/react-dom/cjs/react-dom.development.js:3757:7)
      at warnUnknownProperties (node_modules/react-dom/cjs/react-dom.development.js:3803:21)
      at validateProperties$2 (node_modules/react-dom/cjs/react-dom.development.js:3827:3)
      at validatePropertiesInDevelopment (node_modules/react-dom/cjs/react-dom.development.js:9541:5)
      at setInitialProperties (node_modules/react-dom/cjs/react-dom.development.js:9830:5)
      at finalizeInitialChildren (node_modules/react-dom/cjs/react-dom.development.js:10950:3)
      at completeWork (node_modules/react-dom/cjs/react-dom.development.js:22232:17)
      at completeUnitOfWork (node_modules/react-dom/cjs/react-dom.development.js:26632:16)
      at performUnitOfWork (node_modules/react-dom/cjs/react-dom.development.js:26607:5)
      at workLoopSync (node_modules/react-dom/cjs/react-dom.development.js:26505:5)
      at renderRootSync (node_modules/react-dom/cjs/react-dom.development.js:26473:7)
      at performConcurrentWorkOnRoot (node_modules/react-dom/cjs/react-dom.development.js:25777:74)
      at flushActQueue (node_modules/react/cjs/react.development.js:2667:24)
      at act (node_modules/react/cjs/react.development.js:2582:11)
      at node_modules/@testing-library/react/dist/act-compat.js:47:25
      at renderRoot (node_modules/@testing-library/react/dist/pure.js:190:26)
      at render (node_modules/@testing-library/react/dist/pure.js:292:10)
      at customRender (src/test-utils.tsx:79:12)
      at Object.<anonymous> (src/components/__tests__/Layout.test.tsx:45:13)

  console.error
    Warning: React does not recognize the `borderColor` prop on a DOM element. If you intentionally want it to appear in the DOM as a custom attribute, spell it as lowercase `bordercolor` instead. If you accidentally passed it from a parent component, remove it from the DOM element.
        at footer
        at /home/rgoldberg/projects/figure-collector-services/figure-collector-frontend/src/setupTests.ts:442:34
        at div
        at /home/rgoldberg/projects/figure-collector-services/figure-collector-frontend/src/setupTests.ts:442:34
        at Layout (/home/rgoldberg/projects/figure-collector-services/figure-collector-frontend/src/components/Layout.tsx:11:49)
        at Router (/home/rgoldberg/projects/figure-collector-services/figure-collector-frontend/node_modules/react-router/lib/components.tsx:421:13)
        at MemoryRouter (/home/rgoldberg/projects/figure-collector-services/figure-collector-frontend/node_modules/react-router/lib/components.tsx:225:3)
        at div
        at ChakraProvider (/home/rgoldberg/projects/figure-collector-services/figure-collector-frontend/src/setupTests.ts:441:24)
        at div
        at MockQueryClientProvider (/home/rgoldberg/projects/figure-collector-services/figure-collector-frontend/src/test-utils.tsx:11:36)
        at AllProviders (/home/rgoldberg/projects/figure-collector-services/figure-collector-frontend/src/test-utils.tsx:40:25)
        at wrapper

      77 |     initialRoutes?: string[] 
      78 |   }
    > 79 | ) => render(ui, { 
         |            ^
      80 |   wrapper: (props) => (
      81 |     <AllProviders 
      82 |       initialRoutes={options?.initialRoutes} 

      at printWarning (node_modules/react-dom/cjs/react-dom.development.js:86:30)
      at error (node_modules/react-dom/cjs/react-dom.development.js:60:7)
      at validateProperty$1 (node_modules/react-dom/cjs/react-dom.development.js:3757:7)
      at warnUnknownProperties (node_modules/react-dom/cjs/react-dom.development.js:3803:21)
      at validateProperties$2 (node_modules/react-dom/cjs/react-dom.development.js:3827:3)
      at validatePropertiesInDevelopment (node_modules/react-dom/cjs/react-dom.development.js:9541:5)
      at setInitialProperties (node_modules/react-dom/cjs/react-dom.development.js:9830:5)
      at finalizeInitialChildren (node_modules/react-dom/cjs/react-dom.development.js:10950:3)
      at completeWork (node_modules/react-dom/cjs/react-dom.development.js:22232:17)
      at completeUnitOfWork (node_modules/react-dom/cjs/react-dom.development.js:26632:16)
      at performUnitOfWork (node_modules/react-dom/cjs/react-dom.development.js:26607:5)
      at workLoopSync (node_modules/react-dom/cjs/react-dom.development.js:26505:5)
      at renderRootSync (node_modules/react-dom/cjs/react-dom.development.js:26473:7)
      at performConcurrentWorkOnRoot (node_modules/react-dom/cjs/react-dom.development.js:25777:74)
      at flushActQueue (node_modules/react/cjs/react.development.js:2667:24)
      at act (node_modules/react/cjs/react.development.js:2582:11)
      at node_modules/@testing-library/react/dist/act-compat.js:47:25
      at renderRoot (node_modules/@testing-library/react/dist/pure.js:190:26)
      at render (node_modules/@testing-library/react/dist/pure.js:292:10)
      at customRender (src/test-utils.tsx:79:12)
      at Object.<anonymous> (src/components/__tests__/Layout.test.tsx:45:13)

  console.error
    Warning: React does not recognize the `minH` prop on a DOM element. If you intentionally want it to appear in the DOM as a custom attribute, spell it as lowercase `minh` instead. If you accidentally passed it from a parent component, remove it from the DOM element.
        at div
        at /home/rgoldberg/projects/figure-collector-services/figure-collector-frontend/src/setupTests.ts:442:34
        at Layout (/home/rgoldberg/projects/figure-collector-services/figure-collector-frontend/src/components/Layout.tsx:11:49)
        at Router (/home/rgoldberg/projects/figure-collector-services/figure-collector-frontend/node_modules/react-router/lib/components.tsx:421:13)
        at MemoryRouter (/home/rgoldberg/projects/figure-collector-services/figure-collector-frontend/node_modules/react-router/lib/components.tsx:225:3)
        at div
        at ChakraProvider (/home/rgoldberg/projects/figure-collector-services/figure-collector-frontend/src/setupTests.ts:441:24)
        at div
        at MockQueryClientProvider (/home/rgoldberg/projects/figure-collector-services/figure-collector-frontend/src/test-utils.tsx:11:36)
        at AllProviders (/home/rgoldberg/projects/figure-collector-services/figure-collector-frontend/src/test-utils.tsx:40:25)
        at wrapper

      77 |     initialRoutes?: string[] 
      78 |   }
    > 79 | ) => render(ui, { 
         |            ^
      80 |   wrapper: (props) => (
      81 |     <AllProviders 
      82 |       initialRoutes={options?.initialRoutes} 

      at printWarning (node_modules/react-dom/cjs/react-dom.development.js:86:30)
      at error (node_modules/react-dom/cjs/react-dom.development.js:60:7)
      at validateProperty$1 (node_modules/react-dom/cjs/react-dom.development.js:3757:7)
      at warnUnknownProperties (node_modules/react-dom/cjs/react-dom.development.js:3803:21)
      at validateProperties$2 (node_modules/react-dom/cjs/react-dom.development.js:3827:3)
      at validatePropertiesInDevelopment (node_modules/react-dom/cjs/react-dom.development.js:9541:5)
      at setInitialProperties (node_modules/react-dom/cjs/react-dom.development.js:9830:5)
      at finalizeInitialChildren (node_modules/react-dom/cjs/react-dom.development.js:10950:3)
      at completeWork (node_modules/react-dom/cjs/react-dom.development.js:22232:17)
      at completeUnitOfWork (node_modules/react-dom/cjs/react-dom.development.js:26632:16)
      at performUnitOfWork (node_modules/react-dom/cjs/react-dom.development.js:26607:5)
      at workLoopSync (node_modules/react-dom/cjs/react-dom.development.js:26505:5)
      at renderRootSync (node_modules/react-dom/cjs/react-dom.development.js:26473:7)
      at performConcurrentWorkOnRoot (node_modules/react-dom/cjs/react-dom.development.js:25777:74)
      at flushActQueue (node_modules/react/cjs/react.development.js:2667:24)
      at act (node_modules/react/cjs/react.development.js:2582:11)
      at node_modules/@testing-library/react/dist/act-compat.js:47:25
      at renderRoot (node_modules/@testing-library/react/dist/pure.js:190:26)
      at render (node_modules/@testing-library/react/dist/pure.js:292:10)
      at customRender (src/test-utils.tsx:79:12)
      at Object.<anonymous> (src/components/__tests__/Layout.test.tsx:45:13)

  console.error
    Warning: React does not recognize the `flexDirection` prop on a DOM element. If you intentionally want it to appear in the DOM as a custom attribute, spell it as lowercase `flexdirection` instead. If you accidentally passed it from a parent component, remove it from the DOM element.
        at div
        at /home/rgoldberg/projects/figure-collector-services/figure-collector-frontend/src/setupTests.ts:442:34
        at Layout (/home/rgoldberg/projects/figure-collector-services/figure-collector-frontend/src/components/Layout.tsx:11:49)
        at Router (/home/rgoldberg/projects/figure-collector-services/figure-collector-frontend/node_modules/react-router/lib/components.tsx:421:13)
        at MemoryRouter (/home/rgoldberg/projects/figure-collector-services/figure-collector-frontend/node_modules/react-router/lib/components.tsx:225:3)
        at div
        at ChakraProvider (/home/rgoldberg/projects/figure-collector-services/figure-collector-frontend/src/setupTests.ts:441:24)
        at div
        at MockQueryClientProvider (/home/rgoldberg/projects/figure-collector-services/figure-collector-frontend/src/test-utils.tsx:11:36)
        at AllProviders (/home/rgoldberg/projects/figure-collector-services/figure-collector-frontend/src/test-utils.tsx:40:25)
        at wrapper

      77 |     initialRoutes?: string[] 
      78 |   }
    > 79 | ) => render(ui, { 
         |            ^
      80 |   wrapper: (props) => (
      81 |     <AllProviders 
      82 |       initialRoutes={options?.initialRoutes} 

      at printWarning (node_modules/react-dom/cjs/react-dom.development.js:86:30)
      at error (node_modules/react-dom/cjs/react-dom.development.js:60:7)
      at validateProperty$1 (node_modules/react-dom/cjs/react-dom.development.js:3757:7)
      at warnUnknownProperties (node_modules/react-dom/cjs/react-dom.development.js:3803:21)
      at validateProperties$2 (node_modules/react-dom/cjs/react-dom.development.js:3827:3)
      at validatePropertiesInDevelopment (node_modules/react-dom/cjs/react-dom.development.js:9541:5)
      at setInitialProperties (node_modules/react-dom/cjs/react-dom.development.js:9830:5)
      at finalizeInitialChildren (node_modules/react-dom/cjs/react-dom.development.js:10950:3)
      at completeWork (node_modules/react-dom/cjs/react-dom.development.js:22232:17)
      at completeUnitOfWork (node_modules/react-dom/cjs/react-dom.development.js:26632:16)
      at performUnitOfWork (node_modules/react-dom/cjs/react-dom.development.js:26607:5)
      at workLoopSync (node_modules/react-dom/cjs/react-dom.development.js:26505:5)
      at renderRootSync (node_modules/react-dom/cjs/react-dom.development.js:26473:7)
      at performConcurrentWorkOnRoot (node_modules/react-dom/cjs/react-dom.development.js:25777:74)
      at flushActQueue (node_modules/react/cjs/react.development.js:2667:24)
      at act (node_modules/react/cjs/react.development.js:2582:11)
      at node_modules/@testing-library/react/dist/act-compat.js:47:25
      at renderRoot (node_modules/@testing-library/react/dist/pure.js:190:26)
      at render (node_modules/@testing-library/react/dist/pure.js:292:10)
      at customRender (src/test-utils.tsx:79:12)
      at Object.<anonymous> (src/components/__tests__/Layout.test.tsx:45:13)

  console.warn
    ⚠️ React Router Future Flag Warning: React Router will begin wrapping state updates in `React.startTransition` in v7. You can use the `v7_startTransition` future flag to opt-in early. For more information, see https://reactrouter.com/v6/upgrading/future#v7_starttransition.

      77 |     initialRoutes?: string[] 
      78 |   }
    > 79 | ) => render(ui, { 
         |            ^
      80 |   wrapper: (props) => (
      81 |     <AllProviders 
      82 |       initialRoutes={options?.initialRoutes} 

      at warnOnce (node_modules/react-router/lib/deprecations.ts:9:13)
      at logDeprecation (node_modules/react-router/lib/deprecations.ts:14:3)
      at logV6DeprecationWarnings (node_modules/react-router/lib/deprecations.ts:26:5)
      at node_modules/react-router/lib/components.tsx:257:25
      at commitHookEffectListMount (node_modules/react-dom/cjs/react-dom.development.js:23189:26)
      at commitPassiveMountOnFiber (node_modules/react-dom/cjs/react-dom.development.js:24970:11)
      at commitPassiveMountEffects_complete (node_modules/react-dom/cjs/react-dom.development.js:24930:9)
      at commitPassiveMountEffects_begin (node_modules/react-dom/cjs/react-dom.development.js:24917:7)
      at commitPassiveMountEffects (node_modules/react-dom/cjs/react-dom.development.js:24905:3)
      at flushPassiveEffectsImpl (node_modules/react-dom/cjs/react-dom.development.js:27078:3)
      at flushPassiveEffects (node_modules/react-dom/cjs/react-dom.development.js:27023:14)
      at node_modules/react-dom/cjs/react-dom.development.js:26808:9
      at flushActQueue (node_modules/react/cjs/react.development.js:2667:24)
      at act (node_modules/react/cjs/react.development.js:2582:11)
      at node_modules/@testing-library/react/dist/act-compat.js:47:25
      at renderRoot (node_modules/@testing-library/react/dist/pure.js:190:26)
      at render (node_modules/@testing-library/react/dist/pure.js:292:10)
      at customRender (src/test-utils.tsx:79:12)
      at Object.<anonymous> (src/components/__tests__/Layout.test.tsx:45:13)

  console.warn
    ⚠️ React Router Future Flag Warning: Relative route resolution within Splat routes is changing in v7. You can use the `v7_relativeSplatPath` future flag to opt-in early. For more information, see https://reactrouter.com/v6/upgrading/future#v7_relativesplatpath.

      77 |     initialRoutes?: string[] 
      78 |   }
    > 79 | ) => render(ui, { 
         |            ^
      80 |   wrapper: (props) => (
      81 |     <AllProviders 
      82 |       initialRoutes={options?.initialRoutes} 

      at warnOnce (node_modules/react-router/lib/deprecations.ts:9:13)
      at logDeprecation (node_modules/react-router/lib/deprecations.ts:14:3)
      at logV6DeprecationWarnings (node_modules/react-router/lib/deprecations.ts:37:5)
      at node_modules/react-router/lib/components.tsx:257:25
      at commitHookEffectListMount (node_modules/react-dom/cjs/react-dom.development.js:23189:26)
      at commitPassiveMountOnFiber (node_modules/react-dom/cjs/react-dom.development.js:24970:11)
      at commitPassiveMountEffects_complete (node_modules/react-dom/cjs/react-dom.development.js:24930:9)
      at commitPassiveMountEffects_begin (node_modules/react-dom/cjs/react-dom.development.js:24917:7)
      at commitPassiveMountEffects (node_modules/react-dom/cjs/react-dom.development.js:24905:3)
      at flushPassiveEffectsImpl (node_modules/react-dom/cjs/react-dom.development.js:27078:3)
      at flushPassiveEffects (node_modules/react-dom/cjs/react-dom.development.js:27023:14)
      at node_modules/react-dom/cjs/react-dom.development.js:26808:9
      at flushActQueue (node_modules/react/cjs/react.development.js:2667:24)
      at act (node_modules/react/cjs/react.development.js:2582:11)
      at node_modules/@testing-library/react/dist/act-compat.js:47:25
      at renderRoot (node_modules/@testing-library/react/dist/pure.js:190:26)
      at render (node_modules/@testing-library/react/dist/pure.js:292:10)
      at customRender (src/test-utils.tsx:79:12)
      at Object.<anonymous> (src/components/__tests__/Layout.test.tsx:45:13)

  console.error
    [REGISTER] Error registering frontend service: TypeError: Cannot read properties of undefined (reading 'json')
        at registerFrontend (/home/rgoldberg/projects/figure-collector-services/figure-collector-frontend/src/components/Layout.tsx:29:45)

      34 |         }
      35 |       } catch (error) {
    > 36 |         console.error('[REGISTER] Error registering frontend service:', error);
         |                 ^
      37 |       }
      38 |     };
      39 |

      at registerFrontend (src/components/Layout.tsx:36:17)

  console.error
    [REGISTER] Error registering frontend service: TypeError: Cannot read properties of undefined (reading 'json')
        at registerFrontend (/home/rgoldberg/projects/figure-collector-services/figure-collector-frontend/src/components/Layout.tsx:29:45)

      34 |         }
      35 |       } catch (error) {
    > 36 |         console.error('[REGISTER] Error registering frontend service:', error);
         |                 ^
      37 |       }
      38 |     };
      39 |

      at registerFrontend (src/components/Layout.tsx:36:17)

  console.error
    [REGISTER] Error registering frontend service: TypeError: Cannot read properties of undefined (reading 'json')
        at registerFrontend (/home/rgoldberg/projects/figure-collector-services/figure-collector-frontend/src/components/Layout.tsx:29:45)

      34 |         }
      35 |       } catch (error) {
    > 36 |         console.error('[REGISTER] Error registering frontend service:', error);
         |                 ^
      37 |       }
      38 |     };
      39 |

      at registerFrontend (src/components/Layout.tsx:36:17)

  console.error
    [REGISTER] Error registering frontend service: TypeError: Cannot read properties of undefined (reading 'json')
        at registerFrontend (/home/rgoldberg/projects/figure-collector-services/figure-collector-frontend/src/components/Layout.tsx:29:45)

      34 |         }
      35 |       } catch (error) {
    > 36 |         console.error('[REGISTER] Error registering frontend service:', error);
         |                 ^
      37 |       }
      38 |     };
      39 |

      at registerFrontend (src/components/Layout.tsx:36:17)

  console.error
    [REGISTER] Error registering frontend service: TypeError: Cannot read properties of undefined (reading 'json')
        at registerFrontend (/home/rgoldberg/projects/figure-collector-services/figure-collector-frontend/src/components/Layout.tsx:29:45)

      34 |         }
      35 |       } catch (error) {
    > 36 |         console.error('[REGISTER] Error registering frontend service:', error);
         |                 ^
      37 |       }
      38 |     };
      39 |

      at registerFrontend (src/components/Layout.tsx:36:17)

  console.error
    [REGISTER] Error registering frontend service: TypeError: Cannot read properties of undefined (reading 'json')
        at registerFrontend (/home/rgoldberg/projects/figure-collector-services/figure-collector-frontend/src/components/Layout.tsx:29:45)

      34 |         }
      35 |       } catch (error) {
    > 36 |         console.error('[REGISTER] Error registering frontend service:', error);
         |                 ^
      37 |       }
      38 |     };
      39 |

      at registerFrontend (src/components/Layout.tsx:36:17)

  console.error
    [REGISTER] Error registering frontend service: TypeError: Cannot read properties of undefined (reading 'json')
        at registerFrontend (/home/rgoldberg/projects/figure-collector-services/figure-collector-frontend/src/components/Layout.tsx:29:45)

      34 |         }
      35 |       } catch (error) {
    > 36 |         console.error('[REGISTER] Error registering frontend service:', error);
         |                 ^
      37 |       }
      38 |     };
      39 |

      at registerFrontend (src/components/Layout.tsx:36:17)

/home/rgoldberg/projects/figure-collector-services/figure-collector-frontend/src/components/Layout.tsx:50
        fetch('/version').then(res => {
                         ^

TypeError: Cannot read properties of undefined (reading 'then')
    at /home/rgoldberg/projects/figure-collector-services/figure-collector-frontend/src/components/Layout.tsx:44:26
    at /home/rgoldberg/projects/figure-collector-services/figure-collector-frontend/src/setupTests.ts:923:32

Node.js v24.5.0
